###############################################################################
#                                                                             #
# IAR ELF Linker V1.30.1.50036 for STM8                 06/Dec/2013  20:19:16 #
# Copyright 2010-2011 IAR Systems AB.                                         #
#                                                                             #
#    Output file  =  C:\Documents and Settings\Administrator\Desktop\stm8s105 #
#                    k-controller\Project\STM8S_StdPeriph_Template\EWSTM8\STM #
#                    8S105\Exe\Project.out                                    #
#    Map file     =  C:\Documents and Settings\Administrator\Desktop\stm8s105 #
#                    k-controller\Project\STM8S_StdPeriph_Template\EWSTM8\STM #
#                    8S105\List\Project.map                                   #
#    Command line =  "C:\Documents and Settings\Administrator\Desktop\stm8s10 #
#                    5k-controller\Project\STM8S_StdPeriph_Template\EWSTM8\ST #
#                    M8S105\Obj\main.o" "C:\Documents and                     #
#                    Settings\Administrator\Desktop\stm8s105k-controller\Proj #
#                    ect\STM8S_StdPeriph_Template\EWSTM8\STM8S105\Obj\stm8s_a #
#                    dc1.o" "C:\Documents and Settings\Administrator\Desktop\ #
#                    stm8s105k-controller\Project\STM8S_StdPeriph_Template\EW #
#                    STM8\STM8S105\Obj\stm8s_awu.o" "C:\Documents and         #
#                    Settings\Administrator\Desktop\stm8s105k-controller\Proj #
#                    ect\STM8S_StdPeriph_Template\EWSTM8\STM8S105\Obj\stm8s_b #
#                    eep.o" "C:\Documents and Settings\Administrator\Desktop\ #
#                    stm8s105k-controller\Project\STM8S_StdPeriph_Template\EW #
#                    STM8\STM8S105\Obj\stm8s_clk.o" "C:\Documents and         #
#                    Settings\Administrator\Desktop\stm8s105k-controller\Proj #
#                    ect\STM8S_StdPeriph_Template\EWSTM8\STM8S105\Obj\stm8s_e #
#                    xti.o" "C:\Documents and Settings\Administrator\Desktop\ #
#                    stm8s105k-controller\Project\STM8S_StdPeriph_Template\EW #
#                    STM8\STM8S105\Obj\stm8s_flash.o" "C:\Documents and       #
#                    Settings\Administrator\Desktop\stm8s105k-controller\Proj #
#                    ect\STM8S_StdPeriph_Template\EWSTM8\STM8S105\Obj\stm8s_g #
#                    pio.o" "C:\Documents and Settings\Administrator\Desktop\ #
#                    stm8s105k-controller\Project\STM8S_StdPeriph_Template\EW #
#                    STM8\STM8S105\Obj\stm8s_i2c.o" "C:\Documents and         #
#                    Settings\Administrator\Desktop\stm8s105k-controller\Proj #
#                    ect\STM8S_StdPeriph_Template\EWSTM8\STM8S105\Obj\stm8s_i #
#                    t.o" "C:\Documents and Settings\Administrator\Desktop\st #
#                    m8s105k-controller\Project\STM8S_StdPeriph_Template\EWST #
#                    M8\STM8S105\Obj\stm8s_itc.o" "C:\Documents and           #
#                    Settings\Administrator\Desktop\stm8s105k-controller\Proj #
#                    ect\STM8S_StdPeriph_Template\EWSTM8\STM8S105\Obj\stm8s_i #
#                    wdg.o" "C:\Documents and Settings\Administrator\Desktop\ #
#                    stm8s105k-controller\Project\STM8S_StdPeriph_Template\EW #
#                    STM8\STM8S105\Obj\stm8s_rst.o" "C:\Documents and         #
#                    Settings\Administrator\Desktop\stm8s105k-controller\Proj #
#                    ect\STM8S_StdPeriph_Template\EWSTM8\STM8S105\Obj\stm8s_s #
#                    pi.o" "C:\Documents and Settings\Administrator\Desktop\s #
#                    tm8s105k-controller\Project\STM8S_StdPeriph_Template\EWS #
#                    TM8\STM8S105\Obj\stm8s_tim1.o" "C:\Documents and         #
#                    Settings\Administrator\Desktop\stm8s105k-controller\Proj #
#                    ect\STM8S_StdPeriph_Template\EWSTM8\STM8S105\Obj\stm8s_t #
#                    im2.o" "C:\Documents and Settings\Administrator\Desktop\ #
#                    stm8s105k-controller\Project\STM8S_StdPeriph_Template\EW #
#                    STM8\STM8S105\Obj\stm8s_tim3.o" "C:\Documents and        #
#                    Settings\Administrator\Desktop\stm8s105k-controller\Proj #
#                    ect\STM8S_StdPeriph_Template\EWSTM8\STM8S105\Obj\stm8s_t #
#                    im4.o" "C:\Documents and Settings\Administrator\Desktop\ #
#                    stm8s105k-controller\Project\STM8S_StdPeriph_Template\EW #
#                    STM8\STM8S105\Obj\stm8s_uart2.o" "C:\Documents and       #
#                    Settings\Administrator\Desktop\stm8s105k-controller\Proj #
#                    ect\STM8S_StdPeriph_Template\EWSTM8\STM8S105\Obj\stm8s_w #
#                    wdg.o" --redirect _Printf=_PrintfSmall --redirect        #
#                    _Scanf=_ScanfSmall -o "C:\Documents and                  #
#                    Settings\Administrator\Desktop\stm8s105k-controller\Proj #
#                    ect\STM8S_StdPeriph_Template\EWSTM8\STM8S105\Exe\Project #
#                    .out" --map "C:\Documents and                            #
#                    Settings\Administrator\Desktop\stm8s105k-controller\Proj #
#                    ect\STM8S_StdPeriph_Template\EWSTM8\STM8S105\List\Projec #
#                    t.map" --config "C:\Program Files\IAR Systems\Embedded   #
#                    Workbench 6.0\stm8\config\lnkstm8s105k6.icf"             #
#                    --config_def _CSTACK_SIZE=0x200 --config_def             #
#                    _HEAP_SIZE=0x200 --entry __iar_program_start --debug_lib #
#                                                                             #
#                                                                             #
###############################################################################

*******************************************************************************
*** RUNTIME MODEL ATTRIBUTES
***

__Heap_Handler             = Basic
__SystemLibrary            = DLib
__code_model               = medium_or_large
__core                     = stm8
__data_model               = medium
__dlib_file_descriptor     = 1
__dlib_full_locale_support = 1
__rt_version               = 4


*******************************************************************************
*** PLACEMENT SUMMARY
***

"A1":  place at start of [0x000000-0x0000ff] { rw section .vregs };
"A2":  place at end of [0x000000-0x0007ff] { block CSTACK };
"P2":  place in [from 0x000000 to 0x0007ff] {
          block HEAP, rw section .far.bss, rw section .far.data,
          rw section .far.noinit, rw section .far_func.textrw,
          rw section .huge.bss, rw section .huge.data, rw section .huge.noinit,
          rw section .huge_func.textrw, rw section .iar.dynexit,
          rw section .near.bss, rw section .near.data, rw section .near.noinit,
          rw section .near_func.textrw };
"A3":  place at start of [0x008000-0x00ffff] { block INTVEC };
"P3":  place in [from 0x008000 to 0x00ffff] {
          ro section .far.data_init, ro section .far_func.textrw_init,
          ro section .huge.data_init, ro section .huge_func.textrw_init,
          ro section .iar.init_table, ro section .init_array,
          ro section .near.data_init, ro section .near.rodata,
          ro section .near_func.text, ro section .near_func.textrw_init,
          ro section .tiny.data_init, ro section .tiny.rodata_init };
"P4":  place in [from 0x008000 to 0x00ffff] {
          ro section .far.rodata, ro section .far_func.text };

  Section            Kind      Address    Size  Object
  -------            ----      -------    ----  ------
"A1":                                     0x10
  .vregs             uninit   0x000000    0x10  vregs.o [4]
                            - 0x000010    0x10

"P2", part 1 of 3:                        0x41
  P2 s0                       0x000010    0x41  <Init block>
    .near.data       inited   0x000010    0x28  xfiles.o [4]
    .near.data       inited   0x000038    0x16  main.o [1]
    .near.data       inited   0x00004e     0x1  main.o [1]
    .near.data       inited   0x00004f     0x1  main.o [1]
    .near.data       inited   0x000050     0x1  main.o [1]
                            - 0x000051    0x41

"P2", part 2 of 3:                        0xc6
  .near.bss          zero     0x000051    0x50  xfiles.o [4]
  .near.bss          zero     0x0000a1    0x28  main.o [1]
  .near.bss          zero     0x0000c9     0xe  setlocale.o [4]
  .near.bss          zero     0x0000d7     0xa  main.o [1]
  .near.bss          zero     0x0000e1     0xa  main.o [1]
  .near.bss          zero     0x0000eb     0x4  xxmemxmalloc.o [4]
  .near.bss          zero     0x0000ef     0x3  setlocale.o [4]
  .near.bss          zero     0x0000f2     0x2  main.o [1]
  .near.bss          zero     0x0000f4     0x2  main.o [1]
  .near.bss          zero     0x0000f6     0x2  main.o [1]
  .near.bss          zero     0x0000f8     0x2  main.o [1]
  .near.bss          zero     0x0000fa     0x2  main.o [1]
  .near.bss          zero     0x0000fc     0x2  main.o [1]
  .near.bss          zero     0x0000fe     0x2  main.o [1]
  .near.bss          zero     0x000100     0x2  xgetmemchunk.o [4]
  .near.bss          zero     0x000102     0x1  main.o [1]
  .near.bss          zero     0x000103     0x1  main.o [1]
  .near.bss          zero     0x000104     0x1  main.o [1]
  .near.bss          zero     0x000105     0x1  main.o [1]
  .near.bss          zero     0x000106     0x1  main.o [1]
  .near.bss          zero     0x000107     0x1  main.o [1]
  .near.bss          zero     0x000108     0x1  main.o [1]
  .near.bss          zero     0x000109     0x1  main.o [1]
  .near.bss          zero     0x00010a     0x1  main.o [1]
  .near.bss          zero     0x00010b     0x1  main.o [1]
  .near.bss          zero     0x00010c     0x1  main.o [1]
  .near.bss          zero     0x00010d     0x1  main.o [1]
  .near.bss          zero     0x00010e     0x1  main.o [1]
  .near.bss          zero     0x00010f     0x1  main.o [1]
  .near.bss          zero     0x000110     0x1  main.o [1]
  .near.bss          zero     0x000111     0x1  main.o [1]
  .near.bss          zero     0x000112     0x1  main.o [1]
  .near.bss          zero     0x000113     0x1  main.o [1]
  .near.bss          zero     0x000114     0x1  main.o [1]
  .near.bss          zero     0x000115     0x1  main.o [1]
  .near.bss          zero     0x000116     0x1  stm8s_it.o [1]
                            - 0x000117    0xc6

"P2", part 3 of 3:                       0x200
  HEAP                        0x000117   0x200  <Block>
    HEAP             uninit   0x000117   0x200  <Block tail>
                            - 0x000317   0x200

"A2":                                    0x200
  CSTACK                      0x000600   0x200  <Block>
    CSTACK           uninit   0x000600   0x200  <Block tail>
                            - 0x000800   0x200

"A3":                                     0x80
  INTVEC                      0x008000    0x80  <Block>
    .intvec          const    0x008000    0x80  interrupt.o [4]
                            - 0x008080    0x80

"P3":                                    0x54f
  .near.rodata       const    0x008080    0x78  stm8s_flash.o [1]
  .near.rodata       const    0x0080f8    0x78  stm8s_uart2.o [1]
  .near.rodata       const    0x008170    0x77  stm8s_beep.o [1]
  .near.rodata       const    0x0081e7    0x77  stm8s_gpio.o [1]
  .near.rodata       const    0x00825e    0x77  stm8s_tim2.o [1]
  .near.rodata       const    0x0082d5    0x77  stm8s_tim3.o [1]
  .near.rodata       const    0x00834c    0x76  stm8s_clk.o [1]
  .near.rodata       const    0x0083c2    0x76  stm8s_i2c.o [1]
  .iar.init_table    const    0x008438    0x14  - Linker created -
  .near.rodata       const    0x00844c    0x10  main.o [1]
  .near.rodata       const    0x00845c    0x10  main.o [1]
  .near.rodata       const    0x00846c     0xb  main.o [1]
  .near.rodata       const    0x008477     0xa  main.o [1]
  .near.rodata       const    0x008481     0xa  main.o [1]
  .near.rodata       const    0x00848b     0xa  main.o [1]
  .near.rodata       const    0x008495     0xa  main.o [1]
  .near.rodata       const    0x00849f     0xa  main.o [1]
  .near.rodata       const    0x0084a9     0xa  main.o [1]
  .near.rodata       const    0x0084b3     0x9  main.o [1]
  .near.rodata       const    0x0084bc     0x9  main.o [1]
  .near.rodata       const    0x0084c5     0x9  main.o [1]
  .near.rodata       const    0x0084ce     0x8  main.o [1]
  .near.rodata       const    0x0084d6     0x8  main.o [1]
  .near.rodata       const    0x0084de     0x8  main.o [1]
  .near.rodata       const    0x0084e6     0x8  xprintfsmall.o [4]
  .near.rodata       const    0x0084ee     0x8  xprintfsmall.o [4]
  .near.rodata       const    0x0084f6     0x8  xencoding_sb.o [4]
  .near.rodata       const    0x0084fe     0x8  xencoding_sb.o [4]
  .near.rodata       const    0x008506     0x7  main.o [1]
  .near.rodata       const    0x00850d     0x7  main.o [1]
  .near.rodata       const    0x008514     0x7  main.o [1]
  .near.rodata       const    0x00851b     0x7  main.o [1]
  .near.rodata       const    0x008522     0x7  main.o [1]
  .near.rodata       const    0x008529     0x7  main.o [1]
  .near.rodata       const    0x008530     0x7  main.o [1]
  .near.rodata       const    0x008537     0x7  main.o [1]
  .near.rodata       const    0x00853e     0x7  main.o [1]
  .near.rodata       const    0x008545     0x7  main.o [1]
  .near.rodata       const    0x00854c     0x7  main.o [1]
  .near.rodata       const    0x008553     0x7  xprintfsmall.o [4]
  .near.rodata       const    0x00855a     0x6  main.o [1]
  .near.rodata       const    0x008560     0x6  main.o [1]
  .near.rodata       const    0x008566     0x6  main.o [1]
  .near.rodata       const    0x00856c     0x6  main.o [1]
  .near.rodata       const    0x008572     0x5  main.o [1]
  .near.rodata       const    0x008577     0x5  main.o [1]
  .near.rodata       const    0x00857c     0x5  main.o [1]
  .near.rodata       const    0x008581     0x5  main.o [1]
  .near.rodata       const    0x008586     0x4  main.o [1]
  .near.rodata       const    0x00858a     0x4  main.o [1]
  Initializer bytes  ro data  0x00858e    0x41  <for P2 s0>
                            - 0x0085cf   0x54f

"P4":                                   0x3032
  .far_func.text     ro code  0x0085cf  0x10de  main.o [1]
  .far_func.text     ro code  0x0096ad   0x4aa  xprintfsmall.o [4]
  .far_func.text     ro code  0x009b57   0x1e7  xprintfsmall.o [4]
  .far_func.text     ro code  0x009d3e   0x17f  xprintfsmall.o [4]
  .far_func.text     ro code  0x009ebd   0x171  main.o [1]
  .far_func.text     ro code  0x00a02e   0x16d  stm8s_i2c.o [1]
  .far_func.text     ro code  0x00a19b   0x15a  long.o [4]
  .far_func.text     ro code  0x00a2f5   0x152  vreg_util.o [4]
  .far_func.text     ro code  0x00a447    0xe6  xxmemxfree.o [4]
  .far_func.text     ro code  0x00a52d    0xdf  main.o [1]
  .far_func.text     ro code  0x00a60c    0xd5  stm8s_clk.o [1]
  .far_func.text     ro code  0x00a6e1    0xb4  stm8s_gpio.o [1]
  .far_func.text     ro code  0x00a795    0xa6  stm8s_i2c.o [1]
  .far_func.text     ro code  0x00a83b    0x9a  xxmemxmalloc.o [4]
  .far_func.text     ro code  0x00a8d5    0x93  stm8s_i2c.o [1]
  .far_func.text     ro code  0x00a968    0x91  stm8s_clk.o [1]
  .far_func.text     ro code  0x00a9f9    0x91  stm8s_it.o [1]
  .far_func.text     ro code  0x00aa8a    0x70  xxmemxmalloc.o [4]
  .far_func.text     ro code  0x00aafa    0x60  stm8s_tim2.o [1]
  .far_func.text     ro code  0x00ab5a    0x60  stm8s_tim3.o [1]
  .far_func.text     ro code  0x00abba    0x5e  stm8s_clk.o [1]
  .far_func.text     ro code  0x00ac18    0x5d  stm8s_it.o [1]
  .far_func.text     ro code  0x00ac75    0x59  stm8s_tim2.o [1]
  .far_func.text     ro code  0x00acce    0x47  xprintfsmall.o [4]
  .far_func.text     ro code  0x00ad15    0x45  stm8s_tim3.o [1]
  .far_func.text     ro code  0x00ad5a    0x45  sprintf.o [4]
  .far_func.text     ro code  0x00ad9f    0x43  stm8s_beep.o [1]
  .far_func.text     ro code  0x00ade2    0x3f  short.o [4]
  .far_func.text     ro code  0x00ae21    0x3e  long_util.o [4]
  .far_func.text     ro code  0x00ae5f    0x3a  stm8s_flash.o [1]
  .far_func.text     ro code  0x00ae99    0x39  xprintfsmall.o [4]
  .far_func.text     ro code  0x00aed2    0x36  stm8s_clk.o [1]
  .far_func.text     ro code  0x00af08    0x35  xprintfsmall.o [4]
  .far_func.text     ro code  0x00af3d    0x35  xprintfsmall.o [4]
  .far_func.text     ro code  0x00af72    0x34  stm8s_i2c.o [1]
  .far_func.text     ro code  0x00afa6    0x34  far_util.o [4]
  .far_func.text     ro code  0x00afda    0x32  stm8s_i2c.o [1]
  .far_func.text     ro code  0x00b00c    0x30  xencoding_sb.o [4]
  .far_func.text     ro code  0x00b03c    0x2c  stm8s_flash.o [1]
  .far_func.text     ro code  0x00b068    0x29  xmbtowc.o [4]
  .far_func.text     ro code  0x00b091    0x28  printf.o [4]
  .far_func.text     ro code  0x00b0b9    0x28  init_small.o [4]
  .far_func.text     ro code  0x00b0e1    0x26  memcpy.o [4]
  .far_func.text     ro code  0x00b107    0x25  stm8s_i2c.o [1]
  .far_func.text     ro code  0x00b12c    0x25  stm8s_it.o [1]
  .far_func.text     ro code  0x00b151    0x25  stm8s_uart2.o [1]
  .far_func.text     ro code  0x00b176    0x22  stm8s_flash.o [1]
  .far_func.text     ro code  0x00b198    0x22  xwctomb.o [4]
  .far_func.text     ro code  0x00b1ba    0x22  xgetmemchunk.o [4]
  .far_func.text     ro code  0x00b1dc    0x21  stm8s_flash.o [1]
  .far_func.text     ro code  0x00b1fd    0x20  stm8s_flash.o [1]
  .far_func.text     ro code  0x00b21d    0x1e  init.o [4]
  .far_func.text     ro code  0x00b23b    0x1e  init_small.o [4]
  .far_func.text     ro code  0x00b259    0x1d  stm8s_tim2.o [1]
  .far_func.text     ro code  0x00b276    0x1d  stm8s_tim3.o [1]
  .far_func.text     ro code  0x00b293    0x1d  xprout.o [4]
  .far_func.text     ro code  0x00b2b0    0x1a  stm8s_flash.o [1]
  .far_func.text     ro code  0x00b2ca    0x1a  xprintfsmall.o [4]
  .far_func.text     ro code  0x00b2e4    0x19  xencoding_sb.o [4]
  .far_func.text     ro code  0x00b2fd    0x18  stm8s_flash.o [1]
  .far_func.text     ro code  0x00b315    0x18  stm8s_i2c.o [1]
  .far_func.text     ro code  0x00b32d    0x18  stm8s_i2c.o [1]
  .far_func.text     ro code  0x00b345    0x18  stm8s_i2c.o [1]
  .far_func.text     ro code  0x00b35d    0x17  cstartup.o [4]
  .far_func.text     ro code  0x00b374    0x16  xprintfsmall.o [4]
  .far_func.text     ro code  0x00b38a    0x16  __dbg_xxexit.o [3]
  .far_func.text     ro code  0x00b3a0    0x15  memchr.o [4]
  .far_func.text     ro code  0x00b3b5    0x15  strchr.o [4]
  .far_func.text     ro code  0x00b3ca    0x13  stm8s_flash.o [1]
  .far_func.text     ro code  0x00b3dd    0x13  xprintfsmall.o [4]
  .far_func.text     ro code  0x00b3f0    0x12  stm8s_i2c.o [1]
  .far_func.text     ro code  0x00b402    0x12  strlen.o [4]
  .far_func.text     ro code  0x00b414    0x10  xprintfsmall.o [4]
  .far_func.text     ro code  0x00b424     0xe  xsprout.o [4]
  .far_func.text     ro code  0x00b432     0xe  setlocale.o [4]
  .far_func.text     ro code  0x00b440     0xd  stm8s_beep.o [1]
  .far_func.text     ro code  0x00b44d     0xd  move.o [4]
  .far_func.text     ro code  0x00b45a     0xc  stm8s_beep.o [1]
  .far_func.text     ro code  0x00b466     0xc  stm8s_clk.o [1]
  .far_func.text     ro code  0x00b472     0xc  stm8s_flash.o [1]
  .far_func.text     ro code  0x00b47e     0xc  stm8s_gpio.o [1]
  .far_func.text     ro code  0x00b48a     0xc  stm8s_i2c.o [1]
  .far_func.text     ro code  0x00b496     0xc  stm8s_i2c.o [1]
  .far_func.text     ro code  0x00b4a2     0xc  stm8s_tim2.o [1]
  .far_func.text     ro code  0x00b4ae     0xc  stm8s_tim3.o [1]
  .far_func.text     ro code  0x00b4ba     0xc  stm8s_uart2.o [1]
  .far_func.text     ro code  0x00b4c6     0xc  xprintfsmall.o [4]
  .far_func.text     ro code  0x00b4d2     0xc  xprintfsmall.o [4]
  .far_func.text     ro code  0x00b4de     0xb  main.o [1]
  .far_func.text     ro code  0x00b4e9     0xb  main.o [1]
  .far_func.text     ro code  0x00b4f4     0xb  main.o [1]
  .far_func.text     ro code  0x00b4ff     0xb  stm8s_clk.o [1]
  .far_func.text     ro code  0x00b50a     0xb  xprintfsmall.o [4]
  .far_func.text     ro code  0x00b515     0xb  setlocale.o [4]
  .far_func.text     ro code  0x00b520     0xa  stm8s_tim2.o [1]
  .far_func.text     ro code  0x00b52a     0xa  stm8s_tim3.o [1]
  .far_func.text     ro code  0x00b534     0xa  xprintfsmall.o [4]
  .far_func.text     ro code  0x00b53e     0xa  far.o [4]
  .far_func.text     ro code  0x00b548     0xa  setlocale.o [4]
  .far_func.text     ro code  0x00b552     0x9  main.o [1]
  .far_func.text     ro code  0x00b55b     0x9  main.o [1]
  .far_func.text     ro code  0x00b564     0x9  main.o [1]
  .far_func.text     ro code  0x00b56d     0x9  main.o [1]
  .far_func.text     ro code  0x00b576     0x9  xprintfsmall.o [4]
  .far_func.text     ro code  0x00b57f     0x9  xprintfsmall.o [4]
  .far_func.text     ro code  0x00b588     0x9  setlocale.o [4]
  .far_func.text     ro code  0x00b591     0x8  xprintfsmall.o [4]
  .far_func.text     ro code  0x00b599     0x8  xxmemxmalloc.o [4]
  .far_func.text     ro code  0x00b5a1     0x8  putchar.o [4]
  .far_func.text     ro code  0x00b5a9     0x7  xmbcurmax.o [4]
  .far_func.text     ro code  0x00b5b0     0x6  xprintfsmall.o [4]
  .far_func.text     ro code  0x00b5b6     0x6  cexit.o [4]
  .far_func.text     ro code  0x00b5bc     0x5  stm8s_beep.o [1]
  .far_func.text     ro code  0x00b5c1     0x4  stm8s_gpio.o [1]
  .far_func.text     ro code  0x00b5c5     0x4  stm8s_i2c.o [1]
  .far_func.text     ro code  0x00b5c9     0x4  stm8s_i2c.o [1]
  .far_func.text     ro code  0x00b5cd     0x4  stm8s_uart2.o [1]
  .far_func.text     ro code  0x00b5d1     0x4  interrupt.o [4]
  .far_func.text     ro code  0x00b5d5     0x4  exit.o [4]
  .far_func.text     ro code  0x00b5d9     0x3  stm8s_gpio.o [1]
  .far_func.text     ro code  0x00b5dc     0x3  stm8s_gpio.o [1]
  .far_func.text     ro code  0x00b5df     0x3  stm8s_gpio.o [1]
  .far_func.text     ro code  0x00b5e2     0x3  stm8s_gpio.o [1]
  .far_func.text     ro code  0x00b5e5     0x3  low_level_init.o [4]
  .far_func.text     ro code  0x00b5e8     0x3  unhandled_exception.o [4]
  .far_func.text     ro code  0x00b5eb     0x2  main.o [1]
  .far_func.text     ro code  0x00b5ed     0x1  stm8s_it.o [1]
  .far_func.text     ro code  0x00b5ee     0x1  stm8s_it.o [1]
  .far_func.text     ro code  0x00b5ef     0x1  stm8s_it.o [1]
  .far_func.text     ro code  0x00b5f0     0x1  stm8s_it.o [1]
  .far_func.text     ro code  0x00b5f1     0x1  stm8s_it.o [1]
  .far_func.text     ro code  0x00b5f2     0x1  stm8s_it.o [1]
  .far_func.text     ro code  0x00b5f3     0x1  stm8s_it.o [1]
  .far_func.text     ro code  0x00b5f4     0x1  stm8s_it.o [1]
  .far_func.text     ro code  0x00b5f5     0x1  stm8s_it.o [1]
  .far_func.text     ro code  0x00b5f6     0x1  stm8s_it.o [1]
  .far_func.text     ro code  0x00b5f7     0x1  stm8s_it.o [1]
  .far_func.text     ro code  0x00b5f8     0x1  stm8s_it.o [1]
  .far_func.text     ro code  0x00b5f9     0x1  stm8s_it.o [1]
  .far_func.text     ro code  0x00b5fa     0x1  stm8s_it.o [1]
  .far_func.text     ro code  0x00b5fb     0x1  stm8s_it.o [1]
  .far_func.text     ro code  0x00b5fc     0x1  stm8s_it.o [1]
  .far_func.text     ro code  0x00b5fd     0x1  stm8s_it.o [1]
  .far_func.text     ro code  0x00b5fe     0x1  stm8s_it.o [1]
  .far_func.text     ro code  0x00b5ff     0x1  stm8s_it.o [1]
  .far_func.text     ro code  0x00b600     0x1  __dbg_break.o [3]
                            - 0x00b601  0x3032


*******************************************************************************
*** INIT TABLE
***

          Address   Size
          -------   ----
Zero (__iar_zero_init2)
    1 destination range, total size 0xc6:
          0x000051  0xc6

Copy (__iar_copy_init2)
    1 source range, total size 0x41:
          0x00858e  0x41
    1 destination range, total size 0x41:
          0x000010  0x41


*******************************************************************************
*** MODULE SUMMARY
***

    Module                 ro code  ro data  rw data
    ------                 -------  -------  -------
C:\Documents and Settings\Administrator\Desktop\stm8s105k-controller\Project\STM8S_StdPeriph_Template\EWSTM8\STM8S105\Obj: [1]
    main.o                   4 981      308      119
    stm8s_beep.o                97      119
    stm8s_clk.o                529      118
    stm8s_flash.o              282      120
    stm8s_gpio.o               208      119
    stm8s_i2c.o                939      118
    stm8s_it.o                 294                 1
    stm8s_tim2.o               236      119
    stm8s_tim3.o               216      119
    stm8s_uart2.o               53      120
    ------------------------------------------------
    Total:                   7 835    1 260      120

command line: [2]
    ------------------------------------------------
    Total:

dbgstm8mmd.a: [3]
    __dbg_break.o                1
    __dbg_xxexit.o              22
    ------------------------------------------------
    Total:                      23

dlstm8mmf.a: [4]
    cexit.o                      6
    cstartup.o                  23
    exit.o                       4
    far.o                       10
    far_util.o                  52
    init.o                      30
    init_small.o                70
    interrupt.o                  4      128
    long.o                     346
    long_util.o                 62
    low_level_init.o             3
    memchr.o                    21
    memcpy.o                    38
    move.o                      13
    printf.o                    40
    putchar.o                    8
    setlocale.o                 44                17
    short.o                     63
    sprintf.o                   69
    strchr.o                    21
    strlen.o                    18
    unhandled_exception.o        3
    vreg_util.o                338
    vregs.o                                       16
    xencoding_sb.o              73       16
    xfiles.o                             40      120
    xgetmemchunk.o              34                 2
    xmbcurmax.o                  7
    xmbtowc.o                   41
    xprintfsmall.o           2 458       23
    xprout.o                    29
    xsprout.o                   14
    xwctomb.o                   34
    xxmemxfree.o               230
    xxmemxmalloc.o             274                 4
    ------------------------------------------------
    Total:                   4 480      207      159

    Linker created                       20    1 024
----------------------------------------------------
    Grand Total:            12 338    1 487    1 303


*******************************************************************************
*** ENTRY LIST
***

Entry                    Address   Size  Type      Object
-----                    -------   ----  ----      ------
?add32_l0_l0_0x         0x00a1ae         Code  Gb  long.o [4]
?add32_l0_l0_l1         0x00a1ab         Code  Gb  long.o [4]
?and32_l0_l0_0x         0x00a2b4         Code  Gb  long.o [4]
?and32_l0_l0_l1         0x00a2b1         Code  Gb  long.o [4]
?b0                     0x000000         Data  Gb  vregs.o [4]
?b1                     0x000001         Data  Gb  vregs.o [4]
?b10                    0x00000a         Data  Gb  vregs.o [4]
?b11                    0x00000b         Data  Gb  vregs.o [4]
?b12                    0x00000c         Data  Gb  vregs.o [4]
?b13                    0x00000d         Data  Gb  vregs.o [4]
?b14                    0x00000e         Data  Gb  vregs.o [4]
?b15                    0x00000f         Data  Gb  vregs.o [4]
?b2                     0x000002         Data  Gb  vregs.o [4]
?b3                     0x000003         Data  Gb  vregs.o [4]
?b4                     0x000004         Data  Gb  vregs.o [4]
?b5                     0x000005         Data  Gb  vregs.o [4]
?b6                     0x000006         Data  Gb  vregs.o [4]
?b7                     0x000007         Data  Gb  vregs.o [4]
?b8                     0x000008         Data  Gb  vregs.o [4]
?b9                     0x000009         Data  Gb  vregs.o [4]
?e0                     0x000001         Data  Gb  vregs.o [4]
?e1                     0x000005         Data  Gb  vregs.o [4]
?e2                     0x000009         Data  Gb  vregs.o [4]
?e3                     0x00000d         Data  Gb  vregs.o [4]
?epilogue_l2            0x00a3b5         Code  Gb  vreg_util.o [4]
?epilogue_l2_l3         0x00a3b1         Code  Gb  vreg_util.o [4]
?epilogue_l2_w6         0x00a3ba         Code  Gb  vreg_util.o [4]
?epilogue_w4            0x00a3c3         Code  Gb  vreg_util.o [4]
?l0                     0x000000         Data  Gb  vregs.o [4]
?l1                     0x000004         Data  Gb  vregs.o [4]
?l2                     0x000008         Data  Gb  vregs.o [4]
?l3                     0x00000c         Data  Gb  vregs.o [4]
?load24_0x_e0           0x00afcc         Code  Gb  far_util.o [4]
?load24_e0_0x           0x00afa6         Code  Gb  far_util.o [4]
?load24_e1_0x           0x00afb4         Code  Gb  far_util.o [4]
?load24_xsp_e0          0x00afc2         Code  Gb  far_util.o [4]
?load32_0x_l0           0x00ae51         Code  Gb  long_util.o [4]
?load32_l0_0x           0x00ae3b         Code  Gb  long_util.o [4]
?load32_l0_asp          0x00ae2f         Code  Gb  long_util.o [4]
?load32_l0_dbsp         0x00ae21         Code  Gb  long_util.o [4]
?load32_l0_xsp          0x00ae31         Code  Gb  long_util.o [4]
?load32_xsp_l0          0x00ae47         Code  Gb  long_util.o [4]
?mov_e0_e2              0x00a3fc         Code  Gb  vreg_util.o [4]
?mov_e0_e3              0x00a409         Code  Gb  vreg_util.o [4]
?mov_e1_e0              0x00a416         Code  Gb  vreg_util.o [4]
?mov_e1_e2              0x00a423         Code  Gb  vreg_util.o [4]
?mov_e2_e0              0x00a430         Code  Gb  vreg_util.o [4]
?mov_e3_e0              0x00a43d         Code  Gb  vreg_util.o [4]
?mov_l0_l2              0x00a3f9         Code  Gb  vreg_util.o [4]
?mov_l0_l3              0x00a406         Code  Gb  vreg_util.o [4]
?mov_l1_l0              0x00a413         Code  Gb  vreg_util.o [4]
?mov_l1_l2              0x00a420         Code  Gb  vreg_util.o [4]
?mov_l2_l0              0x00a42d         Code  Gb  vreg_util.o [4]
?mov_l3_l0              0x00a43a         Code  Gb  vreg_util.o [4]
?mov_w0_w4              0x00a3c8         Code  Gb  vreg_util.o [4]
?mov_w0_w5              0x00a3cf         Code  Gb  vreg_util.o [4]
?mov_w1_w4              0x00a3d6         Code  Gb  vreg_util.o [4]
?mov_w1_w5              0x00a3ff         Code  Gb  vreg_util.o [4]
?mov_w1_w7              0x00a40c         Code  Gb  vreg_util.o [4]
?mov_w2_w1              0x00a3dd         Code  Gb  vreg_util.o [4]
?mov_w3_w1              0x00a419         Code  Gb  vreg_util.o [4]
?mov_w3_w5              0x00a426         Code  Gb  vreg_util.o [4]
?mov_w4_w0              0x00a3e4         Code  Gb  vreg_util.o [4]
?mov_w4_w1              0x00a3eb         Code  Gb  vreg_util.o [4]
?mov_w5_w0              0x00a3f2         Code  Gb  vreg_util.o [4]
?mov_w5_w1              0x00a433         Code  Gb  vreg_util.o [4]
?mov_w7_w1              0x00a440         Code  Gb  vreg_util.o [4]
?move1616_v_x_y_a       0x00b44d         Code  Gb  move.o [4]
?mul16_x_x_w0           0x00ade2         Code  Gb  short.o [4]
?mul32_l0_l0_l1         0x00a1c6         Code  Gb  long.o [4]
?neg32_l0_l0            0x00a19b         Code  Gb  long.o [4]
?pop_l0                 0x00a379         Code  Gb  vreg_util.o [4]
?pop_l1                 0x00a384         Code  Gb  vreg_util.o [4]
?pop_l2                 0x00a38f         Code  Gb  vreg_util.o [4]
?pop_l3                 0x00a39a         Code  Gb  vreg_util.o [4]
?pop_w4                 0x00a32a         Code  Gb  vreg_util.o [4]
?pop_w6                 0x00a331         Code  Gb  vreg_util.o [4]
?push_l0                0x00a344         Code  Gb  vreg_util.o [4]
?push_l1                0x00a349         Code  Gb  vreg_util.o [4]
?push_l2                0x00a34e         Code  Gb  vreg_util.o [4]
?push_l3                0x00a353         Code  Gb  vreg_util.o [4]
?push_w0                0x00a2f5         Code  Gb  vreg_util.o [4]
?push_w1                0x00a2fa         Code  Gb  vreg_util.o [4]
?push_w2                0x00a2ff         Code  Gb  vreg_util.o [4]
?push_w4                0x00a304         Code  Gb  vreg_util.o [4]
?push_w6                0x00a309         Code  Gb  vreg_util.o [4]
?push_w7                0x00a30e         Code  Gb  vreg_util.o [4]
?sdiv16_x_x_y           0x00ae00         Code  Gb  short.o [4]
?sext32_l0_a            0x00a2e8         Code  Gb  long.o [4]
?sext32_l0_x            0x00a2dd         Code  Gb  long.o [4]
?sll16_x_x_a            0x00ae19         Code  Gb  short.o [4]
?sll32_0x_0x_a          0x00a2cf         Code  Gb  long.o [4]
?sll32_l0_l0_a          0x00a2cc         Code  Gb  long.o [4]
?ucmp24_c_0x_e0         0x00b53e         Code  Gb  far.o [4]
?udiv32_l0_l0_l1        0x00a244         Code  Gb  long.o [4]
?umod32_l1_l0_l1        0x00a244         Code  Gb  long.o [4]
?w0                     0x000000         Data  Gb  vregs.o [4]
?w1                     0x000002         Data  Gb  vregs.o [4]
?w2                     0x000004         Data  Gb  vregs.o [4]
?w3                     0x000006         Data  Gb  vregs.o [4]
?w4                     0x000008         Data  Gb  vregs.o [4]
?w5                     0x00000a         Data  Gb  vregs.o [4]
?w6                     0x00000c         Data  Gb  vregs.o [4]
?w7                     0x00000e         Data  Gb  vregs.o [4]
ADC1_IRQHandler         0x00b5fd    0x1  Code  Gb  stm8s_it.o [1]
AWU_IRQHandler          0x00b5ef    0x1  Code  Gb  stm8s_it.o [1]
BEEP_Cmd                0x00b440    0xd  Code  Gb  stm8s_beep.o [1]
BEEP_DeInit             0x00b5bc    0x5  Code  Gb  stm8s_beep.o [1]
BEEP_Init               0x00ad9f   0x43  Code  Gb  stm8s_beep.o [1]
CLK_ClockSwitchConfig   0x00a60c   0xd5  Code  Gb  stm8s_clk.o [1]
CLK_DeInit              0x00aed2   0x36  Code  Gb  stm8s_clk.o [1]
CLK_IRQHandler          0x00b5f0    0x1  Code  Gb  stm8s_it.o [1]
CLK_PeripheralClockConfig
                        0x00a968   0x91  Code  Gb  stm8s_clk.o [1]
CLK_SYSCLKConfig        0x00abba   0x5e  Code  Gb  stm8s_clk.o [1]
CSTACK$$Base            0x000600          --   Gb  - Linker created -
CSTACK$$Limit           0x000800          --   Gb  - Linker created -
CheckProgramPoint       0x0093e5   0xc0  Code  Gb  main.o [1]
Check_DS1307            0x009555   0x4e  Code  Gb  main.o [1]
Clear_Line1             0x008933   0x13  Code  Gb  main.o [1]
Clear_Line2             0x008920   0x13  Code  Gb  main.o [1]
DS18Set                 0x009078   0x37  Code  Gb  main.o [1]
DS18_Read               0x0090af   0x4a  Code  Gb  main.o [1]
DS18_Reset              0x009027   0x48  Code  Gb  main.o [1]
DS18_Write              0x008fe9   0x36  Code  Gb  main.o [1]
Day_Week                0x000038   0x16  Data  Gb  main.o [1]
Delay1                  0x0085cf    0xe  Code  Gb  main.o [1]
Delay_us                0x008fe3    0x6  Code  Gb  main.o [1]
Display                 0x00a52d   0xdf  Code  Gb  main.o [1]
EEPROM_EEC_IRQHandler   0x00b5ff    0x1  Code  Gb  stm8s_it.o [1]
EEPROM_INIT             0x008c2c    0xf  Code  Gb  main.o [1]
EXTI_PORTA_IRQHandler   0x00b5f1    0x1  Code  Gb  stm8s_it.o [1]
EXTI_PORTB_IRQHandler   0x00b5f2    0x1  Code  Gb  stm8s_it.o [1]
EXTI_PORTC_IRQHandler   0x00b5f3    0x1  Code  Gb  stm8s_it.o [1]
EXTI_PORTD_IRQHandler   0x00b5f4    0x1  Code  Gb  stm8s_it.o [1]
EXTI_PORTE_IRQHandler   0x00b5f5    0x1  Code  Gb  stm8s_it.o [1]
FLASH_DeInit            0x00b2fd   0x18  Code  Gb  stm8s_flash.o [1]
FLASH_Lock              0x00b1fd   0x20  Code  Gb  stm8s_flash.o [1]
FLASH_ProgramByte       0x00ae5f   0x3a  Code  Gb  stm8s_flash.o [1]
FLASH_ReadByte          0x00b03c   0x2c  Code  Gb  stm8s_flash.o [1]
FLASH_SetProgrammingTime
                        0x00b176   0x22  Code  Gb  stm8s_flash.o [1]
FLASH_Unlock            0x00b1dc   0x21  Code  Gb  stm8s_flash.o [1]
FirstMenu               0x008f4d   0x75  Code  Gb  main.o [1]
GPIO_Init               0x00a6e1   0xb4  Code  Gb  stm8s_gpio.o [1]
GPIO_ReadInputData      0x00b5df    0x3  Code  Gb  stm8s_gpio.o [1]
GPIO_ReadInputPin       0x00b5e2    0x3  Code  Gb  stm8s_gpio.o [1]
GPIO_WriteHigh          0x00b5d9    0x3  Code  Gb  stm8s_gpio.o [1]
GPIO_WriteLow           0x00b5c1    0x4  Code  Gb  stm8s_gpio.o [1]
GPIO_WriteReverse       0x00b5dc    0x3  Code  Gb  stm8s_gpio.o [1]
GpioConfiguration       0x00935d   0x78  Code  Gb  main.o [1]
HEAP$$Base              0x000117          --   Gb  - Linker created -
HEAP$$Limit             0x000317          --   Gb  - Linker created -
I2C_AcknowledgeConfig   0x00af72   0x34  Code  Gb  stm8s_i2c.o [1]
I2C_CheckEvent          0x00a795   0xa6  Code  Gb  stm8s_i2c.o [1]
I2C_Cmd                 0x00b315   0x18  Code  Gb  stm8s_i2c.o [1]
I2C_DeInit              0x00b107   0x25  Code  Gb  stm8s_i2c.o [1]
I2C_GenerateSTART       0x00b32d   0x18  Code  Gb  stm8s_i2c.o [1]
I2C_GenerateSTOP        0x00b345   0x18  Code  Gb  stm8s_i2c.o [1]
I2C_GetFlagStatus       0x00a8d5   0x93  Code  Gb  stm8s_i2c.o [1]
I2C_IRQHandler          0x00b5fb    0x1  Code  Gb  stm8s_it.o [1]
I2C_Init                0x00a02e  0x16d  Code  Gb  stm8s_i2c.o [1]
I2C_RA                  0x00952d   0x28  Code  Gb  main.o [1]
I2C_RD                  0x00950a   0x23  Code  Gb  main.o [1]
I2C_ReceiveData         0x00b5c5    0x4  Code  Gb  stm8s_i2c.o [1]
I2C_Send7bitAddress     0x00afda   0x32  Code  Gb  stm8s_i2c.o [1]
I2C_SendData            0x00b5c9    0x4  Code  Gb  stm8s_i2c.o [1]
I2C_Start               0x0089cd   0x26  Code  Gb  main.o [1]
I2C_WA                  0x0089a7   0x26  Code  Gb  main.o [1]
I2C_WD                  0x008983   0x24  Code  Gb  main.o [1]
INTVEC$$Base            0x008000          --   Gb  - Linker created -
INTVEC$$Limit           0x008080          --   Gb  - Linker created -
InitClk                 0x009316   0x3e  Code  Gb  main.o [1]
InitDelayTimer2         0x009245   0x1d  Code  Gb  main.o [1]
InitDelayTimer3         0x00922e   0x17  Code  Gb  main.o [1]
InitI2C                 0x00966b   0x26  Code  Gb  main.o [1]
InitLcd                 0x009296   0x55  Code  Gb  main.o [1]
LCD                     0x008682   0xc8  Code  Gb  main.o [1]
LCDData                 0x008644    0xb  Code  Gb  main.o [1]
LCDDataOut              0x0085ed   0x57  Code  Gb  main.o [1]
LCDInstr                0x008677    0xb  Code  Gb  main.o [1]
LCDInstrNibble          0x009287    0xf  Code  Gb  main.o [1]
LoadInt                 0x00acce   0x47  Code  Lc  xprintfsmall.o [4]
Power_Off               0x009691    0xe  Code  Gb  main.o [1]
Power_On                0x00969f    0xe  Code  Gb  main.o [1]
ProgramMenu             0x008cac  0x239  Code  Gb  main.o [1]
PulseEnable             0x0085dd   0x10  Code  Gb  main.o [1]
ReadDS1307              0x0095b4   0x82  Code  Gb  main.o [1]
ReadProgram             0x0094a5   0x30  Code  Gb  main.o [1]
Read_DS18               0x009118   0x79  Code  Gb  main.o [1]
Region$$Table$$Base     0x008438          --   Gb  - Linker created -
Region$$Table$$Limit    0x00844c          --   Gb  - Linker created -
SPI_IRQHandler          0x00b5f6    0x1  Code  Gb  stm8s_it.o [1]
SaveProgram             0x008c8b   0x21  Code  Gb  main.o [1]
SaveStatus              0x008f18   0x19  Code  Gb  main.o [1]
Set_Clock               0x008a71  0x174  Code  Gb  main.o [1]
Set_DS1307              0x0089fa   0x6c  Code  Gb  main.o [1]
TIM1_CAP_COM_IRQHandler
                        0x00b5f8    0x1  Code  Gb  stm8s_it.o [1]
TIM1_UPD_OVF_TRG_BRK_IRQHandler
                        0x00b5f7    0x1  Code  Gb  stm8s_it.o [1]
TIM2_CAP_COM_IRQHandler
                        0x00b5f9    0x1  Code  Gb  stm8s_it.o [1]
TIM2_ClearITPendingBit  0x00b259   0x1d  Code  Gb  stm8s_tim2.o [1]
TIM2_Cmd                0x00ab42   0x18  Code  Gb  stm8s_tim2.o [1]
TIM2_DeInit             0x00ac75   0x59  Code  Gb  stm8s_tim2.o [1]
TIM2_ITConfig           0x00ab06   0x3c  Code  Gb  stm8s_tim2.o [1]
TIM2_TimeBaseInit       0x00b520    0xa  Code  Gb  stm8s_tim2.o [1]
TIM2_UPD_OVF_BRK_IRQHandler
                        0x00ac18   0x5d  Code  Gb  stm8s_it.o [1]
TIM3_CAP_COM_IRQHandler
                        0x00b5fa    0x1  Code  Gb  stm8s_it.o [1]
TIM3_ClearITPendingBit  0x00b276   0x1d  Code  Gb  stm8s_tim3.o [1]
TIM3_Cmd                0x00aba2   0x18  Code  Gb  stm8s_tim3.o [1]
TIM3_DeInit             0x00ad15   0x45  Code  Gb  stm8s_tim3.o [1]
TIM3_ITConfig           0x00ab66   0x3c  Code  Gb  stm8s_tim3.o [1]
TIM3_TimeBaseInit       0x00b52a    0xa  Code  Gb  stm8s_tim3.o [1]
TIM3_UPD_OVF_BRK_IRQHandler
                        0x00a9f9   0x91  Code  Gb  stm8s_it.o [1]
TIM4_UPD_OVF_IRQHandler
                        0x00b5fe    0x1  Code  Gb  stm8s_it.o [1]
TLI_IRQHandler          0x00b5ee    0x1  Code  Gb  stm8s_it.o [1]
TRAP_IRQHandler         0x00b5ed    0x1  Code  Gb  stm8s_it.o [1]
Time_Display            0x000115    0x1  Data  Gb  main.o [1]
UART2_ClearITPendingBit
                        0x00b151   0x25  Code  Gb  stm8s_uart2.o [1]
UART2_RX_IRQHandler     0x00b12c   0x25  Code  Gb  stm8s_it.o [1]
UART2_ReceiveData8      0x00b5cd    0x4  Code  Gb  stm8s_uart2.o [1]
UART2_TX_IRQHandler     0x00b5fc    0x1  Code  Gb  stm8s_it.o [1]
_EncodingSb_Mbtowc      0x00b00c   0x30  Code  Gb  xencoding_sb.o [4]
_EncodingSb_Wctomb      0x00b2e4   0x19  Code  Gb  xencoding_sb.o [4]
_LitobSmall             0x009d3e  0x17f  Code  Lc  xprintfsmall.o [4]
_LocaleEncoding         0x00b432    0xe  Code  Gb  setlocale.o [4]
_Locale_Profile         0x0000c9    0xe  Data  Gb  setlocale.o [4]
_Mbtowc                 0x00b068   0x29  Code  Gb  xmbtowc.o [4]
_PrintfSmall            0x0096ad  0x4aa  Code  Gb  xprintfsmall.o [4]
_Prout                  0x00b293   0x1d  Code  Gb  xprout.o [4]
_PutcharSmall           0x00ae99   0x39  Code  Lc  xprintfsmall.o [4]
_PutcharsSmall          0x00af3d   0x35  Code  Lc  xprintfsmall.o [4]
_PutstrSmall            0x009b57  0x1e7  Code  Lc  xprintfsmall.o [4]
_SProut                 0x00b424    0xe  Code  Gb  xsprout.o [4]
_Wctomb                 0x00b198   0x22  Code  Gb  xwctomb.o [4]
__DebugBreak            0x00b600    0x1  Code  Gb  __dbg_break.o [3]
__exit                  0x00b38a   0x16  Code  Gb  __dbg_xxexit.o [3]
__iar_Mbcurmax          0x00b5a9    0x7  Code  Gb  xmbcurmax.o [4]
__iar_Memchr            0x00b3a0   0x15  Code  Gb  memchr.o [4]
__iar_Stdout            0x000010   0x28  Data  Gb  xfiles.o [4]
__iar_Strchr            0x00b3b5   0x15  Code  Gb  strchr.o [4]
__iar_Tls_setup__Locale_Profile
                        0x0000ef    0x3  Data  Gb  setlocale.o [4]
__iar_copy_init2        0x00b0b9         Code  Gb  init_small.o [4]
__iar_data_init2        0x00b21d   0x1e  Code  Gb  init.o [4]
__iar_program_start     0x00b35d         Code  Gb  cstartup.o [4]
__iar_unhandled_exception
                        0x00b5e8         Code  Gb  unhandled_exception.o [4]
__iar_zero_init2        0x00b23b         Code  Gb  init_small.o [4]
__intvec                0x008000         Data  Gb  interrupt.o [4]
__low_level_init        0x00b5e5    0x3  Code  Gb  low_level_init.o [4]
__near_Aldata           0x0000eb    0x4  Data  Gb  xxmemxmalloc.o [4]
__near_GetMemChunk      0x00b1ba   0x22  Code  Gb  xgetmemchunk.o [4]
__near_findmem          0x00aa8a   0x70  Code  Lc  xxmemxmalloc.o [4]
_exit                   0x00b5b6         Code  Gb  cexit.o [4]
_interrupt_1            0x00b5ed         Code  Gb  stm8s_it.o [1]
_interrupt_10           0x00b5d1         Code  Wk  interrupt.o [4]
_interrupt_11           0x00b5d1         Code  Wk  interrupt.o [4]
_interrupt_12           0x00b5f6         Code  Gb  stm8s_it.o [1]
_interrupt_13           0x00b5f7         Code  Gb  stm8s_it.o [1]
_interrupt_14           0x00b5f8         Code  Gb  stm8s_it.o [1]
_interrupt_15           0x00ac18         Code  Gb  stm8s_it.o [1]
_interrupt_16           0x00b5f9         Code  Gb  stm8s_it.o [1]
_interrupt_17           0x00a9f9         Code  Gb  stm8s_it.o [1]
_interrupt_18           0x00b5fa         Code  Gb  stm8s_it.o [1]
_interrupt_19           0x00b5d1         Code  Wk  interrupt.o [4]
_interrupt_2            0x00b5ee         Code  Gb  stm8s_it.o [1]
_interrupt_20           0x00b5d1         Code  Wk  interrupt.o [4]
_interrupt_21           0x00b5fb         Code  Gb  stm8s_it.o [1]
_interrupt_22           0x00b5fc         Code  Gb  stm8s_it.o [1]
_interrupt_23           0x00b12c         Code  Gb  stm8s_it.o [1]
_interrupt_24           0x00b5fd         Code  Gb  stm8s_it.o [1]
_interrupt_25           0x00b5fe         Code  Gb  stm8s_it.o [1]
_interrupt_26           0x00b5ff         Code  Gb  stm8s_it.o [1]
_interrupt_27           0x00b5d1         Code  Wk  interrupt.o [4]
_interrupt_28           0x00b5d1         Code  Wk  interrupt.o [4]
_interrupt_29           0x00b5d1         Code  Wk  interrupt.o [4]
_interrupt_3            0x00b5ef         Code  Gb  stm8s_it.o [1]
_interrupt_30           0x00b5d1         Code  Wk  interrupt.o [4]
_interrupt_31           0x00b5d1         Code  Wk  interrupt.o [4]
_interrupt_4            0x00b5f0         Code  Gb  stm8s_it.o [1]
_interrupt_5            0x00b5f1         Code  Gb  stm8s_it.o [1]
_interrupt_6            0x00b5f2         Code  Gb  stm8s_it.o [1]
_interrupt_7            0x00b5f3         Code  Gb  stm8s_it.o [1]
_interrupt_8            0x00b5f4         Code  Gb  stm8s_it.o [1]
_interrupt_9            0x00b5f5         Code  Gb  stm8s_it.o [1]
adj                     0x008881   0x55  Code  Gb  main.o [1]
assert_failed           0x00b5eb    0x2  Code  Gb  main.o [1]
bcd2hex                 0x0094f3   0x17  Code  Gb  main.o [1]
beep                    0x00875c   0x1b  Code  Gb  main.o [1]
blink_flag              0x000114    0x1  Data  Gb  main.o [1]
blink_time              0x0000fa    0x2  Data  Gb  main.o [1]
button                  0x000112    0x1  Data  Gb  main.o [1]
convert_tobcd           0x00896c   0x17  Code  Gb  main.o [1]
count                   0x000105    0x1  Data  Gb  main.o [1]
date                    0x00004f    0x1  Data  Gb  main.o [1]
days                    0x00004e    0x1  Data  Gb  main.o [1]
error                   0x00010a    0x1  Data  Gb  main.o [1]
exit                    0x00b5d5    0x4  Code  Gb  exit.o [4]
fputc                   0x00874a   0x12  Code  Gb  main.o [1]
free                    0x00a447   0xe6  Code  Gb  xxmemxfree.o [4]
hardware                0x0000fe    0x2  Data  Gb  main.o [1]
hours                   0x000108    0x1  Data  Gb  main.o [1]
initBeep                0x008777   0x1c  Code  Gb  main.o [1]
key_minus_on            0x0087d0   0x3b  Code  Gb  main.o [1]
key_ok_on               0x008793   0x3d  Code  Gb  main.o [1]
key_plus_on             0x00882a   0x3b  Code  Gb  main.o [1]
lcdLedTimer             0x000111    0x1  Data  Gb  main.o [1]
line1                   0x0000d7    0xa  Data  Gb  main.o [1]
line2                   0x0000e1    0xa  Data  Gb  main.o [1]
line_lcd                0x000104    0x1  Data  Gb  main.o [1]
main                    0x009ebd  0x171  Code  Gb  main.o [1]
malloc                  0x00a83b   0x9a  Code  Gb  xxmemxmalloc.o [4]
manu_display            0x00010d    0x1  Data  Gb  main.o [1]
memcpy                  0x00b0e1   0x26  Code  Gb  memcpy.o [4]
minutes                 0x000107    0x1  Data  Gb  main.o [1]
month                   0x000050    0x1  Data  Gb  main.o [1]
obuf                    0x000051   0x50  Data  Lc  xfiles.o [4]
pad                     0x00af08   0x35  Code  Lc  xprintfsmall.o [4]
power                   0x000113    0x1  Data  Gb  main.o [1]
pressKey                0x0088d6   0x4a  Code  Gb  main.o [1]
printf                  0x00b091   0x28  Code  Gb  printf.o [4]
program_display         0x00010f    0x1  Data  Gb  main.o [1]
programpoint            0x0000a1   0x28  Data  Gb  main.o [1]
putchar                 0x00b5a1    0x8  Code  Gb  putchar.o [4]
result1                 0x00010b    0x1  Data  Gb  main.o [1]
result2                 0x00010c    0x1  Data  Gb  main.o [1]
rx_data                 0x000103    0x1  Data  Gb  main.o [1]
seconds                 0x000106    0x1  Data  Gb  main.o [1]
sprintf                 0x00ad5a   0x45  Code  Gb  sprintf.o [4]
status                  0x0000fc    0x2  Data  Gb  main.o [1]
status_check            0x0000f8    0x2  Data  Gb  main.o [1]
strlen                  0x00b402   0x12  Code  Gb  strlen.o [4]
sync                    0x000116    0x1  Data  Gb  stm8s_it.o [1]
sync_display            0x00010e    0x1  Data  Gb  main.o [1]
sync_time_ds1307        0x000110    0x1  Data  Gb  main.o [1]
temperature             0x0091ab   0x3f  Code  Gb  main.o [1]
timeout                 0x000102    0x1  Data  Gb  main.o [1]
timer1                  0x0000f2    0x2  Data  Gb  main.o [1]
timer2                  0x0000f4    0x2  Data  Gb  main.o [1]
timer3                  0x0000f6    0x2  Data  Gb  main.o [1]
year                    0x000109    0x1  Data  Gb  main.o [1]


[1] = C:\Documents and Settings\Administrator\Desktop\stm8s105k-controller\Project\STM8S_StdPeriph_Template\EWSTM8\STM8S105\Obj
[2] = command line
[3] = dbgstm8mmd.a
[4] = dlstm8mmf.a

  12 338 bytes of readonly  code memory
   1 487 bytes of readonly  data memory
   1 303 bytes of readwrite data memory

Errors: none
Warnings: none
