###############################################################################
#                                                                             #
# IAR ELF Linker V1.30.1.50036 for STM8                 14/Aug/2013  22:24:32 #
# Copyright 2010-2011 IAR Systems AB.                                         #
#                                                                             #
#    Output file  =  C:\Users\Administrator\Desktop\stm8s105k-controller\Proj #
#                    ect\STM8S_StdPeriph_Template\EWSTM8\STM8S105\Exe\Project #
#                    .out                                                     #
#    Map file     =  C:\Users\Administrator\Desktop\stm8s105k-controller\Proj #
#                    ect\STM8S_StdPeriph_Template\EWSTM8\STM8S105\List\Projec #
#                    t.map                                                    #
#    Command line =  C:\Users\Administrator\Desktop\stm8s105k-controller\Proj #
#                    ect\STM8S_StdPeriph_Template\EWSTM8\STM8S105\Obj\main.o  #
#                    C:\Users\Administrator\Desktop\stm8s105k-controller\Proj #
#                    ect\STM8S_StdPeriph_Template\EWSTM8\STM8S105\Obj\stm8s_a #
#                    dc1.o C:\Users\Administrator\Desktop\stm8s105k-controlle #
#                    r\Project\STM8S_StdPeriph_Template\EWSTM8\STM8S105\Obj\s #
#                    tm8s_awu.o C:\Users\Administrator\Desktop\stm8s105k-cont #
#                    roller\Project\STM8S_StdPeriph_Template\EWSTM8\STM8S105\ #
#                    Obj\stm8s_beep.o C:\Users\Administrator\Desktop\stm8s105 #
#                    k-controller\Project\STM8S_StdPeriph_Template\EWSTM8\STM #
#                    8S105\Obj\stm8s_clk.o C:\Users\Administrator\Desktop\stm #
#                    8s105k-controller\Project\STM8S_StdPeriph_Template\EWSTM #
#                    8\STM8S105\Obj\stm8s_exti.o                              #
#                    C:\Users\Administrator\Desktop\stm8s105k-controller\Proj #
#                    ect\STM8S_StdPeriph_Template\EWSTM8\STM8S105\Obj\stm8s_f #
#                    lash.o C:\Users\Administrator\Desktop\stm8s105k-controll #
#                    er\Project\STM8S_StdPeriph_Template\EWSTM8\STM8S105\Obj\ #
#                    stm8s_gpio.o C:\Users\Administrator\Desktop\stm8s105k-co #
#                    ntroller\Project\STM8S_StdPeriph_Template\EWSTM8\STM8S10 #
#                    5\Obj\stm8s_i2c.o C:\Users\Administrator\Desktop\stm8s10 #
#                    5k-controller\Project\STM8S_StdPeriph_Template\EWSTM8\ST #
#                    M8S105\Obj\stm8s_it.o C:\Users\Administrator\Desktop\stm #
#                    8s105k-controller\Project\STM8S_StdPeriph_Template\EWSTM #
#                    8\STM8S105\Obj\stm8s_itc.o C:\Users\Administrator\Deskto #
#                    p\stm8s105k-controller\Project\STM8S_StdPeriph_Template\ #
#                    EWSTM8\STM8S105\Obj\stm8s_iwdg.o                         #
#                    C:\Users\Administrator\Desktop\stm8s105k-controller\Proj #
#                    ect\STM8S_StdPeriph_Template\EWSTM8\STM8S105\Obj\stm8s_r #
#                    st.o C:\Users\Administrator\Desktop\stm8s105k-controller #
#                    \Project\STM8S_StdPeriph_Template\EWSTM8\STM8S105\Obj\st #
#                    m8s_spi.o C:\Users\Administrator\Desktop\stm8s105k-contr #
#                    oller\Project\STM8S_StdPeriph_Template\EWSTM8\STM8S105\O #
#                    bj\stm8s_tim1.o C:\Users\Administrator\Desktop\stm8s105k #
#                    -controller\Project\STM8S_StdPeriph_Template\EWSTM8\STM8 #
#                    S105\Obj\stm8s_tim2.o C:\Users\Administrator\Desktop\stm #
#                    8s105k-controller\Project\STM8S_StdPeriph_Template\EWSTM #
#                    8\STM8S105\Obj\stm8s_tim3.o                              #
#                    C:\Users\Administrator\Desktop\stm8s105k-controller\Proj #
#                    ect\STM8S_StdPeriph_Template\EWSTM8\STM8S105\Obj\stm8s_t #
#                    im4.o C:\Users\Administrator\Desktop\stm8s105k-controlle #
#                    r\Project\STM8S_StdPeriph_Template\EWSTM8\STM8S105\Obj\s #
#                    tm8s_uart2.o C:\Users\Administrator\Desktop\stm8s105k-co #
#                    ntroller\Project\STM8S_StdPeriph_Template\EWSTM8\STM8S10 #
#                    5\Obj\stm8s_wwdg.o --redirect _Printf=_PrintfSmall       #
#                    --redirect _Scanf=_ScanfSmall -o                         #
#                    C:\Users\Administrator\Desktop\stm8s105k-controller\Proj #
#                    ect\STM8S_StdPeriph_Template\EWSTM8\STM8S105\Exe\Project #
#                    .out --map C:\Users\Administrator\Desktop\stm8s105k-cont #
#                    roller\Project\STM8S_StdPeriph_Template\EWSTM8\STM8S105\ #
#                    List\Project.map --config "C:\Program Files (x86)\IAR    #
#                    Systems\Embedded Workbench 6.0\stm8\config\lnkstm8s105k4 #
#                    .icf" --config_def _CSTACK_SIZE=0x200 --config_def       #
#                    _HEAP_SIZE=0x200 --entry __iar_program_start --debug_lib #
#                                                                             #
#                                                                             #
###############################################################################

*******************************************************************************
*** RUNTIME MODEL ATTRIBUTES
***

__Heap_Handler             = Basic
__SystemLibrary            = DLib
__code_model               = medium_or_large
__core                     = stm8
__data_model               = medium
__dlib_file_descriptor     = 1
__dlib_full_locale_support = 1
__rt_version               = 4


*******************************************************************************
*** PLACEMENT SUMMARY
***

"A1":  place at start of [0x000000-0x0000ff] { rw section .vregs };
"A2":  place at end of [0x000000-0x0007ff] { block CSTACK };
"P2":  place in [from 0x000000 to 0x0007ff] {
          block HEAP, rw section .far.bss, rw section .far.data,
          rw section .far.noinit, rw section .far_func.textrw,
          rw section .huge.bss, rw section .huge.data, rw section .huge.noinit,
          rw section .huge_func.textrw, rw section .iar.dynexit,
          rw section .near.bss, rw section .near.data, rw section .near.noinit,
          rw section .near_func.textrw };
"A3":  place at start of [0x008000-0x00bfff] { block INTVEC };
"P3":  place in [from 0x008000 to 0x00bfff] {
          ro section .far.data_init, ro section .far_func.textrw_init,
          ro section .huge.data_init, ro section .huge_func.textrw_init,
          ro section .iar.init_table, ro section .init_array,
          ro section .near.data_init, ro section .near.rodata,
          ro section .near_func.text, ro section .near_func.textrw_init,
          ro section .tiny.data_init, ro section .tiny.rodata_init };
"P4":  place in [from 0x008000 to 0x00bfff] {
          ro section .far.rodata, ro section .far_func.text };

  Section            Kind      Address    Size  Object
  -------            ----      -------    ----  ------
"A1":                                     0x10
  .vregs             uninit   0x000000    0x10  vregs.o [4]
                            - 0x000010    0x10

"P2", part 1 of 3:                        0x2b
  P2 s0                       0x000010    0x2b  <Init block>
    .near.data       inited   0x000010    0x28  xfiles.o [4]
    .near.data       inited   0x000038     0x1  main.o [1]
    .near.data       inited   0x000039     0x1  main.o [1]
    .near.data       inited   0x00003a     0x1  main.o [1]
                            - 0x00003b    0x2b

"P2", part 2 of 3:                        0xaf
  .near.bss          zero     0x00003b    0x50  xfiles.o [4]
  .near.bss          zero     0x00008b    0x28  main.o [1]
  .near.bss          zero     0x0000b3     0xe  setlocale.o [4]
  .near.bss          zero     0x0000c1     0x4  xxmemxmalloc.o [4]
  .near.bss          zero     0x0000c5     0x3  setlocale.o [4]
  .near.bss          zero     0x0000c8     0x2  main.o [1]
  .near.bss          zero     0x0000ca     0x2  main.o [1]
  .near.bss          zero     0x0000cc     0x2  main.o [1]
  .near.bss          zero     0x0000ce     0x2  main.o [1]
  .near.bss          zero     0x0000d0     0x2  main.o [1]
  .near.bss          zero     0x0000d2     0x2  main.o [1]
  .near.bss          zero     0x0000d4     0x2  main.o [1]
  .near.bss          zero     0x0000d6     0x2  main.o [1]
  .near.bss          zero     0x0000d8     0x2  xgetmemchunk.o [4]
  .near.bss          zero     0x0000da     0x1  main.o [1]
  .near.bss          zero     0x0000db     0x1  main.o [1]
  .near.bss          zero     0x0000dc     0x1  main.o [1]
  .near.bss          zero     0x0000dd     0x1  main.o [1]
  .near.bss          zero     0x0000de     0x1  main.o [1]
  .near.bss          zero     0x0000df     0x1  main.o [1]
  .near.bss          zero     0x0000e0     0x1  main.o [1]
  .near.bss          zero     0x0000e1     0x1  main.o [1]
  .near.bss          zero     0x0000e2     0x1  main.o [1]
  .near.bss          zero     0x0000e3     0x1  main.o [1]
  .near.bss          zero     0x0000e4     0x1  main.o [1]
  .near.bss          zero     0x0000e5     0x1  main.o [1]
  .near.bss          zero     0x0000e6     0x1  main.o [1]
  .near.bss          zero     0x0000e7     0x1  main.o [1]
  .near.bss          zero     0x0000e8     0x1  main.o [1]
  .near.bss          zero     0x0000e9     0x1  stm8s_it.o [1]
                            - 0x0000ea    0xaf

"P2", part 3 of 3:                       0x200
  HEAP                        0x0000ea   0x200  <Block>
    HEAP             uninit   0x0000ea   0x200  <Block tail>
                            - 0x0002ea   0x200

"A2":                                    0x200
  CSTACK                      0x000600   0x200  <Block>
    CSTACK           uninit   0x000600   0x200  <Block tail>
                            - 0x000800   0x200

"A3":                                     0x80
  INTVEC                      0x008000    0x80  <Block>
    .intvec          const    0x008000    0x80  interrupt.o [4]
                            - 0x008080    0x80

"P3":                                    0x3ef
  .near.rodata       const    0x008080    0x67  stm8s_flash.o [1]
  .near.rodata       const    0x0080e7    0x67  stm8s_uart2.o [1]
  .near.rodata       const    0x00814e    0x66  stm8s_adc1.o [1]
  .near.rodata       const    0x0081b4    0x66  stm8s_gpio.o [1]
  .near.rodata       const    0x00821a    0x66  stm8s_tim2.o [1]
  .near.rodata       const    0x008280    0x65  stm8s_clk.o [1]
  .near.rodata       const    0x0082e5    0x65  stm8s_i2c.o [1]
  .near.rodata       const    0x00834a     0xa  main.o [1]
  .iar.init_table    const    0x008354    0x14  - Linker created -
  .near.rodata       const    0x008368    0x10  main.o [1]
  .near.rodata       const    0x008378     0xb  main.o [1]
  .near.rodata       const    0x008383     0xb  main.o [1]
  .near.rodata       const    0x00838e     0xa  main.o [1]
  .near.rodata       const    0x008398     0xa  main.o [1]
  .near.rodata       const    0x0083a2     0xa  main.o [1]
  .near.rodata       const    0x0083ac     0xa  main.o [1]
  .near.rodata       const    0x0083b6     0x9  main.o [1]
  .near.rodata       const    0x0083bf     0x9  main.o [1]
  .near.rodata       const    0x0083c8     0x8  main.o [1]
  .near.rodata       const    0x0083d0     0x8  main.o [1]
  .near.rodata       const    0x0083d8     0x8  main.o [1]
  .near.rodata       const    0x0083e0     0x8  main.o [1]
  .near.rodata       const    0x0083e8     0x8  main.o [1]
  .near.rodata       const    0x0083f0     0x8  xprintfsmall.o [4]
  .near.rodata       const    0x0083f8     0x8  xprintfsmall.o [4]
  .near.rodata       const    0x008400     0x8  xencoding_sb.o [4]
  .near.rodata       const    0x008408     0x8  xencoding_sb.o [4]
  .near.rodata       const    0x008410     0x7  main.o [1]
  .near.rodata       const    0x008417     0x7  main.o [1]
  .near.rodata       const    0x00841e     0x7  main.o [1]
  .near.rodata       const    0x008425     0x7  main.o [1]
  .near.rodata       const    0x00842c     0x7  main.o [1]
  .near.rodata       const    0x008433     0x7  xprintfsmall.o [4]
  .near.rodata       const    0x00843a     0x6  main.o [1]
  .near.rodata       const    0x008440     0x4  main.o [1]
  Initializer bytes  ro data  0x008444    0x2b  <for P2 s0>
                            - 0x00846f   0x3ef

"P4":                                   0x2b9f
  .far_func.text     ro code  0x00846f   0xf17  main.o [1]
  .far_func.text     ro code  0x009386   0x4aa  xprintfsmall.o [4]
  .far_func.text     ro code  0x009830   0x1e7  xprintfsmall.o [4]
  .far_func.text     ro code  0x009a17   0x17f  xprintfsmall.o [4]
  .far_func.text     ro code  0x009b96   0x16d  stm8s_i2c.o [1]
  .far_func.text     ro code  0x009d03   0x15a  long.o [4]
  .far_func.text     ro code  0x009e5d   0x143  vreg_util.o [4]
  .far_func.text     ro code  0x009fa0    0xe6  xxmemxfree.o [4]
  .far_func.text     ro code  0x00a086    0xd5  stm8s_clk.o [1]
  .far_func.text     ro code  0x00a15b    0xb4  stm8s_gpio.o [1]
  .far_func.text     ro code  0x00a20f    0xa6  stm8s_i2c.o [1]
  .far_func.text     ro code  0x00a2b5    0x9a  xxmemxmalloc.o [4]
  .far_func.text     ro code  0x00a34f    0x93  stm8s_i2c.o [1]
  .far_func.text     ro code  0x00a3e2    0x91  stm8s_clk.o [1]
  .far_func.text     ro code  0x00a473    0x7b  stm8s_adc1.o [1]
  .far_func.text     ro code  0x00a4ee    0x78  stm8s_adc1.o [1]
  .far_func.text     ro code  0x00a566    0x70  xxmemxmalloc.o [4]
  .far_func.text     ro code  0x00a5d6    0x60  stm8s_tim2.o [1]
  .far_func.text     ro code  0x00a636    0x5e  stm8s_clk.o [1]
  .far_func.text     ro code  0x00a694    0x59  stm8s_tim2.o [1]
  .far_func.text     ro code  0x00a6ed    0x57  stm8s_it.o [1]
  .far_func.text     ro code  0x00a744    0x47  xprintfsmall.o [4]
  .far_func.text     ro code  0x00a78b    0x46  short.o [4]
  .far_func.text     ro code  0x00a7d1    0x3e  stm8s_adc1.o [1]
  .far_func.text     ro code  0x00a80f    0x3e  long_util.o [4]
  .far_func.text     ro code  0x00a84d    0x3b  stm8s_it.o [1]
  .far_func.text     ro code  0x00a888    0x3a  stm8s_flash.o [1]
  .far_func.text     ro code  0x00a8c2    0x39  xprintfsmall.o [4]
  .far_func.text     ro code  0x00a8fb    0x36  stm8s_clk.o [1]
  .far_func.text     ro code  0x00a931    0x35  xprintfsmall.o [4]
  .far_func.text     ro code  0x00a966    0x35  xprintfsmall.o [4]
  .far_func.text     ro code  0x00a99b    0x34  stm8s_i2c.o [1]
  .far_func.text     ro code  0x00a9cf    0x34  far_util.o [4]
  .far_func.text     ro code  0x00aa03    0x32  stm8s_i2c.o [1]
  .far_func.text     ro code  0x00aa35    0x30  xencoding_sb.o [4]
  .far_func.text     ro code  0x00aa65    0x2c  stm8s_flash.o [1]
  .far_func.text     ro code  0x00aa91    0x29  xmbtowc.o [4]
  .far_func.text     ro code  0x00aaba    0x28  printf.o [4]
  .far_func.text     ro code  0x00aae2    0x28  init_small.o [4]
  .far_func.text     ro code  0x00ab0a    0x26  memcpy.o [4]
  .far_func.text     ro code  0x00ab30    0x25  stm8s_i2c.o [1]
  .far_func.text     ro code  0x00ab55    0x25  stm8s_it.o [1]
  .far_func.text     ro code  0x00ab7a    0x25  stm8s_uart2.o [1]
  .far_func.text     ro code  0x00ab9f    0x23  main.o [1]
  .far_func.text     ro code  0x00abc2    0x22  stm8s_flash.o [1]
  .far_func.text     ro code  0x00abe4    0x22  xwctomb.o [4]
  .far_func.text     ro code  0x00ac06    0x22  xgetmemchunk.o [4]
  .far_func.text     ro code  0x00ac28    0x21  stm8s_flash.o [1]
  .far_func.text     ro code  0x00ac49    0x20  stm8s_flash.o [1]
  .far_func.text     ro code  0x00ac69    0x1e  init.o [4]
  .far_func.text     ro code  0x00ac87    0x1e  init_small.o [4]
  .far_func.text     ro code  0x00aca5    0x1d  stm8s_tim2.o [1]
  .far_func.text     ro code  0x00acc2    0x1d  xprout.o [4]
  .far_func.text     ro code  0x00acdf    0x1a  stm8s_flash.o [1]
  .far_func.text     ro code  0x00acf9    0x1a  xprintfsmall.o [4]
  .far_func.text     ro code  0x00ad13    0x19  xencoding_sb.o [4]
  .far_func.text     ro code  0x00ad2c    0x18  stm8s_adc1.o [1]
  .far_func.text     ro code  0x00ad44    0x18  stm8s_flash.o [1]
  .far_func.text     ro code  0x00ad5c    0x18  stm8s_i2c.o [1]
  .far_func.text     ro code  0x00ad74    0x18  stm8s_i2c.o [1]
  .far_func.text     ro code  0x00ad8c    0x18  stm8s_i2c.o [1]
  .far_func.text     ro code  0x00ada4    0x17  cstartup.o [4]
  .far_func.text     ro code  0x00adbb    0x16  xprintfsmall.o [4]
  .far_func.text     ro code  0x00add1    0x16  __dbg_xxexit.o [3]
  .far_func.text     ro code  0x00ade7    0x15  memchr.o [4]
  .far_func.text     ro code  0x00adfc    0x15  strchr.o [4]
  .far_func.text     ro code  0x00ae11    0x13  stm8s_flash.o [1]
  .far_func.text     ro code  0x00ae24    0x13  xprintfsmall.o [4]
  .far_func.text     ro code  0x00ae37    0x12  stm8s_i2c.o [1]
  .far_func.text     ro code  0x00ae49    0x12  strlen.o [4]
  .far_func.text     ro code  0x00ae5b    0x10  xprintfsmall.o [4]
  .far_func.text     ro code  0x00ae6b     0xe  setlocale.o [4]
  .far_func.text     ro code  0x00ae79     0xd  move.o [4]
  .far_func.text     ro code  0x00ae86     0xc  stm8s_adc1.o [1]
  .far_func.text     ro code  0x00ae92     0xc  stm8s_adc1.o [1]
  .far_func.text     ro code  0x00ae9e     0xc  stm8s_adc1.o [1]
  .far_func.text     ro code  0x00aeaa     0xc  stm8s_clk.o [1]
  .far_func.text     ro code  0x00aeb6     0xc  stm8s_flash.o [1]
  .far_func.text     ro code  0x00aec2     0xc  stm8s_gpio.o [1]
  .far_func.text     ro code  0x00aece     0xc  stm8s_i2c.o [1]
  .far_func.text     ro code  0x00aeda     0xc  stm8s_i2c.o [1]
  .far_func.text     ro code  0x00aee6     0xc  stm8s_tim2.o [1]
  .far_func.text     ro code  0x00aef2     0xc  stm8s_uart2.o [1]
  .far_func.text     ro code  0x00aefe     0xc  xprintfsmall.o [4]
  .far_func.text     ro code  0x00af0a     0xc  xprintfsmall.o [4]
  .far_func.text     ro code  0x00af16     0xb  stm8s_clk.o [1]
  .far_func.text     ro code  0x00af21     0xb  xprintfsmall.o [4]
  .far_func.text     ro code  0x00af2c     0xb  setlocale.o [4]
  .far_func.text     ro code  0x00af37     0xa  main.o [1]
  .far_func.text     ro code  0x00af41     0xa  stm8s_adc1.o [1]
  .far_func.text     ro code  0x00af4b     0xa  stm8s_tim2.o [1]
  .far_func.text     ro code  0x00af55     0xa  xprintfsmall.o [4]
  .far_func.text     ro code  0x00af5f     0xa  far.o [4]
  .far_func.text     ro code  0x00af69     0xa  setlocale.o [4]
  .far_func.text     ro code  0x00af73     0x9  main.o [1]
  .far_func.text     ro code  0x00af7c     0x9  xprintfsmall.o [4]
  .far_func.text     ro code  0x00af85     0x9  xprintfsmall.o [4]
  .far_func.text     ro code  0x00af8e     0x9  setlocale.o [4]
  .far_func.text     ro code  0x00af97     0x8  xprintfsmall.o [4]
  .far_func.text     ro code  0x00af9f     0x8  xxmemxmalloc.o [4]
  .far_func.text     ro code  0x00afa7     0x8  putchar.o [4]
  .far_func.text     ro code  0x00afaf     0x7  main.o [1]
  .far_func.text     ro code  0x00afb6     0x7  xmbcurmax.o [4]
  .far_func.text     ro code  0x00afbd     0x6  xprintfsmall.o [4]
  .far_func.text     ro code  0x00afc3     0x6  cexit.o [4]
  .far_func.text     ro code  0x00afc9     0x5  stm8s_adc1.o [1]
  .far_func.text     ro code  0x00afce     0x4  stm8s_gpio.o [1]
  .far_func.text     ro code  0x00afd2     0x4  stm8s_i2c.o [1]
  .far_func.text     ro code  0x00afd6     0x4  stm8s_i2c.o [1]
  .far_func.text     ro code  0x00afda     0x4  stm8s_uart2.o [1]
  .far_func.text     ro code  0x00afde     0x4  interrupt.o [4]
  .far_func.text     ro code  0x00afe2     0x4  exit.o [4]
  .far_func.text     ro code  0x00afe6     0x3  stm8s_gpio.o [1]
  .far_func.text     ro code  0x00afe9     0x3  stm8s_gpio.o [1]
  .far_func.text     ro code  0x00afec     0x3  stm8s_gpio.o [1]
  .far_func.text     ro code  0x00afef     0x3  stm8s_gpio.o [1]
  .far_func.text     ro code  0x00aff2     0x3  low_level_init.o [4]
  .far_func.text     ro code  0x00aff5     0x3  unhandled_exception.o [4]
  .far_func.text     ro code  0x00aff8     0x2  main.o [1]
  .far_func.text     ro code  0x00affa     0x1  stm8s_it.o [1]
  .far_func.text     ro code  0x00affb     0x1  stm8s_it.o [1]
  .far_func.text     ro code  0x00affc     0x1  stm8s_it.o [1]
  .far_func.text     ro code  0x00affd     0x1  stm8s_it.o [1]
  .far_func.text     ro code  0x00affe     0x1  stm8s_it.o [1]
  .far_func.text     ro code  0x00afff     0x1  stm8s_it.o [1]
  .far_func.text     ro code  0x00b000     0x1  stm8s_it.o [1]
  .far_func.text     ro code  0x00b001     0x1  stm8s_it.o [1]
  .far_func.text     ro code  0x00b002     0x1  stm8s_it.o [1]
  .far_func.text     ro code  0x00b003     0x1  stm8s_it.o [1]
  .far_func.text     ro code  0x00b004     0x1  stm8s_it.o [1]
  .far_func.text     ro code  0x00b005     0x1  stm8s_it.o [1]
  .far_func.text     ro code  0x00b006     0x1  stm8s_it.o [1]
  .far_func.text     ro code  0x00b007     0x1  stm8s_it.o [1]
  .far_func.text     ro code  0x00b008     0x1  stm8s_it.o [1]
  .far_func.text     ro code  0x00b009     0x1  stm8s_it.o [1]
  .far_func.text     ro code  0x00b00a     0x1  stm8s_it.o [1]
  .far_func.text     ro code  0x00b00b     0x1  stm8s_it.o [1]
  .far_func.text     ro code  0x00b00c     0x1  stm8s_it.o [1]
  .far_func.text     ro code  0x00b00d     0x1  __dbg_break.o [3]
                            - 0x00b00e  0x2b9f


*******************************************************************************
*** INIT TABLE
***

          Address   Size
          -------   ----
Zero (__iar_zero_init2)
    1 destination range, total size 0xaf:
          0x00003b  0xaf

Copy (__iar_copy_init2)
    1 source range, total size 0x2b:
          0x008444  0x2b
    1 destination range, total size 0x2b:
          0x000010  0x2b


*******************************************************************************
*** MODULE SUMMARY
***

    Module                 ro code  ro data  rw data
    ------                 -------  -------  -------
C:\Users\Administrator\Desktop\stm8s105k-controller\Project\STM8S_StdPeriph_Template\EWSTM8\STM8S105\Obj: [1]
    main.o                   3 926      194       74
    stm8s_adc1.o               380      102
    stm8s_clk.o                529      101
    stm8s_flash.o              282      103
    stm8s_gpio.o               208      102
    stm8s_i2c.o                939      101
    stm8s_it.o                 202                 1
    stm8s_tim2.o               236      102
    stm8s_uart2.o               53      103
    ------------------------------------------------
    Total:                   6 755      908       75

command line: [2]
    ------------------------------------------------
    Total:

dbgstm8mmd.a: [3]
    __dbg_break.o                1
    __dbg_xxexit.o              22
    ------------------------------------------------
    Total:                      23

dlstm8mmf.a: [4]
    cexit.o                      6
    cstartup.o                  23
    exit.o                       4
    far.o                       10
    far_util.o                  52
    init.o                      30
    init_small.o                70
    interrupt.o                  4      128
    long.o                     346
    long_util.o                 62
    low_level_init.o             3
    memchr.o                    21
    memcpy.o                    38
    move.o                      13
    printf.o                    40
    putchar.o                    8
    setlocale.o                 44                17
    short.o                     70
    strchr.o                    21
    strlen.o                    18
    unhandled_exception.o        3
    vreg_util.o                323
    vregs.o                                       16
    xencoding_sb.o              73       16
    xfiles.o                             40      120
    xgetmemchunk.o              34                 2
    xmbcurmax.o                  7
    xmbtowc.o                   41
    xprintfsmall.o           2 458       23
    xprout.o                    29
    xwctomb.o                   34
    xxmemxfree.o               230
    xxmemxmalloc.o             274                 4
    ------------------------------------------------
    Total:                   4 389      207      159

    Linker created                       20    1 024
----------------------------------------------------
    Grand Total:            11 167    1 135    1 258


*******************************************************************************
*** ENTRY LIST
***

Entry                    Address   Size  Type      Object
-----                    -------   ----  ----      ------
?add32_l0_l0_0x         0x009d16         Code  Gb  long.o [4]
?add32_l0_l0_l1         0x009d13         Code  Gb  long.o [4]
?and32_l0_l0_0x         0x009e1c         Code  Gb  long.o [4]
?and32_l0_l0_l1         0x009e19         Code  Gb  long.o [4]
?b0                     0x000000         Data  Gb  vregs.o [4]
?b1                     0x000001         Data  Gb  vregs.o [4]
?b10                    0x00000a         Data  Gb  vregs.o [4]
?b11                    0x00000b         Data  Gb  vregs.o [4]
?b12                    0x00000c         Data  Gb  vregs.o [4]
?b13                    0x00000d         Data  Gb  vregs.o [4]
?b14                    0x00000e         Data  Gb  vregs.o [4]
?b15                    0x00000f         Data  Gb  vregs.o [4]
?b2                     0x000002         Data  Gb  vregs.o [4]
?b3                     0x000003         Data  Gb  vregs.o [4]
?b4                     0x000004         Data  Gb  vregs.o [4]
?b5                     0x000005         Data  Gb  vregs.o [4]
?b6                     0x000006         Data  Gb  vregs.o [4]
?b7                     0x000007         Data  Gb  vregs.o [4]
?b8                     0x000008         Data  Gb  vregs.o [4]
?b9                     0x000009         Data  Gb  vregs.o [4]
?e0                     0x000001         Data  Gb  vregs.o [4]
?e1                     0x000005         Data  Gb  vregs.o [4]
?e2                     0x000009         Data  Gb  vregs.o [4]
?e3                     0x00000d         Data  Gb  vregs.o [4]
?epilogue_l2            0x009f0e         Code  Gb  vreg_util.o [4]
?epilogue_l2_l3         0x009f0a         Code  Gb  vreg_util.o [4]
?epilogue_l2_w6         0x009f13         Code  Gb  vreg_util.o [4]
?epilogue_w4            0x009f1c         Code  Gb  vreg_util.o [4]
?l0                     0x000000         Data  Gb  vregs.o [4]
?l1                     0x000004         Data  Gb  vregs.o [4]
?l2                     0x000008         Data  Gb  vregs.o [4]
?l3                     0x00000c         Data  Gb  vregs.o [4]
?load24_0x_e0           0x00a9f5         Code  Gb  far_util.o [4]
?load24_e0_0x           0x00a9cf         Code  Gb  far_util.o [4]
?load24_e1_0x           0x00a9dd         Code  Gb  far_util.o [4]
?load24_xsp_e0          0x00a9eb         Code  Gb  far_util.o [4]
?load32_0x_l0           0x00a83f         Code  Gb  long_util.o [4]
?load32_l0_0x           0x00a829         Code  Gb  long_util.o [4]
?load32_l0_asp          0x00a81d         Code  Gb  long_util.o [4]
?load32_l0_dbsp         0x00a80f         Code  Gb  long_util.o [4]
?load32_l0_xsp          0x00a81f         Code  Gb  long_util.o [4]
?load32_xsp_l0          0x00a835         Code  Gb  long_util.o [4]
?mov_e0_e2              0x009f55         Code  Gb  vreg_util.o [4]
?mov_e0_e3              0x009f62         Code  Gb  vreg_util.o [4]
?mov_e1_e0              0x009f6f         Code  Gb  vreg_util.o [4]
?mov_e1_e2              0x009f7c         Code  Gb  vreg_util.o [4]
?mov_e2_e0              0x009f89         Code  Gb  vreg_util.o [4]
?mov_e3_e0              0x009f96         Code  Gb  vreg_util.o [4]
?mov_l0_l2              0x009f52         Code  Gb  vreg_util.o [4]
?mov_l0_l3              0x009f5f         Code  Gb  vreg_util.o [4]
?mov_l1_l0              0x009f6c         Code  Gb  vreg_util.o [4]
?mov_l1_l2              0x009f79         Code  Gb  vreg_util.o [4]
?mov_l2_l0              0x009f86         Code  Gb  vreg_util.o [4]
?mov_l3_l0              0x009f93         Code  Gb  vreg_util.o [4]
?mov_w0_w4              0x009f21         Code  Gb  vreg_util.o [4]
?mov_w0_w5              0x009f28         Code  Gb  vreg_util.o [4]
?mov_w1_w4              0x009f2f         Code  Gb  vreg_util.o [4]
?mov_w1_w5              0x009f58         Code  Gb  vreg_util.o [4]
?mov_w1_w7              0x009f65         Code  Gb  vreg_util.o [4]
?mov_w2_w1              0x009f36         Code  Gb  vreg_util.o [4]
?mov_w3_w1              0x009f72         Code  Gb  vreg_util.o [4]
?mov_w3_w5              0x009f7f         Code  Gb  vreg_util.o [4]
?mov_w4_w0              0x009f3d         Code  Gb  vreg_util.o [4]
?mov_w4_w1              0x009f44         Code  Gb  vreg_util.o [4]
?mov_w5_w0              0x009f4b         Code  Gb  vreg_util.o [4]
?mov_w5_w1              0x009f8c         Code  Gb  vreg_util.o [4]
?mov_w7_w1              0x009f99         Code  Gb  vreg_util.o [4]
?move1616_v_x_y_a       0x00ae79         Code  Gb  move.o [4]
?mul16_x_x_w0           0x00a78b         Code  Gb  short.o [4]
?mul32_l0_l0_l1         0x009d2e         Code  Gb  long.o [4]
?neg32_l0_l0            0x009d03         Code  Gb  long.o [4]
?pop_l0                 0x009ed2         Code  Gb  vreg_util.o [4]
?pop_l1                 0x009edd         Code  Gb  vreg_util.o [4]
?pop_l2                 0x009ee8         Code  Gb  vreg_util.o [4]
?pop_l3                 0x009ef3         Code  Gb  vreg_util.o [4]
?pop_w4                 0x009e83         Code  Gb  vreg_util.o [4]
?pop_w6                 0x009e8a         Code  Gb  vreg_util.o [4]
?push_l0                0x009e9d         Code  Gb  vreg_util.o [4]
?push_l1                0x009ea2         Code  Gb  vreg_util.o [4]
?push_l2                0x009ea7         Code  Gb  vreg_util.o [4]
?push_l3                0x009eac         Code  Gb  vreg_util.o [4]
?push_w2                0x009e5d         Code  Gb  vreg_util.o [4]
?push_w4                0x009e62         Code  Gb  vreg_util.o [4]
?push_w6                0x009e67         Code  Gb  vreg_util.o [4]
?sdiv16_x_x_y           0x00a7a9         Code  Gb  short.o [4]
?sext32_l0_a            0x009e50         Code  Gb  long.o [4]
?sext32_l0_x            0x009e45         Code  Gb  long.o [4]
?sll16_x_x_4            0x00a7cc         Code  Gb  short.o [4]
?sll16_x_x_5            0x00a7cb         Code  Gb  short.o [4]
?sll16_x_x_6            0x00a7ca         Code  Gb  short.o [4]
?sll16_x_x_a            0x00a7c2         Code  Gb  short.o [4]
?sll32_0x_0x_a          0x009e37         Code  Gb  long.o [4]
?sll32_l0_l0_a          0x009e34         Code  Gb  long.o [4]
?ucmp24_c_0x_e0         0x00af5f         Code  Gb  far.o [4]
?udiv32_l0_l0_l1        0x009dac         Code  Gb  long.o [4]
?umod32_l1_l0_l1        0x009dac         Code  Gb  long.o [4]
?w0                     0x000000         Data  Gb  vregs.o [4]
?w1                     0x000002         Data  Gb  vregs.o [4]
?w2                     0x000004         Data  Gb  vregs.o [4]
?w3                     0x000006         Data  Gb  vregs.o [4]
?w4                     0x000008         Data  Gb  vregs.o [4]
?w5                     0x00000a         Data  Gb  vregs.o [4]
?w6                     0x00000c         Data  Gb  vregs.o [4]
?w7                     0x00000e         Data  Gb  vregs.o [4]
ADC1_ClearFlag          0x00a4ee   0x78  Code  Gb  stm8s_adc1.o [1]
ADC1_ClearITPendingBit  0x00a473   0x7b  Code  Gb  stm8s_adc1.o [1]
ADC1_Cmd                0x00ad2c   0x18  Code  Gb  stm8s_adc1.o [1]
ADC1_GetConversionValue
                        0x00a7d1   0x3e  Code  Gb  stm8s_adc1.o [1]
ADC1_IRQHandler         0x00a6ed   0x57  Code  Gb  stm8s_it.o [1]
AWU_IRQHandler          0x00affc    0x1  Code  Gb  stm8s_it.o [1]
CLK_ClockSwitchConfig   0x00a086   0xd5  Code  Gb  stm8s_clk.o [1]
CLK_DeInit              0x00a8fb   0x36  Code  Gb  stm8s_clk.o [1]
CLK_IRQHandler          0x00affd    0x1  Code  Gb  stm8s_it.o [1]
CLK_PeripheralClockConfig
                        0x00a3e2   0x91  Code  Gb  stm8s_clk.o [1]
CLK_SYSCLKConfig        0x00a636   0x5e  Code  Gb  stm8s_clk.o [1]
CSTACK$$Base            0x000600          --   Gb  - Linker created -
CSTACK$$Limit           0x000800          --   Gb  - Linker created -
Check_DS1307            0x009013   0x40  Code  Gb  main.o [1]
DS18Set                 0x008677   0x29  Code  Gb  main.o [1]
DS18_Read               0x0086a0   0x4d  Code  Gb  main.o [1]
DS18_Reset              0x00863b   0x33  Code  Gb  main.o [1]
DS18_Write              0x008602   0x39  Code  Gb  main.o [1]
Delay1                  0x008483    0xe  Code  Gb  main.o [1]
Delay2                  0x008475    0xe  Code  Gb  main.o [1]
Delay_us                0x00846f    0x6  Code  Gb  main.o [1]
EEPROM_EEC_IRQHandler   0x00b00c    0x1  Code  Gb  stm8s_it.o [1]
EEPROM_INIT             0x0089b5    0xf  Code  Gb  main.o [1]
EXTI_PORTA_IRQHandler   0x00affe    0x1  Code  Gb  stm8s_it.o [1]
EXTI_PORTB_IRQHandler   0x00afff    0x1  Code  Gb  stm8s_it.o [1]
EXTI_PORTC_IRQHandler   0x00b000    0x1  Code  Gb  stm8s_it.o [1]
EXTI_PORTD_IRQHandler   0x00b001    0x1  Code  Gb  stm8s_it.o [1]
EXTI_PORTE_IRQHandler   0x00b002    0x1  Code  Gb  stm8s_it.o [1]
FLASH_DeInit            0x00ad44   0x18  Code  Gb  stm8s_flash.o [1]
FLASH_Lock              0x00ac49   0x20  Code  Gb  stm8s_flash.o [1]
FLASH_ProgramByte       0x00a888   0x3a  Code  Gb  stm8s_flash.o [1]
FLASH_ReadByte          0x00aa65   0x2c  Code  Gb  stm8s_flash.o [1]
FLASH_SetProgrammingTime
                        0x00abc2   0x22  Code  Gb  stm8s_flash.o [1]
FLASH_Unlock            0x00ac28   0x21  Code  Gb  stm8s_flash.o [1]
GPIO_Init               0x00a15b   0xb4  Code  Gb  stm8s_gpio.o [1]
GPIO_ReadInputData      0x00afec    0x3  Code  Gb  stm8s_gpio.o [1]
GPIO_ReadInputPin       0x00afef    0x3  Code  Gb  stm8s_gpio.o [1]
GPIO_WriteHigh          0x00afe6    0x3  Code  Gb  stm8s_gpio.o [1]
GPIO_WriteLow           0x00afce    0x4  Code  Gb  stm8s_gpio.o [1]
GPIO_WriteReverse       0x00afe9    0x3  Code  Gb  stm8s_gpio.o [1]
GpioConfiguration       0x008930   0x67  Code  Gb  main.o [1]
HEAP$$Base              0x0000ea          --   Gb  - Linker created -
HEAP$$Limit             0x0002ea          --   Gb  - Linker created -
I2C_AcknowledgeConfig   0x00a99b   0x34  Code  Gb  stm8s_i2c.o [1]
I2C_CheckEvent          0x00a20f   0xa6  Code  Gb  stm8s_i2c.o [1]
I2C_Cmd                 0x00ad5c   0x18  Code  Gb  stm8s_i2c.o [1]
I2C_DeInit              0x00ab30   0x25  Code  Gb  stm8s_i2c.o [1]
I2C_GenerateSTART       0x00ad74   0x18  Code  Gb  stm8s_i2c.o [1]
I2C_GenerateSTOP        0x00ad8c   0x18  Code  Gb  stm8s_i2c.o [1]
I2C_GetFlagStatus       0x00a34f   0x93  Code  Gb  stm8s_i2c.o [1]
I2C_IRQHandler          0x00b009    0x1  Code  Gb  stm8s_it.o [1]
I2C_Init                0x009b96  0x16d  Code  Gb  stm8s_i2c.o [1]
I2C_RA                  0x008feb   0x28  Code  Gb  main.o [1]
I2C_RD                  0x008fc8   0x23  Code  Gb  main.o [1]
I2C_ReceiveData         0x00afd2    0x4  Code  Gb  stm8s_i2c.o [1]
I2C_Send7bitAddress     0x00aa03   0x32  Code  Gb  stm8s_i2c.o [1]
I2C_SendData            0x00afd6    0x4  Code  Gb  stm8s_i2c.o [1]
I2C_Start               0x008d56   0x26  Code  Gb  main.o [1]
I2C_WA                  0x008d30   0x26  Code  Gb  main.o [1]
I2C_WD                  0x008d0c   0x24  Code  Gb  main.o [1]
INTVEC$$Base            0x008000          --   Gb  - Linker created -
INTVEC$$Limit           0x008080          --   Gb  - Linker created -
InitClk                 0x0088ef   0x38  Code  Gb  main.o [1]
InitDelayTimer          0x008819   0x1d  Code  Gb  main.o [1]
InitI2C                 0x009106   0x26  Code  Gb  main.o [1]
InitLcd                 0x00886a   0x5c  Code  Gb  main.o [1]
LCD                     0x008536   0xba  Code  Gb  main.o [1]
LCDData                 0x0084f8    0xb  Code  Gb  main.o [1]
LCDDataOut              0x0084a1   0x57  Code  Gb  main.o [1]
LCDInstr                0x00852b    0xb  Code  Gb  main.o [1]
LCDInstrNibble          0x00885b    0xf  Code  Gb  main.o [1]
LoadInt                 0x00a744   0x47  Code  Lc  xprintfsmall.o [4]
Power_Off               0x00912c    0xe  Code  Gb  main.o [1]
Power_On                0x00913a    0xe  Code  Gb  main.o [1]
PulseEnable             0x008491   0x10  Code  Gb  main.o [1]
ReadDS1307              0x00906f   0x6d  Code  Gb  main.o [1]
Read_Allarm             0x0089c4   0x67  Code  Gb  main.o [1]
Read_DS18               0x008708   0x79  Code  Gb  main.o [1]
Region$$Table$$Base     0x008354          --   Gb  - Linker created -
Region$$Table$$Limit    0x008368          --   Gb  - Linker created -
SPI_IRQHandler          0x00b003    0x1  Code  Gb  stm8s_it.o [1]
Save_Status             0x008a2b    0xa  Code  Gb  main.o [1]
Set_Clock               0x008dfa  0x18b  Code  Gb  main.o [1]
Set_DS1307              0x008d83   0x6c  Code  Gb  main.o [1]
Set_Delay_Allarm        0x008b03  0x160  Code  Gb  main.o [1]
TIM1_CAP_COM_IRQHandler
                        0x00b005    0x1  Code  Gb  stm8s_it.o [1]
TIM1_UPD_OVF_TRG_BRK_IRQHandler
                        0x00b004    0x1  Code  Gb  stm8s_it.o [1]
TIM2_CAP_COM_IRQHandler
                        0x00b006    0x1  Code  Gb  stm8s_it.o [1]
TIM2_ClearITPendingBit  0x00aca5   0x1d  Code  Gb  stm8s_tim2.o [1]
TIM2_Cmd                0x00a61e   0x18  Code  Gb  stm8s_tim2.o [1]
TIM2_DeInit             0x00a694   0x59  Code  Gb  stm8s_tim2.o [1]
TIM2_ITConfig           0x00a5e2   0x3c  Code  Gb  stm8s_tim2.o [1]
TIM2_TimeBaseInit       0x00af4b    0xa  Code  Gb  stm8s_tim2.o [1]
TIM2_UPD_OVF_BRK_IRQHandler
                        0x00a84d   0x3b  Code  Gb  stm8s_it.o [1]
TIM3_CAP_COM_IRQHandler
                        0x00b008    0x1  Code  Gb  stm8s_it.o [1]
TIM3_UPD_OVF_BRK_IRQHandler
                        0x00b007    0x1  Code  Gb  stm8s_it.o [1]
TIM4_UPD_OVF_IRQHandler
                        0x00b00b    0x1  Code  Gb  stm8s_it.o [1]
TLI_IRQHandler          0x00affb    0x1  Code  Gb  stm8s_it.o [1]
TRAP_IRQHandler         0x00affa    0x1  Code  Gb  stm8s_it.o [1]
UART2_ClearITPendingBit
                        0x00ab7a   0x25  Code  Gb  stm8s_uart2.o [1]
UART2_RX_IRQHandler     0x00ab55   0x25  Code  Gb  stm8s_it.o [1]
UART2_ReceiveData8      0x00afda    0x4  Code  Gb  stm8s_uart2.o [1]
UART2_TX_IRQHandler     0x00b00a    0x1  Code  Gb  stm8s_it.o [1]
_EncodingSb_Mbtowc      0x00aa35   0x30  Code  Gb  xencoding_sb.o [4]
_EncodingSb_Wctomb      0x00ad13   0x19  Code  Gb  xencoding_sb.o [4]
_LitobSmall             0x009a17  0x17f  Code  Lc  xprintfsmall.o [4]
_LocaleEncoding         0x00ae6b    0xe  Code  Gb  setlocale.o [4]
_Locale_Profile         0x0000b3    0xe  Data  Gb  setlocale.o [4]
_Mbtowc                 0x00aa91   0x29  Code  Gb  xmbtowc.o [4]
_PrintfSmall            0x009386  0x4aa  Code  Gb  xprintfsmall.o [4]
_Prout                  0x00acc2   0x1d  Code  Gb  xprout.o [4]
_PutcharSmall           0x00a8c2   0x39  Code  Lc  xprintfsmall.o [4]
_PutcharsSmall          0x00a966   0x35  Code  Lc  xprintfsmall.o [4]
_PutstrSmall            0x009830  0x1e7  Code  Lc  xprintfsmall.o [4]
_Wctomb                 0x00abe4   0x22  Code  Gb  xwctomb.o [4]
__DebugBreak            0x00b00d    0x1  Code  Gb  __dbg_break.o [3]
__exit                  0x00add1   0x16  Code  Gb  __dbg_xxexit.o [3]
__iar_Mbcurmax          0x00afb6    0x7  Code  Gb  xmbcurmax.o [4]
__iar_Memchr            0x00ade7   0x15  Code  Gb  memchr.o [4]
__iar_Stdout            0x000010   0x28  Data  Gb  xfiles.o [4]
__iar_Strchr            0x00adfc   0x15  Code  Gb  strchr.o [4]
__iar_Tls_setup__Locale_Profile
                        0x0000c5    0x3  Data  Gb  setlocale.o [4]
__iar_copy_init2        0x00aae2         Code  Gb  init_small.o [4]
__iar_data_init2        0x00ac69   0x1e  Code  Gb  init.o [4]
__iar_program_start     0x00ada4         Code  Gb  cstartup.o [4]
__iar_unhandled_exception
                        0x00aff5         Code  Gb  unhandled_exception.o [4]
__iar_zero_init2        0x00ac87         Code  Gb  init_small.o [4]
__intvec                0x008000         Data  Gb  interrupt.o [4]
__low_level_init        0x00aff2    0x3  Code  Gb  low_level_init.o [4]
__near_Aldata           0x0000c1    0x4  Data  Gb  xxmemxmalloc.o [4]
__near_GetMemChunk      0x00ac06   0x22  Code  Gb  xgetmemchunk.o [4]
__near_findmem          0x00a566   0x70  Code  Lc  xxmemxmalloc.o [4]
_exit                   0x00afc3         Code  Gb  cexit.o [4]
_interrupt_1            0x00affa         Code  Gb  stm8s_it.o [1]
_interrupt_10           0x00afde         Code  Wk  interrupt.o [4]
_interrupt_11           0x00afde         Code  Wk  interrupt.o [4]
_interrupt_12           0x00b003         Code  Gb  stm8s_it.o [1]
_interrupt_13           0x00b004         Code  Gb  stm8s_it.o [1]
_interrupt_14           0x00b005         Code  Gb  stm8s_it.o [1]
_interrupt_15           0x00a84d         Code  Gb  stm8s_it.o [1]
_interrupt_16           0x00b006         Code  Gb  stm8s_it.o [1]
_interrupt_17           0x00b007         Code  Gb  stm8s_it.o [1]
_interrupt_18           0x00b008         Code  Gb  stm8s_it.o [1]
_interrupt_19           0x00afde         Code  Wk  interrupt.o [4]
_interrupt_2            0x00affb         Code  Gb  stm8s_it.o [1]
_interrupt_20           0x00afde         Code  Wk  interrupt.o [4]
_interrupt_21           0x00b009         Code  Gb  stm8s_it.o [1]
_interrupt_22           0x00b00a         Code  Gb  stm8s_it.o [1]
_interrupt_23           0x00ab55         Code  Gb  stm8s_it.o [1]
_interrupt_24           0x00a6ed         Code  Gb  stm8s_it.o [1]
_interrupt_25           0x00b00b         Code  Gb  stm8s_it.o [1]
_interrupt_26           0x00b00c         Code  Gb  stm8s_it.o [1]
_interrupt_27           0x00afde         Code  Wk  interrupt.o [4]
_interrupt_28           0x00afde         Code  Wk  interrupt.o [4]
_interrupt_29           0x00afde         Code  Wk  interrupt.o [4]
_interrupt_3            0x00affc         Code  Gb  stm8s_it.o [1]
_interrupt_30           0x00afde         Code  Wk  interrupt.o [4]
_interrupt_31           0x00afde         Code  Wk  interrupt.o [4]
_interrupt_4            0x00affd         Code  Gb  stm8s_it.o [1]
_interrupt_5            0x00affe         Code  Gb  stm8s_it.o [1]
_interrupt_6            0x00afff         Code  Gb  stm8s_it.o [1]
_interrupt_7            0x00b000         Code  Gb  stm8s_it.o [1]
_interrupt_8            0x00b001         Code  Gb  stm8s_it.o [1]
_interrupt_9            0x00b002         Code  Gb  stm8s_it.o [1]
adcdata                 0x0000cc    0x2  Data  Gb  main.o [1]
adj                     0x008ab6   0x4d  Code  Gb  main.o [1]
assert_failed           0x00aff8    0x2  Code  Gb  main.o [1]
bcd2hex                 0x008fb1   0x17  Code  Gb  main.o [1]
convert_tobcd           0x008cf5   0x17  Code  Gb  main.o [1]
count                   0x0000dd    0x1  Data  Gb  main.o [1]
daily_hour_off          0x0000e5    0x1  Data  Gb  main.o [1]
daily_hour_on           0x0000e3    0x1  Data  Gb  main.o [1]
daily_long_on           0x0000ce    0x2  Data  Gb  main.o [1]
daily_minute_off        0x0000e6    0x1  Data  Gb  main.o [1]
daily_minute_on         0x0000e4    0x1  Data  Gb  main.o [1]
date                    0x000039    0x1  Data  Gb  main.o [1]
days                    0x000038    0x1  Data  Gb  main.o [1]
error                   0x0000e2    0x1  Data  Gb  main.o [1]
exit                    0x00afe2    0x4  Code  Gb  exit.o [4]
fputc                   0x0085f0   0x12  Code  Gb  main.o [1]
free                    0x009fa0   0xe6  Code  Gb  xxmemxfree.o [4]
hours                   0x0000e0    0x1  Data  Gb  main.o [1]
index                   0x0000e9    0x1  Data  Gb  stm8s_it.o [1]
key_minus_on            0x008a5e   0x25  Code  Gb  main.o [1]
key_ok_on               0x008a35   0x29  Code  Gb  main.o [1]
key_ok_plus             0x008cac   0x28  Code  Gb  main.o [1]
key_plus_on             0x008a83   0x25  Code  Gb  main.o [1]
line_lcd                0x0000dc    0x1  Data  Gb  main.o [1]
main                    0x009157  0x1fc  Code  Gb  main.o [1]
malloc                  0x00a2b5   0x9a  Code  Gb  xxmemxmalloc.o [4]
measure                 0x00008b   0x28  Data  Gb  main.o [1]
memcpy                  0x00ab0a   0x26  Code  Gb  memcpy.o [4]
minutes                 0x0000df    0x1  Data  Gb  main.o [1]
mounts                  0x00003a    0x1  Data  Gb  main.o [1]
obuf                    0x00003b   0x50  Data  Lc  xfiles.o [4]
pad                     0x00a931   0x35  Code  Lc  xprintfsmall.o [4]
printf                  0x00aaba   0x28  Code  Gb  printf.o [4]
putchar                 0x00afa7    0x8  Code  Gb  putchar.o [4]
result1                 0x0000e7    0x1  Data  Gb  main.o [1]
result2                 0x0000e8    0x1  Data  Gb  main.o [1]
rx_data                 0x0000db    0x1  Data  Gb  main.o [1]
seconds                 0x0000de    0x1  Data  Gb  main.o [1]
status                  0x0000d6    0x2  Data  Gb  main.o [1]
status_check            0x0000d4    0x2  Data  Gb  main.o [1]
strlen                  0x00ae49   0x12  Code  Gb  strlen.o [4]
temperature             0x00879b   0x3f  Code  Gb  main.o [1]
time_off                0x0000d2    0x2  Data  Gb  main.o [1]
time_on                 0x0000d0    0x2  Data  Gb  main.o [1]
timeout                 0x0000da    0x1  Data  Gb  main.o [1]
timer1                  0x0000c8    0x2  Data  Gb  main.o [1]
timer2                  0x0000ca    0x2  Data  Gb  main.o [1]
years                   0x0000e1    0x1  Data  Gb  main.o [1]


[1] = C:\Users\Administrator\Desktop\stm8s105k-controller\Project\STM8S_StdPeriph_Template\EWSTM8\STM8S105\Obj
[2] = command line
[3] = dbgstm8mmd.a
[4] = dlstm8mmf.a

  11 167 bytes of readonly  code memory
   1 135 bytes of readonly  data memory
   1 258 bytes of readwrite data memory

Errors: none
Warnings: none
