###############################################################################
#                                                                             #
# IAR ELF Linker V1.30.1.50036 for STM8                 19/Jul/2013  23:16:59 #
# Copyright 2010-2011 IAR Systems AB.                                         #
#                                                                             #
#    Output file  =  C:\Documents and Settings\Administrator\Desktop\stm8s105 #
#                    k-controller\Project\STM8S_StdPeriph_Template\EWSTM8\STM #
#                    8S105\Exe\Project.out                                    #
#    Map file     =  C:\Documents and Settings\Administrator\Desktop\stm8s105 #
#                    k-controller\Project\STM8S_StdPeriph_Template\EWSTM8\STM #
#                    8S105\List\Project.map                                   #
#    Command line =  "C:\Documents and Settings\Administrator\Desktop\stm8s10 #
#                    5k-controller\Project\STM8S_StdPeriph_Template\EWSTM8\ST #
#                    M8S105\Obj\main.o" "C:\Documents and                     #
#                    Settings\Administrator\Desktop\stm8s105k-controller\Proj #
#                    ect\STM8S_StdPeriph_Template\EWSTM8\STM8S105\Obj\stm8s_a #
#                    dc1.o" "C:\Documents and Settings\Administrator\Desktop\ #
#                    stm8s105k-controller\Project\STM8S_StdPeriph_Template\EW #
#                    STM8\STM8S105\Obj\stm8s_awu.o" "C:\Documents and         #
#                    Settings\Administrator\Desktop\stm8s105k-controller\Proj #
#                    ect\STM8S_StdPeriph_Template\EWSTM8\STM8S105\Obj\stm8s_b #
#                    eep.o" "C:\Documents and Settings\Administrator\Desktop\ #
#                    stm8s105k-controller\Project\STM8S_StdPeriph_Template\EW #
#                    STM8\STM8S105\Obj\stm8s_clk.o" "C:\Documents and         #
#                    Settings\Administrator\Desktop\stm8s105k-controller\Proj #
#                    ect\STM8S_StdPeriph_Template\EWSTM8\STM8S105\Obj\stm8s_e #
#                    xti.o" "C:\Documents and Settings\Administrator\Desktop\ #
#                    stm8s105k-controller\Project\STM8S_StdPeriph_Template\EW #
#                    STM8\STM8S105\Obj\stm8s_flash.o" "C:\Documents and       #
#                    Settings\Administrator\Desktop\stm8s105k-controller\Proj #
#                    ect\STM8S_StdPeriph_Template\EWSTM8\STM8S105\Obj\stm8s_g #
#                    pio.o" "C:\Documents and Settings\Administrator\Desktop\ #
#                    stm8s105k-controller\Project\STM8S_StdPeriph_Template\EW #
#                    STM8\STM8S105\Obj\stm8s_i2c.o" "C:\Documents and         #
#                    Settings\Administrator\Desktop\stm8s105k-controller\Proj #
#                    ect\STM8S_StdPeriph_Template\EWSTM8\STM8S105\Obj\stm8s_i #
#                    t.o" "C:\Documents and Settings\Administrator\Desktop\st #
#                    m8s105k-controller\Project\STM8S_StdPeriph_Template\EWST #
#                    M8\STM8S105\Obj\stm8s_itc.o" "C:\Documents and           #
#                    Settings\Administrator\Desktop\stm8s105k-controller\Proj #
#                    ect\STM8S_StdPeriph_Template\EWSTM8\STM8S105\Obj\stm8s_i #
#                    wdg.o" "C:\Documents and Settings\Administrator\Desktop\ #
#                    stm8s105k-controller\Project\STM8S_StdPeriph_Template\EW #
#                    STM8\STM8S105\Obj\stm8s_rst.o" "C:\Documents and         #
#                    Settings\Administrator\Desktop\stm8s105k-controller\Proj #
#                    ect\STM8S_StdPeriph_Template\EWSTM8\STM8S105\Obj\stm8s_s #
#                    pi.o" "C:\Documents and Settings\Administrator\Desktop\s #
#                    tm8s105k-controller\Project\STM8S_StdPeriph_Template\EWS #
#                    TM8\STM8S105\Obj\stm8s_tim1.o" "C:\Documents and         #
#                    Settings\Administrator\Desktop\stm8s105k-controller\Proj #
#                    ect\STM8S_StdPeriph_Template\EWSTM8\STM8S105\Obj\stm8s_t #
#                    im2.o" "C:\Documents and Settings\Administrator\Desktop\ #
#                    stm8s105k-controller\Project\STM8S_StdPeriph_Template\EW #
#                    STM8\STM8S105\Obj\stm8s_tim3.o" "C:\Documents and        #
#                    Settings\Administrator\Desktop\stm8s105k-controller\Proj #
#                    ect\STM8S_StdPeriph_Template\EWSTM8\STM8S105\Obj\stm8s_t #
#                    im4.o" "C:\Documents and Settings\Administrator\Desktop\ #
#                    stm8s105k-controller\Project\STM8S_StdPeriph_Template\EW #
#                    STM8\STM8S105\Obj\stm8s_uart2.o" "C:\Documents and       #
#                    Settings\Administrator\Desktop\stm8s105k-controller\Proj #
#                    ect\STM8S_StdPeriph_Template\EWSTM8\STM8S105\Obj\stm8s_w #
#                    wdg.o" --redirect _Scanf=_ScanfSmall -o "C:\Documents    #
#                    and Settings\Administrator\Desktop\stm8s105k-controller\ #
#                    Project\STM8S_StdPeriph_Template\EWSTM8\STM8S105\Exe\Pro #
#                    ject.out" --map "C:\Documents and                        #
#                    Settings\Administrator\Desktop\stm8s105k-controller\Proj #
#                    ect\STM8S_StdPeriph_Template\EWSTM8\STM8S105\List\Projec #
#                    t.map" --config "C:\Program Files\IAR Systems\Embedded   #
#                    Workbench 6.0\stm8\config\lnkstm8s105k4.icf"             #
#                    --config_def _CSTACK_SIZE=0x200 --config_def             #
#                    _HEAP_SIZE=0x200 --entry __iar_program_start --debug_lib #
#                                                                             #
#                                                                             #
###############################################################################

*******************************************************************************
*** RUNTIME MODEL ATTRIBUTES
***

__Heap_Handler             = Basic
__SystemLibrary            = DLib
__code_model               = medium_or_large
__core                     = stm8
__data_model               = medium
__dlib_file_descriptor     = 1
__dlib_full_locale_support = 1
__rt_version               = 4


*******************************************************************************
*** PLACEMENT SUMMARY
***

"A1":  place at start of [0x000000-0x0000ff] { rw section .vregs };
"A2":  place at end of [0x000000-0x0007ff] { block CSTACK };
"P2":  place in [from 0x000000 to 0x0007ff] {
          block HEAP, rw section .far.bss, rw section .far.data,
          rw section .far.noinit, rw section .far_func.textrw,
          rw section .huge.bss, rw section .huge.data, rw section .huge.noinit,
          rw section .huge_func.textrw, rw section .iar.dynexit,
          rw section .near.bss, rw section .near.data, rw section .near.noinit,
          rw section .near_func.textrw };
"A3":  place at start of [0x008000-0x00bfff] { block INTVEC };
"P3":  place in [from 0x008000 to 0x00bfff] {
          ro section .far.data_init, ro section .far_func.textrw_init,
          ro section .huge.data_init, ro section .huge_func.textrw_init,
          ro section .iar.init_table, ro section .init_array,
          ro section .near.data_init, ro section .near.rodata,
          ro section .near_func.text, ro section .near_func.textrw_init,
          ro section .tiny.data_init, ro section .tiny.rodata_init };
"P4":  place in [from 0x008000 to 0x00bfff] {
          ro section .far.rodata, ro section .far_func.text };

  Section            Kind      Address    Size  Object
  -------            ----      -------    ----  ------
"A1":                                     0x10
  .vregs             uninit   0x000000    0x10  vregs.o [4]
                            - 0x000010    0x10

"P2", part 1 of 3:                        0x59
  P2 s0                       0x000010    0x59  <Init block>
    .near.data       inited   0x000010    0x2e  localeconv.o [4]
    .near.data       inited   0x00003e    0x28  xfiles.o [4]
    .near.data       inited   0x000066     0x1  main.o [1]
    .near.data       inited   0x000067     0x1  main.o [1]
    .near.data       inited   0x000068     0x1  main.o [1]
                            - 0x000069    0x59

"P2", part 2 of 3:                        0xa2
  .near.bss          zero     0x000069    0x50  xfiles.o [4]
  .near.bss          zero     0x0000b9    0x28  main.o [1]
  .near.bss          zero     0x0000e1     0xe  setlocale.o [4]
  .near.bss          zero     0x0000ef     0x4  xxmemxmalloc.o [4]
  .near.bss          zero     0x0000f3     0x3  localeconv.o [4]
  .near.bss          zero     0x0000f6     0x3  setlocale.o [4]
  .near.bss          zero     0x0000f9     0x2  main.o [1]
  .near.bss          zero     0x0000fb     0x2  main.o [1]
  .near.bss          zero     0x0000fd     0x2  main.o [1]
  .near.bss          zero     0x0000ff     0x2  xgetmemchunk.o [4]
  .near.bss          zero     0x000101     0x1  main.o [1]
  .near.bss          zero     0x000102     0x1  main.o [1]
  .near.bss          zero     0x000103     0x1  main.o [1]
  .near.bss          zero     0x000104     0x1  main.o [1]
  .near.bss          zero     0x000105     0x1  main.o [1]
  .near.bss          zero     0x000106     0x1  main.o [1]
  .near.bss          zero     0x000107     0x1  main.o [1]
  .near.bss          zero     0x000108     0x1  main.o [1]
  .near.bss          zero     0x000109     0x1  main.o [1]
  .near.bss          zero     0x00010a     0x1  stm8s_it.o [1]
                            - 0x00010b    0xa2

"P2", part 3 of 3:                       0x200
  HEAP                        0x00010b   0x200  <Block>
    HEAP             uninit   0x00010b   0x200  <Block tail>
                            - 0x00030b   0x200

"A2":                                    0x200
  CSTACK                      0x000600   0x200  <Block>
    CSTACK           uninit   0x000600   0x200  <Block tail>
                            - 0x000800   0x200

"A3":                                     0x80
  INTVEC                      0x008000    0x80  <Block>
    .intvec          const    0x008000    0x80  interrupt.o [4]
                            - 0x008080    0x80

"P3":                                    0x438
  .near.rodata       const    0x008080    0x78  stm8s_uart2.o [1]
  .near.rodata       const    0x0080f8    0x77  stm8s_adc1.o [1]
  .near.rodata       const    0x00816f    0x77  stm8s_gpio.o [1]
  .near.rodata       const    0x0081e6    0x77  stm8s_tim2.o [1]
  .near.rodata       const    0x00825d    0x76  stm8s_clk.o [1]
  .near.rodata       const    0x0082d3    0x76  stm8s_i2c.o [1]
  .near_func.text    const    0x008349    0x3c  xprintffull.o [4]
  .near.rodata       const    0x008385     0x7  main.o [1]
  .iar.init_table    const    0x00838c    0x14  - Linker created -
  .near.rodata       const    0x0083a0    0x10  main.o [1]
  .near.rodata       const    0x0083b0    0x10  main.o [1]
  .near.rodata       const    0x0083c0     0xa  main.o [1]
  .near.rodata       const    0x0083ca     0xa  main.o [1]
  .near.rodata       const    0x0083d4     0xa  main.o [1]
  .near.rodata       const    0x0083de     0x9  main.o [1]
  .near.rodata       const    0x0083e7     0x8  main.o [1]
  .near.rodata       const    0x0083ef     0x8  main.o [1]
  .near.rodata       const    0x0083f7     0x8  main.o [1]
  .near.rodata       const    0x0083ff     0x8  main.o [1]
  .near.rodata       const    0x008407     0x8  xprintffull.o [4]
  .near.rodata       const    0x00840f     0x8  xprintffull.o [4]
  .near.rodata       const    0x008417     0x8  xencoding_sb.o [4]
  .near.rodata       const    0x00841f     0x8  xencoding_sb.o [4]
  .near.rodata       const    0x008427     0x7  main.o [1]
  .near.rodata       const    0x00842e     0x7  xprintffull.o [4]
  .near.rodata       const    0x008435     0x6  main.o [1]
  .near.rodata       const    0x00843b     0x6  localeconv.o [4]
  .near.rodata       const    0x008441     0x5  localeconv.o [4]
  .near.rodata       const    0x008446     0x4  stm8s_clk.o [1]
  .near.rodata       const    0x00844a     0x4  xprintffull.o [4]
  .near.rodata       const    0x00844e     0x4  xprintffull.o [4]
  .near.rodata       const    0x008452     0x4  xprintffull.o [4]
  .near.rodata       const    0x008456     0x4  xprintffull.o [4]
  .near.rodata       const    0x00845a     0x2  xprintffull.o [4]
  .near.rodata       const    0x00845c     0x2  localeconv.o [4]
  .near.rodata       const    0x00845e     0x1  localeconv.o [4]
  Initializer bytes  ro data  0x00845f    0x59  <for P2 s0>
                            - 0x0084b8   0x438

"P4":                                   0x3afc
  .far_func.text     ro code  0x0084b8   0x957  main.o [1]
  .far_func.text     ro code  0x008e0f   0x51a  xprintffull.o [4]
  .far_func.text     ro code  0x009329   0x497  xprintffull.o [4]
  .far_func.text     ro code  0x0097c0   0x46a  float.o [4]
  .far_func.text     ro code  0x009c2a   0x3cf  xprintffull.o [4]
  .far_func.text     ro code  0x009ff9   0x247  xprintffull.o [4]
  .far_func.text     ro code  0x00a240   0x1e1  long.o [4]
  .far_func.text     ro code  0x00a421   0x1ba  stm8s_uart2.o [1]
  .far_func.text     ro code  0x00a5db   0x17f  xprintffull.o [4]
  .far_func.text     ro code  0x00a75a   0x16d  stm8s_i2c.o [1]
  .far_func.text     ro code  0x00a8c7   0x163  vreg_util.o [4]
  .far_func.text     ro code  0x00aa2a   0x162  float_libsup.o [4]
  .far_func.text     ro code  0x00ab8c    0xe6  xxmemxfree.o [4]
  .far_func.text     ro code  0x00ac72    0xd5  stm8s_clk.o [1]
  .far_func.text     ro code  0x00ad47    0xbd  stm8s_uart2.o [1]
  .far_func.text     ro code  0x00ae04    0xb4  stm8s_gpio.o [1]
  .far_func.text     ro code  0x00aeb8    0xad  stm8s_adc1.o [1]
  .far_func.text     ro code  0x00af65    0xa6  stm8s_i2c.o [1]
  .far_func.text     ro code  0x00b00b    0x9a  xxmemxmalloc.o [4]
  .far_func.text     ro code  0x00b0a5    0x95  stm8s_adc1.o [1]
  .far_func.text     ro code  0x00b13a    0x93  stm8s_i2c.o [1]
  .far_func.text     ro code  0x00b1cd    0x91  stm8s_clk.o [1]
  .far_func.text     ro code  0x00b25e    0x7b  stm8s_adc1.o [1]
  .far_func.text     ro code  0x00b2d9    0x78  stm8s_adc1.o [1]
  .far_func.text     ro code  0x00b351    0x70  xxmemxmalloc.o [4]
  .far_func.text     ro code  0x00b3c1    0x62  long_util.o [4]
  .far_func.text     ro code  0x00b423    0x60  stm8s_tim2.o [1]
  .far_func.text     ro code  0x00b483    0x5e  stm8s_clk.o [1]
  .far_func.text     ro code  0x00b4e1    0x59  stm8s_tim2.o [1]
  .far_func.text     ro code  0x00b53a    0x58  dc_util.o [4]
  .far_func.text     ro code  0x00b592    0x57  stm8s_it.o [1]
  .far_func.text     ro code  0x00b5e9    0x51  xprintffull.o [4]
  .far_func.text     ro code  0x00b63a    0x4b  xprintffull.o [4]
  .far_func.text     ro code  0x00b685    0x46  short.o [4]
  .far_func.text     ro code  0x00b6cb    0x44  stm8s_adc1.o [1]
  .far_func.text     ro code  0x00b70f    0x3e  stm8s_adc1.o [1]
  .far_func.text     ro code  0x00b74d    0x3e  stm8s_adc1.o [1]
  .far_func.text     ro code  0x00b78b    0x3c  stm8s_clk.o [1]
  .far_func.text     ro code  0x00b7c7    0x3b  stm8s_it.o [1]
  .far_func.text     ro code  0x00b802    0x39  xprintffull.o [4]
  .far_func.text     ro code  0x00b83b    0x36  stm8s_clk.o [1]
  .far_func.text     ro code  0x00b871    0x36  xprintffull.o [4]
  .far_func.text     ro code  0x00b8a7    0x35  xprintffull.o [4]
  .far_func.text     ro code  0x00b8dc    0x34  stm8s_i2c.o [1]
  .far_func.text     ro code  0x00b910    0x34  far_util.o [4]
  .far_func.text     ro code  0x00b944    0x34  div.o [4]
  .far_func.text     ro code  0x00b978    0x32  stm8s_i2c.o [1]
  .far_func.text     ro code  0x00b9aa    0x31  stm8s_adc1.o [1]
  .far_func.text     ro code  0x00b9db    0x30  xencoding_sb.o [4]
  .far_func.text     ro code  0x00ba0b    0x29  xmbtowc.o [4]
  .far_func.text     ro code  0x00ba34    0x28  printf.o [4]
  .far_func.text     ro code  0x00ba5c    0x28  init_small.o [4]
  .far_func.text     ro code  0x00ba84    0x27  stm8s_uart2.o [1]
  .far_func.text     ro code  0x00baab    0x26  memcpy.o [4]
  .far_func.text     ro code  0x00bad1    0x25  stm8s_i2c.o [1]
  .far_func.text     ro code  0x00baf6    0x25  stm8s_it.o [1]
  .far_func.text     ro code  0x00bb1b    0x25  stm8s_uart2.o [1]
  .far_func.text     ro code  0x00bb40    0x22  xwctomb.o [4]
  .far_func.text     ro code  0x00bb62    0x22  xgetmemchunk.o [4]
  .far_func.text     ro code  0x00bb84    0x21  xprintffull.o [4]
  .far_func.text     ro code  0x00bba5    0x21  xprintffull.o [4]
  .far_func.text     ro code  0x00bbc6    0x1e  init.o [4]
  .far_func.text     ro code  0x00bbe4    0x1e  init_small.o [4]
  .far_func.text     ro code  0x00bc02    0x1d  stm8s_tim2.o [1]
  .far_func.text     ro code  0x00bc1f    0x1d  xprout.o [4]
  .far_func.text     ro code  0x00bc3c    0x1a  xprintffull.o [4]
  .far_func.text     ro code  0x00bc56    0x19  localeconv.o [4]
  .far_func.text     ro code  0x00bc6f    0x19  xencoding_sb.o [4]
  .far_func.text     ro code  0x00bc88    0x18  stm8s_adc1.o [1]
  .far_func.text     ro code  0x00bca0    0x18  stm8s_i2c.o [1]
  .far_func.text     ro code  0x00bcb8    0x18  stm8s_i2c.o [1]
  .far_func.text     ro code  0x00bcd0    0x18  stm8s_i2c.o [1]
  .far_func.text     ro code  0x00bce8    0x17  cstartup.o [4]
  .far_func.text     ro code  0x00bcff    0x16  xprintffull.o [4]
  .far_func.text     ro code  0x00bd15    0x16  __dbg_xxexit.o [3]
  .far_func.text     ro code  0x00bd2b    0x15  memchr.o [4]
  .far_func.text     ro code  0x00bd40    0x15  strchr.o [4]
  .far_func.text     ro code  0x00bd55    0x13  xprintffull.o [4]
  .far_func.text     ro code  0x00bd68    0x12  stm8s_i2c.o [1]
  .far_func.text     ro code  0x00bd7a    0x12  strlen.o [4]
  .far_func.text     ro code  0x00bd8c    0x10  xprintffull.o [4]
  .far_func.text     ro code  0x00bd9c     0xe  setlocale.o [4]
  .far_func.text     ro code  0x00bdaa     0xd  stm8s_uart2.o [1]
  .far_func.text     ro code  0x00bdb7     0xd  xprintffull.o [4]
  .far_func.text     ro code  0x00bdc4     0xd  move.o [4]
  .far_func.text     ro code  0x00bdd1     0xc  stm8s_adc1.o [1]
  .far_func.text     ro code  0x00bddd     0xc  stm8s_adc1.o [1]
  .far_func.text     ro code  0x00bde9     0xc  stm8s_adc1.o [1]
  .far_func.text     ro code  0x00bdf5     0xc  stm8s_clk.o [1]
  .far_func.text     ro code  0x00be01     0xc  stm8s_gpio.o [1]
  .far_func.text     ro code  0x00be0d     0xc  stm8s_i2c.o [1]
  .far_func.text     ro code  0x00be19     0xc  stm8s_i2c.o [1]
  .far_func.text     ro code  0x00be25     0xc  stm8s_tim2.o [1]
  .far_func.text     ro code  0x00be31     0xc  stm8s_uart2.o [1]
  .far_func.text     ro code  0x00be3d     0xc  stm8s_uart2.o [1]
  .far_func.text     ro code  0x00be49     0xc  stm8s_uart2.o [1]
  .far_func.text     ro code  0x00be55     0xc  xprintffull.o [4]
  .far_func.text     ro code  0x00be61     0xc  switch.o [4]
  .far_func.text     ro code  0x00be6d     0xb  stm8s_clk.o [1]
  .far_func.text     ro code  0x00be78     0xb  xprintffull.o [4]
  .far_func.text     ro code  0x00be83     0xb  xprintffull.o [4]
  .far_func.text     ro code  0x00be8e     0xb  xprintffull.o [4]
  .far_func.text     ro code  0x00be99     0xb  setlocale.o [4]
  .far_func.text     ro code  0x00bea4     0xa  main.o [1]
  .far_func.text     ro code  0x00beae     0xa  stm8s_adc1.o [1]
  .far_func.text     ro code  0x00beb8     0xa  stm8s_tim2.o [1]
  .far_func.text     ro code  0x00bec2     0xa  xprintffull.o [4]
  .far_func.text     ro code  0x00becc     0xa  xprintffull.o [4]
  .far_func.text     ro code  0x00bed6     0xa  far.o [4]
  .far_func.text     ro code  0x00bee0     0xa  localeconv.o [4]
  .far_func.text     ro code  0x00beea     0xa  setlocale.o [4]
  .far_func.text     ro code  0x00bef4     0x9  stm8s_adc1.o [1]
  .far_func.text     ro code  0x00befd     0x9  xprintffull.o [4]
  .far_func.text     ro code  0x00bf06     0x9  xprintffull.o [4]
  .far_func.text     ro code  0x00bf0f     0x9  xprintffull.o [4]
  .far_func.text     ro code  0x00bf18     0x9  xprintffull.o [4]
  .far_func.text     ro code  0x00bf21     0x9  xprintffull.o [4]
  .far_func.text     ro code  0x00bf2a     0x9  setlocale.o [4]
  .far_func.text     ro code  0x00bf33     0x8  xprintffull.o [4]
  .far_func.text     ro code  0x00bf3b     0x8  xxmemxmalloc.o [4]
  .far_func.text     ro code  0x00bf43     0x8  putchar.o [4]
  .far_func.text     ro code  0x00bf4b     0x7  stm8s_uart2.o [1]
  .far_func.text     ro code  0x00bf52     0x7  xprintffull.o [4]
  .far_func.text     ro code  0x00bf59     0x7  xprintffull.o [4]
  .far_func.text     ro code  0x00bf60     0x7  xmbcurmax.o [4]
  .far_func.text     ro code  0x00bf67     0x6  cexit.o [4]
  .far_func.text     ro code  0x00bf6d     0x5  stm8s_adc1.o [1]
  .far_func.text     ro code  0x00bf72     0x5  stm8s_adc1.o [1]
  .far_func.text     ro code  0x00bf77     0x4  stm8s_gpio.o [1]
  .far_func.text     ro code  0x00bf7b     0x4  stm8s_i2c.o [1]
  .far_func.text     ro code  0x00bf7f     0x4  stm8s_i2c.o [1]
  .far_func.text     ro code  0x00bf83     0x4  stm8s_uart2.o [1]
  .far_func.text     ro code  0x00bf87     0x4  interrupt.o [4]
  .far_func.text     ro code  0x00bf8b     0x4  exit.o [4]
  .far_func.text     ro code  0x00bf8f     0x3  stm8s_gpio.o [1]
  .far_func.text     ro code  0x00bf92     0x3  stm8s_gpio.o [1]
  .far_func.text     ro code  0x00bf95     0x3  stm8s_gpio.o [1]
  .far_func.text     ro code  0x00bf98     0x3  low_level_init.o [4]
  .far_func.text     ro code  0x00bf9b     0x3  unhandled_exception.o [4]
  .far_func.text     ro code  0x00bf9e     0x2  main.o [1]
  .far_func.text     ro code  0x00bfa0     0x1  stm8s_it.o [1]
  .far_func.text     ro code  0x00bfa1     0x1  stm8s_it.o [1]
  .far_func.text     ro code  0x00bfa2     0x1  stm8s_it.o [1]
  .far_func.text     ro code  0x00bfa3     0x1  stm8s_it.o [1]
  .far_func.text     ro code  0x00bfa4     0x1  stm8s_it.o [1]
  .far_func.text     ro code  0x00bfa5     0x1  stm8s_it.o [1]
  .far_func.text     ro code  0x00bfa6     0x1  stm8s_it.o [1]
  .far_func.text     ro code  0x00bfa7     0x1  stm8s_it.o [1]
  .far_func.text     ro code  0x00bfa8     0x1  stm8s_it.o [1]
  .far_func.text     ro code  0x00bfa9     0x1  stm8s_it.o [1]
  .far_func.text     ro code  0x00bfaa     0x1  stm8s_it.o [1]
  .far_func.text     ro code  0x00bfab     0x1  stm8s_it.o [1]
  .far_func.text     ro code  0x00bfac     0x1  stm8s_it.o [1]
  .far_func.text     ro code  0x00bfad     0x1  stm8s_it.o [1]
  .far_func.text     ro code  0x00bfae     0x1  stm8s_it.o [1]
  .far_func.text     ro code  0x00bfaf     0x1  stm8s_it.o [1]
  .far_func.text     ro code  0x00bfb0     0x1  stm8s_it.o [1]
  .far_func.text     ro code  0x00bfb1     0x1  stm8s_it.o [1]
  .far_func.text     ro code  0x00bfb2     0x1  stm8s_it.o [1]
  .far_func.text     ro code  0x00bfb3     0x1  __dbg_break.o [3]
                            - 0x00bfb4  0x3afc


*******************************************************************************
*** INIT TABLE
***

          Address   Size
          -------   ----
Zero (__iar_zero_init2)
    1 destination range, total size 0xa2:
          0x000069  0xa2

Copy (__iar_copy_init2)
    1 source range, total size 0x59:
          0x00845f  0x59
    1 destination range, total size 0x59:
          0x000010  0x59


*******************************************************************************
*** MODULE SUMMARY
***

    Module                 ro code  ro data  rw data
    ------                 -------  -------  -------
C:\Documents and Settings\Administrator\Desktop\stm8s105k-controller\Project\STM8S_StdPeriph_Template\EWSTM8\STM8S105\Obj: [1]
    main.o                   2 403      126       58
    stm8s_adc1.o               895      119
    stm8s_clk.o                589      122
    stm8s_gpio.o               205      119
    stm8s_i2c.o                939      118
    stm8s_it.o                 202                 1
    stm8s_tim2.o               236      119
    stm8s_uart2.o              767      120
    ------------------------------------------------
    Total:                   6 236      843       59

command line: [2]
    ------------------------------------------------
    Total:

dbgstm8mmd.a: [3]
    __dbg_break.o                1
    __dbg_xxexit.o              22
    ------------------------------------------------
    Total:                      23

dlstm8mmf.a: [4]
    cexit.o                      6
    cstartup.o                  23
    dc_util.o                   88
    div.o                       52
    exit.o                       4
    far.o                       10
    far_util.o                  52
    float.o                  1 130
    float_libsup.o             354
    init.o                      30
    init_small.o                70
    interrupt.o                  4      128
    localeconv.o                35       60       49
    long.o                     481
    long_util.o                 98
    low_level_init.o             3
    memchr.o                    21
    memcpy.o                    38
    move.o                      13
    printf.o                    40
    putchar.o                    8
    setlocale.o                 44                17
    short.o                     70
    strchr.o                    21
    strlen.o                    18
    switch.o                    12
    unhandled_exception.o        3
    vreg_util.o                355
    vregs.o                                       16
    xencoding_sb.o              73       16
    xfiles.o                             40      120
    xgetmemchunk.o              34                 2
    xmbcurmax.o                  7
    xmbtowc.o                   41
    xprintffull.o            5 036      101
    xprout.o                    29
    xwctomb.o                   34
    xxmemxfree.o               230
    xxmemxmalloc.o             274                 4
    ------------------------------------------------
    Total:                   8 841      345      208

    Linker created                       20    1 024
----------------------------------------------------
    Grand Total:            15 100    1 208    1 291


*******************************************************************************
*** ENTRY LIST
***

Entry                    Address   Size  Type      Object
-----                    -------   ----  ----      ------
?and32_l0_l0_0x         0x00a3cf         Code  Gb  long.o [4]
?and32_l0_l0_l1         0x00a3cc         Code  Gb  long.o [4]
?b0                     0x000000         Data  Gb  vregs.o [4]
?b1                     0x000001         Data  Gb  vregs.o [4]
?b10                    0x00000a         Data  Gb  vregs.o [4]
?b11                    0x00000b         Data  Gb  vregs.o [4]
?b12                    0x00000c         Data  Gb  vregs.o [4]
?b13                    0x00000d         Data  Gb  vregs.o [4]
?b14                    0x00000e         Data  Gb  vregs.o [4]
?b15                    0x00000f         Data  Gb  vregs.o [4]
?b2                     0x000002         Data  Gb  vregs.o [4]
?b3                     0x000003         Data  Gb  vregs.o [4]
?b4                     0x000004         Data  Gb  vregs.o [4]
?b5                     0x000005         Data  Gb  vregs.o [4]
?b6                     0x000006         Data  Gb  vregs.o [4]
?b7                     0x000007         Data  Gb  vregs.o [4]
?b8                     0x000008         Data  Gb  vregs.o [4]
?b9                     0x000009         Data  Gb  vregs.o [4]
?dc32_l0                0x00b53a         Code  Gb  dc_util.o [4]
?dc32_l1                0x00b566         Code  Gb  dc_util.o [4]
?e0                     0x000001         Data  Gb  vregs.o [4]
?e1                     0x000005         Data  Gb  vregs.o [4]
?e2                     0x000009         Data  Gb  vregs.o [4]
?e3                     0x00000d         Data  Gb  vregs.o [4]
?epilogue_l2            0x00a97d         Code  Gb  vreg_util.o [4]
?epilogue_l2_l3         0x00a979         Code  Gb  vreg_util.o [4]
?epilogue_l2_w6         0x00a982         Code  Gb  vreg_util.o [4]
?epilogue_w4            0x00a98b         Code  Gb  vreg_util.o [4]
?fadd32_l0_l0_l1        0x0097e4         Code  Gb  float.o [4]
?fcastf32s32_l0_l0      0x009ae3         Code  Gb  float.o [4]
?fcastf32u32_l0_l0      0x009aef         Code  Gb  float.o [4]
?fcasts32f32_l0_l0      0x009a80         Code  Gb  float.o [4]
?fcastu32f32_l0_l0      0x009a69         Code  Gb  float.o [4]
?fcmpge32_c_l0_0x       0x009a08         Code  Gb  float.o [4]
?fcmpge32_c_l0_dc32     0x009a01         Code  Gb  float.o [4]
?fcmpge32_c_l0_l1       0x009a05         Code  Gb  float.o [4]
?fcmplt32_c_l0_0x       0x009a13         Code  Gb  float.o [4]
?fcmplt32_c_l0_dc32     0x009a0c         Code  Gb  float.o [4]
?fcmplt32_c_l0_l1       0x009a10         Code  Gb  float.o [4]
?fdiv32_l0_l0_l1        0x009953         Code  Gb  float.o [4]
?fmul32_l0_l0_dc32      0x0098b2         Code  Gb  float.o [4]
?fmul32_l0_l0_l1        0x0098b8         Code  Gb  float.o [4]
?fsub32_l0_l0_l1        0x0097de         Code  Gb  float.o [4]
?l0                     0x000000         Data  Gb  vregs.o [4]
?l1                     0x000004         Data  Gb  vregs.o [4]
?l2                     0x000008         Data  Gb  vregs.o [4]
?l3                     0x00000c         Data  Gb  vregs.o [4]
?load24_0x_e0           0x00b936         Code  Gb  far_util.o [4]
?load24_e0_0x           0x00b910         Code  Gb  far_util.o [4]
?load24_e1_0x           0x00b91e         Code  Gb  far_util.o [4]
?load24_xsp_e0          0x00b92c         Code  Gb  far_util.o [4]
?load32_0x_l0           0x00b3fd         Code  Gb  long_util.o [4]
?load32_0x_l2           0x00b415         Code  Gb  long_util.o [4]
?load32_l0_0x           0x00b3db         Code  Gb  long_util.o [4]
?load32_l0_asp          0x00b3cf         Code  Gb  long_util.o [4]
?load32_l0_dbsp         0x00b3c1         Code  Gb  long_util.o [4]
?load32_l0_xsp          0x00b3d1         Code  Gb  long_util.o [4]
?load32_l2_0x           0x00b3e7         Code  Gb  long_util.o [4]
?load32_xsp_l0          0x00b3f3         Code  Gb  long_util.o [4]
?load32_xsp_l2          0x00b40b         Code  Gb  long_util.o [4]
?mov_e0_e1              0x00a9d2         Code  Gb  vreg_util.o [4]
?mov_e0_e2              0x00a9df         Code  Gb  vreg_util.o [4]
?mov_e0_e3              0x00a9ec         Code  Gb  vreg_util.o [4]
?mov_e1_e0              0x00a9f9         Code  Gb  vreg_util.o [4]
?mov_e1_e2              0x00aa06         Code  Gb  vreg_util.o [4]
?mov_e2_e0              0x00aa13         Code  Gb  vreg_util.o [4]
?mov_e3_e0              0x00aa20         Code  Gb  vreg_util.o [4]
?mov_l0_l1              0x00a9cf         Code  Gb  vreg_util.o [4]
?mov_l0_l2              0x00a9dc         Code  Gb  vreg_util.o [4]
?mov_l0_l3              0x00a9e9         Code  Gb  vreg_util.o [4]
?mov_l1_l0              0x00a9f6         Code  Gb  vreg_util.o [4]
?mov_l1_l2              0x00aa03         Code  Gb  vreg_util.o [4]
?mov_l2_l0              0x00aa10         Code  Gb  vreg_util.o [4]
?mov_l3_l0              0x00aa1d         Code  Gb  vreg_util.o [4]
?mov_w0_w4              0x00a990         Code  Gb  vreg_util.o [4]
?mov_w0_w5              0x00a997         Code  Gb  vreg_util.o [4]
?mov_w1_w3              0x00a9d5         Code  Gb  vreg_util.o [4]
?mov_w1_w4              0x00a99e         Code  Gb  vreg_util.o [4]
?mov_w1_w5              0x00a9e2         Code  Gb  vreg_util.o [4]
?mov_w1_w7              0x00a9ef         Code  Gb  vreg_util.o [4]
?mov_w2_w0              0x00a9a5         Code  Gb  vreg_util.o [4]
?mov_w2_w1              0x00a9ac         Code  Gb  vreg_util.o [4]
?mov_w3_w1              0x00a9fc         Code  Gb  vreg_util.o [4]
?mov_w3_w5              0x00aa09         Code  Gb  vreg_util.o [4]
?mov_w4_w0              0x00a9b3         Code  Gb  vreg_util.o [4]
?mov_w4_w1              0x00a9ba         Code  Gb  vreg_util.o [4]
?mov_w4_w2              0x00a9c1         Code  Gb  vreg_util.o [4]
?mov_w5_w0              0x00a9c8         Code  Gb  vreg_util.o [4]
?mov_w5_w1              0x00aa16         Code  Gb  vreg_util.o [4]
?mov_w7_w1              0x00aa23         Code  Gb  vreg_util.o [4]
?move1616_v_x_y_a       0x00bdc4         Code  Gb  move.o [4]
?mul16_x_x_w0           0x00b685         Code  Gb  short.o [4]
?mul32_l0_l0_l1         0x00a26b         Code  Gb  long.o [4]
?neg32_l0_l0            0x00a240         Code  Gb  long.o [4]
?pop_l0                 0x00a941         Code  Gb  vreg_util.o [4]
?pop_l1                 0x00a94c         Code  Gb  vreg_util.o [4]
?pop_l2                 0x00a957         Code  Gb  vreg_util.o [4]
?pop_l3                 0x00a962         Code  Gb  vreg_util.o [4]
?pop_w4                 0x00a8f2         Code  Gb  vreg_util.o [4]
?pop_w6                 0x00a8f9         Code  Gb  vreg_util.o [4]
?push_l0                0x00a90c         Code  Gb  vreg_util.o [4]
?push_l1                0x00a911         Code  Gb  vreg_util.o [4]
?push_l2                0x00a916         Code  Gb  vreg_util.o [4]
?push_l3                0x00a91b         Code  Gb  vreg_util.o [4]
?push_w0                0x00a8c7         Code  Gb  vreg_util.o [4]
?push_w1                0x00a8cc         Code  Gb  vreg_util.o [4]
?push_w4                0x00a8d1         Code  Gb  vreg_util.o [4]
?push_w6                0x00a8d6         Code  Gb  vreg_util.o [4]
?scmp32_c_l0_l1         0x00a3b5         Code  Gb  long.o [4]
?sdiv16_x_x_y           0x00b6a3         Code  Gb  short.o [4]
?sdiv32_l0_l0_dl        0x00a366         Code  Gb  long.o [4]
?sdiv32_l0_l0_l1        0x00a36a         Code  Gb  long.o [4]
?sext32_l0_a            0x00a414         Code  Gb  long.o [4]
?sext32_l0_x            0x00a409         Code  Gb  long.o [4]
?sll16_x_x_4            0x00b6c6         Code  Gb  short.o [4]
?sll16_x_x_5            0x00b6c5         Code  Gb  short.o [4]
?sll16_x_x_6            0x00b6c4         Code  Gb  short.o [4]
?sll16_x_x_a            0x00b6bc         Code  Gb  short.o [4]
?sll32_0x_0x_a          0x00a3ea         Code  Gb  long.o [4]
?sll32_l0_l0_a          0x00a3e7         Code  Gb  long.o [4]
?smod32_l1_l0_l1        0x00a36a         Code  Gb  long.o [4]
?sra32_0x_0x_a          0x00a3fb         Code  Gb  long.o [4]
?sra32_l0_l0_a          0x00a3f8         Code  Gb  long.o [4]
?sub32_l0_l0_0x         0x00a253         Code  Gb  long.o [4]
?sub32_l0_l0_l1         0x00a250         Code  Gb  long.o [4]
?switch8vlt_0x_a_0x     0x00be61         Code  Gb  switch.o [4]
?ucmp24_c_0x_e0         0x00bed6         Code  Gb  far.o [4]
?udiv32_l0_dl_l1        0x00a2ef         Code  Gb  long.o [4]
?udiv32_l0_l0_dl        0x00a2f5         Code  Gb  long.o [4]
?udiv32_l0_l0_l1        0x00a2f9         Code  Gb  long.o [4]
?umod32_l1_l0_dl        0x00a2e9         Code  Gb  long.o [4]
?umod32_l1_l0_l1        0x00a2f9         Code  Gb  long.o [4]
?w0                     0x000000         Data  Gb  vregs.o [4]
?w1                     0x000002         Data  Gb  vregs.o [4]
?w2                     0x000004         Data  Gb  vregs.o [4]
?w3                     0x000006         Data  Gb  vregs.o [4]
?w4                     0x000008         Data  Gb  vregs.o [4]
?w5                     0x00000a         Data  Gb  vregs.o [4]
?w6                     0x00000c         Data  Gb  vregs.o [4]
?w7                     0x00000e         Data  Gb  vregs.o [4]
ADC1_ClearFlag          0x00b2d9   0x78  Code  Gb  stm8s_adc1.o [1]
ADC1_ClearITPendingBit  0x00b25e   0x7b  Code  Gb  stm8s_adc1.o [1]
ADC1_Cmd                0x00bc88   0x18  Code  Gb  stm8s_adc1.o [1]
ADC1_ConversionConfig   0x00b0a5   0x95  Code  Gb  stm8s_adc1.o [1]
ADC1_DeInit             0x00b9aa   0x31  Code  Gb  stm8s_adc1.o [1]
ADC1_GetConversionValue
                        0x00b74d   0x3e  Code  Gb  stm8s_adc1.o [1]
ADC1_IRQHandler         0x00b592   0x57  Code  Gb  stm8s_it.o [1]
ADC1_ITConfig           0x00b6cb   0x44  Code  Gb  stm8s_adc1.o [1]
ADC1_PrescalerConfig    0x00b70f   0x3e  Code  Gb  stm8s_adc1.o [1]
ADC1_SchmittTriggerConfig
                        0x00aeb8   0xad  Code  Gb  stm8s_adc1.o [1]
ADC1_StartConversion    0x00bf72    0x5  Code  Gb  stm8s_adc1.o [1]
AWU_IRQHandler          0x00bfa2    0x1  Code  Gb  stm8s_it.o [1]
CLK_ClockSwitchConfig   0x00ac72   0xd5  Code  Gb  stm8s_clk.o [1]
CLK_DeInit              0x00b83b   0x36  Code  Gb  stm8s_clk.o [1]
CLK_GetClockFreq        0x00b78b   0x3c  Code  Gb  stm8s_clk.o [1]
CLK_IRQHandler          0x00bfa3    0x1  Code  Gb  stm8s_it.o [1]
CLK_PeripheralClockConfig
                        0x00b1cd   0x91  Code  Gb  stm8s_clk.o [1]
CLK_SYSCLKConfig        0x00b483   0x5e  Code  Gb  stm8s_clk.o [1]
CSTACK$$Base            0x000600          --   Gb  - Linker created -
CSTACK$$Limit           0x000800          --   Gb  - Linker created -
Check_DS1307            0x008c33   0x31  Code  Gb  main.o [1]
Delay1                  0x0084c6    0xe  Code  Gb  main.o [1]
Delay2                  0x0084b8    0xe  Code  Gb  main.o [1]
EEPROM_EEC_IRQHandler   0x00bfb2    0x1  Code  Gb  stm8s_it.o [1]
EXTI_PORTA_IRQHandler   0x00bfa4    0x1  Code  Gb  stm8s_it.o [1]
EXTI_PORTB_IRQHandler   0x00bfa5    0x1  Code  Gb  stm8s_it.o [1]
EXTI_PORTC_IRQHandler   0x00bfa6    0x1  Code  Gb  stm8s_it.o [1]
EXTI_PORTD_IRQHandler   0x00bfa7    0x1  Code  Gb  stm8s_it.o [1]
EXTI_PORTE_IRQHandler   0x00bfa8    0x1  Code  Gb  stm8s_it.o [1]
GPIO_Init               0x00ae04   0xb4  Code  Gb  stm8s_gpio.o [1]
GPIO_ReadInputData      0x00bf95    0x3  Code  Gb  stm8s_gpio.o [1]
GPIO_WriteHigh          0x00bf8f    0x3  Code  Gb  stm8s_gpio.o [1]
GPIO_WriteLow           0x00bf77    0x4  Code  Gb  stm8s_gpio.o [1]
GPIO_WriteReverse       0x00bf92    0x3  Code  Gb  stm8s_gpio.o [1]
GpioConfiguration       0x0087b5   0x67  Code  Gb  main.o [1]
HEAP$$Base              0x00010b          --   Gb  - Linker created -
HEAP$$Limit             0x00030b          --   Gb  - Linker created -
HSIDivFactor            0x008446    0x4  Data  Gb  stm8s_clk.o [1]
I2C_AcknowledgeConfig   0x00b8dc   0x34  Code  Gb  stm8s_i2c.o [1]
I2C_CheckEvent          0x00af65   0xa6  Code  Gb  stm8s_i2c.o [1]
I2C_Cmd                 0x00bca0   0x18  Code  Gb  stm8s_i2c.o [1]
I2C_DeInit              0x00bad1   0x25  Code  Gb  stm8s_i2c.o [1]
I2C_GenerateSTART       0x00bcb8   0x18  Code  Gb  stm8s_i2c.o [1]
I2C_GenerateSTOP        0x00bcd0   0x18  Code  Gb  stm8s_i2c.o [1]
I2C_GetFlagStatus       0x00b13a   0x93  Code  Gb  stm8s_i2c.o [1]
I2C_IRQHandler          0x00bfaf    0x1  Code  Gb  stm8s_it.o [1]
I2C_Init                0x00a75a  0x16d  Code  Gb  stm8s_i2c.o [1]
I2C_RA                  0x008c0b   0x28  Code  Gb  main.o [1]
I2C_RD                  0x008be8   0x23  Code  Gb  main.o [1]
I2C_ReceiveData         0x00bf7b    0x4  Code  Gb  stm8s_i2c.o [1]
I2C_Send7bitAddress     0x00b978   0x32  Code  Gb  stm8s_i2c.o [1]
I2C_SendData            0x00bf7f    0x4  Code  Gb  stm8s_i2c.o [1]
I2C_Start               0x00895a   0x26  Code  Gb  main.o [1]
I2C_WA                  0x008934   0x26  Code  Gb  main.o [1]
I2C_WD                  0x008910   0x24  Code  Gb  main.o [1]
INTVEC$$Base            0x008000          --   Gb  - Linker created -
INTVEC$$Limit           0x008080          --   Gb  - Linker created -
InitAdc                 0x008747   0x2d  Code  Gb  main.o [1]
InitClk                 0x008774   0x38  Code  Gb  main.o [1]
InitDelayTimer          0x008645   0x1d  Code  Gb  main.o [1]
InitI2C                 0x008cfe   0x26  Code  Gb  main.o [1]
InitLcd                 0x008696   0x5c  Code  Gb  main.o [1]
InitUart                0x00871b   0x2c  Code  Gb  main.o [1]
LCD                     0x008579   0xba  Code  Gb  main.o [1]
LCDData                 0x00853b    0xb  Code  Gb  main.o [1]
LCDDataOut              0x0084e4   0x57  Code  Gb  main.o [1]
LCDInstr                0x00856e    0xb  Code  Gb  main.o [1]
LCDInstrNibble          0x008687    0xf  Code  Gb  main.o [1]
LoadInt                 0x00b63a   0x4b  Code  Lc  xprintffull.o [4]
PulseEnable             0x0084d4   0x10  Code  Gb  main.o [1]
ReadDS1307              0x008c80   0x58  Code  Gb  main.o [1]
Region$$Table$$Base     0x00838c          --   Gb  - Linker created -
Region$$Table$$Limit    0x0083a0          --   Gb  - Linker created -
SPI_IRQHandler          0x00bfa9    0x1  Code  Gb  stm8s_it.o [1]
Set_Clock               0x008a15  0x1ae  Code  Gb  main.o [1]
Set_DS1307              0x008987   0x83  Code  Gb  main.o [1]
TIM1_CAP_COM_IRQHandler
                        0x00bfab    0x1  Code  Gb  stm8s_it.o [1]
TIM1_UPD_OVF_TRG_BRK_IRQHandler
                        0x00bfaa    0x1  Code  Gb  stm8s_it.o [1]
TIM2_CAP_COM_IRQHandler
                        0x00bfac    0x1  Code  Gb  stm8s_it.o [1]
TIM2_ClearITPendingBit  0x00bc02   0x1d  Code  Gb  stm8s_tim2.o [1]
TIM2_Cmd                0x00b46b   0x18  Code  Gb  stm8s_tim2.o [1]
TIM2_DeInit             0x00b4e1   0x59  Code  Gb  stm8s_tim2.o [1]
TIM2_ITConfig           0x00b42f   0x3c  Code  Gb  stm8s_tim2.o [1]
TIM2_TimeBaseInit       0x00beb8    0xa  Code  Gb  stm8s_tim2.o [1]
TIM2_UPD_OVF_BRK_IRQHandler
                        0x00b7c7   0x3b  Code  Gb  stm8s_it.o [1]
TIM3_CAP_COM_IRQHandler
                        0x00bfae    0x1  Code  Gb  stm8s_it.o [1]
TIM3_UPD_OVF_BRK_IRQHandler
                        0x00bfad    0x1  Code  Gb  stm8s_it.o [1]
TIM4_UPD_OVF_IRQHandler
                        0x00bfb1    0x1  Code  Gb  stm8s_it.o [1]
TLI_IRQHandler          0x00bfa1    0x1  Code  Gb  stm8s_it.o [1]
TRAP_IRQHandler         0x00bfa0    0x1  Code  Gb  stm8s_it.o [1]
UART2_ClearITPendingBit
                        0x00bb1b   0x25  Code  Gb  stm8s_uart2.o [1]
UART2_Cmd               0x00bdaa    0xd  Code  Gb  stm8s_uart2.o [1]
UART2_DeInit            0x00ba84   0x27  Code  Gb  stm8s_uart2.o [1]
UART2_ITConfig          0x00ad47   0xbd  Code  Gb  stm8s_uart2.o [1]
UART2_Init              0x00a421  0x1ba  Code  Gb  stm8s_uart2.o [1]
UART2_RX_IRQHandler     0x00baf6   0x25  Code  Gb  stm8s_it.o [1]
UART2_ReceiveData8      0x00bf83    0x4  Code  Gb  stm8s_uart2.o [1]
UART2_TX_IRQHandler     0x00bfb0    0x1  Code  Gb  stm8s_it.o [1]
_EncodingSb_Mbtowc      0x00b9db   0x30  Code  Gb  xencoding_sb.o [4]
_EncodingSb_Wctomb      0x00bc6f   0x19  Code  Gb  xencoding_sb.o [4]
_GenldDefault           0x009c2a  0x3cf  Code  Lc  xprintffull.o [4]
_LdtobDefault           0x009329  0x497  Code  Lc  xprintffull.o [4]
_LitobDefault           0x00a5db  0x17f  Code  Lc  xprintffull.o [4]
_LocaleEncoding         0x00bd9c    0xe  Code  Gb  setlocale.o [4]
_Locale_Profile         0x0000e1    0xe  Data  Gb  setlocale.o [4]
_Locale_lconv           0x000010   0x2e  Data  Gb  localeconv.o [4]
_Mbtowc                 0x00ba0b   0x29  Code  Gb  xmbtowc.o [4]
_Printf                 0x008e0f  0x51a  Code  Gb  xprintffull.o [4]
_Prout                  0x00bc1f   0x1d  Code  Gb  xprout.o [4]
_PutcharDefault         0x00b802   0x39  Code  Lc  xprintffull.o [4]
_PutcharsDefault        0x00b8a7   0x35  Code  Lc  xprintffull.o [4]
_PutstrDefault          0x009ff9  0x247  Code  Lc  xprintffull.o [4]
_Wctomb                 0x00bb40   0x22  Code  Gb  xwctomb.o [4]
__DebugBreak            0x00bfb3    0x1  Code  Gb  __dbg_break.o [3]
__exit                  0x00bd15   0x16  Code  Gb  __dbg_xxexit.o [3]
__iar_Dnorm             0x00aa2a         Code  Gb  float_libsup.o [4]
__iar_Dscale            0x00aab8         Code  Gb  float_libsup.o [4]
__iar_Dunscale          0x00aa66         Code  Gb  float_libsup.o [4]
__iar_Mbcurmax          0x00bf60    0x7  Code  Gb  xmbcurmax.o [4]
__iar_Memchr            0x00bd2b   0x15  Code  Gb  memchr.o [4]
__iar_Stdout            0x00003e   0x28  Data  Gb  xfiles.o [4]
__iar_Strchr            0x00bd40   0x15  Code  Gb  strchr.o [4]
__iar_Tls_setup__Locale_Profile
                        0x0000f6    0x3  Data  Gb  setlocale.o [4]
__iar_Tls_setup__Locale_lconv
                        0x0000f3    0x3  Data  Gb  localeconv.o [4]
__iar_copy_init2        0x00ba5c         Code  Gb  init_small.o [4]
__iar_data_init2        0x00bbc6   0x1e  Code  Gb  init.o [4]
__iar_program_start     0x00bce8         Code  Gb  cstartup.o [4]
__iar_unhandled_exception
                        0x00bf9b         Code  Gb  unhandled_exception.o [4]
__iar_zero_init2        0x00bbe4         Code  Gb  init_small.o [4]
__intvec                0x008000         Data  Gb  interrupt.o [4]
__low_level_init        0x00bf98    0x3  Code  Gb  low_level_init.o [4]
__near_Aldata           0x0000ef    0x4  Data  Gb  xxmemxmalloc.o [4]
__near_GetMemChunk      0x00bb62   0x22  Code  Gb  xgetmemchunk.o [4]
__near_findmem          0x00b351   0x70  Code  Lc  xxmemxmalloc.o [4]
_exit                   0x00bf67         Code  Gb  cexit.o [4]
_interrupt_1            0x00bfa0         Code  Gb  stm8s_it.o [1]
_interrupt_10           0x00bf87         Code  Wk  interrupt.o [4]
_interrupt_11           0x00bf87         Code  Wk  interrupt.o [4]
_interrupt_12           0x00bfa9         Code  Gb  stm8s_it.o [1]
_interrupt_13           0x00bfaa         Code  Gb  stm8s_it.o [1]
_interrupt_14           0x00bfab         Code  Gb  stm8s_it.o [1]
_interrupt_15           0x00b7c7         Code  Gb  stm8s_it.o [1]
_interrupt_16           0x00bfac         Code  Gb  stm8s_it.o [1]
_interrupt_17           0x00bfad         Code  Gb  stm8s_it.o [1]
_interrupt_18           0x00bfae         Code  Gb  stm8s_it.o [1]
_interrupt_19           0x00bf87         Code  Wk  interrupt.o [4]
_interrupt_2            0x00bfa1         Code  Gb  stm8s_it.o [1]
_interrupt_20           0x00bf87         Code  Wk  interrupt.o [4]
_interrupt_21           0x00bfaf         Code  Gb  stm8s_it.o [1]
_interrupt_22           0x00bfb0         Code  Gb  stm8s_it.o [1]
_interrupt_23           0x00baf6         Code  Gb  stm8s_it.o [1]
_interrupt_24           0x00b592         Code  Gb  stm8s_it.o [1]
_interrupt_25           0x00bfb1         Code  Gb  stm8s_it.o [1]
_interrupt_26           0x00bfb2         Code  Gb  stm8s_it.o [1]
_interrupt_27           0x00bf87         Code  Wk  interrupt.o [4]
_interrupt_28           0x00bf87         Code  Wk  interrupt.o [4]
_interrupt_29           0x00bf87         Code  Wk  interrupt.o [4]
_interrupt_3            0x00bfa2         Code  Gb  stm8s_it.o [1]
_interrupt_30           0x00bf87         Code  Wk  interrupt.o [4]
_interrupt_31           0x00bf87         Code  Wk  interrupt.o [4]
_interrupt_4            0x00bfa3         Code  Gb  stm8s_it.o [1]
_interrupt_5            0x00bfa4         Code  Gb  stm8s_it.o [1]
_interrupt_6            0x00bfa5         Code  Gb  stm8s_it.o [1]
_interrupt_7            0x00bfa6         Code  Gb  stm8s_it.o [1]
_interrupt_8            0x00bfa7         Code  Gb  stm8s_it.o [1]
_interrupt_9            0x00bfa8         Code  Gb  stm8s_it.o [1]
adcdata                 0x0000fd    0x2  Data  Gb  main.o [1]
adj                     0x0088ac   0x4d  Code  Gb  main.o [1]
assert_failed           0x00bf9e    0x2  Code  Gb  main.o [1]
convert_tobcd           0x0088f9   0x17  Code  Gb  main.o [1]
count                   0x000104    0x1  Data  Gb  main.o [1]
date                    0x000067    0x1  Data  Gb  main.o [1]
days                    0x000066    0x1  Data  Gb  main.o [1]
div                     0x00b944   0x34  Code  Gb  div.o [4]
error                   0x000109    0x1  Data  Gb  main.o [1]
exit                    0x00bf8b    0x4  Code  Gb  exit.o [4]
fputc                   0x008633   0x12  Code  Gb  main.o [1]
free                    0x00ab8c   0xe6  Code  Gb  xxmemxfree.o [4]
hours                   0x000107    0x1  Data  Gb  main.o [1]
index                   0x00010a    0x1  Data  Gb  stm8s_it.o [1]
key_minus_on            0x008825   0x25  Code  Gb  main.o [1]
key_ok_on               0x00887d   0x2f  Code  Gb  main.o [1]
key_plus_on             0x00884a   0x25  Code  Gb  main.o [1]
line_lcd                0x000103    0x1  Data  Gb  main.o [1]
localeconv              0x00bc56   0x19  Code  Gb  localeconv.o [4]
main                    0x008d24   0xd4  Code  Gb  main.o [1]
malloc                  0x00b00b   0x9a  Code  Gb  xxmemxmalloc.o [4]
measure                 0x0000b9   0x28  Data  Gb  main.o [1]
memcpy                  0x00baab   0x26  Code  Gb  memcpy.o [4]
minutes                 0x000106    0x1  Data  Gb  main.o [1]
mounts                  0x000068    0x1  Data  Gb  main.o [1]
obuf                    0x000069   0x50  Data  Lc  xfiles.o [4]
pad                     0x00b871   0x36  Code  Lc  xprintffull.o [4]
printf                  0x00ba34   0x28  Code  Gb  printf.o [4]
putchar                 0x00bf43    0x8  Code  Gb  putchar.o [4]
rx_data                 0x000102    0x1  Data  Gb  main.o [1]
scale                   0x00b5e9   0x51  Code  Lc  xprintffull.o [4]
seconds                 0x000105    0x1  Data  Gb  main.o [1]
strlen                  0x00bd7a   0x12  Code  Gb  strlen.o [4]
timeout                 0x000101    0x1  Data  Gb  main.o [1]
timer1                  0x0000f9    0x2  Data  Gb  main.o [1]
timer2                  0x0000fb    0x2  Data  Gb  main.o [1]
years                   0x000108    0x1  Data  Gb  main.o [1]


[1] = C:\Documents and Settings\Administrator\Desktop\stm8s105k-controller\Project\STM8S_StdPeriph_Template\EWSTM8\STM8S105\Obj
[2] = command line
[3] = dbgstm8mmd.a
[4] = dlstm8mmf.a

  15 100 bytes of readonly  code memory
   1 208 bytes of readonly  data memory
   1 291 bytes of readwrite data memory

Errors: none
Warnings: none
