###############################################################################
#                                                                             #
# IAR ELF Linker V1.30.1.50036 for STM8                 13/Sep/2013  22:07:02 #
# Copyright 2010-2011 IAR Systems AB.                                         #
#                                                                             #
#    Output file  =  C:\Documents and Settings\Administrator\Desktop\stm8s105 #
#                    k-controller\Project\STM8S_StdPeriph_Template\EWSTM8\STM #
#                    8S105\Exe\Project.out                                    #
#    Map file     =  C:\Documents and Settings\Administrator\Desktop\stm8s105 #
#                    k-controller\Project\STM8S_StdPeriph_Template\EWSTM8\STM #
#                    8S105\List\Project.map                                   #
#    Command line =  "C:\Documents and Settings\Administrator\Desktop\stm8s10 #
#                    5k-controller\Project\STM8S_StdPeriph_Template\EWSTM8\ST #
#                    M8S105\Obj\main.o" "C:\Documents and                     #
#                    Settings\Administrator\Desktop\stm8s105k-controller\Proj #
#                    ect\STM8S_StdPeriph_Template\EWSTM8\STM8S105\Obj\stm8s_a #
#                    dc1.o" "C:\Documents and Settings\Administrator\Desktop\ #
#                    stm8s105k-controller\Project\STM8S_StdPeriph_Template\EW #
#                    STM8\STM8S105\Obj\stm8s_awu.o" "C:\Documents and         #
#                    Settings\Administrator\Desktop\stm8s105k-controller\Proj #
#                    ect\STM8S_StdPeriph_Template\EWSTM8\STM8S105\Obj\stm8s_b #
#                    eep.o" "C:\Documents and Settings\Administrator\Desktop\ #
#                    stm8s105k-controller\Project\STM8S_StdPeriph_Template\EW #
#                    STM8\STM8S105\Obj\stm8s_clk.o" "C:\Documents and         #
#                    Settings\Administrator\Desktop\stm8s105k-controller\Proj #
#                    ect\STM8S_StdPeriph_Template\EWSTM8\STM8S105\Obj\stm8s_e #
#                    xti.o" "C:\Documents and Settings\Administrator\Desktop\ #
#                    stm8s105k-controller\Project\STM8S_StdPeriph_Template\EW #
#                    STM8\STM8S105\Obj\stm8s_flash.o" "C:\Documents and       #
#                    Settings\Administrator\Desktop\stm8s105k-controller\Proj #
#                    ect\STM8S_StdPeriph_Template\EWSTM8\STM8S105\Obj\stm8s_g #
#                    pio.o" "C:\Documents and Settings\Administrator\Desktop\ #
#                    stm8s105k-controller\Project\STM8S_StdPeriph_Template\EW #
#                    STM8\STM8S105\Obj\stm8s_i2c.o" "C:\Documents and         #
#                    Settings\Administrator\Desktop\stm8s105k-controller\Proj #
#                    ect\STM8S_StdPeriph_Template\EWSTM8\STM8S105\Obj\stm8s_i #
#                    t.o" "C:\Documents and Settings\Administrator\Desktop\st #
#                    m8s105k-controller\Project\STM8S_StdPeriph_Template\EWST #
#                    M8\STM8S105\Obj\stm8s_itc.o" "C:\Documents and           #
#                    Settings\Administrator\Desktop\stm8s105k-controller\Proj #
#                    ect\STM8S_StdPeriph_Template\EWSTM8\STM8S105\Obj\stm8s_i #
#                    wdg.o" "C:\Documents and Settings\Administrator\Desktop\ #
#                    stm8s105k-controller\Project\STM8S_StdPeriph_Template\EW #
#                    STM8\STM8S105\Obj\stm8s_rst.o" "C:\Documents and         #
#                    Settings\Administrator\Desktop\stm8s105k-controller\Proj #
#                    ect\STM8S_StdPeriph_Template\EWSTM8\STM8S105\Obj\stm8s_s #
#                    pi.o" "C:\Documents and Settings\Administrator\Desktop\s #
#                    tm8s105k-controller\Project\STM8S_StdPeriph_Template\EWS #
#                    TM8\STM8S105\Obj\stm8s_tim1.o" "C:\Documents and         #
#                    Settings\Administrator\Desktop\stm8s105k-controller\Proj #
#                    ect\STM8S_StdPeriph_Template\EWSTM8\STM8S105\Obj\stm8s_t #
#                    im2.o" "C:\Documents and Settings\Administrator\Desktop\ #
#                    stm8s105k-controller\Project\STM8S_StdPeriph_Template\EW #
#                    STM8\STM8S105\Obj\stm8s_tim3.o" "C:\Documents and        #
#                    Settings\Administrator\Desktop\stm8s105k-controller\Proj #
#                    ect\STM8S_StdPeriph_Template\EWSTM8\STM8S105\Obj\stm8s_t #
#                    im4.o" "C:\Documents and Settings\Administrator\Desktop\ #
#                    stm8s105k-controller\Project\STM8S_StdPeriph_Template\EW #
#                    STM8\STM8S105\Obj\stm8s_uart2.o" "C:\Documents and       #
#                    Settings\Administrator\Desktop\stm8s105k-controller\Proj #
#                    ect\STM8S_StdPeriph_Template\EWSTM8\STM8S105\Obj\stm8s_w #
#                    wdg.o" --redirect _Printf=_PrintfSmall --redirect        #
#                    _Scanf=_ScanfSmall -o "C:\Documents and                  #
#                    Settings\Administrator\Desktop\stm8s105k-controller\Proj #
#                    ect\STM8S_StdPeriph_Template\EWSTM8\STM8S105\Exe\Project #
#                    .out" --map "C:\Documents and                            #
#                    Settings\Administrator\Desktop\stm8s105k-controller\Proj #
#                    ect\STM8S_StdPeriph_Template\EWSTM8\STM8S105\List\Projec #
#                    t.map" --config "C:\Program Files\IAR Systems\Embedded   #
#                    Workbench 6.0\stm8\config\lnkstm8s105k4.icf"             #
#                    --config_def _CSTACK_SIZE=0x200 --config_def             #
#                    _HEAP_SIZE=0x200 --entry __iar_program_start --debug_lib #
#                                                                             #
#                                                                             #
###############################################################################

*******************************************************************************
*** RUNTIME MODEL ATTRIBUTES
***

__Heap_Handler             = Basic
__SystemLibrary            = DLib
__code_model               = medium_or_large
__core                     = stm8
__data_model               = medium
__dlib_file_descriptor     = 1
__dlib_full_locale_support = 1
__rt_version               = 4


*******************************************************************************
*** PLACEMENT SUMMARY
***

"A1":  place at start of [0x000000-0x0000ff] { rw section .vregs };
"A2":  place at end of [0x000000-0x0007ff] { block CSTACK };
"P2":  place in [from 0x000000 to 0x0007ff] {
          block HEAP, rw section .far.bss, rw section .far.data,
          rw section .far.noinit, rw section .far_func.textrw,
          rw section .huge.bss, rw section .huge.data, rw section .huge.noinit,
          rw section .huge_func.textrw, rw section .iar.dynexit,
          rw section .near.bss, rw section .near.data, rw section .near.noinit,
          rw section .near_func.textrw };
"A3":  place at start of [0x008000-0x00bfff] { block INTVEC };
"P3":  place in [from 0x008000 to 0x00bfff] {
          ro section .far.data_init, ro section .far_func.textrw_init,
          ro section .huge.data_init, ro section .huge_func.textrw_init,
          ro section .iar.init_table, ro section .init_array,
          ro section .near.data_init, ro section .near.rodata,
          ro section .near_func.text, ro section .near_func.textrw_init,
          ro section .tiny.data_init, ro section .tiny.rodata_init };
"P4":  place in [from 0x008000 to 0x00bfff] {
          ro section .far.rodata, ro section .far_func.text };

  Section            Kind      Address    Size  Object
  -------            ----      -------    ----  ------
"A1":                                     0x10
  .vregs             uninit   0x000000    0x10  vregs.o [4]
                            - 0x000010    0x10

"P2", part 1 of 3:                        0x2b
  P2 s0                       0x000010    0x2b  <Init block>
    .near.data       inited   0x000010    0x28  xfiles.o [4]
    .near.data       inited   0x000038     0x1  main.o [1]
    .near.data       inited   0x000039     0x1  main.o [1]
    .near.data       inited   0x00003a     0x1  main.o [1]
                            - 0x00003b    0x2b

"P2", part 2 of 3:                        0xbb
  .near.bss          zero     0x00003b    0x50  xfiles.o [4]
  .near.bss          zero     0x00008b    0x28  main.o [1]
  .near.bss          zero     0x0000b3     0xe  setlocale.o [4]
  .near.bss          zero     0x0000c1     0xa  main.o [1]
  .near.bss          zero     0x0000cb     0x4  xxmemxmalloc.o [4]
  .near.bss          zero     0x0000cf     0x3  setlocale.o [4]
  .near.bss          zero     0x0000d2     0x2  main.o [1]
  .near.bss          zero     0x0000d4     0x2  main.o [1]
  .near.bss          zero     0x0000d6     0x2  main.o [1]
  .near.bss          zero     0x0000d8     0x2  main.o [1]
  .near.bss          zero     0x0000da     0x2  main.o [1]
  .near.bss          zero     0x0000dc     0x2  main.o [1]
  .near.bss          zero     0x0000de     0x2  main.o [1]
  .near.bss          zero     0x0000e0     0x2  main.o [1]
  .near.bss          zero     0x0000e2     0x2  xgetmemchunk.o [4]
  .near.bss          zero     0x0000e4     0x1  main.o [1]
  .near.bss          zero     0x0000e5     0x1  main.o [1]
  .near.bss          zero     0x0000e6     0x1  main.o [1]
  .near.bss          zero     0x0000e7     0x1  main.o [1]
  .near.bss          zero     0x0000e8     0x1  main.o [1]
  .near.bss          zero     0x0000e9     0x1  main.o [1]
  .near.bss          zero     0x0000ea     0x1  main.o [1]
  .near.bss          zero     0x0000eb     0x1  main.o [1]
  .near.bss          zero     0x0000ec     0x1  main.o [1]
  .near.bss          zero     0x0000ed     0x1  main.o [1]
  .near.bss          zero     0x0000ee     0x1  main.o [1]
  .near.bss          zero     0x0000ef     0x1  main.o [1]
  .near.bss          zero     0x0000f0     0x1  main.o [1]
  .near.bss          zero     0x0000f1     0x1  main.o [1]
  .near.bss          zero     0x0000f2     0x1  main.o [1]
  .near.bss          zero     0x0000f3     0x1  main.o [1]
  .near.bss          zero     0x0000f4     0x1  main.o [1]
  .near.bss          zero     0x0000f5     0x1  main.o [1]
                            - 0x0000f6    0xbb

"P2", part 3 of 3:                       0x200
  HEAP                        0x0000f6   0x200  <Block>
    HEAP             uninit   0x0000f6   0x200  <Block tail>
                            - 0x0002f6   0x200

"A2":                                    0x200
  CSTACK                      0x000600   0x200  <Block>
    CSTACK           uninit   0x000600   0x200  <Block tail>
                            - 0x000800   0x200

"A3":                                     0x80
  INTVEC                      0x008000    0x80  <Block>
    .intvec          const    0x008000    0x80  interrupt.o [4]
                            - 0x008080    0x80

"P3":                                    0x50c
  .near.rodata       const    0x008080    0x78  stm8s_flash.o [1]
  .near.rodata       const    0x0080f8    0x78  stm8s_uart2.o [1]
  .near.rodata       const    0x008170    0x77  stm8s_adc1.o [1]
  .near.rodata       const    0x0081e7    0x77  stm8s_gpio.o [1]
  .near.rodata       const    0x00825e    0x77  stm8s_tim2.o [1]
  .near.rodata       const    0x0082d5    0x77  stm8s_tim3.o [1]
  .near.rodata       const    0x00834c    0x76  stm8s_clk.o [1]
  .near.rodata       const    0x0083c2    0x76  stm8s_i2c.o [1]
  .iar.init_table    const    0x008438    0x14  - Linker created -
  .near.rodata       const    0x00844c    0x10  main.o [1]
  .near.rodata       const    0x00845c     0xb  main.o [1]
  .near.rodata       const    0x008467     0xb  main.o [1]
  .near.rodata       const    0x008472     0xa  main.o [1]
  .near.rodata       const    0x00847c     0xa  main.o [1]
  .near.rodata       const    0x008486     0xa  main.o [1]
  .near.rodata       const    0x008490     0xa  main.o [1]
  .near.rodata       const    0x00849a     0xa  main.o [1]
  .near.rodata       const    0x0084a4     0xa  main.o [1]
  .near.rodata       const    0x0084ae     0xa  main.o [1]
  .near.rodata       const    0x0084b8     0xa  main.o [1]
  .near.rodata       const    0x0084c2     0xa  main.o [1]
  .near.rodata       const    0x0084cc     0xa  main.o [1]
  .near.rodata       const    0x0084d6     0x9  main.o [1]
  .near.rodata       const    0x0084df     0x9  main.o [1]
  .near.rodata       const    0x0084e8     0x9  main.o [1]
  .near.rodata       const    0x0084f1     0x8  main.o [1]
  .near.rodata       const    0x0084f9     0x8  main.o [1]
  .near.rodata       const    0x008501     0x8  main.o [1]
  .near.rodata       const    0x008509     0x8  main.o [1]
  .near.rodata       const    0x008511     0x8  xprintfsmall.o [4]
  .near.rodata       const    0x008519     0x8  xprintfsmall.o [4]
  .near.rodata       const    0x008521     0x8  xencoding_sb.o [4]
  .near.rodata       const    0x008529     0x8  xencoding_sb.o [4]
  .near.rodata       const    0x008531     0x7  main.o [1]
  .near.rodata       const    0x008538     0x7  main.o [1]
  .near.rodata       const    0x00853f     0x7  main.o [1]
  .near.rodata       const    0x008546     0x7  main.o [1]
  .near.rodata       const    0x00854d     0x7  main.o [1]
  .near.rodata       const    0x008554     0x7  xprintfsmall.o [4]
  .near.rodata       const    0x00855b     0x6  main.o [1]
  Initializer bytes  ro data  0x008561    0x2b  <for P2 s0>
                            - 0x00858c   0x50c

"P4":                                   0x2cb7
  .far_func.text     ro code  0x00858c   0x7f0  main.o [1]
  .far_func.text     ro code  0x008d7c   0x4aa  xprintfsmall.o [4]
  .far_func.text     ro code  0x009226   0x1e7  xprintfsmall.o [4]
  .far_func.text     ro code  0x00940d   0x1df  main.o [1]
  .far_func.text     ro code  0x0095ec   0x18b  main.o [1]
  .far_func.text     ro code  0x009777   0x17f  xprintfsmall.o [4]
  .far_func.text     ro code  0x0098f6   0x16d  stm8s_i2c.o [1]
  .far_func.text     ro code  0x009a63   0x15a  long.o [4]
  .far_func.text     ro code  0x009bbd   0x155  main.o [1]
  .far_func.text     ro code  0x009d12   0x143  vreg_util.o [4]
  .far_func.text     ro code  0x009e55    0xe6  xxmemxfree.o [4]
  .far_func.text     ro code  0x009f3b    0xd5  stm8s_clk.o [1]
  .far_func.text     ro code  0x00a010    0xb4  stm8s_gpio.o [1]
  .far_func.text     ro code  0x00a0c4    0xa6  stm8s_i2c.o [1]
  .far_func.text     ro code  0x00a16a    0x9a  xxmemxmalloc.o [4]
  .far_func.text     ro code  0x00a204    0x93  stm8s_i2c.o [1]
  .far_func.text     ro code  0x00a297    0x91  stm8s_clk.o [1]
  .far_func.text     ro code  0x00a328    0x7b  main.o [1]
  .far_func.text     ro code  0x00a3a3    0x70  xxmemxmalloc.o [4]
  .far_func.text     ro code  0x00a413    0x6c  main.o [1]
  .far_func.text     ro code  0x00a47f    0x67  main.o [1]
  .far_func.text     ro code  0x00a4e6    0x67  stm8s_it.o [1]
  .far_func.text     ro code  0x00a54d    0x60  stm8s_tim2.o [1]
  .far_func.text     ro code  0x00a5ad    0x60  stm8s_tim3.o [1]
  .far_func.text     ro code  0x00a60d    0x5e  stm8s_clk.o [1]
  .far_func.text     ro code  0x00a66b    0x59  stm8s_tim2.o [1]
  .far_func.text     ro code  0x00a6c4    0x47  xprintfsmall.o [4]
  .far_func.text     ro code  0x00a70b    0x45  stm8s_tim3.o [1]
  .far_func.text     ro code  0x00a750    0x45  sprintf.o [4]
  .far_func.text     ro code  0x00a795    0x3f  main.o [1]
  .far_func.text     ro code  0x00a7d4    0x3f  short.o [4]
  .far_func.text     ro code  0x00a813    0x3e  long_util.o [4]
  .far_func.text     ro code  0x00a851    0x3b  stm8s_it.o [1]
  .far_func.text     ro code  0x00a88c    0x3a  stm8s_flash.o [1]
  .far_func.text     ro code  0x00a8c6    0x39  xprintfsmall.o [4]
  .far_func.text     ro code  0x00a8ff    0x38  main.o [1]
  .far_func.text     ro code  0x00a937    0x36  stm8s_clk.o [1]
  .far_func.text     ro code  0x00a96d    0x35  main.o [1]
  .far_func.text     ro code  0x00a9a2    0x35  xprintfsmall.o [4]
  .far_func.text     ro code  0x00a9d7    0x35  xprintfsmall.o [4]
  .far_func.text     ro code  0x00aa0c    0x34  stm8s_i2c.o [1]
  .far_func.text     ro code  0x00aa40    0x34  far_util.o [4]
  .far_func.text     ro code  0x00aa74    0x32  stm8s_i2c.o [1]
  .far_func.text     ro code  0x00aaa6    0x30  xencoding_sb.o [4]
  .far_func.text     ro code  0x00aad6    0x2c  stm8s_flash.o [1]
  .far_func.text     ro code  0x00ab02    0x29  xmbtowc.o [4]
  .far_func.text     ro code  0x00ab2b    0x28  printf.o [4]
  .far_func.text     ro code  0x00ab53    0x28  init_small.o [4]
  .far_func.text     ro code  0x00ab7b    0x27  main.o [1]
  .far_func.text     ro code  0x00aba2    0x27  main.o [1]
  .far_func.text     ro code  0x00abc9    0x26  main.o [1]
  .far_func.text     ro code  0x00abef    0x26  main.o [1]
  .far_func.text     ro code  0x00ac15    0x26  main.o [1]
  .far_func.text     ro code  0x00ac3b    0x26  memcpy.o [4]
  .far_func.text     ro code  0x00ac61    0x25  stm8s_i2c.o [1]
  .far_func.text     ro code  0x00ac86    0x25  stm8s_it.o [1]
  .far_func.text     ro code  0x00acab    0x25  stm8s_uart2.o [1]
  .far_func.text     ro code  0x00acd0    0x24  main.o [1]
  .far_func.text     ro code  0x00acf4    0x22  stm8s_flash.o [1]
  .far_func.text     ro code  0x00ad16    0x22  xwctomb.o [4]
  .far_func.text     ro code  0x00ad38    0x22  xgetmemchunk.o [4]
  .far_func.text     ro code  0x00ad5a    0x21  stm8s_flash.o [1]
  .far_func.text     ro code  0x00ad7b    0x20  stm8s_flash.o [1]
  .far_func.text     ro code  0x00ad9b    0x1e  init.o [4]
  .far_func.text     ro code  0x00adb9    0x1e  init_small.o [4]
  .far_func.text     ro code  0x00add7    0x1d  stm8s_tim2.o [1]
  .far_func.text     ro code  0x00adf4    0x1d  stm8s_tim3.o [1]
  .far_func.text     ro code  0x00ae11    0x1d  xprout.o [4]
  .far_func.text     ro code  0x00ae2e    0x1a  stm8s_flash.o [1]
  .far_func.text     ro code  0x00ae48    0x1a  xprintfsmall.o [4]
  .far_func.text     ro code  0x00ae62    0x19  xencoding_sb.o [4]
  .far_func.text     ro code  0x00ae7b    0x18  stm8s_adc1.o [1]
  .far_func.text     ro code  0x00ae93    0x18  stm8s_flash.o [1]
  .far_func.text     ro code  0x00aeab    0x18  stm8s_i2c.o [1]
  .far_func.text     ro code  0x00aec3    0x18  stm8s_i2c.o [1]
  .far_func.text     ro code  0x00aedb    0x18  stm8s_i2c.o [1]
  .far_func.text     ro code  0x00aef3    0x17  main.o [1]
  .far_func.text     ro code  0x00af0a    0x17  main.o [1]
  .far_func.text     ro code  0x00af21    0x17  cstartup.o [4]
  .far_func.text     ro code  0x00af38    0x16  xprintfsmall.o [4]
  .far_func.text     ro code  0x00af4e    0x16  __dbg_xxexit.o [3]
  .far_func.text     ro code  0x00af64    0x15  memchr.o [4]
  .far_func.text     ro code  0x00af79    0x15  strchr.o [4]
  .far_func.text     ro code  0x00af8e    0x13  stm8s_flash.o [1]
  .far_func.text     ro code  0x00afa1    0x13  xprintfsmall.o [4]
  .far_func.text     ro code  0x00afb4    0x12  main.o [1]
  .far_func.text     ro code  0x00afc6    0x12  stm8s_i2c.o [1]
  .far_func.text     ro code  0x00afd8    0x12  strlen.o [4]
  .far_func.text     ro code  0x00afea    0x10  xprintfsmall.o [4]
  .far_func.text     ro code  0x00affa     0xf  main.o [1]
  .far_func.text     ro code  0x00b009     0xe  main.o [1]
  .far_func.text     ro code  0x00b017     0xe  xsprout.o [4]
  .far_func.text     ro code  0x00b025     0xe  setlocale.o [4]
  .far_func.text     ro code  0x00b033     0xd  move.o [4]
  .far_func.text     ro code  0x00b040     0xc  main.o [1]
  .far_func.text     ro code  0x00b04c     0xc  stm8s_adc1.o [1]
  .far_func.text     ro code  0x00b058     0xc  stm8s_clk.o [1]
  .far_func.text     ro code  0x00b064     0xc  stm8s_flash.o [1]
  .far_func.text     ro code  0x00b070     0xc  stm8s_gpio.o [1]
  .far_func.text     ro code  0x00b07c     0xc  stm8s_i2c.o [1]
  .far_func.text     ro code  0x00b088     0xc  stm8s_i2c.o [1]
  .far_func.text     ro code  0x00b094     0xc  stm8s_tim2.o [1]
  .far_func.text     ro code  0x00b0a0     0xc  stm8s_tim3.o [1]
  .far_func.text     ro code  0x00b0ac     0xc  stm8s_uart2.o [1]
  .far_func.text     ro code  0x00b0b8     0xc  xprintfsmall.o [4]
  .far_func.text     ro code  0x00b0c4     0xc  xprintfsmall.o [4]
  .far_func.text     ro code  0x00b0d0     0xb  main.o [1]
  .far_func.text     ro code  0x00b0db     0xb  main.o [1]
  .far_func.text     ro code  0x00b0e6     0xb  main.o [1]
  .far_func.text     ro code  0x00b0f1     0xb  stm8s_clk.o [1]
  .far_func.text     ro code  0x00b0fc     0xb  xprintfsmall.o [4]
  .far_func.text     ro code  0x00b107     0xb  setlocale.o [4]
  .far_func.text     ro code  0x00b112     0xa  main.o [1]
  .far_func.text     ro code  0x00b11c     0xa  main.o [1]
  .far_func.text     ro code  0x00b126     0xa  main.o [1]
  .far_func.text     ro code  0x00b130     0xa  main.o [1]
  .far_func.text     ro code  0x00b13a     0xa  stm8s_tim2.o [1]
  .far_func.text     ro code  0x00b144     0xa  stm8s_tim3.o [1]
  .far_func.text     ro code  0x00b14e     0xa  xprintfsmall.o [4]
  .far_func.text     ro code  0x00b158     0xa  far.o [4]
  .far_func.text     ro code  0x00b162     0xa  setlocale.o [4]
  .far_func.text     ro code  0x00b16c     0x9  main.o [1]
  .far_func.text     ro code  0x00b175     0x9  main.o [1]
  .far_func.text     ro code  0x00b17e     0x9  main.o [1]
  .far_func.text     ro code  0x00b187     0x9  main.o [1]
  .far_func.text     ro code  0x00b190     0x9  xprintfsmall.o [4]
  .far_func.text     ro code  0x00b199     0x9  xprintfsmall.o [4]
  .far_func.text     ro code  0x00b1a2     0x9  setlocale.o [4]
  .far_func.text     ro code  0x00b1ab     0x8  xprintfsmall.o [4]
  .far_func.text     ro code  0x00b1b3     0x8  xxmemxmalloc.o [4]
  .far_func.text     ro code  0x00b1bb     0x8  putchar.o [4]
  .far_func.text     ro code  0x00b1c3     0x7  main.o [1]
  .far_func.text     ro code  0x00b1ca     0x7  main.o [1]
  .far_func.text     ro code  0x00b1d1     0x7  main.o [1]
  .far_func.text     ro code  0x00b1d8     0x7  main.o [1]
  .far_func.text     ro code  0x00b1df     0x7  main.o [1]
  .far_func.text     ro code  0x00b1e6     0x7  main.o [1]
  .far_func.text     ro code  0x00b1ed     0x7  xmbcurmax.o [4]
  .far_func.text     ro code  0x00b1f4     0x6  xprintfsmall.o [4]
  .far_func.text     ro code  0x00b1fa     0x6  cexit.o [4]
  .far_func.text     ro code  0x00b200     0x5  stm8s_adc1.o [1]
  .far_func.text     ro code  0x00b205     0x4  stm8s_gpio.o [1]
  .far_func.text     ro code  0x00b209     0x4  stm8s_i2c.o [1]
  .far_func.text     ro code  0x00b20d     0x4  stm8s_i2c.o [1]
  .far_func.text     ro code  0x00b211     0x4  stm8s_uart2.o [1]
  .far_func.text     ro code  0x00b215     0x4  interrupt.o [4]
  .far_func.text     ro code  0x00b219     0x4  exit.o [4]
  .far_func.text     ro code  0x00b21d     0x3  stm8s_gpio.o [1]
  .far_func.text     ro code  0x00b220     0x3  stm8s_gpio.o [1]
  .far_func.text     ro code  0x00b223     0x3  stm8s_gpio.o [1]
  .far_func.text     ro code  0x00b226     0x3  stm8s_gpio.o [1]
  .far_func.text     ro code  0x00b229     0x3  low_level_init.o [4]
  .far_func.text     ro code  0x00b22c     0x3  unhandled_exception.o [4]
  .far_func.text     ro code  0x00b22f     0x1  stm8s_it.o [1]
  .far_func.text     ro code  0x00b230     0x1  stm8s_it.o [1]
  .far_func.text     ro code  0x00b231     0x1  stm8s_it.o [1]
  .far_func.text     ro code  0x00b232     0x1  stm8s_it.o [1]
  .far_func.text     ro code  0x00b233     0x1  stm8s_it.o [1]
  .far_func.text     ro code  0x00b234     0x1  stm8s_it.o [1]
  .far_func.text     ro code  0x00b235     0x1  stm8s_it.o [1]
  .far_func.text     ro code  0x00b236     0x1  stm8s_it.o [1]
  .far_func.text     ro code  0x00b237     0x1  stm8s_it.o [1]
  .far_func.text     ro code  0x00b238     0x1  stm8s_it.o [1]
  .far_func.text     ro code  0x00b239     0x1  stm8s_it.o [1]
  .far_func.text     ro code  0x00b23a     0x1  stm8s_it.o [1]
  .far_func.text     ro code  0x00b23b     0x1  stm8s_it.o [1]
  .far_func.text     ro code  0x00b23c     0x1  stm8s_it.o [1]
  .far_func.text     ro code  0x00b23d     0x1  stm8s_it.o [1]
  .far_func.text     ro code  0x00b23e     0x1  stm8s_it.o [1]
  .far_func.text     ro code  0x00b23f     0x1  stm8s_it.o [1]
  .far_func.text     ro code  0x00b240     0x1  stm8s_it.o [1]
  .far_func.text     ro code  0x00b241     0x1  stm8s_it.o [1]
  .far_func.text     ro code  0x00b242     0x1  __dbg_break.o [3]
                            - 0x00b243  0x2cb7


*******************************************************************************
*** INIT TABLE
***

          Address   Size
          -------   ----
Zero (__iar_zero_init2)
    1 destination range, total size 0xbb:
          0x00003b  0xbb

Copy (__iar_copy_init2)
    1 source range, total size 0x2b:
          0x008561  0x2b
    1 destination range, total size 0x2b:
          0x000010  0x2b


*******************************************************************************
*** MODULE SUMMARY
***

    Module                 ro code  ro data  rw data
    ------                 -------  -------  -------
C:\Documents and Settings\Administrator\Desktop\stm8s105k-controller\Project\STM8S_StdPeriph_Template\EWSTM8\STM8S105\Obj: [1]
    main.o                   4 237      241       87
    stm8s_adc1.o                41      119
    stm8s_clk.o                529      118
    stm8s_flash.o              282      120
    stm8s_gpio.o               208      119
    stm8s_i2c.o                939      118
    stm8s_it.o                 218
    stm8s_tim2.o               236      119
    stm8s_tim3.o               216      119
    stm8s_uart2.o               53      120
    ------------------------------------------------
    Total:                   6 959    1 193       87

command line: [2]
    ------------------------------------------------
    Total:

dbgstm8mmd.a: [3]
    __dbg_break.o                1
    __dbg_xxexit.o              22
    ------------------------------------------------
    Total:                      23

dlstm8mmf.a: [4]
    cexit.o                      6
    cstartup.o                  23
    exit.o                       4
    far.o                       10
    far_util.o                  52
    init.o                      30
    init_small.o                70
    interrupt.o                  4      128
    long.o                     346
    long_util.o                 62
    low_level_init.o             3
    memchr.o                    21
    memcpy.o                    38
    move.o                      13
    printf.o                    40
    putchar.o                    8
    setlocale.o                 44                17
    short.o                     63
    sprintf.o                   69
    strchr.o                    21
    strlen.o                    18
    unhandled_exception.o        3
    vreg_util.o                323
    vregs.o                                       16
    xencoding_sb.o              73       16
    xfiles.o                             40      120
    xgetmemchunk.o              34                 2
    xmbcurmax.o                  7
    xmbtowc.o                   41
    xprintfsmall.o           2 458       23
    xprout.o                    29
    xsprout.o                   14
    xwctomb.o                   34
    xxmemxfree.o               230
    xxmemxmalloc.o             274                 4
    ------------------------------------------------
    Total:                   4 465      207      159

    Linker created                       20    1 024
----------------------------------------------------
    Grand Total:            11 447    1 420    1 270


*******************************************************************************
*** ENTRY LIST
***

Entry                    Address   Size  Type      Object
-----                    -------   ----  ----      ------
?add32_l0_l0_0x         0x009a76         Code  Gb  long.o [4]
?add32_l0_l0_l1         0x009a73         Code  Gb  long.o [4]
?and32_l0_l0_0x         0x009b7c         Code  Gb  long.o [4]
?and32_l0_l0_l1         0x009b79         Code  Gb  long.o [4]
?b0                     0x000000         Data  Gb  vregs.o [4]
?b1                     0x000001         Data  Gb  vregs.o [4]
?b10                    0x00000a         Data  Gb  vregs.o [4]
?b11                    0x00000b         Data  Gb  vregs.o [4]
?b12                    0x00000c         Data  Gb  vregs.o [4]
?b13                    0x00000d         Data  Gb  vregs.o [4]
?b14                    0x00000e         Data  Gb  vregs.o [4]
?b15                    0x00000f         Data  Gb  vregs.o [4]
?b2                     0x000002         Data  Gb  vregs.o [4]
?b3                     0x000003         Data  Gb  vregs.o [4]
?b4                     0x000004         Data  Gb  vregs.o [4]
?b5                     0x000005         Data  Gb  vregs.o [4]
?b6                     0x000006         Data  Gb  vregs.o [4]
?b7                     0x000007         Data  Gb  vregs.o [4]
?b8                     0x000008         Data  Gb  vregs.o [4]
?b9                     0x000009         Data  Gb  vregs.o [4]
?e0                     0x000001         Data  Gb  vregs.o [4]
?e1                     0x000005         Data  Gb  vregs.o [4]
?e2                     0x000009         Data  Gb  vregs.o [4]
?e3                     0x00000d         Data  Gb  vregs.o [4]
?epilogue_l2            0x009dc3         Code  Gb  vreg_util.o [4]
?epilogue_l2_l3         0x009dbf         Code  Gb  vreg_util.o [4]
?epilogue_l2_w6         0x009dc8         Code  Gb  vreg_util.o [4]
?epilogue_w4            0x009dd1         Code  Gb  vreg_util.o [4]
?l0                     0x000000         Data  Gb  vregs.o [4]
?l1                     0x000004         Data  Gb  vregs.o [4]
?l2                     0x000008         Data  Gb  vregs.o [4]
?l3                     0x00000c         Data  Gb  vregs.o [4]
?load24_0x_e0           0x00aa66         Code  Gb  far_util.o [4]
?load24_e0_0x           0x00aa40         Code  Gb  far_util.o [4]
?load24_e1_0x           0x00aa4e         Code  Gb  far_util.o [4]
?load24_xsp_e0          0x00aa5c         Code  Gb  far_util.o [4]
?load32_0x_l0           0x00a843         Code  Gb  long_util.o [4]
?load32_l0_0x           0x00a82d         Code  Gb  long_util.o [4]
?load32_l0_asp          0x00a821         Code  Gb  long_util.o [4]
?load32_l0_dbsp         0x00a813         Code  Gb  long_util.o [4]
?load32_l0_xsp          0x00a823         Code  Gb  long_util.o [4]
?load32_xsp_l0          0x00a839         Code  Gb  long_util.o [4]
?mov_e0_e2              0x009e0a         Code  Gb  vreg_util.o [4]
?mov_e0_e3              0x009e17         Code  Gb  vreg_util.o [4]
?mov_e1_e0              0x009e24         Code  Gb  vreg_util.o [4]
?mov_e1_e2              0x009e31         Code  Gb  vreg_util.o [4]
?mov_e2_e0              0x009e3e         Code  Gb  vreg_util.o [4]
?mov_e3_e0              0x009e4b         Code  Gb  vreg_util.o [4]
?mov_l0_l2              0x009e07         Code  Gb  vreg_util.o [4]
?mov_l0_l3              0x009e14         Code  Gb  vreg_util.o [4]
?mov_l1_l0              0x009e21         Code  Gb  vreg_util.o [4]
?mov_l1_l2              0x009e2e         Code  Gb  vreg_util.o [4]
?mov_l2_l0              0x009e3b         Code  Gb  vreg_util.o [4]
?mov_l3_l0              0x009e48         Code  Gb  vreg_util.o [4]
?mov_w0_w4              0x009dd6         Code  Gb  vreg_util.o [4]
?mov_w0_w5              0x009ddd         Code  Gb  vreg_util.o [4]
?mov_w1_w4              0x009de4         Code  Gb  vreg_util.o [4]
?mov_w1_w5              0x009e0d         Code  Gb  vreg_util.o [4]
?mov_w1_w7              0x009e1a         Code  Gb  vreg_util.o [4]
?mov_w2_w1              0x009deb         Code  Gb  vreg_util.o [4]
?mov_w3_w1              0x009e27         Code  Gb  vreg_util.o [4]
?mov_w3_w5              0x009e34         Code  Gb  vreg_util.o [4]
?mov_w4_w0              0x009df2         Code  Gb  vreg_util.o [4]
?mov_w4_w1              0x009df9         Code  Gb  vreg_util.o [4]
?mov_w5_w0              0x009e00         Code  Gb  vreg_util.o [4]
?mov_w5_w1              0x009e41         Code  Gb  vreg_util.o [4]
?mov_w7_w1              0x009e4e         Code  Gb  vreg_util.o [4]
?move1616_v_x_y_a       0x00b033         Code  Gb  move.o [4]
?mul16_x_x_w0           0x00a7d4         Code  Gb  short.o [4]
?mul32_l0_l0_l1         0x009a8e         Code  Gb  long.o [4]
?neg32_l0_l0            0x009a63         Code  Gb  long.o [4]
?pop_l0                 0x009d87         Code  Gb  vreg_util.o [4]
?pop_l1                 0x009d92         Code  Gb  vreg_util.o [4]
?pop_l2                 0x009d9d         Code  Gb  vreg_util.o [4]
?pop_l3                 0x009da8         Code  Gb  vreg_util.o [4]
?pop_w4                 0x009d38         Code  Gb  vreg_util.o [4]
?pop_w6                 0x009d3f         Code  Gb  vreg_util.o [4]
?push_l0                0x009d52         Code  Gb  vreg_util.o [4]
?push_l1                0x009d57         Code  Gb  vreg_util.o [4]
?push_l2                0x009d5c         Code  Gb  vreg_util.o [4]
?push_l3                0x009d61         Code  Gb  vreg_util.o [4]
?push_w2                0x009d12         Code  Gb  vreg_util.o [4]
?push_w4                0x009d17         Code  Gb  vreg_util.o [4]
?push_w6                0x009d1c         Code  Gb  vreg_util.o [4]
?sdiv16_x_x_y           0x00a7f2         Code  Gb  short.o [4]
?sext32_l0_a            0x009bb0         Code  Gb  long.o [4]
?sext32_l0_x            0x009ba5         Code  Gb  long.o [4]
?sll16_x_x_a            0x00a80b         Code  Gb  short.o [4]
?sll32_0x_0x_a          0x009b97         Code  Gb  long.o [4]
?sll32_l0_l0_a          0x009b94         Code  Gb  long.o [4]
?ucmp24_c_0x_e0         0x00b158         Code  Gb  far.o [4]
?udiv32_l0_l0_l1        0x009b0c         Code  Gb  long.o [4]
?umod32_l1_l0_l1        0x009b0c         Code  Gb  long.o [4]
?w0                     0x000000         Data  Gb  vregs.o [4]
?w1                     0x000002         Data  Gb  vregs.o [4]
?w2                     0x000004         Data  Gb  vregs.o [4]
?w3                     0x000006         Data  Gb  vregs.o [4]
?w4                     0x000008         Data  Gb  vregs.o [4]
?w5                     0x00000a         Data  Gb  vregs.o [4]
?w6                     0x00000c         Data  Gb  vregs.o [4]
?w7                     0x00000e         Data  Gb  vregs.o [4]
ADC1_Cmd                0x00ae7b   0x18  Code  Gb  stm8s_adc1.o [1]
ADC1_IRQHandler         0x00b23f    0x1  Code  Gb  stm8s_it.o [1]
AWU_IRQHandler          0x00b231    0x1  Code  Gb  stm8s_it.o [1]
CLK_ClockSwitchConfig   0x009f3b   0xd5  Code  Gb  stm8s_clk.o [1]
CLK_DeInit              0x00a937   0x36  Code  Gb  stm8s_clk.o [1]
CLK_IRQHandler          0x00b232    0x1  Code  Gb  stm8s_it.o [1]
CLK_PeripheralClockConfig
                        0x00a297   0x91  Code  Gb  stm8s_clk.o [1]
CLK_SYSCLKConfig        0x00a60d   0x5e  Code  Gb  stm8s_clk.o [1]
CSTACK$$Base            0x000600          --   Gb  - Linker created -
CSTACK$$Limit           0x000800          --   Gb  - Linker created -
Check_DS1307            0x009c1f   0x40  Code  Gb  main.o [1]
Clear_Line1             0x008652   0x13  Code  Gb  main.o [1]
Clear_Line2             0x00863f   0x13  Code  Gb  main.o [1]
DS18Set                 0x008ae7   0x29  Code  Gb  main.o [1]
DS18_Read               0x008b10   0x4d  Code  Gb  main.o [1]
DS18_Reset              0x008aad   0x31  Code  Gb  main.o [1]
DS18_Write              0x008a74   0x39  Code  Gb  main.o [1]
Delay1                  0x00858c    0xe  Code  Gb  main.o [1]
Delay2                  0x00898e    0xe  Code  Gb  main.o [1]
Delay_us                0x008988    0x6  Code  Gb  main.o [1]
Display_Line            0x008942   0x44  Code  Gb  main.o [1]
EEPROM_EEC_IRQHandler   0x00b241    0x1  Code  Gb  stm8s_it.o [1]
EEPROM_INIT             0x008682    0xf  Code  Gb  main.o [1]
EXTI_PORTA_IRQHandler   0x00b233    0x1  Code  Gb  stm8s_it.o [1]
EXTI_PORTB_IRQHandler   0x00b234    0x1  Code  Gb  stm8s_it.o [1]
EXTI_PORTC_IRQHandler   0x00b235    0x1  Code  Gb  stm8s_it.o [1]
EXTI_PORTD_IRQHandler   0x00b236    0x1  Code  Gb  stm8s_it.o [1]
EXTI_PORTE_IRQHandler   0x00b237    0x1  Code  Gb  stm8s_it.o [1]
FLASH_DeInit            0x00ae93   0x18  Code  Gb  stm8s_flash.o [1]
FLASH_Lock              0x00ad7b   0x20  Code  Gb  stm8s_flash.o [1]
FLASH_ProgramByte       0x00a88c   0x3a  Code  Gb  stm8s_flash.o [1]
FLASH_ReadByte          0x00aad6   0x2c  Code  Gb  stm8s_flash.o [1]
FLASH_SetProgrammingTime
                        0x00acf4   0x22  Code  Gb  stm8s_flash.o [1]
FLASH_Unlock            0x00ad5a   0x21  Code  Gb  stm8s_flash.o [1]
GPIO_Init               0x00a010   0xb4  Code  Gb  stm8s_gpio.o [1]
GPIO_ReadInputData      0x00b223    0x3  Code  Gb  stm8s_gpio.o [1]
GPIO_ReadInputPin       0x00b226    0x3  Code  Gb  stm8s_gpio.o [1]
GPIO_WriteHigh          0x00b21d    0x3  Code  Gb  stm8s_gpio.o [1]
GPIO_WriteLow           0x00b205    0x4  Code  Gb  stm8s_gpio.o [1]
GPIO_WriteReverse       0x00b220    0x3  Code  Gb  stm8s_gpio.o [1]
GpioConfiguration       0x00a47f   0x67  Code  Gb  main.o [1]
HEAP$$Base              0x0000f6          --   Gb  - Linker created -
HEAP$$Limit             0x0002f6          --   Gb  - Linker created -
I2C_AcknowledgeConfig   0x00aa0c   0x34  Code  Gb  stm8s_i2c.o [1]
I2C_CheckEvent          0x00a0c4   0xa6  Code  Gb  stm8s_i2c.o [1]
I2C_Cmd                 0x00aeab   0x18  Code  Gb  stm8s_i2c.o [1]
I2C_DeInit              0x00ac61   0x25  Code  Gb  stm8s_i2c.o [1]
I2C_GenerateSTART       0x00aec3   0x18  Code  Gb  stm8s_i2c.o [1]
I2C_GenerateSTOP        0x00aedb   0x18  Code  Gb  stm8s_i2c.o [1]
I2C_GetFlagStatus       0x00a204   0x93  Code  Gb  stm8s_i2c.o [1]
I2C_IRQHandler          0x00b23d    0x1  Code  Gb  stm8s_it.o [1]
I2C_Init                0x0098f6  0x16d  Code  Gb  stm8s_i2c.o [1]
I2C_RA                  0x009bf7   0x28  Code  Gb  main.o [1]
I2C_RD                  0x009bd4   0x23  Code  Gb  main.o [1]
I2C_ReceiveData         0x00b209    0x4  Code  Gb  stm8s_i2c.o [1]
I2C_Send7bitAddress     0x00aa74   0x32  Code  Gb  stm8s_i2c.o [1]
I2C_SendData            0x00b20d    0x4  Code  Gb  stm8s_i2c.o [1]
I2C_Start               0x00abef   0x26  Code  Gb  main.o [1]
I2C_WA                  0x00ac15   0x26  Code  Gb  main.o [1]
I2C_WD                  0x00acd0   0x24  Code  Gb  main.o [1]
INTVEC$$Base            0x008000          --   Gb  - Linker created -
INTVEC$$Limit           0x008080          --   Gb  - Linker created -
InitClk                 0x00a8ff   0x38  Code  Gb  main.o [1]
InitDelayTimer2         0x008ca8   0x1d  Code  Gb  main.o [1]
InitDelayTimer3         0x008c8b   0x1d  Code  Gb  main.o [1]
InitI2C                 0x00abc9   0x26  Code  Gb  main.o [1]
InitLcd                 0x008cf9   0x55  Code  Gb  main.o [1]
Key_Press               0x00a795   0x3f  Code  Gb  main.o [1]
LCD                     0x00899c   0xae  Code  Gb  main.o [1]
LCDData                 0x008601    0xb  Code  Gb  main.o [1]
LCDDataOut              0x0085aa   0x57  Code  Gb  main.o [1]
LCDInstr                0x008634    0xb  Code  Gb  main.o [1]
LCDInstrNibble          0x008cea    0xf  Code  Gb  main.o [1]
LoadInt                 0x00a6c4   0x47  Code  Lc  xprintfsmall.o [4]
Menu                    0x008892   0x94  Code  Gb  main.o [1]
Power_Off               0x00b0db    0xb  Code  Gb  main.o [1]
Power_On                0x00b0d0    0xb  Code  Gb  main.o [1]
PulseEnable             0x00859a   0x10  Code  Gb  main.o [1]
ReadDS1307              0x009c7b   0x6d  Code  Gb  main.o [1]
Read_Allarm             0x00a328   0x7b  Code  Gb  main.o [1]
Read_DS18               0x008b7a   0x79  Code  Gb  main.o [1]
Region$$Table$$Base     0x008438          --   Gb  - Linker created -
Region$$Table$$Limit    0x00844c          --   Gb  - Linker created -
Rotate_Line             0x00892f   0x13  Code  Gb  main.o [1]
SPI_IRQHandler          0x00b238    0x1  Code  Gb  stm8s_it.o [1]
Save_Status             0x00b130    0xa  Code  Gb  main.o [1]
Set_Clock               0x0095ec  0x18b  Code  Gb  main.o [1]
Set_DS1307              0x00a413   0x6c  Code  Gb  main.o [1]
Set_Timer_Off           0x0086e6   0xa0  Code  Gb  main.o [1]
Set_Timer_On            0x0087b4   0x9b  Code  Gb  main.o [1]
TIM1_CAP_COM_IRQHandler
                        0x00b23a    0x1  Code  Gb  stm8s_it.o [1]
TIM1_UPD_OVF_TRG_BRK_IRQHandler
                        0x00b239    0x1  Code  Gb  stm8s_it.o [1]
TIM2_CAP_COM_IRQHandler
                        0x00b23b    0x1  Code  Gb  stm8s_it.o [1]
TIM2_ClearITPendingBit  0x00add7   0x1d  Code  Gb  stm8s_tim2.o [1]
TIM2_Cmd                0x00a595   0x18  Code  Gb  stm8s_tim2.o [1]
TIM2_DeInit             0x00a66b   0x59  Code  Gb  stm8s_tim2.o [1]
TIM2_ITConfig           0x00a559   0x3c  Code  Gb  stm8s_tim2.o [1]
TIM2_TimeBaseInit       0x00b13a    0xa  Code  Gb  stm8s_tim2.o [1]
TIM2_UPD_OVF_BRK_IRQHandler
                        0x00a851   0x3b  Code  Gb  stm8s_it.o [1]
TIM3_CAP_COM_IRQHandler
                        0x00b23c    0x1  Code  Gb  stm8s_it.o [1]
TIM3_ClearITPendingBit  0x00adf4   0x1d  Code  Gb  stm8s_tim3.o [1]
TIM3_Cmd                0x00a5f5   0x18  Code  Gb  stm8s_tim3.o [1]
TIM3_DeInit             0x00a70b   0x45  Code  Gb  stm8s_tim3.o [1]
TIM3_ITConfig           0x00a5b9   0x3c  Code  Gb  stm8s_tim3.o [1]
TIM3_TimeBaseInit       0x00b144    0xa  Code  Gb  stm8s_tim3.o [1]
TIM3_UPD_OVF_BRK_IRQHandler
                        0x00a4e6   0x67  Code  Gb  stm8s_it.o [1]
TIM4_UPD_OVF_IRQHandler
                        0x00b240    0x1  Code  Gb  stm8s_it.o [1]
TLI_IRQHandler          0x00b230    0x1  Code  Gb  stm8s_it.o [1]
TRAP_IRQHandler         0x00b22f    0x1  Code  Gb  stm8s_it.o [1]
Time_Display            0x0000f5    0x1  Data  Gb  main.o [1]
UART2_ClearITPendingBit
                        0x00acab   0x25  Code  Gb  stm8s_uart2.o [1]
UART2_RX_IRQHandler     0x00ac86   0x25  Code  Gb  stm8s_it.o [1]
UART2_ReceiveData8      0x00b211    0x4  Code  Gb  stm8s_uart2.o [1]
UART2_TX_IRQHandler     0x00b23e    0x1  Code  Gb  stm8s_it.o [1]
_EncodingSb_Mbtowc      0x00aaa6   0x30  Code  Gb  xencoding_sb.o [4]
_EncodingSb_Wctomb      0x00ae62   0x19  Code  Gb  xencoding_sb.o [4]
_LitobSmall             0x009777  0x17f  Code  Lc  xprintfsmall.o [4]
_LocaleEncoding         0x00b025    0xe  Code  Gb  setlocale.o [4]
_Locale_Profile         0x0000b3    0xe  Data  Gb  setlocale.o [4]
_Mbtowc                 0x00ab02   0x29  Code  Gb  xmbtowc.o [4]
_PrintfSmall            0x008d7c  0x4aa  Code  Gb  xprintfsmall.o [4]
_Prout                  0x00ae11   0x1d  Code  Gb  xprout.o [4]
_PutcharSmall           0x00a8c6   0x39  Code  Lc  xprintfsmall.o [4]
_PutcharsSmall          0x00a9d7   0x35  Code  Lc  xprintfsmall.o [4]
_PutstrSmall            0x009226  0x1e7  Code  Lc  xprintfsmall.o [4]
_SProut                 0x00b017    0xe  Code  Gb  xsprout.o [4]
_Wctomb                 0x00ad16   0x22  Code  Gb  xwctomb.o [4]
__DebugBreak            0x00b242    0x1  Code  Gb  __dbg_break.o [3]
__exit                  0x00af4e   0x16  Code  Gb  __dbg_xxexit.o [3]
__iar_Mbcurmax          0x00b1ed    0x7  Code  Gb  xmbcurmax.o [4]
__iar_Memchr            0x00af64   0x15  Code  Gb  memchr.o [4]
__iar_Stdout            0x000010   0x28  Data  Gb  xfiles.o [4]
__iar_Strchr            0x00af79   0x15  Code  Gb  strchr.o [4]
__iar_Tls_setup__Locale_Profile
                        0x0000cf    0x3  Data  Gb  setlocale.o [4]
__iar_copy_init2        0x00ab53         Code  Gb  init_small.o [4]
__iar_data_init2        0x00ad9b   0x1e  Code  Gb  init.o [4]
__iar_program_start     0x00af21         Code  Gb  cstartup.o [4]
__iar_unhandled_exception
                        0x00b22c         Code  Gb  unhandled_exception.o [4]
__iar_zero_init2        0x00adb9         Code  Gb  init_small.o [4]
__intvec                0x008000         Data  Gb  interrupt.o [4]
__low_level_init        0x00b229    0x3  Code  Gb  low_level_init.o [4]
__near_Aldata           0x0000cb    0x4  Data  Gb  xxmemxmalloc.o [4]
__near_GetMemChunk      0x00ad38   0x22  Code  Gb  xgetmemchunk.o [4]
__near_findmem          0x00a3a3   0x70  Code  Lc  xxmemxmalloc.o [4]
_exit                   0x00b1fa         Code  Gb  cexit.o [4]
_interrupt_1            0x00b22f         Code  Gb  stm8s_it.o [1]
_interrupt_10           0x00b215         Code  Wk  interrupt.o [4]
_interrupt_11           0x00b215         Code  Wk  interrupt.o [4]
_interrupt_12           0x00b238         Code  Gb  stm8s_it.o [1]
_interrupt_13           0x00b239         Code  Gb  stm8s_it.o [1]
_interrupt_14           0x00b23a         Code  Gb  stm8s_it.o [1]
_interrupt_15           0x00a851         Code  Gb  stm8s_it.o [1]
_interrupt_16           0x00b23b         Code  Gb  stm8s_it.o [1]
_interrupt_17           0x00a4e6         Code  Gb  stm8s_it.o [1]
_interrupt_18           0x00b23c         Code  Gb  stm8s_it.o [1]
_interrupt_19           0x00b215         Code  Wk  interrupt.o [4]
_interrupt_2            0x00b230         Code  Gb  stm8s_it.o [1]
_interrupt_20           0x00b215         Code  Wk  interrupt.o [4]
_interrupt_21           0x00b23d         Code  Gb  stm8s_it.o [1]
_interrupt_22           0x00b23e         Code  Gb  stm8s_it.o [1]
_interrupt_23           0x00ac86         Code  Gb  stm8s_it.o [1]
_interrupt_24           0x00b23f         Code  Gb  stm8s_it.o [1]
_interrupt_25           0x00b240         Code  Gb  stm8s_it.o [1]
_interrupt_26           0x00b241         Code  Gb  stm8s_it.o [1]
_interrupt_27           0x00b215         Code  Wk  interrupt.o [4]
_interrupt_28           0x00b215         Code  Wk  interrupt.o [4]
_interrupt_29           0x00b215         Code  Wk  interrupt.o [4]
_interrupt_3            0x00b231         Code  Gb  stm8s_it.o [1]
_interrupt_30           0x00b215         Code  Wk  interrupt.o [4]
_interrupt_31           0x00b215         Code  Wk  interrupt.o [4]
_interrupt_4            0x00b232         Code  Gb  stm8s_it.o [1]
_interrupt_5            0x00b233         Code  Gb  stm8s_it.o [1]
_interrupt_6            0x00b234         Code  Gb  stm8s_it.o [1]
_interrupt_7            0x00b235         Code  Gb  stm8s_it.o [1]
_interrupt_8            0x00b236         Code  Gb  stm8s_it.o [1]
_interrupt_9            0x00b237         Code  Gb  stm8s_it.o [1]
adj                     0x008691   0x55  Code  Gb  main.o [1]
assert_failed           0x008986    0x2  Code  Gb  main.o [1]
bcd2hex                 0x009bbd   0x17  Code  Gb  main.o [1]
change                  0x0000f4    0x1  Data  Gb  main.o [1]
convert_tobcd           0x00af0a   0x17  Code  Gb  main.o [1]
count                   0x0000e7    0x1  Data  Gb  main.o [1]
daily_hour_off          0x0000ef    0x1  Data  Gb  main.o [1]
daily_hour_on           0x0000ed    0x1  Data  Gb  main.o [1]
daily_long_on           0x0000d8    0x2  Data  Gb  main.o [1]
daily_minute_off        0x0000f0    0x1  Data  Gb  main.o [1]
daily_minute_on         0x0000ee    0x1  Data  Gb  main.o [1]
date                    0x000039    0x1  Data  Gb  main.o [1]
days                    0x000038    0x1  Data  Gb  main.o [1]
error                   0x0000ec    0x1  Data  Gb  main.o [1]
exit                    0x00b219    0x4  Code  Gb  exit.o [4]
fputc                   0x008a62   0x12  Code  Gb  main.o [1]
free                    0x009e55   0xe6  Code  Gb  xxmemxfree.o [4]
hours                   0x0000ea    0x1  Data  Gb  main.o [1]
key_minus_on            0x00aba2   0x27  Code  Gb  main.o [1]
key_ok_on               0x00a96d   0x35  Code  Gb  main.o [1]
key_plus_on             0x00ab7b   0x27  Code  Gb  main.o [1]
line1                   0x00008b   0x28  Data  Gb  main.o [1]
line_lcd                0x0000e6    0x1  Data  Gb  main.o [1]
main                    0x00940d  0x1df  Code  Gb  main.o [1]
malloc                  0x00a16a   0x9a  Code  Gb  xxmemxmalloc.o [4]
memcpy                  0x00ac3b   0x26  Code  Gb  memcpy.o [4]
minutes                 0x0000e9    0x1  Data  Gb  main.o [1]
mounts                  0x00003a    0x1  Data  Gb  main.o [1]
obuf                    0x00003b   0x50  Data  Lc  xfiles.o [4]
pad                     0x00a9a2   0x35  Code  Lc  xprintfsmall.o [4]
printf                  0x00ab2b   0x28  Code  Gb  printf.o [4]
putchar                 0x00b1bb    0x8  Code  Gb  putchar.o [4]
result1                 0x0000f1    0x1  Data  Gb  main.o [1]
result2                 0x0000f2    0x1  Data  Gb  main.o [1]
result_old              0x0000f3    0x1  Data  Gb  main.o [1]
rx_data                 0x0000e5    0x1  Data  Gb  main.o [1]
seconds                 0x0000e8    0x1  Data  Gb  main.o [1]
sprintf                 0x00a750   0x45  Code  Gb  sprintf.o [4]
status                  0x0000e0    0x2  Data  Gb  main.o [1]
status_check            0x0000de    0x2  Data  Gb  main.o [1]
string1                 0x0000c1    0xa  Data  Gb  main.o [1]
strlen                  0x00afd8   0x12  Code  Gb  strlen.o [4]
temperature             0x008c0d   0x3f  Code  Gb  main.o [1]
time_off                0x0000dc    0x2  Data  Gb  main.o [1]
time_on                 0x0000da    0x2  Data  Gb  main.o [1]
timeout                 0x0000e4    0x1  Data  Gb  main.o [1]
timer1                  0x0000d2    0x2  Data  Gb  main.o [1]
timer2                  0x0000d4    0x2  Data  Gb  main.o [1]
timer3                  0x0000d6    0x2  Data  Gb  main.o [1]
years                   0x0000eb    0x1  Data  Gb  main.o [1]


[1] = C:\Documents and Settings\Administrator\Desktop\stm8s105k-controller\Project\STM8S_StdPeriph_Template\EWSTM8\STM8S105\Obj
[2] = command line
[3] = dbgstm8mmd.a
[4] = dlstm8mmf.a

  11 447 bytes of readonly  code memory
   1 420 bytes of readonly  data memory
   1 270 bytes of readwrite data memory

Errors: none
Warnings: none
