###############################################################################
#                                                                             #
# IAR ELF Linker V1.30.1.50036 for STM8                 19/Sep/2013  23:07:14 #
# Copyright 2010-2011 IAR Systems AB.                                         #
#                                                                             #
#    Output file  =  C:\Documents and Settings\Administrator\Desktop\stm8s105 #
#                    k-controller\Project\STM8S_StdPeriph_Template\EWSTM8\STM #
#                    8S105\Exe\Project.out                                    #
#    Map file     =  C:\Documents and Settings\Administrator\Desktop\stm8s105 #
#                    k-controller\Project\STM8S_StdPeriph_Template\EWSTM8\STM #
#                    8S105\List\Project.map                                   #
#    Command line =  "C:\Documents and Settings\Administrator\Desktop\stm8s10 #
#                    5k-controller\Project\STM8S_StdPeriph_Template\EWSTM8\ST #
#                    M8S105\Obj\main.o" "C:\Documents and                     #
#                    Settings\Administrator\Desktop\stm8s105k-controller\Proj #
#                    ect\STM8S_StdPeriph_Template\EWSTM8\STM8S105\Obj\stm8s_a #
#                    dc1.o" "C:\Documents and Settings\Administrator\Desktop\ #
#                    stm8s105k-controller\Project\STM8S_StdPeriph_Template\EW #
#                    STM8\STM8S105\Obj\stm8s_awu.o" "C:\Documents and         #
#                    Settings\Administrator\Desktop\stm8s105k-controller\Proj #
#                    ect\STM8S_StdPeriph_Template\EWSTM8\STM8S105\Obj\stm8s_b #
#                    eep.o" "C:\Documents and Settings\Administrator\Desktop\ #
#                    stm8s105k-controller\Project\STM8S_StdPeriph_Template\EW #
#                    STM8\STM8S105\Obj\stm8s_clk.o" "C:\Documents and         #
#                    Settings\Administrator\Desktop\stm8s105k-controller\Proj #
#                    ect\STM8S_StdPeriph_Template\EWSTM8\STM8S105\Obj\stm8s_e #
#                    xti.o" "C:\Documents and Settings\Administrator\Desktop\ #
#                    stm8s105k-controller\Project\STM8S_StdPeriph_Template\EW #
#                    STM8\STM8S105\Obj\stm8s_flash.o" "C:\Documents and       #
#                    Settings\Administrator\Desktop\stm8s105k-controller\Proj #
#                    ect\STM8S_StdPeriph_Template\EWSTM8\STM8S105\Obj\stm8s_g #
#                    pio.o" "C:\Documents and Settings\Administrator\Desktop\ #
#                    stm8s105k-controller\Project\STM8S_StdPeriph_Template\EW #
#                    STM8\STM8S105\Obj\stm8s_i2c.o" "C:\Documents and         #
#                    Settings\Administrator\Desktop\stm8s105k-controller\Proj #
#                    ect\STM8S_StdPeriph_Template\EWSTM8\STM8S105\Obj\stm8s_i #
#                    t.o" "C:\Documents and Settings\Administrator\Desktop\st #
#                    m8s105k-controller\Project\STM8S_StdPeriph_Template\EWST #
#                    M8\STM8S105\Obj\stm8s_itc.o" "C:\Documents and           #
#                    Settings\Administrator\Desktop\stm8s105k-controller\Proj #
#                    ect\STM8S_StdPeriph_Template\EWSTM8\STM8S105\Obj\stm8s_i #
#                    wdg.o" "C:\Documents and Settings\Administrator\Desktop\ #
#                    stm8s105k-controller\Project\STM8S_StdPeriph_Template\EW #
#                    STM8\STM8S105\Obj\stm8s_rst.o" "C:\Documents and         #
#                    Settings\Administrator\Desktop\stm8s105k-controller\Proj #
#                    ect\STM8S_StdPeriph_Template\EWSTM8\STM8S105\Obj\stm8s_s #
#                    pi.o" "C:\Documents and Settings\Administrator\Desktop\s #
#                    tm8s105k-controller\Project\STM8S_StdPeriph_Template\EWS #
#                    TM8\STM8S105\Obj\stm8s_tim1.o" "C:\Documents and         #
#                    Settings\Administrator\Desktop\stm8s105k-controller\Proj #
#                    ect\STM8S_StdPeriph_Template\EWSTM8\STM8S105\Obj\stm8s_t #
#                    im2.o" "C:\Documents and Settings\Administrator\Desktop\ #
#                    stm8s105k-controller\Project\STM8S_StdPeriph_Template\EW #
#                    STM8\STM8S105\Obj\stm8s_tim3.o" "C:\Documents and        #
#                    Settings\Administrator\Desktop\stm8s105k-controller\Proj #
#                    ect\STM8S_StdPeriph_Template\EWSTM8\STM8S105\Obj\stm8s_t #
#                    im4.o" "C:\Documents and Settings\Administrator\Desktop\ #
#                    stm8s105k-controller\Project\STM8S_StdPeriph_Template\EW #
#                    STM8\STM8S105\Obj\stm8s_uart2.o" "C:\Documents and       #
#                    Settings\Administrator\Desktop\stm8s105k-controller\Proj #
#                    ect\STM8S_StdPeriph_Template\EWSTM8\STM8S105\Obj\stm8s_w #
#                    wdg.o" --redirect _Printf=_PrintfSmall --redirect        #
#                    _Scanf=_ScanfSmall -o "C:\Documents and                  #
#                    Settings\Administrator\Desktop\stm8s105k-controller\Proj #
#                    ect\STM8S_StdPeriph_Template\EWSTM8\STM8S105\Exe\Project #
#                    .out" --map "C:\Documents and                            #
#                    Settings\Administrator\Desktop\stm8s105k-controller\Proj #
#                    ect\STM8S_StdPeriph_Template\EWSTM8\STM8S105\List\Projec #
#                    t.map" --config "C:\Program Files\IAR Systems\Embedded   #
#                    Workbench 6.0\stm8\config\lnkstm8s105k4.icf"             #
#                    --config_def _CSTACK_SIZE=0x200 --config_def             #
#                    _HEAP_SIZE=0x200 --entry __iar_program_start --debug_lib #
#                                                                             #
#                                                                             #
###############################################################################

*******************************************************************************
*** RUNTIME MODEL ATTRIBUTES
***

__Heap_Handler             = Basic
__SystemLibrary            = DLib
__code_model               = medium_or_large
__core                     = stm8
__data_model               = medium
__dlib_file_descriptor     = 1
__dlib_full_locale_support = 1
__rt_version               = 4


*******************************************************************************
*** PLACEMENT SUMMARY
***

"A1":  place at start of [0x000000-0x0000ff] { rw section .vregs };
"A2":  place at end of [0x000000-0x0007ff] { block CSTACK };
"P2":  place in [from 0x000000 to 0x0007ff] {
          block HEAP, rw section .far.bss, rw section .far.data,
          rw section .far.noinit, rw section .far_func.textrw,
          rw section .huge.bss, rw section .huge.data, rw section .huge.noinit,
          rw section .huge_func.textrw, rw section .iar.dynexit,
          rw section .near.bss, rw section .near.data, rw section .near.noinit,
          rw section .near_func.textrw };
"A3":  place at start of [0x008000-0x00bfff] { block INTVEC };
"P3":  place in [from 0x008000 to 0x00bfff] {
          ro section .far.data_init, ro section .far_func.textrw_init,
          ro section .huge.data_init, ro section .huge_func.textrw_init,
          ro section .iar.init_table, ro section .init_array,
          ro section .near.data_init, ro section .near.rodata,
          ro section .near_func.text, ro section .near_func.textrw_init,
          ro section .tiny.data_init, ro section .tiny.rodata_init };
"P4":  place in [from 0x008000 to 0x00bfff] {
          ro section .far.rodata, ro section .far_func.text };

  Section            Kind      Address    Size  Object
  -------            ----      -------    ----  ------
"A1":                                     0x10
  .vregs             uninit   0x000000    0x10  vregs.o [4]
                            - 0x000010    0x10

"P2", part 1 of 3:                        0x2b
  P2 s0                       0x000010    0x2b  <Init block>
    .near.data       inited   0x000010    0x28  xfiles.o [4]
    .near.data       inited   0x000038     0x1  main.o [1]
    .near.data       inited   0x000039     0x1  main.o [1]
    .near.data       inited   0x00003a     0x1  main.o [1]
                            - 0x00003b    0x2b

"P2", part 2 of 3:                        0xbb
  .near.bss          zero     0x00003b    0x50  xfiles.o [4]
  .near.bss          zero     0x00008b    0x28  main.o [1]
  .near.bss          zero     0x0000b3     0xe  setlocale.o [4]
  .near.bss          zero     0x0000c1     0xa  main.o [1]
  .near.bss          zero     0x0000cb     0x4  xxmemxmalloc.o [4]
  .near.bss          zero     0x0000cf     0x3  setlocale.o [4]
  .near.bss          zero     0x0000d2     0x2  main.o [1]
  .near.bss          zero     0x0000d4     0x2  main.o [1]
  .near.bss          zero     0x0000d6     0x2  main.o [1]
  .near.bss          zero     0x0000d8     0x2  main.o [1]
  .near.bss          zero     0x0000da     0x2  main.o [1]
  .near.bss          zero     0x0000dc     0x2  main.o [1]
  .near.bss          zero     0x0000de     0x2  main.o [1]
  .near.bss          zero     0x0000e0     0x2  main.o [1]
  .near.bss          zero     0x0000e2     0x2  xgetmemchunk.o [4]
  .near.bss          zero     0x0000e4     0x1  main.o [1]
  .near.bss          zero     0x0000e5     0x1  main.o [1]
  .near.bss          zero     0x0000e6     0x1  main.o [1]
  .near.bss          zero     0x0000e7     0x1  main.o [1]
  .near.bss          zero     0x0000e8     0x1  main.o [1]
  .near.bss          zero     0x0000e9     0x1  main.o [1]
  .near.bss          zero     0x0000ea     0x1  main.o [1]
  .near.bss          zero     0x0000eb     0x1  main.o [1]
  .near.bss          zero     0x0000ec     0x1  main.o [1]
  .near.bss          zero     0x0000ed     0x1  main.o [1]
  .near.bss          zero     0x0000ee     0x1  main.o [1]
  .near.bss          zero     0x0000ef     0x1  main.o [1]
  .near.bss          zero     0x0000f0     0x1  main.o [1]
  .near.bss          zero     0x0000f1     0x1  main.o [1]
  .near.bss          zero     0x0000f2     0x1  main.o [1]
  .near.bss          zero     0x0000f3     0x1  main.o [1]
  .near.bss          zero     0x0000f4     0x1  main.o [1]
  .near.bss          zero     0x0000f5     0x1  main.o [1]
                            - 0x0000f6    0xbb

"P2", part 3 of 3:                       0x200
  HEAP                        0x0000f6   0x200  <Block>
    HEAP             uninit   0x0000f6   0x200  <Block tail>
                            - 0x0002f6   0x200

"A2":                                    0x200
  CSTACK                      0x000600   0x200  <Block>
    CSTACK           uninit   0x000600   0x200  <Block tail>
                            - 0x000800   0x200

"A3":                                     0x80
  INTVEC                      0x008000    0x80  <Block>
    .intvec          const    0x008000    0x80  interrupt.o [4]
                            - 0x008080    0x80

"P3":                                    0x512
  .near.rodata       const    0x008080    0x78  stm8s_flash.o [1]
  .near.rodata       const    0x0080f8    0x78  stm8s_uart2.o [1]
  .near.rodata       const    0x008170    0x77  stm8s_adc1.o [1]
  .near.rodata       const    0x0081e7    0x77  stm8s_gpio.o [1]
  .near.rodata       const    0x00825e    0x77  stm8s_tim2.o [1]
  .near.rodata       const    0x0082d5    0x77  stm8s_tim3.o [1]
  .near.rodata       const    0x00834c    0x76  stm8s_clk.o [1]
  .near.rodata       const    0x0083c2    0x76  stm8s_i2c.o [1]
  .iar.init_table    const    0x008438    0x14  - Linker created -
  .near.rodata       const    0x00844c    0x10  main.o [1]
  .near.rodata       const    0x00845c     0xb  main.o [1]
  .near.rodata       const    0x008467     0xb  main.o [1]
  .near.rodata       const    0x008472     0xa  main.o [1]
  .near.rodata       const    0x00847c     0xa  main.o [1]
  .near.rodata       const    0x008486     0xa  main.o [1]
  .near.rodata       const    0x008490     0xa  main.o [1]
  .near.rodata       const    0x00849a     0xa  main.o [1]
  .near.rodata       const    0x0084a4     0xa  main.o [1]
  .near.rodata       const    0x0084ae     0xa  main.o [1]
  .near.rodata       const    0x0084b8     0xa  main.o [1]
  .near.rodata       const    0x0084c2     0xa  main.o [1]
  .near.rodata       const    0x0084cc     0xa  main.o [1]
  .near.rodata       const    0x0084d6     0x9  main.o [1]
  .near.rodata       const    0x0084df     0x9  main.o [1]
  .near.rodata       const    0x0084e8     0x8  main.o [1]
  .near.rodata       const    0x0084f0     0x8  main.o [1]
  .near.rodata       const    0x0084f8     0x8  main.o [1]
  .near.rodata       const    0x008500     0x8  main.o [1]
  .near.rodata       const    0x008508     0x8  main.o [1]
  .near.rodata       const    0x008510     0x8  xprintfsmall.o [4]
  .near.rodata       const    0x008518     0x8  xprintfsmall.o [4]
  .near.rodata       const    0x008520     0x8  xencoding_sb.o [4]
  .near.rodata       const    0x008528     0x8  xencoding_sb.o [4]
  .near.rodata       const    0x008530     0x7  main.o [1]
  .near.rodata       const    0x008537     0x7  main.o [1]
  .near.rodata       const    0x00853e     0x7  main.o [1]
  .near.rodata       const    0x008545     0x7  main.o [1]
  .near.rodata       const    0x00854c     0x7  main.o [1]
  .near.rodata       const    0x008553     0x7  main.o [1]
  .near.rodata       const    0x00855a     0x7  xprintfsmall.o [4]
  .near.rodata       const    0x008561     0x6  main.o [1]
  Initializer bytes  ro data  0x008567    0x2b  <for P2 s0>
                            - 0x008592   0x512

"P4":                                   0x2e65
  .far_func.text     ro code  0x008592   0xc5e  main.o [1]
  .far_func.text     ro code  0x0091f0   0x4aa  xprintfsmall.o [4]
  .far_func.text     ro code  0x00969a   0x1e7  xprintfsmall.o [4]
  .far_func.text     ro code  0x009881   0x1df  main.o [1]
  .far_func.text     ro code  0x009a60   0x17f  xprintfsmall.o [4]
  .far_func.text     ro code  0x009bdf   0x16d  stm8s_i2c.o [1]
  .far_func.text     ro code  0x009d4c   0x15a  long.o [4]
  .far_func.text     ro code  0x009ea6   0x155  main.o [1]
  .far_func.text     ro code  0x009ffb   0x143  vreg_util.o [4]
  .far_func.text     ro code  0x00a13e    0xe6  xxmemxfree.o [4]
  .far_func.text     ro code  0x00a224    0xd5  stm8s_clk.o [1]
  .far_func.text     ro code  0x00a2f9    0xb4  stm8s_gpio.o [1]
  .far_func.text     ro code  0x00a3ad    0xa6  stm8s_i2c.o [1]
  .far_func.text     ro code  0x00a453    0x9a  xxmemxmalloc.o [4]
  .far_func.text     ro code  0x00a4ed    0x93  stm8s_i2c.o [1]
  .far_func.text     ro code  0x00a580    0x91  stm8s_clk.o [1]
  .far_func.text     ro code  0x00a611    0x7b  main.o [1]
  .far_func.text     ro code  0x00a68c    0x70  xxmemxmalloc.o [4]
  .far_func.text     ro code  0x00a6fc    0x67  main.o [1]
  .far_func.text     ro code  0x00a763    0x67  stm8s_it.o [1]
  .far_func.text     ro code  0x00a7ca    0x60  stm8s_tim2.o [1]
  .far_func.text     ro code  0x00a82a    0x60  stm8s_tim3.o [1]
  .far_func.text     ro code  0x00a88a    0x5e  stm8s_clk.o [1]
  .far_func.text     ro code  0x00a8e8    0x59  stm8s_tim2.o [1]
  .far_func.text     ro code  0x00a941    0x4f  short.o [4]
  .far_func.text     ro code  0x00a990    0x47  xprintfsmall.o [4]
  .far_func.text     ro code  0x00a9d7    0x45  stm8s_tim3.o [1]
  .far_func.text     ro code  0x00aa1c    0x45  sprintf.o [4]
  .far_func.text     ro code  0x00aa61    0x3e  long_util.o [4]
  .far_func.text     ro code  0x00aa9f    0x3b  stm8s_it.o [1]
  .far_func.text     ro code  0x00aada    0x3a  stm8s_flash.o [1]
  .far_func.text     ro code  0x00ab14    0x39  xprintfsmall.o [4]
  .far_func.text     ro code  0x00ab4d    0x38  main.o [1]
  .far_func.text     ro code  0x00ab85    0x36  stm8s_clk.o [1]
  .far_func.text     ro code  0x00abbb    0x35  xprintfsmall.o [4]
  .far_func.text     ro code  0x00abf0    0x35  xprintfsmall.o [4]
  .far_func.text     ro code  0x00ac25    0x34  stm8s_i2c.o [1]
  .far_func.text     ro code  0x00ac59    0x34  far_util.o [4]
  .far_func.text     ro code  0x00ac8d    0x32  stm8s_i2c.o [1]
  .far_func.text     ro code  0x00acbf    0x30  xencoding_sb.o [4]
  .far_func.text     ro code  0x00acef    0x2f  main.o [1]
  .far_func.text     ro code  0x00ad1e    0x2d  main.o [1]
  .far_func.text     ro code  0x00ad4b    0x2d  main.o [1]
  .far_func.text     ro code  0x00ad78    0x2c  stm8s_flash.o [1]
  .far_func.text     ro code  0x00ada4    0x29  xmbtowc.o [4]
  .far_func.text     ro code  0x00adcd    0x28  printf.o [4]
  .far_func.text     ro code  0x00adf5    0x28  init_small.o [4]
  .far_func.text     ro code  0x00ae1d    0x26  main.o [1]
  .far_func.text     ro code  0x00ae43    0x26  memcpy.o [4]
  .far_func.text     ro code  0x00ae69    0x25  stm8s_i2c.o [1]
  .far_func.text     ro code  0x00ae8e    0x25  stm8s_it.o [1]
  .far_func.text     ro code  0x00aeb3    0x25  stm8s_uart2.o [1]
  .far_func.text     ro code  0x00aed8    0x22  stm8s_flash.o [1]
  .far_func.text     ro code  0x00aefa    0x22  xwctomb.o [4]
  .far_func.text     ro code  0x00af1c    0x22  xgetmemchunk.o [4]
  .far_func.text     ro code  0x00af3e    0x21  stm8s_flash.o [1]
  .far_func.text     ro code  0x00af5f    0x20  stm8s_flash.o [1]
  .far_func.text     ro code  0x00af7f    0x1e  init.o [4]
  .far_func.text     ro code  0x00af9d    0x1e  init_small.o [4]
  .far_func.text     ro code  0x00afbb    0x1d  stm8s_tim2.o [1]
  .far_func.text     ro code  0x00afd8    0x1d  stm8s_tim3.o [1]
  .far_func.text     ro code  0x00aff5    0x1d  xprout.o [4]
  .far_func.text     ro code  0x00b012    0x1a  stm8s_flash.o [1]
  .far_func.text     ro code  0x00b02c    0x1a  xprintfsmall.o [4]
  .far_func.text     ro code  0x00b046    0x19  xencoding_sb.o [4]
  .far_func.text     ro code  0x00b05f    0x18  stm8s_adc1.o [1]
  .far_func.text     ro code  0x00b077    0x18  stm8s_flash.o [1]
  .far_func.text     ro code  0x00b08f    0x18  stm8s_i2c.o [1]
  .far_func.text     ro code  0x00b0a7    0x18  stm8s_i2c.o [1]
  .far_func.text     ro code  0x00b0bf    0x18  stm8s_i2c.o [1]
  .far_func.text     ro code  0x00b0d7    0x17  main.o [1]
  .far_func.text     ro code  0x00b0ee    0x17  cstartup.o [4]
  .far_func.text     ro code  0x00b105    0x16  xprintfsmall.o [4]
  .far_func.text     ro code  0x00b11b    0x16  __dbg_xxexit.o [3]
  .far_func.text     ro code  0x00b131    0x15  memchr.o [4]
  .far_func.text     ro code  0x00b146    0x15  strchr.o [4]
  .far_func.text     ro code  0x00b15b    0x13  stm8s_flash.o [1]
  .far_func.text     ro code  0x00b16e    0x13  xprintfsmall.o [4]
  .far_func.text     ro code  0x00b181    0x12  main.o [1]
  .far_func.text     ro code  0x00b193    0x12  stm8s_i2c.o [1]
  .far_func.text     ro code  0x00b1a5    0x12  strlen.o [4]
  .far_func.text     ro code  0x00b1b7    0x10  xprintfsmall.o [4]
  .far_func.text     ro code  0x00b1c7     0xf  main.o [1]
  .far_func.text     ro code  0x00b1d6     0xe  main.o [1]
  .far_func.text     ro code  0x00b1e4     0xe  xsprout.o [4]
  .far_func.text     ro code  0x00b1f2     0xe  setlocale.o [4]
  .far_func.text     ro code  0x00b200     0xd  move.o [4]
  .far_func.text     ro code  0x00b20d     0xc  main.o [1]
  .far_func.text     ro code  0x00b219     0xc  stm8s_adc1.o [1]
  .far_func.text     ro code  0x00b225     0xc  stm8s_clk.o [1]
  .far_func.text     ro code  0x00b231     0xc  stm8s_flash.o [1]
  .far_func.text     ro code  0x00b23d     0xc  stm8s_gpio.o [1]
  .far_func.text     ro code  0x00b249     0xc  stm8s_i2c.o [1]
  .far_func.text     ro code  0x00b255     0xc  stm8s_i2c.o [1]
  .far_func.text     ro code  0x00b261     0xc  stm8s_tim2.o [1]
  .far_func.text     ro code  0x00b26d     0xc  stm8s_tim3.o [1]
  .far_func.text     ro code  0x00b279     0xc  stm8s_uart2.o [1]
  .far_func.text     ro code  0x00b285     0xc  xprintfsmall.o [4]
  .far_func.text     ro code  0x00b291     0xc  xprintfsmall.o [4]
  .far_func.text     ro code  0x00b29d     0xb  main.o [1]
  .far_func.text     ro code  0x00b2a8     0xb  main.o [1]
  .far_func.text     ro code  0x00b2b3     0xb  stm8s_clk.o [1]
  .far_func.text     ro code  0x00b2be     0xb  xprintfsmall.o [4]
  .far_func.text     ro code  0x00b2c9     0xb  setlocale.o [4]
  .far_func.text     ro code  0x00b2d4     0xa  main.o [1]
  .far_func.text     ro code  0x00b2de     0xa  main.o [1]
  .far_func.text     ro code  0x00b2e8     0xa  main.o [1]
  .far_func.text     ro code  0x00b2f2     0xa  main.o [1]
  .far_func.text     ro code  0x00b2fc     0xa  stm8s_tim2.o [1]
  .far_func.text     ro code  0x00b306     0xa  stm8s_tim3.o [1]
  .far_func.text     ro code  0x00b310     0xa  xprintfsmall.o [4]
  .far_func.text     ro code  0x00b31a     0xa  far.o [4]
  .far_func.text     ro code  0x00b324     0xa  setlocale.o [4]
  .far_func.text     ro code  0x00b32e     0x9  main.o [1]
  .far_func.text     ro code  0x00b337     0x9  main.o [1]
  .far_func.text     ro code  0x00b340     0x9  main.o [1]
  .far_func.text     ro code  0x00b349     0x9  main.o [1]
  .far_func.text     ro code  0x00b352     0x9  xprintfsmall.o [4]
  .far_func.text     ro code  0x00b35b     0x9  xprintfsmall.o [4]
  .far_func.text     ro code  0x00b364     0x9  setlocale.o [4]
  .far_func.text     ro code  0x00b36d     0x8  xprintfsmall.o [4]
  .far_func.text     ro code  0x00b375     0x8  xxmemxmalloc.o [4]
  .far_func.text     ro code  0x00b37d     0x8  putchar.o [4]
  .far_func.text     ro code  0x00b385     0x7  main.o [1]
  .far_func.text     ro code  0x00b38c     0x7  main.o [1]
  .far_func.text     ro code  0x00b393     0x7  main.o [1]
  .far_func.text     ro code  0x00b39a     0x7  main.o [1]
  .far_func.text     ro code  0x00b3a1     0x7  xmbcurmax.o [4]
  .far_func.text     ro code  0x00b3a8     0x6  xprintfsmall.o [4]
  .far_func.text     ro code  0x00b3ae     0x6  cexit.o [4]
  .far_func.text     ro code  0x00b3b4     0x5  stm8s_adc1.o [1]
  .far_func.text     ro code  0x00b3b9     0x4  stm8s_gpio.o [1]
  .far_func.text     ro code  0x00b3bd     0x4  stm8s_i2c.o [1]
  .far_func.text     ro code  0x00b3c1     0x4  stm8s_i2c.o [1]
  .far_func.text     ro code  0x00b3c5     0x4  stm8s_uart2.o [1]
  .far_func.text     ro code  0x00b3c9     0x4  interrupt.o [4]
  .far_func.text     ro code  0x00b3cd     0x4  exit.o [4]
  .far_func.text     ro code  0x00b3d1     0x3  stm8s_gpio.o [1]
  .far_func.text     ro code  0x00b3d4     0x3  stm8s_gpio.o [1]
  .far_func.text     ro code  0x00b3d7     0x3  stm8s_gpio.o [1]
  .far_func.text     ro code  0x00b3da     0x3  stm8s_gpio.o [1]
  .far_func.text     ro code  0x00b3dd     0x3  low_level_init.o [4]
  .far_func.text     ro code  0x00b3e0     0x3  unhandled_exception.o [4]
  .far_func.text     ro code  0x00b3e3     0x1  stm8s_it.o [1]
  .far_func.text     ro code  0x00b3e4     0x1  stm8s_it.o [1]
  .far_func.text     ro code  0x00b3e5     0x1  stm8s_it.o [1]
  .far_func.text     ro code  0x00b3e6     0x1  stm8s_it.o [1]
  .far_func.text     ro code  0x00b3e7     0x1  stm8s_it.o [1]
  .far_func.text     ro code  0x00b3e8     0x1  stm8s_it.o [1]
  .far_func.text     ro code  0x00b3e9     0x1  stm8s_it.o [1]
  .far_func.text     ro code  0x00b3ea     0x1  stm8s_it.o [1]
  .far_func.text     ro code  0x00b3eb     0x1  stm8s_it.o [1]
  .far_func.text     ro code  0x00b3ec     0x1  stm8s_it.o [1]
  .far_func.text     ro code  0x00b3ed     0x1  stm8s_it.o [1]
  .far_func.text     ro code  0x00b3ee     0x1  stm8s_it.o [1]
  .far_func.text     ro code  0x00b3ef     0x1  stm8s_it.o [1]
  .far_func.text     ro code  0x00b3f0     0x1  stm8s_it.o [1]
  .far_func.text     ro code  0x00b3f1     0x1  stm8s_it.o [1]
  .far_func.text     ro code  0x00b3f2     0x1  stm8s_it.o [1]
  .far_func.text     ro code  0x00b3f3     0x1  stm8s_it.o [1]
  .far_func.text     ro code  0x00b3f4     0x1  stm8s_it.o [1]
  .far_func.text     ro code  0x00b3f5     0x1  stm8s_it.o [1]
  .far_func.text     ro code  0x00b3f6     0x1  __dbg_break.o [3]
                            - 0x00b3f7  0x2e65


*******************************************************************************
*** INIT TABLE
***

          Address   Size
          -------   ----
Zero (__iar_zero_init2)
    1 destination range, total size 0xbb:
          0x00003b  0xbb

Copy (__iar_copy_init2)
    1 source range, total size 0x2b:
          0x008567  0x2b
    1 destination range, total size 0x2b:
          0x000010  0x2b


*******************************************************************************
*** MODULE SUMMARY
***

    Module                 ro code  ro data  rw data
    ------                 -------  -------  -------
C:\Documents and Settings\Administrator\Desktop\stm8s105k-controller\Project\STM8S_StdPeriph_Template\EWSTM8\STM8S105\Obj: [1]
    main.o                   4 651      247       87
    stm8s_adc1.o                41      119
    stm8s_clk.o                529      118
    stm8s_flash.o              282      120
    stm8s_gpio.o               208      119
    stm8s_i2c.o                939      118
    stm8s_it.o                 218
    stm8s_tim2.o               236      119
    stm8s_tim3.o               216      119
    stm8s_uart2.o               53      120
    ------------------------------------------------
    Total:                   7 373    1 199       87

command line: [2]
    ------------------------------------------------
    Total:

dbgstm8mmd.a: [3]
    __dbg_break.o                1
    __dbg_xxexit.o              22
    ------------------------------------------------
    Total:                      23

dlstm8mmf.a: [4]
    cexit.o                      6
    cstartup.o                  23
    exit.o                       4
    far.o                       10
    far_util.o                  52
    init.o                      30
    init_small.o                70
    interrupt.o                  4      128
    long.o                     346
    long_util.o                 62
    low_level_init.o             3
    memchr.o                    21
    memcpy.o                    38
    move.o                      13
    printf.o                    40
    putchar.o                    8
    setlocale.o                 44                17
    short.o                     79
    sprintf.o                   69
    strchr.o                    21
    strlen.o                    18
    unhandled_exception.o        3
    vreg_util.o                323
    vregs.o                                       16
    xencoding_sb.o              73       16
    xfiles.o                             40      120
    xgetmemchunk.o              34                 2
    xmbcurmax.o                  7
    xmbtowc.o                   41
    xprintfsmall.o           2 458       23
    xprout.o                    29
    xsprout.o                   14
    xwctomb.o                   34
    xxmemxfree.o               230
    xxmemxmalloc.o             274                 4
    ------------------------------------------------
    Total:                   4 481      207      159

    Linker created                       20    1 024
----------------------------------------------------
    Grand Total:            11 877    1 426    1 270


*******************************************************************************
*** ENTRY LIST
***

Entry                    Address   Size  Type      Object
-----                    -------   ----  ----      ------
?add32_l0_l0_0x         0x009d5f         Code  Gb  long.o [4]
?add32_l0_l0_l1         0x009d5c         Code  Gb  long.o [4]
?and32_l0_l0_0x         0x009e65         Code  Gb  long.o [4]
?and32_l0_l0_l1         0x009e62         Code  Gb  long.o [4]
?b0                     0x000000         Data  Gb  vregs.o [4]
?b1                     0x000001         Data  Gb  vregs.o [4]
?b10                    0x00000a         Data  Gb  vregs.o [4]
?b11                    0x00000b         Data  Gb  vregs.o [4]
?b12                    0x00000c         Data  Gb  vregs.o [4]
?b13                    0x00000d         Data  Gb  vregs.o [4]
?b14                    0x00000e         Data  Gb  vregs.o [4]
?b15                    0x00000f         Data  Gb  vregs.o [4]
?b2                     0x000002         Data  Gb  vregs.o [4]
?b3                     0x000003         Data  Gb  vregs.o [4]
?b4                     0x000004         Data  Gb  vregs.o [4]
?b5                     0x000005         Data  Gb  vregs.o [4]
?b6                     0x000006         Data  Gb  vregs.o [4]
?b7                     0x000007         Data  Gb  vregs.o [4]
?b8                     0x000008         Data  Gb  vregs.o [4]
?b9                     0x000009         Data  Gb  vregs.o [4]
?e0                     0x000001         Data  Gb  vregs.o [4]
?e1                     0x000005         Data  Gb  vregs.o [4]
?e2                     0x000009         Data  Gb  vregs.o [4]
?e3                     0x00000d         Data  Gb  vregs.o [4]
?epilogue_l2            0x00a0ac         Code  Gb  vreg_util.o [4]
?epilogue_l2_l3         0x00a0a8         Code  Gb  vreg_util.o [4]
?epilogue_l2_w6         0x00a0b1         Code  Gb  vreg_util.o [4]
?epilogue_w4            0x00a0ba         Code  Gb  vreg_util.o [4]
?l0                     0x000000         Data  Gb  vregs.o [4]
?l1                     0x000004         Data  Gb  vregs.o [4]
?l2                     0x000008         Data  Gb  vregs.o [4]
?l3                     0x00000c         Data  Gb  vregs.o [4]
?load24_0x_e0           0x00ac7f         Code  Gb  far_util.o [4]
?load24_e0_0x           0x00ac59         Code  Gb  far_util.o [4]
?load24_e1_0x           0x00ac67         Code  Gb  far_util.o [4]
?load24_xsp_e0          0x00ac75         Code  Gb  far_util.o [4]
?load32_0x_l0           0x00aa91         Code  Gb  long_util.o [4]
?load32_l0_0x           0x00aa7b         Code  Gb  long_util.o [4]
?load32_l0_asp          0x00aa6f         Code  Gb  long_util.o [4]
?load32_l0_dbsp         0x00aa61         Code  Gb  long_util.o [4]
?load32_l0_xsp          0x00aa71         Code  Gb  long_util.o [4]
?load32_xsp_l0          0x00aa87         Code  Gb  long_util.o [4]
?mov_e0_e2              0x00a0f3         Code  Gb  vreg_util.o [4]
?mov_e0_e3              0x00a100         Code  Gb  vreg_util.o [4]
?mov_e1_e0              0x00a10d         Code  Gb  vreg_util.o [4]
?mov_e1_e2              0x00a11a         Code  Gb  vreg_util.o [4]
?mov_e2_e0              0x00a127         Code  Gb  vreg_util.o [4]
?mov_e3_e0              0x00a134         Code  Gb  vreg_util.o [4]
?mov_l0_l2              0x00a0f0         Code  Gb  vreg_util.o [4]
?mov_l0_l3              0x00a0fd         Code  Gb  vreg_util.o [4]
?mov_l1_l0              0x00a10a         Code  Gb  vreg_util.o [4]
?mov_l1_l2              0x00a117         Code  Gb  vreg_util.o [4]
?mov_l2_l0              0x00a124         Code  Gb  vreg_util.o [4]
?mov_l3_l0              0x00a131         Code  Gb  vreg_util.o [4]
?mov_w0_w4              0x00a0bf         Code  Gb  vreg_util.o [4]
?mov_w0_w5              0x00a0c6         Code  Gb  vreg_util.o [4]
?mov_w1_w4              0x00a0cd         Code  Gb  vreg_util.o [4]
?mov_w1_w5              0x00a0f6         Code  Gb  vreg_util.o [4]
?mov_w1_w7              0x00a103         Code  Gb  vreg_util.o [4]
?mov_w2_w1              0x00a0d4         Code  Gb  vreg_util.o [4]
?mov_w3_w1              0x00a110         Code  Gb  vreg_util.o [4]
?mov_w3_w5              0x00a11d         Code  Gb  vreg_util.o [4]
?mov_w4_w0              0x00a0db         Code  Gb  vreg_util.o [4]
?mov_w4_w1              0x00a0e2         Code  Gb  vreg_util.o [4]
?mov_w5_w0              0x00a0e9         Code  Gb  vreg_util.o [4]
?mov_w5_w1              0x00a12a         Code  Gb  vreg_util.o [4]
?mov_w7_w1              0x00a137         Code  Gb  vreg_util.o [4]
?move1616_v_x_y_a       0x00b200         Code  Gb  move.o [4]
?mul16_x_x_w0           0x00a941         Code  Gb  short.o [4]
?mul32_l0_l0_l1         0x009d77         Code  Gb  long.o [4]
?neg32_l0_l0            0x009d4c         Code  Gb  long.o [4]
?pop_l0                 0x00a070         Code  Gb  vreg_util.o [4]
?pop_l1                 0x00a07b         Code  Gb  vreg_util.o [4]
?pop_l2                 0x00a086         Code  Gb  vreg_util.o [4]
?pop_l3                 0x00a091         Code  Gb  vreg_util.o [4]
?pop_w4                 0x00a021         Code  Gb  vreg_util.o [4]
?pop_w6                 0x00a028         Code  Gb  vreg_util.o [4]
?push_l0                0x00a03b         Code  Gb  vreg_util.o [4]
?push_l1                0x00a040         Code  Gb  vreg_util.o [4]
?push_l2                0x00a045         Code  Gb  vreg_util.o [4]
?push_l3                0x00a04a         Code  Gb  vreg_util.o [4]
?push_w2                0x009ffb         Code  Gb  vreg_util.o [4]
?push_w4                0x00a000         Code  Gb  vreg_util.o [4]
?push_w6                0x00a005         Code  Gb  vreg_util.o [4]
?sdiv16_x_x_y           0x00a95f         Code  Gb  short.o [4]
?sext32_l0_a            0x009e99         Code  Gb  long.o [4]
?sext32_l0_x            0x009e8e         Code  Gb  long.o [4]
?sll16_x_x_a            0x00a988         Code  Gb  short.o [4]
?sll32_0x_0x_a          0x009e80         Code  Gb  long.o [4]
?sll32_l0_l0_a          0x009e7d         Code  Gb  long.o [4]
?smod16_y_x_y           0x00a978         Code  Gb  short.o [4]
?ucmp24_c_0x_e0         0x00b31a         Code  Gb  far.o [4]
?udiv32_l0_l0_l1        0x009df5         Code  Gb  long.o [4]
?umod32_l1_l0_l1        0x009df5         Code  Gb  long.o [4]
?w0                     0x000000         Data  Gb  vregs.o [4]
?w1                     0x000002         Data  Gb  vregs.o [4]
?w2                     0x000004         Data  Gb  vregs.o [4]
?w3                     0x000006         Data  Gb  vregs.o [4]
?w4                     0x000008         Data  Gb  vregs.o [4]
?w5                     0x00000a         Data  Gb  vregs.o [4]
?w6                     0x00000c         Data  Gb  vregs.o [4]
?w7                     0x00000e         Data  Gb  vregs.o [4]
ADC1_Cmd                0x00b05f   0x18  Code  Gb  stm8s_adc1.o [1]
ADC1_IRQHandler         0x00b3f3    0x1  Code  Gb  stm8s_it.o [1]
AWU_IRQHandler          0x00b3e5    0x1  Code  Gb  stm8s_it.o [1]
CLK_ClockSwitchConfig   0x00a224   0xd5  Code  Gb  stm8s_clk.o [1]
CLK_DeInit              0x00ab85   0x36  Code  Gb  stm8s_clk.o [1]
CLK_IRQHandler          0x00b3e6    0x1  Code  Gb  stm8s_it.o [1]
CLK_PeripheralClockConfig
                        0x00a580   0x91  Code  Gb  stm8s_clk.o [1]
CLK_SYSCLKConfig        0x00a88a   0x5e  Code  Gb  stm8s_clk.o [1]
CSTACK$$Base            0x000600          --   Gb  - Linker created -
CSTACK$$Limit           0x000800          --   Gb  - Linker created -
Check_DS1307            0x009f08   0x40  Code  Gb  main.o [1]
Clear_Line1             0x008823   0x13  Code  Gb  main.o [1]
Clear_Line2             0x008810   0x13  Code  Gb  main.o [1]
DS18Set                 0x008f59   0x29  Code  Gb  main.o [1]
DS18_Read               0x008f82   0x4d  Code  Gb  main.o [1]
DS18_Reset              0x008f1f   0x31  Code  Gb  main.o [1]
DS18_Write              0x008ee6   0x39  Code  Gb  main.o [1]
Delay1                  0x0085e7    0xe  Code  Gb  main.o [1]
Delay2                  0x008e00    0xe  Code  Gb  main.o [1]
Delay_us                0x008dfa    0x6  Code  Gb  main.o [1]
Display_Line            0x008db4   0x44  Code  Gb  main.o [1]
EEPROM_EEC_IRQHandler   0x00b3f5    0x1  Code  Gb  stm8s_it.o [1]
EEPROM_INIT             0x008afa    0xf  Code  Gb  main.o [1]
EXTI_PORTA_IRQHandler   0x00b3e7    0x1  Code  Gb  stm8s_it.o [1]
EXTI_PORTB_IRQHandler   0x00b3e8    0x1  Code  Gb  stm8s_it.o [1]
EXTI_PORTC_IRQHandler   0x00b3e9    0x1  Code  Gb  stm8s_it.o [1]
EXTI_PORTD_IRQHandler   0x00b3ea    0x1  Code  Gb  stm8s_it.o [1]
EXTI_PORTE_IRQHandler   0x00b3eb    0x1  Code  Gb  stm8s_it.o [1]
FLASH_DeInit            0x00b077   0x18  Code  Gb  stm8s_flash.o [1]
FLASH_Lock              0x00af5f   0x20  Code  Gb  stm8s_flash.o [1]
FLASH_ProgramByte       0x00aada   0x3a  Code  Gb  stm8s_flash.o [1]
FLASH_ReadByte          0x00ad78   0x2c  Code  Gb  stm8s_flash.o [1]
FLASH_SetProgrammingTime
                        0x00aed8   0x22  Code  Gb  stm8s_flash.o [1]
FLASH_Unlock            0x00af3e   0x21  Code  Gb  stm8s_flash.o [1]
GPIO_Init               0x00a2f9   0xb4  Code  Gb  stm8s_gpio.o [1]
GPIO_ReadInputData      0x00b3d7    0x3  Code  Gb  stm8s_gpio.o [1]
GPIO_ReadInputPin       0x00b3da    0x3  Code  Gb  stm8s_gpio.o [1]
GPIO_WriteHigh          0x00b3d1    0x3  Code  Gb  stm8s_gpio.o [1]
GPIO_WriteLow           0x00b3b9    0x4  Code  Gb  stm8s_gpio.o [1]
GPIO_WriteReverse       0x00b3d4    0x3  Code  Gb  stm8s_gpio.o [1]
GpioConfiguration       0x00a6fc   0x67  Code  Gb  main.o [1]
HEAP$$Base              0x0000f6          --   Gb  - Linker created -
HEAP$$Limit             0x0002f6          --   Gb  - Linker created -
I2C_AcknowledgeConfig   0x00ac25   0x34  Code  Gb  stm8s_i2c.o [1]
I2C_CheckEvent          0x00a3ad   0xa6  Code  Gb  stm8s_i2c.o [1]
I2C_Cmd                 0x00b08f   0x18  Code  Gb  stm8s_i2c.o [1]
I2C_DeInit              0x00ae69   0x25  Code  Gb  stm8s_i2c.o [1]
I2C_GenerateSTART       0x00b0a7   0x18  Code  Gb  stm8s_i2c.o [1]
I2C_GenerateSTOP        0x00b0bf   0x18  Code  Gb  stm8s_i2c.o [1]
I2C_GetFlagStatus       0x00a4ed   0x93  Code  Gb  stm8s_i2c.o [1]
I2C_IRQHandler          0x00b3f1    0x1  Code  Gb  stm8s_it.o [1]
I2C_Init                0x009bdf  0x16d  Code  Gb  stm8s_i2c.o [1]
I2C_RA                  0x009ee0   0x28  Code  Gb  main.o [1]
I2C_RD                  0x009ebd   0x23  Code  Gb  main.o [1]
I2C_ReceiveData         0x00b3bd    0x4  Code  Gb  stm8s_i2c.o [1]
I2C_Send7bitAddress     0x00ac8d   0x32  Code  Gb  stm8s_i2c.o [1]
I2C_SendData            0x00b3c1    0x4  Code  Gb  stm8s_i2c.o [1]
I2C_Start               0x0088b4   0x26  Code  Gb  main.o [1]
I2C_WA                  0x00888e   0x26  Code  Gb  main.o [1]
I2C_WD                  0x00886a   0x24  Code  Gb  main.o [1]
INTVEC$$Base            0x008000          --   Gb  - Linker created -
INTVEC$$Limit           0x008080          --   Gb  - Linker created -
InitClk                 0x00ab4d   0x38  Code  Gb  main.o [1]
InitDelayTimer2         0x00911a   0x1d  Code  Gb  main.o [1]
InitDelayTimer3         0x0090fd   0x1d  Code  Gb  main.o [1]
InitI2C                 0x00ae1d   0x26  Code  Gb  main.o [1]
InitLcd                 0x00916d   0x59  Code  Gb  main.o [1]
Key_Press               0x0087bb   0x3f  Code  Gb  main.o [1]
LCD                     0x008e0e   0xae  Code  Gb  main.o [1]
LCDData                 0x0087fa    0xf  Code  Gb  main.o [1]
LCDDataOut              0x008603   0x57  Code  Gb  main.o [1]
LCDInstr                0x00865a    0x7  Code  Gb  main.o [1]
LCDInstrNibble          0x00915c   0x11  Code  Gb  main.o [1]
LoadInt                 0x00a990   0x47  Code  Lc  xprintfsmall.o [4]
Menu                    0x008cc1   0xd7  Code  Gb  main.o [1]
Power_Off               0x00b2a8    0xb  Code  Gb  main.o [1]
Power_On                0x00b29d    0xb  Code  Gb  main.o [1]
PulseEnable             0x0085f5    0xe  Code  Gb  main.o [1]
ReadDS1307              0x009f64   0x6d  Code  Gb  main.o [1]
Read_Allarm             0x00a611   0x7b  Code  Gb  main.o [1]
Read_DS18               0x008fec   0x79  Code  Gb  main.o [1]
Region$$Table$$Base     0x008438          --   Gb  - Linker created -
Region$$Table$$Limit    0x00844c          --   Gb  - Linker created -
Rotate_Line             0x008da1   0x13  Code  Gb  main.o [1]
SPI_IRQHandler          0x00b3ec    0x1  Code  Gb  stm8s_it.o [1]
Save_Status             0x00b2f2    0xa  Code  Gb  main.o [1]
Set_Clock               0x008958  0x164  Code  Gb  main.o [1]
Set_DS1307              0x0088e1   0x6c  Code  Gb  main.o [1]
Set_Date                0x008682  0x139  Code  Gb  main.o [1]
Set_Timer_Off           0x008b09   0xa0  Code  Gb  main.o [1]
Set_Timer_On            0x008c05   0x9b  Code  Gb  main.o [1]
TIM1_CAP_COM_IRQHandler
                        0x00b3ee    0x1  Code  Gb  stm8s_it.o [1]
TIM1_UPD_OVF_TRG_BRK_IRQHandler
                        0x00b3ed    0x1  Code  Gb  stm8s_it.o [1]
TIM2_CAP_COM_IRQHandler
                        0x00b3ef    0x1  Code  Gb  stm8s_it.o [1]
TIM2_ClearITPendingBit  0x00afbb   0x1d  Code  Gb  stm8s_tim2.o [1]
TIM2_Cmd                0x00a812   0x18  Code  Gb  stm8s_tim2.o [1]
TIM2_DeInit             0x00a8e8   0x59  Code  Gb  stm8s_tim2.o [1]
TIM2_ITConfig           0x00a7d6   0x3c  Code  Gb  stm8s_tim2.o [1]
TIM2_TimeBaseInit       0x00b2fc    0xa  Code  Gb  stm8s_tim2.o [1]
TIM2_UPD_OVF_BRK_IRQHandler
                        0x00aa9f   0x3b  Code  Gb  stm8s_it.o [1]
TIM3_CAP_COM_IRQHandler
                        0x00b3f0    0x1  Code  Gb  stm8s_it.o [1]
TIM3_ClearITPendingBit  0x00afd8   0x1d  Code  Gb  stm8s_tim3.o [1]
TIM3_Cmd                0x00a872   0x18  Code  Gb  stm8s_tim3.o [1]
TIM3_DeInit             0x00a9d7   0x45  Code  Gb  stm8s_tim3.o [1]
TIM3_ITConfig           0x00a836   0x3c  Code  Gb  stm8s_tim3.o [1]
TIM3_TimeBaseInit       0x00b306    0xa  Code  Gb  stm8s_tim3.o [1]
TIM3_UPD_OVF_BRK_IRQHandler
                        0x00a763   0x67  Code  Gb  stm8s_it.o [1]
TIM4_UPD_OVF_IRQHandler
                        0x00b3f4    0x1  Code  Gb  stm8s_it.o [1]
TLI_IRQHandler          0x00b3e4    0x1  Code  Gb  stm8s_it.o [1]
TRAP_IRQHandler         0x00b3e3    0x1  Code  Gb  stm8s_it.o [1]
Time_Display            0x0000f5    0x1  Data  Gb  main.o [1]
UART2_ClearITPendingBit
                        0x00aeb3   0x25  Code  Gb  stm8s_uart2.o [1]
UART2_RX_IRQHandler     0x00ae8e   0x25  Code  Gb  stm8s_it.o [1]
UART2_ReceiveData8      0x00b3c5    0x4  Code  Gb  stm8s_uart2.o [1]
UART2_TX_IRQHandler     0x00b3f2    0x1  Code  Gb  stm8s_it.o [1]
_EncodingSb_Mbtowc      0x00acbf   0x30  Code  Gb  xencoding_sb.o [4]
_EncodingSb_Wctomb      0x00b046   0x19  Code  Gb  xencoding_sb.o [4]
_LitobSmall             0x009a60  0x17f  Code  Lc  xprintfsmall.o [4]
_LocaleEncoding         0x00b1f2    0xe  Code  Gb  setlocale.o [4]
_Locale_Profile         0x0000b3    0xe  Data  Gb  setlocale.o [4]
_Mbtowc                 0x00ada4   0x29  Code  Gb  xmbtowc.o [4]
_PrintfSmall            0x0091f0  0x4aa  Code  Gb  xprintfsmall.o [4]
_Prout                  0x00aff5   0x1d  Code  Gb  xprout.o [4]
_PutcharSmall           0x00ab14   0x39  Code  Lc  xprintfsmall.o [4]
_PutcharsSmall          0x00abf0   0x35  Code  Lc  xprintfsmall.o [4]
_PutstrSmall            0x00969a  0x1e7  Code  Lc  xprintfsmall.o [4]
_SProut                 0x00b1e4    0xe  Code  Gb  xsprout.o [4]
_Wctomb                 0x00aefa   0x22  Code  Gb  xwctomb.o [4]
__DebugBreak            0x00b3f6    0x1  Code  Gb  __dbg_break.o [3]
__exit                  0x00b11b   0x16  Code  Gb  __dbg_xxexit.o [3]
__iar_Mbcurmax          0x00b3a1    0x7  Code  Gb  xmbcurmax.o [4]
__iar_Memchr            0x00b131   0x15  Code  Gb  memchr.o [4]
__iar_Stdout            0x000010   0x28  Data  Gb  xfiles.o [4]
__iar_Strchr            0x00b146   0x15  Code  Gb  strchr.o [4]
__iar_Tls_setup__Locale_Profile
                        0x0000cf    0x3  Data  Gb  setlocale.o [4]
__iar_copy_init2        0x00adf5         Code  Gb  init_small.o [4]
__iar_data_init2        0x00af7f   0x1e  Code  Gb  init.o [4]
__iar_program_start     0x00b0ee         Code  Gb  cstartup.o [4]
__iar_unhandled_exception
                        0x00b3e0         Code  Gb  unhandled_exception.o [4]
__iar_zero_init2        0x00af9d         Code  Gb  init_small.o [4]
__intvec                0x008000         Data  Gb  interrupt.o [4]
__low_level_init        0x00b3dd    0x3  Code  Gb  low_level_init.o [4]
__near_Aldata           0x0000cb    0x4  Data  Gb  xxmemxmalloc.o [4]
__near_GetMemChunk      0x00af1c   0x22  Code  Gb  xgetmemchunk.o [4]
__near_findmem          0x00a68c   0x70  Code  Lc  xxmemxmalloc.o [4]
_exit                   0x00b3ae         Code  Gb  cexit.o [4]
_interrupt_1            0x00b3e3         Code  Gb  stm8s_it.o [1]
_interrupt_10           0x00b3c9         Code  Wk  interrupt.o [4]
_interrupt_11           0x00b3c9         Code  Wk  interrupt.o [4]
_interrupt_12           0x00b3ec         Code  Gb  stm8s_it.o [1]
_interrupt_13           0x00b3ed         Code  Gb  stm8s_it.o [1]
_interrupt_14           0x00b3ee         Code  Gb  stm8s_it.o [1]
_interrupt_15           0x00aa9f         Code  Gb  stm8s_it.o [1]
_interrupt_16           0x00b3ef         Code  Gb  stm8s_it.o [1]
_interrupt_17           0x00a763         Code  Gb  stm8s_it.o [1]
_interrupt_18           0x00b3f0         Code  Gb  stm8s_it.o [1]
_interrupt_19           0x00b3c9         Code  Wk  interrupt.o [4]
_interrupt_2            0x00b3e4         Code  Gb  stm8s_it.o [1]
_interrupt_20           0x00b3c9         Code  Wk  interrupt.o [4]
_interrupt_21           0x00b3f1         Code  Gb  stm8s_it.o [1]
_interrupt_22           0x00b3f2         Code  Gb  stm8s_it.o [1]
_interrupt_23           0x00ae8e         Code  Gb  stm8s_it.o [1]
_interrupt_24           0x00b3f3         Code  Gb  stm8s_it.o [1]
_interrupt_25           0x00b3f4         Code  Gb  stm8s_it.o [1]
_interrupt_26           0x00b3f5         Code  Gb  stm8s_it.o [1]
_interrupt_27           0x00b3c9         Code  Wk  interrupt.o [4]
_interrupt_28           0x00b3c9         Code  Wk  interrupt.o [4]
_interrupt_29           0x00b3c9         Code  Wk  interrupt.o [4]
_interrupt_3            0x00b3e5         Code  Gb  stm8s_it.o [1]
_interrupt_30           0x00b3c9         Code  Wk  interrupt.o [4]
_interrupt_31           0x00b3c9         Code  Wk  interrupt.o [4]
_interrupt_4            0x00b3e6         Code  Gb  stm8s_it.o [1]
_interrupt_5            0x00b3e7         Code  Gb  stm8s_it.o [1]
_interrupt_6            0x00b3e8         Code  Gb  stm8s_it.o [1]
_interrupt_7            0x00b3e9         Code  Gb  stm8s_it.o [1]
_interrupt_8            0x00b3ea         Code  Gb  stm8s_it.o [1]
_interrupt_9            0x00b3eb         Code  Gb  stm8s_it.o [1]
adj                     0x008592   0x55  Code  Gb  main.o [1]
assert_failed           0x008df8    0x2  Code  Gb  main.o [1]
bcd2hex                 0x009ea6   0x17  Code  Gb  main.o [1]
change                  0x0000f4    0x1  Data  Gb  main.o [1]
convert_tobcd           0x008853   0x17  Code  Gb  main.o [1]
count                   0x0000e7    0x1  Data  Gb  main.o [1]
daily_hour_off          0x0000ef    0x1  Data  Gb  main.o [1]
daily_hour_on           0x0000ed    0x1  Data  Gb  main.o [1]
daily_long_on           0x0000d8    0x2  Data  Gb  main.o [1]
daily_minute_off        0x0000f0    0x1  Data  Gb  main.o [1]
daily_minute_on         0x0000ee    0x1  Data  Gb  main.o [1]
date                    0x000039    0x1  Data  Gb  main.o [1]
days                    0x000038    0x1  Data  Gb  main.o [1]
error                   0x0000ec    0x1  Data  Gb  main.o [1]
exit                    0x00b3cd    0x4  Code  Gb  exit.o [4]
fputc                   0x008ed4   0x12  Code  Gb  main.o [1]
free                    0x00a13e   0xe6  Code  Gb  xxmemxfree.o [4]
hours                   0x0000ea    0x1  Data  Gb  main.o [1]
key_minus_on            0x00ad4b   0x2d  Code  Gb  main.o [1]
key_ok_on               0x00acef   0x2f  Code  Gb  main.o [1]
key_plus_on             0x00ad1e   0x2d  Code  Gb  main.o [1]
line1                   0x00008b   0x28  Data  Gb  main.o [1]
line_lcd                0x0000e6    0x1  Data  Gb  main.o [1]
main                    0x009881  0x1df  Code  Gb  main.o [1]
malloc                  0x00a453   0x9a  Code  Gb  xxmemxmalloc.o [4]
memcpy                  0x00ae43   0x26  Code  Gb  memcpy.o [4]
minutes                 0x0000e9    0x1  Data  Gb  main.o [1]
monts                   0x00003a    0x1  Data  Gb  main.o [1]
obuf                    0x00003b   0x50  Data  Lc  xfiles.o [4]
pad                     0x00abbb   0x35  Code  Lc  xprintfsmall.o [4]
printf                  0x00adcd   0x28  Code  Gb  printf.o [4]
putchar                 0x00b37d    0x8  Code  Gb  putchar.o [4]
result1                 0x0000f1    0x1  Data  Gb  main.o [1]
result2                 0x0000f2    0x1  Data  Gb  main.o [1]
result_old              0x0000f3    0x1  Data  Gb  main.o [1]
rx_data                 0x0000e5    0x1  Data  Gb  main.o [1]
seconds                 0x0000e8    0x1  Data  Gb  main.o [1]
sprintf                 0x00aa1c   0x45  Code  Gb  sprintf.o [4]
status                  0x0000e0    0x2  Data  Gb  main.o [1]
status_check            0x0000de    0x2  Data  Gb  main.o [1]
string1                 0x0000c1    0xa  Data  Gb  main.o [1]
strlen                  0x00b1a5   0x12  Code  Gb  strlen.o [4]
temperature             0x00907f   0x3f  Code  Gb  main.o [1]
time_off                0x0000dc    0x2  Data  Gb  main.o [1]
time_on                 0x0000da    0x2  Data  Gb  main.o [1]
timeout                 0x0000e4    0x1  Data  Gb  main.o [1]
timer1                  0x0000d2    0x2  Data  Gb  main.o [1]
timer2                  0x0000d4    0x2  Data  Gb  main.o [1]
timer3                  0x0000d6    0x2  Data  Gb  main.o [1]
years                   0x0000eb    0x1  Data  Gb  main.o [1]


[1] = C:\Documents and Settings\Administrator\Desktop\stm8s105k-controller\Project\STM8S_StdPeriph_Template\EWSTM8\STM8S105\Obj
[2] = command line
[3] = dbgstm8mmd.a
[4] = dlstm8mmf.a

  11 877 bytes of readonly  code memory
   1 426 bytes of readonly  data memory
   1 270 bytes of readwrite data memory

Errors: none
Warnings: none
