###############################################################################
#                                                                             #
# IAR ELF Linker V1.30.1.50036 for STM8                 25/Jul/2013  22:31:54 #
# Copyright 2010-2011 IAR Systems AB.                                         #
#                                                                             #
#    Output file  =  C:\Documents and Settings\Administrator\Desktop\stm8s105 #
#                    k-controller\Project\STM8S_StdPeriph_Template\EWSTM8\STM #
#                    8S105\Exe\Project.out                                    #
#    Map file     =  C:\Documents and Settings\Administrator\Desktop\stm8s105 #
#                    k-controller\Project\STM8S_StdPeriph_Template\EWSTM8\STM #
#                    8S105\List\Project.map                                   #
#    Command line =  "C:\Documents and Settings\Administrator\Desktop\stm8s10 #
#                    5k-controller\Project\STM8S_StdPeriph_Template\EWSTM8\ST #
#                    M8S105\Obj\main.o" "C:\Documents and                     #
#                    Settings\Administrator\Desktop\stm8s105k-controller\Proj #
#                    ect\STM8S_StdPeriph_Template\EWSTM8\STM8S105\Obj\stm8s_a #
#                    dc1.o" "C:\Documents and Settings\Administrator\Desktop\ #
#                    stm8s105k-controller\Project\STM8S_StdPeriph_Template\EW #
#                    STM8\STM8S105\Obj\stm8s_awu.o" "C:\Documents and         #
#                    Settings\Administrator\Desktop\stm8s105k-controller\Proj #
#                    ect\STM8S_StdPeriph_Template\EWSTM8\STM8S105\Obj\stm8s_b #
#                    eep.o" "C:\Documents and Settings\Administrator\Desktop\ #
#                    stm8s105k-controller\Project\STM8S_StdPeriph_Template\EW #
#                    STM8\STM8S105\Obj\stm8s_clk.o" "C:\Documents and         #
#                    Settings\Administrator\Desktop\stm8s105k-controller\Proj #
#                    ect\STM8S_StdPeriph_Template\EWSTM8\STM8S105\Obj\stm8s_e #
#                    xti.o" "C:\Documents and Settings\Administrator\Desktop\ #
#                    stm8s105k-controller\Project\STM8S_StdPeriph_Template\EW #
#                    STM8\STM8S105\Obj\stm8s_flash.o" "C:\Documents and       #
#                    Settings\Administrator\Desktop\stm8s105k-controller\Proj #
#                    ect\STM8S_StdPeriph_Template\EWSTM8\STM8S105\Obj\stm8s_g #
#                    pio.o" "C:\Documents and Settings\Administrator\Desktop\ #
#                    stm8s105k-controller\Project\STM8S_StdPeriph_Template\EW #
#                    STM8\STM8S105\Obj\stm8s_i2c.o" "C:\Documents and         #
#                    Settings\Administrator\Desktop\stm8s105k-controller\Proj #
#                    ect\STM8S_StdPeriph_Template\EWSTM8\STM8S105\Obj\stm8s_i #
#                    t.o" "C:\Documents and Settings\Administrator\Desktop\st #
#                    m8s105k-controller\Project\STM8S_StdPeriph_Template\EWST #
#                    M8\STM8S105\Obj\stm8s_itc.o" "C:\Documents and           #
#                    Settings\Administrator\Desktop\stm8s105k-controller\Proj #
#                    ect\STM8S_StdPeriph_Template\EWSTM8\STM8S105\Obj\stm8s_i #
#                    wdg.o" "C:\Documents and Settings\Administrator\Desktop\ #
#                    stm8s105k-controller\Project\STM8S_StdPeriph_Template\EW #
#                    STM8\STM8S105\Obj\stm8s_rst.o" "C:\Documents and         #
#                    Settings\Administrator\Desktop\stm8s105k-controller\Proj #
#                    ect\STM8S_StdPeriph_Template\EWSTM8\STM8S105\Obj\stm8s_s #
#                    pi.o" "C:\Documents and Settings\Administrator\Desktop\s #
#                    tm8s105k-controller\Project\STM8S_StdPeriph_Template\EWS #
#                    TM8\STM8S105\Obj\stm8s_tim1.o" "C:\Documents and         #
#                    Settings\Administrator\Desktop\stm8s105k-controller\Proj #
#                    ect\STM8S_StdPeriph_Template\EWSTM8\STM8S105\Obj\stm8s_t #
#                    im2.o" "C:\Documents and Settings\Administrator\Desktop\ #
#                    stm8s105k-controller\Project\STM8S_StdPeriph_Template\EW #
#                    STM8\STM8S105\Obj\stm8s_tim3.o" "C:\Documents and        #
#                    Settings\Administrator\Desktop\stm8s105k-controller\Proj #
#                    ect\STM8S_StdPeriph_Template\EWSTM8\STM8S105\Obj\stm8s_t #
#                    im4.o" "C:\Documents and Settings\Administrator\Desktop\ #
#                    stm8s105k-controller\Project\STM8S_StdPeriph_Template\EW #
#                    STM8\STM8S105\Obj\stm8s_uart2.o" "C:\Documents and       #
#                    Settings\Administrator\Desktop\stm8s105k-controller\Proj #
#                    ect\STM8S_StdPeriph_Template\EWSTM8\STM8S105\Obj\stm8s_w #
#                    wdg.o" --redirect _Printf=_PrintfSmall --redirect        #
#                    _Scanf=_ScanfSmall -o "C:\Documents and                  #
#                    Settings\Administrator\Desktop\stm8s105k-controller\Proj #
#                    ect\STM8S_StdPeriph_Template\EWSTM8\STM8S105\Exe\Project #
#                    .out" --map "C:\Documents and                            #
#                    Settings\Administrator\Desktop\stm8s105k-controller\Proj #
#                    ect\STM8S_StdPeriph_Template\EWSTM8\STM8S105\List\Projec #
#                    t.map" --config "C:\Program Files\IAR Systems\Embedded   #
#                    Workbench 6.0\stm8\config\lnkstm8s105k4.icf"             #
#                    --config_def _CSTACK_SIZE=0x200 --config_def             #
#                    _HEAP_SIZE=0x200 --entry __iar_program_start --debug_lib #
#                                                                             #
#                                                                             #
###############################################################################

*******************************************************************************
*** RUNTIME MODEL ATTRIBUTES
***

__Heap_Handler             = Basic
__SystemLibrary            = DLib
__code_model               = medium_or_large
__core                     = stm8
__data_model               = medium
__dlib_file_descriptor     = 1
__dlib_full_locale_support = 1
__rt_version               = 4


*******************************************************************************
*** PLACEMENT SUMMARY
***

"A1":  place at start of [0x000000-0x0000ff] { rw section .vregs };
"A2":  place at end of [0x000000-0x0007ff] { block CSTACK };
"P2":  place in [from 0x000000 to 0x0007ff] {
          block HEAP, rw section .far.bss, rw section .far.data,
          rw section .far.noinit, rw section .far_func.textrw,
          rw section .huge.bss, rw section .huge.data, rw section .huge.noinit,
          rw section .huge_func.textrw, rw section .iar.dynexit,
          rw section .near.bss, rw section .near.data, rw section .near.noinit,
          rw section .near_func.textrw };
"A3":  place at start of [0x008000-0x00bfff] { block INTVEC };
"P3":  place in [from 0x008000 to 0x00bfff] {
          ro section .far.data_init, ro section .far_func.textrw_init,
          ro section .huge.data_init, ro section .huge_func.textrw_init,
          ro section .iar.init_table, ro section .init_array,
          ro section .near.data_init, ro section .near.rodata,
          ro section .near_func.text, ro section .near_func.textrw_init,
          ro section .tiny.data_init, ro section .tiny.rodata_init };
"P4":  place in [from 0x008000 to 0x00bfff] {
          ro section .far.rodata, ro section .far_func.text };

  Section            Kind      Address    Size  Object
  -------            ----      -------    ----  ------
"A1":                                     0x10
  .vregs             uninit   0x000000    0x10  vregs.o [4]
                            - 0x000010    0x10

"P2", part 1 of 3:                        0x2b
  P2 s0                       0x000010    0x2b  <Init block>
    .near.data       inited   0x000010    0x28  xfiles.o [4]
    .near.data       inited   0x000038     0x1  main.o [1]
    .near.data       inited   0x000039     0x1  main.o [1]
    .near.data       inited   0x00003a     0x1  main.o [1]
                            - 0x00003b    0x2b

"P2", part 2 of 3:                        0xaa
  .near.bss          zero     0x00003b    0x50  xfiles.o [4]
  .near.bss          zero     0x00008b    0x28  main.o [1]
  .near.bss          zero     0x0000b3     0xe  setlocale.o [4]
  .near.bss          zero     0x0000c1     0x4  xxmemxmalloc.o [4]
  .near.bss          zero     0x0000c5     0x3  setlocale.o [4]
  .near.bss          zero     0x0000c8     0x2  main.o [1]
  .near.bss          zero     0x0000ca     0x2  main.o [1]
  .near.bss          zero     0x0000cc     0x2  main.o [1]
  .near.bss          zero     0x0000ce     0x2  main.o [1]
  .near.bss          zero     0x0000d0     0x2  main.o [1]
  .near.bss          zero     0x0000d2     0x2  main.o [1]
  .near.bss          zero     0x0000d4     0x2  xgetmemchunk.o [4]
  .near.bss          zero     0x0000d6     0x1  main.o [1]
  .near.bss          zero     0x0000d7     0x1  main.o [1]
  .near.bss          zero     0x0000d8     0x1  main.o [1]
  .near.bss          zero     0x0000d9     0x1  main.o [1]
  .near.bss          zero     0x0000da     0x1  main.o [1]
  .near.bss          zero     0x0000db     0x1  main.o [1]
  .near.bss          zero     0x0000dc     0x1  main.o [1]
  .near.bss          zero     0x0000dd     0x1  main.o [1]
  .near.bss          zero     0x0000de     0x1  main.o [1]
  .near.bss          zero     0x0000df     0x1  main.o [1]
  .near.bss          zero     0x0000e0     0x1  main.o [1]
  .near.bss          zero     0x0000e1     0x1  main.o [1]
  .near.bss          zero     0x0000e2     0x1  main.o [1]
  .near.bss          zero     0x0000e3     0x1  main.o [1]
  .near.bss          zero     0x0000e4     0x1  stm8s_it.o [1]
                            - 0x0000e5    0xaa

"P2", part 3 of 3:                       0x200
  HEAP                        0x0000e5   0x200  <Block>
    HEAP             uninit   0x0000e5   0x200  <Block tail>
                            - 0x0002e5   0x200

"A2":                                    0x200
  CSTACK                      0x000600   0x200  <Block>
    CSTACK           uninit   0x000600   0x200  <Block tail>
                            - 0x000800   0x200

"A3":                                     0x80
  INTVEC                      0x008000    0x80  <Block>
    .intvec          const    0x008000    0x80  interrupt.o [4]
                            - 0x008080    0x80

"P3":                                    0x46f
  .near.rodata       const    0x008080    0x78  stm8s_flash.o [1]
  .near.rodata       const    0x0080f8    0x78  stm8s_uart2.o [1]
  .near.rodata       const    0x008170    0x77  stm8s_adc1.o [1]
  .near.rodata       const    0x0081e7    0x77  stm8s_gpio.o [1]
  .near.rodata       const    0x00825e    0x77  stm8s_tim2.o [1]
  .near.rodata       const    0x0082d5    0x76  stm8s_clk.o [1]
  .near.rodata       const    0x00834b    0x76  stm8s_i2c.o [1]
  .near.rodata       const    0x0083c1     0xb  main.o [1]
  .iar.init_table    const    0x0083cc    0x14  - Linker created -
  .near.rodata       const    0x0083e0    0x10  main.o [1]
  .near.rodata       const    0x0083f0     0xa  main.o [1]
  .near.rodata       const    0x0083fa     0xa  main.o [1]
  .near.rodata       const    0x008404     0xa  main.o [1]
  .near.rodata       const    0x00840e     0xa  main.o [1]
  .near.rodata       const    0x008418     0xa  main.o [1]
  .near.rodata       const    0x008422     0x9  main.o [1]
  .near.rodata       const    0x00842b     0x9  main.o [1]
  .near.rodata       const    0x008434     0x8  main.o [1]
  .near.rodata       const    0x00843c     0x8  main.o [1]
  .near.rodata       const    0x008444     0x8  main.o [1]
  .near.rodata       const    0x00844c     0x8  main.o [1]
  .near.rodata       const    0x008454     0x8  main.o [1]
  .near.rodata       const    0x00845c     0x8  main.o [1]
  .near.rodata       const    0x008464     0x8  main.o [1]
  .near.rodata       const    0x00846c     0x8  xprintfsmall.o [4]
  .near.rodata       const    0x008474     0x8  xprintfsmall.o [4]
  .near.rodata       const    0x00847c     0x8  xencoding_sb.o [4]
  .near.rodata       const    0x008484     0x8  xencoding_sb.o [4]
  .near.rodata       const    0x00848c     0x7  main.o [1]
  .near.rodata       const    0x008493     0x7  main.o [1]
  .near.rodata       const    0x00849a     0x7  main.o [1]
  .near.rodata       const    0x0084a1     0x7  main.o [1]
  .near.rodata       const    0x0084a8     0x7  xprintfsmall.o [4]
  .near.rodata       const    0x0084af     0x6  main.o [1]
  .near.rodata       const    0x0084b5     0x6  main.o [1]
  .near.rodata       const    0x0084bb     0x5  main.o [1]
  .near.rodata       const    0x0084c0     0x4  main.o [1]
  Initializer bytes  ro data  0x0084c4    0x2b  <for P2 s0>
                            - 0x0084ef   0x46f

"P4":                                   0x2bb6
  .far_func.text     ro code  0x0084ef   0xd51  main.o [1]
  .far_func.text     ro code  0x009240   0x4aa  xprintfsmall.o [4]
  .far_func.text     ro code  0x0096ea   0x1e7  xprintfsmall.o [4]
  .far_func.text     ro code  0x0098d1   0x17f  xprintfsmall.o [4]
  .far_func.text     ro code  0x009a50   0x16d  stm8s_i2c.o [1]
  .far_func.text     ro code  0x009bbd   0x15a  long.o [4]
  .far_func.text     ro code  0x009d17   0x143  vreg_util.o [4]
  .far_func.text     ro code  0x009e5a    0xe6  xxmemxfree.o [4]
  .far_func.text     ro code  0x009f40    0xd5  stm8s_clk.o [1]
  .far_func.text     ro code  0x00a015    0xb4  stm8s_gpio.o [1]
  .far_func.text     ro code  0x00a0c9    0xad  stm8s_adc1.o [1]
  .far_func.text     ro code  0x00a176    0xa6  stm8s_i2c.o [1]
  .far_func.text     ro code  0x00a21c    0x9a  xxmemxmalloc.o [4]
  .far_func.text     ro code  0x00a2b6    0x95  stm8s_adc1.o [1]
  .far_func.text     ro code  0x00a34b    0x93  stm8s_i2c.o [1]
  .far_func.text     ro code  0x00a3de    0x91  stm8s_clk.o [1]
  .far_func.text     ro code  0x00a46f    0x7b  stm8s_adc1.o [1]
  .far_func.text     ro code  0x00a4ea    0x78  stm8s_adc1.o [1]
  .far_func.text     ro code  0x00a562    0x70  xxmemxmalloc.o [4]
  .far_func.text     ro code  0x00a5d2    0x60  stm8s_tim2.o [1]
  .far_func.text     ro code  0x00a632    0x5e  stm8s_clk.o [1]
  .far_func.text     ro code  0x00a690    0x59  stm8s_tim2.o [1]
  .far_func.text     ro code  0x00a6e9    0x57  stm8s_it.o [1]
  .far_func.text     ro code  0x00a740    0x47  xprintfsmall.o [4]
  .far_func.text     ro code  0x00a787    0x46  short.o [4]
  .far_func.text     ro code  0x00a7cd    0x44  stm8s_adc1.o [1]
  .far_func.text     ro code  0x00a811    0x3e  stm8s_adc1.o [1]
  .far_func.text     ro code  0x00a84f    0x3e  stm8s_adc1.o [1]
  .far_func.text     ro code  0x00a88d    0x3e  long_util.o [4]
  .far_func.text     ro code  0x00a8cb    0x3b  stm8s_it.o [1]
  .far_func.text     ro code  0x00a906    0x3a  stm8s_flash.o [1]
  .far_func.text     ro code  0x00a940    0x39  xprintfsmall.o [4]
  .far_func.text     ro code  0x00a979    0x36  stm8s_clk.o [1]
  .far_func.text     ro code  0x00a9af    0x35  xprintfsmall.o [4]
  .far_func.text     ro code  0x00a9e4    0x35  xprintfsmall.o [4]
  .far_func.text     ro code  0x00aa19    0x34  stm8s_i2c.o [1]
  .far_func.text     ro code  0x00aa4d    0x34  far_util.o [4]
  .far_func.text     ro code  0x00aa81    0x32  stm8s_i2c.o [1]
  .far_func.text     ro code  0x00aab3    0x31  stm8s_adc1.o [1]
  .far_func.text     ro code  0x00aae4    0x30  xencoding_sb.o [4]
  .far_func.text     ro code  0x00ab14    0x2c  stm8s_flash.o [1]
  .far_func.text     ro code  0x00ab40    0x29  xmbtowc.o [4]
  .far_func.text     ro code  0x00ab69    0x28  printf.o [4]
  .far_func.text     ro code  0x00ab91    0x28  init_small.o [4]
  .far_func.text     ro code  0x00abb9    0x26  memcpy.o [4]
  .far_func.text     ro code  0x00abdf    0x25  stm8s_i2c.o [1]
  .far_func.text     ro code  0x00ac04    0x25  stm8s_it.o [1]
  .far_func.text     ro code  0x00ac29    0x25  stm8s_uart2.o [1]
  .far_func.text     ro code  0x00ac4e    0x23  main.o [1]
  .far_func.text     ro code  0x00ac71    0x22  stm8s_flash.o [1]
  .far_func.text     ro code  0x00ac93    0x22  xwctomb.o [4]
  .far_func.text     ro code  0x00acb5    0x22  xgetmemchunk.o [4]
  .far_func.text     ro code  0x00acd7    0x21  stm8s_flash.o [1]
  .far_func.text     ro code  0x00acf8    0x1e  init.o [4]
  .far_func.text     ro code  0x00ad16    0x1e  init_small.o [4]
  .far_func.text     ro code  0x00ad34    0x1d  stm8s_tim2.o [1]
  .far_func.text     ro code  0x00ad51    0x1d  xprout.o [4]
  .far_func.text     ro code  0x00ad6e    0x1a  stm8s_flash.o [1]
  .far_func.text     ro code  0x00ad88    0x1a  xprintfsmall.o [4]
  .far_func.text     ro code  0x00ada2    0x19  xencoding_sb.o [4]
  .far_func.text     ro code  0x00adbb    0x18  stm8s_adc1.o [1]
  .far_func.text     ro code  0x00add3    0x18  stm8s_flash.o [1]
  .far_func.text     ro code  0x00adeb    0x18  stm8s_i2c.o [1]
  .far_func.text     ro code  0x00ae03    0x18  stm8s_i2c.o [1]
  .far_func.text     ro code  0x00ae1b    0x18  stm8s_i2c.o [1]
  .far_func.text     ro code  0x00ae33    0x17  cstartup.o [4]
  .far_func.text     ro code  0x00ae4a    0x16  xprintfsmall.o [4]
  .far_func.text     ro code  0x00ae60    0x16  __dbg_xxexit.o [3]
  .far_func.text     ro code  0x00ae76    0x15  memchr.o [4]
  .far_func.text     ro code  0x00ae8b    0x15  strchr.o [4]
  .far_func.text     ro code  0x00aea0    0x13  stm8s_flash.o [1]
  .far_func.text     ro code  0x00aeb3    0x13  xprintfsmall.o [4]
  .far_func.text     ro code  0x00aec6    0x12  stm8s_i2c.o [1]
  .far_func.text     ro code  0x00aed8    0x12  strlen.o [4]
  .far_func.text     ro code  0x00aeea    0x10  xprintfsmall.o [4]
  .far_func.text     ro code  0x00aefa     0xe  setlocale.o [4]
  .far_func.text     ro code  0x00af08     0xd  move.o [4]
  .far_func.text     ro code  0x00af15     0xc  stm8s_adc1.o [1]
  .far_func.text     ro code  0x00af21     0xc  stm8s_adc1.o [1]
  .far_func.text     ro code  0x00af2d     0xc  stm8s_adc1.o [1]
  .far_func.text     ro code  0x00af39     0xc  stm8s_clk.o [1]
  .far_func.text     ro code  0x00af45     0xc  stm8s_flash.o [1]
  .far_func.text     ro code  0x00af51     0xc  stm8s_gpio.o [1]
  .far_func.text     ro code  0x00af5d     0xc  stm8s_i2c.o [1]
  .far_func.text     ro code  0x00af69     0xc  stm8s_i2c.o [1]
  .far_func.text     ro code  0x00af75     0xc  stm8s_tim2.o [1]
  .far_func.text     ro code  0x00af81     0xc  stm8s_uart2.o [1]
  .far_func.text     ro code  0x00af8d     0xc  xprintfsmall.o [4]
  .far_func.text     ro code  0x00af99     0xc  xprintfsmall.o [4]
  .far_func.text     ro code  0x00afa5     0xb  stm8s_clk.o [1]
  .far_func.text     ro code  0x00afb0     0xb  xprintfsmall.o [4]
  .far_func.text     ro code  0x00afbb     0xb  setlocale.o [4]
  .far_func.text     ro code  0x00afc6     0xa  main.o [1]
  .far_func.text     ro code  0x00afd0     0xa  main.o [1]
  .far_func.text     ro code  0x00afda     0xa  stm8s_adc1.o [1]
  .far_func.text     ro code  0x00afe4     0xa  stm8s_tim2.o [1]
  .far_func.text     ro code  0x00afee     0xa  xprintfsmall.o [4]
  .far_func.text     ro code  0x00aff8     0xa  far.o [4]
  .far_func.text     ro code  0x00b002     0xa  setlocale.o [4]
  .far_func.text     ro code  0x00b00c     0x9  stm8s_adc1.o [1]
  .far_func.text     ro code  0x00b015     0x9  xprintfsmall.o [4]
  .far_func.text     ro code  0x00b01e     0x9  xprintfsmall.o [4]
  .far_func.text     ro code  0x00b027     0x9  setlocale.o [4]
  .far_func.text     ro code  0x00b030     0x8  xprintfsmall.o [4]
  .far_func.text     ro code  0x00b038     0x8  xxmemxmalloc.o [4]
  .far_func.text     ro code  0x00b040     0x8  putchar.o [4]
  .far_func.text     ro code  0x00b048     0x7  xmbcurmax.o [4]
  .far_func.text     ro code  0x00b04f     0x6  xprintfsmall.o [4]
  .far_func.text     ro code  0x00b055     0x6  cexit.o [4]
  .far_func.text     ro code  0x00b05b     0x5  stm8s_adc1.o [1]
  .far_func.text     ro code  0x00b060     0x5  stm8s_adc1.o [1]
  .far_func.text     ro code  0x00b065     0x4  stm8s_gpio.o [1]
  .far_func.text     ro code  0x00b069     0x4  stm8s_i2c.o [1]
  .far_func.text     ro code  0x00b06d     0x4  stm8s_i2c.o [1]
  .far_func.text     ro code  0x00b071     0x4  stm8s_uart2.o [1]
  .far_func.text     ro code  0x00b075     0x4  interrupt.o [4]
  .far_func.text     ro code  0x00b079     0x4  exit.o [4]
  .far_func.text     ro code  0x00b07d     0x3  stm8s_gpio.o [1]
  .far_func.text     ro code  0x00b080     0x3  stm8s_gpio.o [1]
  .far_func.text     ro code  0x00b083     0x3  stm8s_gpio.o [1]
  .far_func.text     ro code  0x00b086     0x3  stm8s_gpio.o [1]
  .far_func.text     ro code  0x00b089     0x3  low_level_init.o [4]
  .far_func.text     ro code  0x00b08c     0x3  unhandled_exception.o [4]
  .far_func.text     ro code  0x00b08f     0x2  main.o [1]
  .far_func.text     ro code  0x00b091     0x1  stm8s_it.o [1]
  .far_func.text     ro code  0x00b092     0x1  stm8s_it.o [1]
  .far_func.text     ro code  0x00b093     0x1  stm8s_it.o [1]
  .far_func.text     ro code  0x00b094     0x1  stm8s_it.o [1]
  .far_func.text     ro code  0x00b095     0x1  stm8s_it.o [1]
  .far_func.text     ro code  0x00b096     0x1  stm8s_it.o [1]
  .far_func.text     ro code  0x00b097     0x1  stm8s_it.o [1]
  .far_func.text     ro code  0x00b098     0x1  stm8s_it.o [1]
  .far_func.text     ro code  0x00b099     0x1  stm8s_it.o [1]
  .far_func.text     ro code  0x00b09a     0x1  stm8s_it.o [1]
  .far_func.text     ro code  0x00b09b     0x1  stm8s_it.o [1]
  .far_func.text     ro code  0x00b09c     0x1  stm8s_it.o [1]
  .far_func.text     ro code  0x00b09d     0x1  stm8s_it.o [1]
  .far_func.text     ro code  0x00b09e     0x1  stm8s_it.o [1]
  .far_func.text     ro code  0x00b09f     0x1  stm8s_it.o [1]
  .far_func.text     ro code  0x00b0a0     0x1  stm8s_it.o [1]
  .far_func.text     ro code  0x00b0a1     0x1  stm8s_it.o [1]
  .far_func.text     ro code  0x00b0a2     0x1  stm8s_it.o [1]
  .far_func.text     ro code  0x00b0a3     0x1  stm8s_it.o [1]
  .far_func.text     ro code  0x00b0a4     0x1  __dbg_break.o [3]
                            - 0x00b0a5  0x2bb6


*******************************************************************************
*** INIT TABLE
***

          Address   Size
          -------   ----
Zero (__iar_zero_init2)
    1 destination range, total size 0xaa:
          0x00003b  0xaa

Copy (__iar_copy_init2)
    1 source range, total size 0x2b:
          0x0084c4  0x2b
    1 destination range, total size 0x2b:
          0x000010  0x2b


*******************************************************************************
*** MODULE SUMMARY
***

    Module                 ro code  ro data  rw data
    ------                 -------  -------  -------
C:\Documents and Settings\Administrator\Desktop\stm8s105k-controller\Project\STM8S_StdPeriph_Template\EWSTM8\STM8S105\Obj: [1]
    main.o                   3 466      203       69
    stm8s_adc1.o               895      119
    stm8s_clk.o                529      118
    stm8s_flash.o              250      120
    stm8s_gpio.o               208      119
    stm8s_i2c.o                939      118
    stm8s_it.o                 202                 1
    stm8s_tim2.o               236      119
    stm8s_uart2.o               53      120
    ------------------------------------------------
    Total:                   6 778    1 036       70

command line: [2]
    ------------------------------------------------
    Total:

dbgstm8mmd.a: [3]
    __dbg_break.o                1
    __dbg_xxexit.o              22
    ------------------------------------------------
    Total:                      23

dlstm8mmf.a: [4]
    cexit.o                      6
    cstartup.o                  23
    exit.o                       4
    far.o                       10
    far_util.o                  52
    init.o                      30
    init_small.o                70
    interrupt.o                  4      128
    long.o                     346
    long_util.o                 62
    low_level_init.o             3
    memchr.o                    21
    memcpy.o                    38
    move.o                      13
    printf.o                    40
    putchar.o                    8
    setlocale.o                 44                17
    short.o                     70
    strchr.o                    21
    strlen.o                    18
    unhandled_exception.o        3
    vreg_util.o                323
    vregs.o                                       16
    xencoding_sb.o              73       16
    xfiles.o                             40      120
    xgetmemchunk.o              34                 2
    xmbcurmax.o                  7
    xmbtowc.o                   41
    xprintfsmall.o           2 458       23
    xprout.o                    29
    xwctomb.o                   34
    xxmemxfree.o               230
    xxmemxmalloc.o             274                 4
    ------------------------------------------------
    Total:                   4 389      207      159

    Linker created                       20    1 024
----------------------------------------------------
    Grand Total:            11 190    1 263    1 253


*******************************************************************************
*** ENTRY LIST
***

Entry                    Address   Size  Type      Object
-----                    -------   ----  ----      ------
?add32_l0_l0_0x         0x009bd0         Code  Gb  long.o [4]
?add32_l0_l0_l1         0x009bcd         Code  Gb  long.o [4]
?and32_l0_l0_0x         0x009cd6         Code  Gb  long.o [4]
?and32_l0_l0_l1         0x009cd3         Code  Gb  long.o [4]
?b0                     0x000000         Data  Gb  vregs.o [4]
?b1                     0x000001         Data  Gb  vregs.o [4]
?b10                    0x00000a         Data  Gb  vregs.o [4]
?b11                    0x00000b         Data  Gb  vregs.o [4]
?b12                    0x00000c         Data  Gb  vregs.o [4]
?b13                    0x00000d         Data  Gb  vregs.o [4]
?b14                    0x00000e         Data  Gb  vregs.o [4]
?b15                    0x00000f         Data  Gb  vregs.o [4]
?b2                     0x000002         Data  Gb  vregs.o [4]
?b3                     0x000003         Data  Gb  vregs.o [4]
?b4                     0x000004         Data  Gb  vregs.o [4]
?b5                     0x000005         Data  Gb  vregs.o [4]
?b6                     0x000006         Data  Gb  vregs.o [4]
?b7                     0x000007         Data  Gb  vregs.o [4]
?b8                     0x000008         Data  Gb  vregs.o [4]
?b9                     0x000009         Data  Gb  vregs.o [4]
?e0                     0x000001         Data  Gb  vregs.o [4]
?e1                     0x000005         Data  Gb  vregs.o [4]
?e2                     0x000009         Data  Gb  vregs.o [4]
?e3                     0x00000d         Data  Gb  vregs.o [4]
?epilogue_l2            0x009dc8         Code  Gb  vreg_util.o [4]
?epilogue_l2_l3         0x009dc4         Code  Gb  vreg_util.o [4]
?epilogue_l2_w6         0x009dcd         Code  Gb  vreg_util.o [4]
?epilogue_w4            0x009dd6         Code  Gb  vreg_util.o [4]
?l0                     0x000000         Data  Gb  vregs.o [4]
?l1                     0x000004         Data  Gb  vregs.o [4]
?l2                     0x000008         Data  Gb  vregs.o [4]
?l3                     0x00000c         Data  Gb  vregs.o [4]
?load24_0x_e0           0x00aa73         Code  Gb  far_util.o [4]
?load24_e0_0x           0x00aa4d         Code  Gb  far_util.o [4]
?load24_e1_0x           0x00aa5b         Code  Gb  far_util.o [4]
?load24_xsp_e0          0x00aa69         Code  Gb  far_util.o [4]
?load32_0x_l0           0x00a8bd         Code  Gb  long_util.o [4]
?load32_l0_0x           0x00a8a7         Code  Gb  long_util.o [4]
?load32_l0_asp          0x00a89b         Code  Gb  long_util.o [4]
?load32_l0_dbsp         0x00a88d         Code  Gb  long_util.o [4]
?load32_l0_xsp          0x00a89d         Code  Gb  long_util.o [4]
?load32_xsp_l0          0x00a8b3         Code  Gb  long_util.o [4]
?mov_e0_e2              0x009e0f         Code  Gb  vreg_util.o [4]
?mov_e0_e3              0x009e1c         Code  Gb  vreg_util.o [4]
?mov_e1_e0              0x009e29         Code  Gb  vreg_util.o [4]
?mov_e1_e2              0x009e36         Code  Gb  vreg_util.o [4]
?mov_e2_e0              0x009e43         Code  Gb  vreg_util.o [4]
?mov_e3_e0              0x009e50         Code  Gb  vreg_util.o [4]
?mov_l0_l2              0x009e0c         Code  Gb  vreg_util.o [4]
?mov_l0_l3              0x009e19         Code  Gb  vreg_util.o [4]
?mov_l1_l0              0x009e26         Code  Gb  vreg_util.o [4]
?mov_l1_l2              0x009e33         Code  Gb  vreg_util.o [4]
?mov_l2_l0              0x009e40         Code  Gb  vreg_util.o [4]
?mov_l3_l0              0x009e4d         Code  Gb  vreg_util.o [4]
?mov_w0_w4              0x009ddb         Code  Gb  vreg_util.o [4]
?mov_w0_w5              0x009de2         Code  Gb  vreg_util.o [4]
?mov_w1_w4              0x009de9         Code  Gb  vreg_util.o [4]
?mov_w1_w5              0x009e12         Code  Gb  vreg_util.o [4]
?mov_w1_w7              0x009e1f         Code  Gb  vreg_util.o [4]
?mov_w2_w1              0x009df0         Code  Gb  vreg_util.o [4]
?mov_w3_w1              0x009e2c         Code  Gb  vreg_util.o [4]
?mov_w3_w5              0x009e39         Code  Gb  vreg_util.o [4]
?mov_w4_w0              0x009df7         Code  Gb  vreg_util.o [4]
?mov_w4_w1              0x009dfe         Code  Gb  vreg_util.o [4]
?mov_w5_w0              0x009e05         Code  Gb  vreg_util.o [4]
?mov_w5_w1              0x009e46         Code  Gb  vreg_util.o [4]
?mov_w7_w1              0x009e53         Code  Gb  vreg_util.o [4]
?move1616_v_x_y_a       0x00af08         Code  Gb  move.o [4]
?mul16_x_x_w0           0x00a787         Code  Gb  short.o [4]
?mul32_l0_l0_l1         0x009be8         Code  Gb  long.o [4]
?neg32_l0_l0            0x009bbd         Code  Gb  long.o [4]
?pop_l0                 0x009d8c         Code  Gb  vreg_util.o [4]
?pop_l1                 0x009d97         Code  Gb  vreg_util.o [4]
?pop_l2                 0x009da2         Code  Gb  vreg_util.o [4]
?pop_l3                 0x009dad         Code  Gb  vreg_util.o [4]
?pop_w4                 0x009d3d         Code  Gb  vreg_util.o [4]
?pop_w6                 0x009d44         Code  Gb  vreg_util.o [4]
?push_l0                0x009d57         Code  Gb  vreg_util.o [4]
?push_l1                0x009d5c         Code  Gb  vreg_util.o [4]
?push_l2                0x009d61         Code  Gb  vreg_util.o [4]
?push_l3                0x009d66         Code  Gb  vreg_util.o [4]
?push_w2                0x009d17         Code  Gb  vreg_util.o [4]
?push_w4                0x009d1c         Code  Gb  vreg_util.o [4]
?push_w6                0x009d21         Code  Gb  vreg_util.o [4]
?sdiv16_x_x_y           0x00a7a5         Code  Gb  short.o [4]
?sext32_l0_a            0x009d0a         Code  Gb  long.o [4]
?sext32_l0_x            0x009cff         Code  Gb  long.o [4]
?sll16_x_x_4            0x00a7c8         Code  Gb  short.o [4]
?sll16_x_x_5            0x00a7c7         Code  Gb  short.o [4]
?sll16_x_x_6            0x00a7c6         Code  Gb  short.o [4]
?sll16_x_x_a            0x00a7be         Code  Gb  short.o [4]
?sll32_0x_0x_a          0x009cf1         Code  Gb  long.o [4]
?sll32_l0_l0_a          0x009cee         Code  Gb  long.o [4]
?ucmp24_c_0x_e0         0x00aff8         Code  Gb  far.o [4]
?udiv32_l0_l0_l1        0x009c66         Code  Gb  long.o [4]
?umod32_l1_l0_l1        0x009c66         Code  Gb  long.o [4]
?w0                     0x000000         Data  Gb  vregs.o [4]
?w1                     0x000002         Data  Gb  vregs.o [4]
?w2                     0x000004         Data  Gb  vregs.o [4]
?w3                     0x000006         Data  Gb  vregs.o [4]
?w4                     0x000008         Data  Gb  vregs.o [4]
?w5                     0x00000a         Data  Gb  vregs.o [4]
?w6                     0x00000c         Data  Gb  vregs.o [4]
?w7                     0x00000e         Data  Gb  vregs.o [4]
ADC1_ClearFlag          0x00a4ea   0x78  Code  Gb  stm8s_adc1.o [1]
ADC1_ClearITPendingBit  0x00a46f   0x7b  Code  Gb  stm8s_adc1.o [1]
ADC1_Cmd                0x00adbb   0x18  Code  Gb  stm8s_adc1.o [1]
ADC1_ConversionConfig   0x00a2b6   0x95  Code  Gb  stm8s_adc1.o [1]
ADC1_DeInit             0x00aab3   0x31  Code  Gb  stm8s_adc1.o [1]
ADC1_GetConversionValue
                        0x00a84f   0x3e  Code  Gb  stm8s_adc1.o [1]
ADC1_IRQHandler         0x00a6e9   0x57  Code  Gb  stm8s_it.o [1]
ADC1_ITConfig           0x00a7cd   0x44  Code  Gb  stm8s_adc1.o [1]
ADC1_PrescalerConfig    0x00a811   0x3e  Code  Gb  stm8s_adc1.o [1]
ADC1_SchmittTriggerConfig
                        0x00a0c9   0xad  Code  Gb  stm8s_adc1.o [1]
ADC1_StartConversion    0x00b060    0x5  Code  Gb  stm8s_adc1.o [1]
AWU_IRQHandler          0x00b093    0x1  Code  Gb  stm8s_it.o [1]
CLK_ClockSwitchConfig   0x009f40   0xd5  Code  Gb  stm8s_clk.o [1]
CLK_DeInit              0x00a979   0x36  Code  Gb  stm8s_clk.o [1]
CLK_IRQHandler          0x00b094    0x1  Code  Gb  stm8s_it.o [1]
CLK_PeripheralClockConfig
                        0x00a3de   0x91  Code  Gb  stm8s_clk.o [1]
CLK_SYSCLKConfig        0x00a632   0x5e  Code  Gb  stm8s_clk.o [1]
CSTACK$$Base            0x000600          --   Gb  - Linker created -
CSTACK$$Limit           0x000800          --   Gb  - Linker created -
Check_DS1307            0x008fb7   0x40  Code  Gb  main.o [1]
DS18_Read               0x0086a5   0x4c  Code  Gb  main.o [1]
DS18_Reset              0x00875d   0x2c  Code  Gb  main.o [1]
DS18_Write              0x0086ff   0x47  Code  Gb  main.o [1]
Delay1                  0x0084fd    0xe  Code  Gb  main.o [1]
Delay2                  0x0084ef    0xe  Code  Gb  main.o [1]
EEPROM_EEC_IRQHandler   0x00b0a3    0x1  Code  Gb  stm8s_it.o [1]
EEPROM_INIT             0x0089c4    0xf  Code  Gb  main.o [1]
EXTI_PORTA_IRQHandler   0x00b095    0x1  Code  Gb  stm8s_it.o [1]
EXTI_PORTB_IRQHandler   0x00b096    0x1  Code  Gb  stm8s_it.o [1]
EXTI_PORTC_IRQHandler   0x00b097    0x1  Code  Gb  stm8s_it.o [1]
EXTI_PORTD_IRQHandler   0x00b098    0x1  Code  Gb  stm8s_it.o [1]
EXTI_PORTE_IRQHandler   0x00b099    0x1  Code  Gb  stm8s_it.o [1]
FLASH_DeInit            0x00add3   0x18  Code  Gb  stm8s_flash.o [1]
FLASH_ProgramByte       0x00a906   0x3a  Code  Gb  stm8s_flash.o [1]
FLASH_ReadByte          0x00ab14   0x2c  Code  Gb  stm8s_flash.o [1]
FLASH_SetProgrammingTime
                        0x00ac71   0x22  Code  Gb  stm8s_flash.o [1]
FLASH_Unlock            0x00acd7   0x21  Code  Gb  stm8s_flash.o [1]
GPIO_Init               0x00a015   0xb4  Code  Gb  stm8s_gpio.o [1]
GPIO_ReadInputData      0x00b083    0x3  Code  Gb  stm8s_gpio.o [1]
GPIO_ReadInputPin       0x00b086    0x3  Code  Gb  stm8s_gpio.o [1]
GPIO_WriteHigh          0x00b07d    0x3  Code  Gb  stm8s_gpio.o [1]
GPIO_WriteLow           0x00b065    0x4  Code  Gb  stm8s_gpio.o [1]
GPIO_WriteReverse       0x00b080    0x3  Code  Gb  stm8s_gpio.o [1]
GpioConfiguration       0x00894a   0x68  Code  Gb  main.o [1]
HEAP$$Base              0x0000e5          --   Gb  - Linker created -
HEAP$$Limit             0x0002e5          --   Gb  - Linker created -
I2C_AcknowledgeConfig   0x00aa19   0x34  Code  Gb  stm8s_i2c.o [1]
I2C_CheckEvent          0x00a176   0xa6  Code  Gb  stm8s_i2c.o [1]
I2C_Cmd                 0x00adeb   0x18  Code  Gb  stm8s_i2c.o [1]
I2C_DeInit              0x00abdf   0x25  Code  Gb  stm8s_i2c.o [1]
I2C_GenerateSTART       0x00ae03   0x18  Code  Gb  stm8s_i2c.o [1]
I2C_GenerateSTOP        0x00ae1b   0x18  Code  Gb  stm8s_i2c.o [1]
I2C_GetFlagStatus       0x00a34b   0x93  Code  Gb  stm8s_i2c.o [1]
I2C_IRQHandler          0x00b0a0    0x1  Code  Gb  stm8s_it.o [1]
I2C_Init                0x009a50  0x16d  Code  Gb  stm8s_i2c.o [1]
I2C_RA                  0x008f8f   0x28  Code  Gb  main.o [1]
I2C_RD                  0x008f6c   0x23  Code  Gb  main.o [1]
I2C_ReceiveData         0x00b069    0x4  Code  Gb  stm8s_i2c.o [1]
I2C_Send7bitAddress     0x00aa81   0x32  Code  Gb  stm8s_i2c.o [1]
I2C_SendData            0x00b06d    0x4  Code  Gb  stm8s_i2c.o [1]
I2C_Start               0x008cfa   0x26  Code  Gb  main.o [1]
I2C_WA                  0x008cd4   0x26  Code  Gb  main.o [1]
I2C_WD                  0x008cb0   0x24  Code  Gb  main.o [1]
INTVEC$$Base            0x008000          --   Gb  - Linker created -
INTVEC$$Limit           0x008080          --   Gb  - Linker created -
InitAdc                 0x0088dc   0x2d  Code  Gb  main.o [1]
InitClk                 0x008909   0x38  Code  Gb  main.o [1]
InitDelayTimer          0x008809   0x1d  Code  Gb  main.o [1]
InitI2C                 0x0090a9   0x26  Code  Gb  main.o [1]
InitLcd                 0x008857   0x5c  Code  Gb  main.o [1]
LCD                     0x0085b0   0xba  Code  Gb  main.o [1]
LCDData                 0x008572    0xb  Code  Gb  main.o [1]
LCDDataOut              0x00851b   0x57  Code  Gb  main.o [1]
LCDInstr                0x0085a5    0xb  Code  Gb  main.o [1]
LCDInstrNibble          0x008848    0xf  Code  Gb  main.o [1]
LoadInt                 0x00a740   0x47  Code  Lc  xprintfsmall.o [4]
PulseEnable             0x00850b   0x10  Code  Gb  main.o [1]
ReadDS1307              0x009013   0x67  Code  Gb  main.o [1]
Read_Allarm             0x0089d3   0x52  Code  Gb  main.o [1]
Read_DS18               0x008792   0x77  Code  Gb  main.o [1]
Region$$Table$$Base     0x0083cc          --   Gb  - Linker created -
Region$$Table$$Limit    0x0083e0          --   Gb  - Linker created -
SPI_IRQHandler          0x00b09a    0x1  Code  Gb  stm8s_it.o [1]
Set_Clock               0x008d9e  0x18b  Code  Gb  main.o [1]
Set_DS1307              0x008d27   0x6c  Code  Gb  main.o [1]
Set_Delay_Allarm        0x008ad3  0x156  Code  Gb  main.o [1]
TIM1_CAP_COM_IRQHandler
                        0x00b09c    0x1  Code  Gb  stm8s_it.o [1]
TIM1_UPD_OVF_TRG_BRK_IRQHandler
                        0x00b09b    0x1  Code  Gb  stm8s_it.o [1]
TIM2_CAP_COM_IRQHandler
                        0x00b09d    0x1  Code  Gb  stm8s_it.o [1]
TIM2_ClearITPendingBit  0x00ad34   0x1d  Code  Gb  stm8s_tim2.o [1]
TIM2_Cmd                0x00a61a   0x18  Code  Gb  stm8s_tim2.o [1]
TIM2_DeInit             0x00a690   0x59  Code  Gb  stm8s_tim2.o [1]
TIM2_ITConfig           0x00a5de   0x3c  Code  Gb  stm8s_tim2.o [1]
TIM2_TimeBaseInit       0x00afe4    0xa  Code  Gb  stm8s_tim2.o [1]
TIM2_UPD_OVF_BRK_IRQHandler
                        0x00a8cb   0x3b  Code  Gb  stm8s_it.o [1]
TIM3_CAP_COM_IRQHandler
                        0x00b09f    0x1  Code  Gb  stm8s_it.o [1]
TIM3_UPD_OVF_BRK_IRQHandler
                        0x00b09e    0x1  Code  Gb  stm8s_it.o [1]
TIM4_UPD_OVF_IRQHandler
                        0x00b0a2    0x1  Code  Gb  stm8s_it.o [1]
TLI_IRQHandler          0x00b092    0x1  Code  Gb  stm8s_it.o [1]
TRAP_IRQHandler         0x00b091    0x1  Code  Gb  stm8s_it.o [1]
UART2_ClearITPendingBit
                        0x00ac29   0x25  Code  Gb  stm8s_uart2.o [1]
UART2_RX_IRQHandler     0x00ac04   0x25  Code  Gb  stm8s_it.o [1]
UART2_ReceiveData8      0x00b071    0x4  Code  Gb  stm8s_uart2.o [1]
UART2_TX_IRQHandler     0x00b0a1    0x1  Code  Gb  stm8s_it.o [1]
_EncodingSb_Mbtowc      0x00aae4   0x30  Code  Gb  xencoding_sb.o [4]
_EncodingSb_Wctomb      0x00ada2   0x19  Code  Gb  xencoding_sb.o [4]
_LitobSmall             0x0098d1  0x17f  Code  Lc  xprintfsmall.o [4]
_LocaleEncoding         0x00aefa    0xe  Code  Gb  setlocale.o [4]
_Locale_Profile         0x0000b3    0xe  Data  Gb  setlocale.o [4]
_Mbtowc                 0x00ab40   0x29  Code  Gb  xmbtowc.o [4]
_PrintfSmall            0x009240  0x4aa  Code  Gb  xprintfsmall.o [4]
_Prout                  0x00ad51   0x1d  Code  Gb  xprout.o [4]
_PutcharSmall           0x00a940   0x39  Code  Lc  xprintfsmall.o [4]
_PutcharsSmall          0x00a9e4   0x35  Code  Lc  xprintfsmall.o [4]
_PutstrSmall            0x0096ea  0x1e7  Code  Lc  xprintfsmall.o [4]
_Wctomb                 0x00ac93   0x22  Code  Gb  xwctomb.o [4]
__DebugBreak            0x00b0a4    0x1  Code  Gb  __dbg_break.o [3]
__exit                  0x00ae60   0x16  Code  Gb  __dbg_xxexit.o [3]
__iar_Mbcurmax          0x00b048    0x7  Code  Gb  xmbcurmax.o [4]
__iar_Memchr            0x00ae76   0x15  Code  Gb  memchr.o [4]
__iar_Stdout            0x000010   0x28  Data  Gb  xfiles.o [4]
__iar_Strchr            0x00ae8b   0x15  Code  Gb  strchr.o [4]
__iar_Tls_setup__Locale_Profile
                        0x0000c5    0x3  Data  Gb  setlocale.o [4]
__iar_copy_init2        0x00ab91         Code  Gb  init_small.o [4]
__iar_data_init2        0x00acf8   0x1e  Code  Gb  init.o [4]
__iar_program_start     0x00ae33         Code  Gb  cstartup.o [4]
__iar_unhandled_exception
                        0x00b08c         Code  Gb  unhandled_exception.o [4]
__iar_zero_init2        0x00ad16         Code  Gb  init_small.o [4]
__intvec                0x008000         Data  Gb  interrupt.o [4]
__low_level_init        0x00b089    0x3  Code  Gb  low_level_init.o [4]
__near_Aldata           0x0000c1    0x4  Data  Gb  xxmemxmalloc.o [4]
__near_GetMemChunk      0x00acb5   0x22  Code  Gb  xgetmemchunk.o [4]
__near_findmem          0x00a562   0x70  Code  Lc  xxmemxmalloc.o [4]
_exit                   0x00b055         Code  Gb  cexit.o [4]
_interrupt_1            0x00b091         Code  Gb  stm8s_it.o [1]
_interrupt_10           0x00b075         Code  Wk  interrupt.o [4]
_interrupt_11           0x00b075         Code  Wk  interrupt.o [4]
_interrupt_12           0x00b09a         Code  Gb  stm8s_it.o [1]
_interrupt_13           0x00b09b         Code  Gb  stm8s_it.o [1]
_interrupt_14           0x00b09c         Code  Gb  stm8s_it.o [1]
_interrupt_15           0x00a8cb         Code  Gb  stm8s_it.o [1]
_interrupt_16           0x00b09d         Code  Gb  stm8s_it.o [1]
_interrupt_17           0x00b09e         Code  Gb  stm8s_it.o [1]
_interrupt_18           0x00b09f         Code  Gb  stm8s_it.o [1]
_interrupt_19           0x00b075         Code  Wk  interrupt.o [4]
_interrupt_2            0x00b092         Code  Gb  stm8s_it.o [1]
_interrupt_20           0x00b075         Code  Wk  interrupt.o [4]
_interrupt_21           0x00b0a0         Code  Gb  stm8s_it.o [1]
_interrupt_22           0x00b0a1         Code  Gb  stm8s_it.o [1]
_interrupt_23           0x00ac04         Code  Gb  stm8s_it.o [1]
_interrupt_24           0x00a6e9         Code  Gb  stm8s_it.o [1]
_interrupt_25           0x00b0a2         Code  Gb  stm8s_it.o [1]
_interrupt_26           0x00b0a3         Code  Gb  stm8s_it.o [1]
_interrupt_27           0x00b075         Code  Wk  interrupt.o [4]
_interrupt_28           0x00b075         Code  Wk  interrupt.o [4]
_interrupt_29           0x00b075         Code  Wk  interrupt.o [4]
_interrupt_3            0x00b093         Code  Gb  stm8s_it.o [1]
_interrupt_30           0x00b075         Code  Wk  interrupt.o [4]
_interrupt_31           0x00b075         Code  Wk  interrupt.o [4]
_interrupt_4            0x00b094         Code  Gb  stm8s_it.o [1]
_interrupt_5            0x00b095         Code  Gb  stm8s_it.o [1]
_interrupt_6            0x00b096         Code  Gb  stm8s_it.o [1]
_interrupt_7            0x00b097         Code  Gb  stm8s_it.o [1]
_interrupt_8            0x00b098         Code  Gb  stm8s_it.o [1]
_interrupt_9            0x00b099         Code  Gb  stm8s_it.o [1]
adcdata                 0x0000cc    0x2  Data  Gb  main.o [1]
adj                     0x008a86   0x4d  Code  Gb  main.o [1]
assert_failed           0x00b08f    0x2  Code  Gb  main.o [1]
bcd2hex                 0x008f55   0x17  Code  Gb  main.o [1]
convert_tobcd           0x008c99   0x17  Code  Gb  main.o [1]
count                   0x0000d9    0x1  Data  Gb  main.o [1]
daily_hour_off          0x0000e2    0x1  Data  Gb  main.o [1]
daily_hour_on           0x0000e0    0x1  Data  Gb  main.o [1]
daily_long_on           0x0000ce    0x2  Data  Gb  main.o [1]
daily_minute_off        0x0000e3    0x1  Data  Gb  main.o [1]
daily_minute_on         0x0000e1    0x1  Data  Gb  main.o [1]
date                    0x000039    0x1  Data  Gb  main.o [1]
days                    0x000038    0x1  Data  Gb  main.o [1]
error                   0x0000de    0x1  Data  Gb  main.o [1]
exit                    0x00b079    0x4  Code  Gb  exit.o [4]
fputc                   0x00866a   0x12  Code  Gb  main.o [1]
free                    0x009e5a   0xe6  Code  Gb  xxmemxfree.o [4]
hours                   0x0000dc    0x1  Data  Gb  main.o [1]
index                   0x0000e4    0x1  Data  Gb  stm8s_it.o [1]
key_minus_on            0x008a2e   0x25  Code  Gb  main.o [1]
key_ok_on               0x00867c   0x29  Code  Gb  main.o [1]
key_ok_plus             0x008c50   0x28  Code  Gb  main.o [1]
key_plus_on             0x008a53   0x25  Code  Gb  main.o [1]
line_lcd                0x0000d8    0x1  Data  Gb  main.o [1]
main                    0x0090cf  0x153  Code  Gb  main.o [1]
malloc                  0x00a21c   0x9a  Code  Gb  xxmemxmalloc.o [4]
measure                 0x00008b   0x28  Data  Gb  main.o [1]
memcpy                  0x00abb9   0x26  Code  Gb  memcpy.o [4]
minutes                 0x0000db    0x1  Data  Gb  main.o [1]
mounts                  0x00003a    0x1  Data  Gb  main.o [1]
obuf                    0x00003b   0x50  Data  Lc  xfiles.o [4]
pad                     0x00a9af   0x35  Code  Lc  xprintfsmall.o [4]
printf                  0x00ab69   0x28  Code  Gb  printf.o [4]
putchar                 0x00b040    0x8  Code  Gb  putchar.o [4]
rx_data                 0x0000d7    0x1  Data  Gb  main.o [1]
seconds                 0x0000da    0x1  Data  Gb  main.o [1]
strlen                  0x00aed8   0x12  Code  Gb  strlen.o [4]
temp2                   0x0000df    0x1  Data  Gb  main.o [1]
time_off                0x0000d2    0x2  Data  Gb  main.o [1]
time_on                 0x0000d0    0x2  Data  Gb  main.o [1]
timeout                 0x0000d6    0x1  Data  Gb  main.o [1]
timer1                  0x0000c8    0x2  Data  Gb  main.o [1]
timer2                  0x0000ca    0x2  Data  Gb  main.o [1]
years                   0x0000dd    0x1  Data  Gb  main.o [1]


[1] = C:\Documents and Settings\Administrator\Desktop\stm8s105k-controller\Project\STM8S_StdPeriph_Template\EWSTM8\STM8S105\Obj
[2] = command line
[3] = dbgstm8mmd.a
[4] = dlstm8mmf.a

  11 190 bytes of readonly  code memory
   1 263 bytes of readonly  data memory
   1 253 bytes of readwrite data memory

Errors: none
Warnings: none
