###############################################################################
#                                                                             #
# IAR ELF Linker V1.30.1.50036 for STM8                 15/Aug/2013  00:28:52 #
# Copyright 2010-2011 IAR Systems AB.                                         #
#                                                                             #
#    Output file  =  C:\Users\Administrator\Desktop\stm8s105k-controller\Proj #
#                    ect\STM8S_StdPeriph_Template\EWSTM8\STM8S105\Exe\Project #
#                    .out                                                     #
#    Map file     =  C:\Users\Administrator\Desktop\stm8s105k-controller\Proj #
#                    ect\STM8S_StdPeriph_Template\EWSTM8\STM8S105\List\Projec #
#                    t.map                                                    #
#    Command line =  C:\Users\Administrator\Desktop\stm8s105k-controller\Proj #
#                    ect\STM8S_StdPeriph_Template\EWSTM8\STM8S105\Obj\main.o  #
#                    C:\Users\Administrator\Desktop\stm8s105k-controller\Proj #
#                    ect\STM8S_StdPeriph_Template\EWSTM8\STM8S105\Obj\stm8s_a #
#                    dc1.o C:\Users\Administrator\Desktop\stm8s105k-controlle #
#                    r\Project\STM8S_StdPeriph_Template\EWSTM8\STM8S105\Obj\s #
#                    tm8s_awu.o C:\Users\Administrator\Desktop\stm8s105k-cont #
#                    roller\Project\STM8S_StdPeriph_Template\EWSTM8\STM8S105\ #
#                    Obj\stm8s_beep.o C:\Users\Administrator\Desktop\stm8s105 #
#                    k-controller\Project\STM8S_StdPeriph_Template\EWSTM8\STM #
#                    8S105\Obj\stm8s_clk.o C:\Users\Administrator\Desktop\stm #
#                    8s105k-controller\Project\STM8S_StdPeriph_Template\EWSTM #
#                    8\STM8S105\Obj\stm8s_exti.o                              #
#                    C:\Users\Administrator\Desktop\stm8s105k-controller\Proj #
#                    ect\STM8S_StdPeriph_Template\EWSTM8\STM8S105\Obj\stm8s_f #
#                    lash.o C:\Users\Administrator\Desktop\stm8s105k-controll #
#                    er\Project\STM8S_StdPeriph_Template\EWSTM8\STM8S105\Obj\ #
#                    stm8s_gpio.o C:\Users\Administrator\Desktop\stm8s105k-co #
#                    ntroller\Project\STM8S_StdPeriph_Template\EWSTM8\STM8S10 #
#                    5\Obj\stm8s_i2c.o C:\Users\Administrator\Desktop\stm8s10 #
#                    5k-controller\Project\STM8S_StdPeriph_Template\EWSTM8\ST #
#                    M8S105\Obj\stm8s_it.o C:\Users\Administrator\Desktop\stm #
#                    8s105k-controller\Project\STM8S_StdPeriph_Template\EWSTM #
#                    8\STM8S105\Obj\stm8s_itc.o C:\Users\Administrator\Deskto #
#                    p\stm8s105k-controller\Project\STM8S_StdPeriph_Template\ #
#                    EWSTM8\STM8S105\Obj\stm8s_iwdg.o                         #
#                    C:\Users\Administrator\Desktop\stm8s105k-controller\Proj #
#                    ect\STM8S_StdPeriph_Template\EWSTM8\STM8S105\Obj\stm8s_r #
#                    st.o C:\Users\Administrator\Desktop\stm8s105k-controller #
#                    \Project\STM8S_StdPeriph_Template\EWSTM8\STM8S105\Obj\st #
#                    m8s_spi.o C:\Users\Administrator\Desktop\stm8s105k-contr #
#                    oller\Project\STM8S_StdPeriph_Template\EWSTM8\STM8S105\O #
#                    bj\stm8s_tim1.o C:\Users\Administrator\Desktop\stm8s105k #
#                    -controller\Project\STM8S_StdPeriph_Template\EWSTM8\STM8 #
#                    S105\Obj\stm8s_tim2.o C:\Users\Administrator\Desktop\stm #
#                    8s105k-controller\Project\STM8S_StdPeriph_Template\EWSTM #
#                    8\STM8S105\Obj\stm8s_tim3.o                              #
#                    C:\Users\Administrator\Desktop\stm8s105k-controller\Proj #
#                    ect\STM8S_StdPeriph_Template\EWSTM8\STM8S105\Obj\stm8s_t #
#                    im4.o C:\Users\Administrator\Desktop\stm8s105k-controlle #
#                    r\Project\STM8S_StdPeriph_Template\EWSTM8\STM8S105\Obj\s #
#                    tm8s_uart2.o C:\Users\Administrator\Desktop\stm8s105k-co #
#                    ntroller\Project\STM8S_StdPeriph_Template\EWSTM8\STM8S10 #
#                    5\Obj\stm8s_wwdg.o --redirect _Printf=_PrintfSmall       #
#                    --redirect _Scanf=_ScanfSmall -o                         #
#                    C:\Users\Administrator\Desktop\stm8s105k-controller\Proj #
#                    ect\STM8S_StdPeriph_Template\EWSTM8\STM8S105\Exe\Project #
#                    .out --map C:\Users\Administrator\Desktop\stm8s105k-cont #
#                    roller\Project\STM8S_StdPeriph_Template\EWSTM8\STM8S105\ #
#                    List\Project.map --config "C:\Program Files (x86)\IAR    #
#                    Systems\Embedded Workbench 6.0\stm8\config\lnkstm8s105k4 #
#                    .icf" --config_def _CSTACK_SIZE=0x200 --config_def       #
#                    _HEAP_SIZE=0x200 --entry __iar_program_start --debug_lib #
#                                                                             #
#                                                                             #
###############################################################################

*******************************************************************************
*** RUNTIME MODEL ATTRIBUTES
***

__Heap_Handler             = Basic
__SystemLibrary            = DLib
__code_model               = medium_or_large
__core                     = stm8
__data_model               = medium
__dlib_file_descriptor     = 1
__dlib_full_locale_support = 1
__rt_version               = 4


*******************************************************************************
*** PLACEMENT SUMMARY
***

"A1":  place at start of [0x000000-0x0000ff] { rw section .vregs };
"A2":  place at end of [0x000000-0x0007ff] { block CSTACK };
"P2":  place in [from 0x000000 to 0x0007ff] {
          block HEAP, rw section .far.bss, rw section .far.data,
          rw section .far.noinit, rw section .far_func.textrw,
          rw section .huge.bss, rw section .huge.data, rw section .huge.noinit,
          rw section .huge_func.textrw, rw section .iar.dynexit,
          rw section .near.bss, rw section .near.data, rw section .near.noinit,
          rw section .near_func.textrw };
"A3":  place at start of [0x008000-0x00bfff] { block INTVEC };
"P3":  place in [from 0x008000 to 0x00bfff] {
          ro section .far.data_init, ro section .far_func.textrw_init,
          ro section .huge.data_init, ro section .huge_func.textrw_init,
          ro section .iar.init_table, ro section .init_array,
          ro section .near.data_init, ro section .near.rodata,
          ro section .near_func.text, ro section .near_func.textrw_init,
          ro section .tiny.data_init, ro section .tiny.rodata_init };
"P4":  place in [from 0x008000 to 0x00bfff] {
          ro section .far.rodata, ro section .far_func.text };

  Section            Kind      Address    Size  Object
  -------            ----      -------    ----  ------
"A1":                                     0x10
  .vregs             uninit   0x000000    0x10  vregs.o [4]
                            - 0x000010    0x10

"P2", part 1 of 3:                        0x2b
  P2 s0                       0x000010    0x2b  <Init block>
    .near.data       inited   0x000010    0x28  xfiles.o [4]
    .near.data       inited   0x000038     0x1  main.o [1]
    .near.data       inited   0x000039     0x1  main.o [1]
    .near.data       inited   0x00003a     0x1  main.o [1]
                            - 0x00003b    0x2b

"P2", part 2 of 3:                        0x85
  .near.bss          zero     0x00003b    0x50  xfiles.o [4]
  .near.bss          zero     0x00008b     0xe  setlocale.o [4]
  .near.bss          zero     0x000099     0x4  xxmemxmalloc.o [4]
  .near.bss          zero     0x00009d     0x3  setlocale.o [4]
  .near.bss          zero     0x0000a0     0x2  main.o [1]
  .near.bss          zero     0x0000a2     0x2  main.o [1]
  .near.bss          zero     0x0000a4     0x2  main.o [1]
  .near.bss          zero     0x0000a6     0x2  main.o [1]
  .near.bss          zero     0x0000a8     0x2  main.o [1]
  .near.bss          zero     0x0000aa     0x2  main.o [1]
  .near.bss          zero     0x0000ac     0x2  main.o [1]
  .near.bss          zero     0x0000ae     0x2  xgetmemchunk.o [4]
  .near.bss          zero     0x0000b0     0x1  main.o [1]
  .near.bss          zero     0x0000b1     0x1  main.o [1]
  .near.bss          zero     0x0000b2     0x1  main.o [1]
  .near.bss          zero     0x0000b3     0x1  main.o [1]
  .near.bss          zero     0x0000b4     0x1  main.o [1]
  .near.bss          zero     0x0000b5     0x1  main.o [1]
  .near.bss          zero     0x0000b6     0x1  main.o [1]
  .near.bss          zero     0x0000b7     0x1  main.o [1]
  .near.bss          zero     0x0000b8     0x1  main.o [1]
  .near.bss          zero     0x0000b9     0x1  main.o [1]
  .near.bss          zero     0x0000ba     0x1  main.o [1]
  .near.bss          zero     0x0000bb     0x1  main.o [1]
  .near.bss          zero     0x0000bc     0x1  main.o [1]
  .near.bss          zero     0x0000bd     0x1  main.o [1]
  .near.bss          zero     0x0000be     0x1  main.o [1]
  .near.bss          zero     0x0000bf     0x1  main.o [1]
                            - 0x0000c0    0x85

"P2", part 3 of 3:                       0x200
  HEAP                        0x0000c0   0x200  <Block>
    HEAP             uninit   0x0000c0   0x200  <Block tail>
                            - 0x0002c0   0x200

"A2":                                    0x200
  CSTACK                      0x000600   0x200  <Block>
    CSTACK           uninit   0x000600   0x200  <Block tail>
                            - 0x000800   0x200

"A3":                                     0x80
  INTVEC                      0x008000    0x80  <Block>
    .intvec          const    0x008000    0x80  interrupt.o [4]
                            - 0x008080    0x80

"P3":                                    0x3ed
  .near.rodata       const    0x008080    0x67  stm8s_flash.o [1]
  .near.rodata       const    0x0080e7    0x67  stm8s_uart2.o [1]
  .near.rodata       const    0x00814e    0x66  stm8s_adc1.o [1]
  .near.rodata       const    0x0081b4    0x66  stm8s_gpio.o [1]
  .near.rodata       const    0x00821a    0x66  stm8s_tim2.o [1]
  .near.rodata       const    0x008280    0x65  stm8s_clk.o [1]
  .near.rodata       const    0x0082e5    0x65  stm8s_i2c.o [1]
  .near.rodata       const    0x00834a     0xa  main.o [1]
  .iar.init_table    const    0x008354    0x14  - Linker created -
  .near.rodata       const    0x008368    0x10  main.o [1]
  .near.rodata       const    0x008378     0xb  main.o [1]
  .near.rodata       const    0x008383     0xa  main.o [1]
  .near.rodata       const    0x00838d     0xa  main.o [1]
  .near.rodata       const    0x008397     0xa  main.o [1]
  .near.rodata       const    0x0083a1     0xa  main.o [1]
  .near.rodata       const    0x0083ab     0x9  main.o [1]
  .near.rodata       const    0x0083b4     0x9  main.o [1]
  .near.rodata       const    0x0083bd     0x9  main.o [1]
  .near.rodata       const    0x0083c6     0x8  main.o [1]
  .near.rodata       const    0x0083ce     0x8  main.o [1]
  .near.rodata       const    0x0083d6     0x8  main.o [1]
  .near.rodata       const    0x0083de     0x8  main.o [1]
  .near.rodata       const    0x0083e6     0x8  main.o [1]
  .near.rodata       const    0x0083ee     0x8  xprintfsmall.o [4]
  .near.rodata       const    0x0083f6     0x8  xprintfsmall.o [4]
  .near.rodata       const    0x0083fe     0x8  xencoding_sb.o [4]
  .near.rodata       const    0x008406     0x8  xencoding_sb.o [4]
  .near.rodata       const    0x00840e     0x7  main.o [1]
  .near.rodata       const    0x008415     0x7  main.o [1]
  .near.rodata       const    0x00841c     0x7  main.o [1]
  .near.rodata       const    0x008423     0x7  main.o [1]
  .near.rodata       const    0x00842a     0x7  main.o [1]
  .near.rodata       const    0x008431     0x7  xprintfsmall.o [4]
  .near.rodata       const    0x008438     0x6  main.o [1]
  .near.rodata       const    0x00843e     0x4  main.o [1]
  Initializer bytes  ro data  0x008442    0x2b  <for P2 s0>
                            - 0x00846d   0x3ed

"P4":                                   0x2aa3
  .far_func.text     ro code  0x00846d   0xf67  main.o [1]
  .far_func.text     ro code  0x0093d4   0x4aa  xprintfsmall.o [4]
  .far_func.text     ro code  0x00987e   0x1e7  xprintfsmall.o [4]
  .far_func.text     ro code  0x009a65   0x17f  xprintfsmall.o [4]
  .far_func.text     ro code  0x009be4   0x16d  stm8s_i2c.o [1]
  .far_func.text     ro code  0x009d51   0x15a  long.o [4]
  .far_func.text     ro code  0x009eab   0x143  vreg_util.o [4]
  .far_func.text     ro code  0x009fee    0xe6  xxmemxfree.o [4]
  .far_func.text     ro code  0x00a0d4    0xd5  stm8s_clk.o [1]
  .far_func.text     ro code  0x00a1a9    0xb4  stm8s_gpio.o [1]
  .far_func.text     ro code  0x00a25d    0xa6  stm8s_i2c.o [1]
  .far_func.text     ro code  0x00a303    0x9a  xxmemxmalloc.o [4]
  .far_func.text     ro code  0x00a39d    0x93  stm8s_i2c.o [1]
  .far_func.text     ro code  0x00a430    0x91  stm8s_clk.o [1]
  .far_func.text     ro code  0x00a4c1    0x70  xxmemxmalloc.o [4]
  .far_func.text     ro code  0x00a531    0x60  stm8s_tim2.o [1]
  .far_func.text     ro code  0x00a591    0x5e  stm8s_clk.o [1]
  .far_func.text     ro code  0x00a5ef    0x59  stm8s_tim2.o [1]
  .far_func.text     ro code  0x00a648    0x47  xprintfsmall.o [4]
  .far_func.text     ro code  0x00a68f    0x45  sprintf.o [4]
  .far_func.text     ro code  0x00a6d4    0x3f  short.o [4]
  .far_func.text     ro code  0x00a713    0x3e  long_util.o [4]
  .far_func.text     ro code  0x00a751    0x3b  stm8s_it.o [1]
  .far_func.text     ro code  0x00a78c    0x3a  stm8s_flash.o [1]
  .far_func.text     ro code  0x00a7c6    0x39  xprintfsmall.o [4]
  .far_func.text     ro code  0x00a7ff    0x36  stm8s_clk.o [1]
  .far_func.text     ro code  0x00a835    0x35  xprintfsmall.o [4]
  .far_func.text     ro code  0x00a86a    0x35  xprintfsmall.o [4]
  .far_func.text     ro code  0x00a89f    0x34  stm8s_i2c.o [1]
  .far_func.text     ro code  0x00a8d3    0x34  far_util.o [4]
  .far_func.text     ro code  0x00a907    0x32  stm8s_i2c.o [1]
  .far_func.text     ro code  0x00a939    0x30  xencoding_sb.o [4]
  .far_func.text     ro code  0x00a969    0x2c  stm8s_flash.o [1]
  .far_func.text     ro code  0x00a995    0x29  xmbtowc.o [4]
  .far_func.text     ro code  0x00a9be    0x28  printf.o [4]
  .far_func.text     ro code  0x00a9e6    0x28  init_small.o [4]
  .far_func.text     ro code  0x00aa0e    0x26  memcpy.o [4]
  .far_func.text     ro code  0x00aa34    0x25  stm8s_i2c.o [1]
  .far_func.text     ro code  0x00aa59    0x25  stm8s_it.o [1]
  .far_func.text     ro code  0x00aa7e    0x25  stm8s_uart2.o [1]
  .far_func.text     ro code  0x00aaa3    0x23  main.o [1]
  .far_func.text     ro code  0x00aac6    0x22  stm8s_flash.o [1]
  .far_func.text     ro code  0x00aae8    0x22  xwctomb.o [4]
  .far_func.text     ro code  0x00ab0a    0x22  xgetmemchunk.o [4]
  .far_func.text     ro code  0x00ab2c    0x21  stm8s_flash.o [1]
  .far_func.text     ro code  0x00ab4d    0x20  stm8s_flash.o [1]
  .far_func.text     ro code  0x00ab6d    0x1e  init.o [4]
  .far_func.text     ro code  0x00ab8b    0x1e  init_small.o [4]
  .far_func.text     ro code  0x00aba9    0x1d  stm8s_tim2.o [1]
  .far_func.text     ro code  0x00abc6    0x1d  xprout.o [4]
  .far_func.text     ro code  0x00abe3    0x1a  stm8s_flash.o [1]
  .far_func.text     ro code  0x00abfd    0x1a  xprintfsmall.o [4]
  .far_func.text     ro code  0x00ac17    0x19  xencoding_sb.o [4]
  .far_func.text     ro code  0x00ac30    0x18  stm8s_adc1.o [1]
  .far_func.text     ro code  0x00ac48    0x18  stm8s_flash.o [1]
  .far_func.text     ro code  0x00ac60    0x18  stm8s_i2c.o [1]
  .far_func.text     ro code  0x00ac78    0x18  stm8s_i2c.o [1]
  .far_func.text     ro code  0x00ac90    0x18  stm8s_i2c.o [1]
  .far_func.text     ro code  0x00aca8    0x17  cstartup.o [4]
  .far_func.text     ro code  0x00acbf    0x16  xprintfsmall.o [4]
  .far_func.text     ro code  0x00acd5    0x16  __dbg_xxexit.o [3]
  .far_func.text     ro code  0x00aceb    0x15  memchr.o [4]
  .far_func.text     ro code  0x00ad00    0x15  strchr.o [4]
  .far_func.text     ro code  0x00ad15    0x13  main.o [1]
  .far_func.text     ro code  0x00ad28    0x13  stm8s_flash.o [1]
  .far_func.text     ro code  0x00ad3b    0x13  xprintfsmall.o [4]
  .far_func.text     ro code  0x00ad4e    0x12  stm8s_i2c.o [1]
  .far_func.text     ro code  0x00ad60    0x12  strlen.o [4]
  .far_func.text     ro code  0x00ad72    0x10  xprintfsmall.o [4]
  .far_func.text     ro code  0x00ad82     0xe  xsprout.o [4]
  .far_func.text     ro code  0x00ad90     0xe  setlocale.o [4]
  .far_func.text     ro code  0x00ad9e     0xd  move.o [4]
  .far_func.text     ro code  0x00adab     0xc  stm8s_adc1.o [1]
  .far_func.text     ro code  0x00adb7     0xc  stm8s_clk.o [1]
  .far_func.text     ro code  0x00adc3     0xc  stm8s_flash.o [1]
  .far_func.text     ro code  0x00adcf     0xc  stm8s_gpio.o [1]
  .far_func.text     ro code  0x00addb     0xc  stm8s_i2c.o [1]
  .far_func.text     ro code  0x00ade7     0xc  stm8s_i2c.o [1]
  .far_func.text     ro code  0x00adf3     0xc  stm8s_tim2.o [1]
  .far_func.text     ro code  0x00adff     0xc  stm8s_uart2.o [1]
  .far_func.text     ro code  0x00ae0b     0xc  xprintfsmall.o [4]
  .far_func.text     ro code  0x00ae17     0xc  xprintfsmall.o [4]
  .far_func.text     ro code  0x00ae23     0xb  stm8s_clk.o [1]
  .far_func.text     ro code  0x00ae2e     0xb  xprintfsmall.o [4]
  .far_func.text     ro code  0x00ae39     0xb  setlocale.o [4]
  .far_func.text     ro code  0x00ae44     0xa  main.o [1]
  .far_func.text     ro code  0x00ae4e     0xa  stm8s_tim2.o [1]
  .far_func.text     ro code  0x00ae58     0xa  xprintfsmall.o [4]
  .far_func.text     ro code  0x00ae62     0xa  far.o [4]
  .far_func.text     ro code  0x00ae6c     0xa  setlocale.o [4]
  .far_func.text     ro code  0x00ae76     0x9  main.o [1]
  .far_func.text     ro code  0x00ae7f     0x9  xprintfsmall.o [4]
  .far_func.text     ro code  0x00ae88     0x9  xprintfsmall.o [4]
  .far_func.text     ro code  0x00ae91     0x9  setlocale.o [4]
  .far_func.text     ro code  0x00ae9a     0x8  xprintfsmall.o [4]
  .far_func.text     ro code  0x00aea2     0x8  xxmemxmalloc.o [4]
  .far_func.text     ro code  0x00aeaa     0x8  putchar.o [4]
  .far_func.text     ro code  0x00aeb2     0x7  main.o [1]
  .far_func.text     ro code  0x00aeb9     0x7  xmbcurmax.o [4]
  .far_func.text     ro code  0x00aec0     0x6  xprintfsmall.o [4]
  .far_func.text     ro code  0x00aec6     0x6  cexit.o [4]
  .far_func.text     ro code  0x00aecc     0x5  stm8s_adc1.o [1]
  .far_func.text     ro code  0x00aed1     0x4  stm8s_gpio.o [1]
  .far_func.text     ro code  0x00aed5     0x4  stm8s_i2c.o [1]
  .far_func.text     ro code  0x00aed9     0x4  stm8s_i2c.o [1]
  .far_func.text     ro code  0x00aedd     0x4  stm8s_uart2.o [1]
  .far_func.text     ro code  0x00aee1     0x4  interrupt.o [4]
  .far_func.text     ro code  0x00aee5     0x4  exit.o [4]
  .far_func.text     ro code  0x00aee9     0x3  stm8s_gpio.o [1]
  .far_func.text     ro code  0x00aeec     0x3  stm8s_gpio.o [1]
  .far_func.text     ro code  0x00aeef     0x3  stm8s_gpio.o [1]
  .far_func.text     ro code  0x00aef2     0x3  stm8s_gpio.o [1]
  .far_func.text     ro code  0x00aef5     0x3  low_level_init.o [4]
  .far_func.text     ro code  0x00aef8     0x3  unhandled_exception.o [4]
  .far_func.text     ro code  0x00aefb     0x1  stm8s_it.o [1]
  .far_func.text     ro code  0x00aefc     0x1  stm8s_it.o [1]
  .far_func.text     ro code  0x00aefd     0x1  stm8s_it.o [1]
  .far_func.text     ro code  0x00aefe     0x1  stm8s_it.o [1]
  .far_func.text     ro code  0x00aeff     0x1  stm8s_it.o [1]
  .far_func.text     ro code  0x00af00     0x1  stm8s_it.o [1]
  .far_func.text     ro code  0x00af01     0x1  stm8s_it.o [1]
  .far_func.text     ro code  0x00af02     0x1  stm8s_it.o [1]
  .far_func.text     ro code  0x00af03     0x1  stm8s_it.o [1]
  .far_func.text     ro code  0x00af04     0x1  stm8s_it.o [1]
  .far_func.text     ro code  0x00af05     0x1  stm8s_it.o [1]
  .far_func.text     ro code  0x00af06     0x1  stm8s_it.o [1]
  .far_func.text     ro code  0x00af07     0x1  stm8s_it.o [1]
  .far_func.text     ro code  0x00af08     0x1  stm8s_it.o [1]
  .far_func.text     ro code  0x00af09     0x1  stm8s_it.o [1]
  .far_func.text     ro code  0x00af0a     0x1  stm8s_it.o [1]
  .far_func.text     ro code  0x00af0b     0x1  stm8s_it.o [1]
  .far_func.text     ro code  0x00af0c     0x1  stm8s_it.o [1]
  .far_func.text     ro code  0x00af0d     0x1  stm8s_it.o [1]
  .far_func.text     ro code  0x00af0e     0x1  stm8s_it.o [1]
  .far_func.text     ro code  0x00af0f     0x1  __dbg_break.o [3]
                            - 0x00af10  0x2aa3


*******************************************************************************
*** INIT TABLE
***

          Address   Size
          -------   ----
Zero (__iar_zero_init2)
    1 destination range, total size 0x85:
          0x00003b  0x85

Copy (__iar_copy_init2)
    1 source range, total size 0x2b:
          0x008442  0x2b
    1 destination range, total size 0x2b:
          0x000010  0x2b


*******************************************************************************
*** MODULE SUMMARY
***

    Module                 ro code  ro data  rw data
    ------                 -------  -------  -------
C:\Users\Administrator\Desktop\stm8s105k-controller\Project\STM8S_StdPeriph_Template\EWSTM8\STM8S105\Obj: [1]
    main.o                   4 023      192       33
    stm8s_adc1.o                41      102
    stm8s_clk.o                529      101
    stm8s_flash.o              282      103
    stm8s_gpio.o               208      102
    stm8s_i2c.o                939      101
    stm8s_it.o                 116
    stm8s_tim2.o               236      102
    stm8s_uart2.o               53      103
    ------------------------------------------------
    Total:                   6 427      906       33

command line: [2]
    ------------------------------------------------
    Total:

dbgstm8mmd.a: [3]
    __dbg_break.o                1
    __dbg_xxexit.o              22
    ------------------------------------------------
    Total:                      23

dlstm8mmf.a: [4]
    cexit.o                      6
    cstartup.o                  23
    exit.o                       4
    far.o                       10
    far_util.o                  52
    init.o                      30
    init_small.o                70
    interrupt.o                  4      128
    long.o                     346
    long_util.o                 62
    low_level_init.o             3
    memchr.o                    21
    memcpy.o                    38
    move.o                      13
    printf.o                    40
    putchar.o                    8
    setlocale.o                 44                17
    short.o                     63
    sprintf.o                   69
    strchr.o                    21
    strlen.o                    18
    unhandled_exception.o        3
    vreg_util.o                323
    vregs.o                                       16
    xencoding_sb.o              73       16
    xfiles.o                             40      120
    xgetmemchunk.o              34                 2
    xmbcurmax.o                  7
    xmbtowc.o                   41
    xprintfsmall.o           2 458       23
    xprout.o                    29
    xsprout.o                   14
    xwctomb.o                   34
    xxmemxfree.o               230
    xxmemxmalloc.o             274                 4
    ------------------------------------------------
    Total:                   4 465      207      159

    Linker created                       20    1 024
----------------------------------------------------
    Grand Total:            10 915    1 133    1 216


*******************************************************************************
*** ENTRY LIST
***

Entry                    Address   Size  Type      Object
-----                    -------   ----  ----      ------
?add32_l0_l0_0x         0x009d64         Code  Gb  long.o [4]
?add32_l0_l0_l1         0x009d61         Code  Gb  long.o [4]
?and32_l0_l0_0x         0x009e6a         Code  Gb  long.o [4]
?and32_l0_l0_l1         0x009e67         Code  Gb  long.o [4]
?b0                     0x000000         Data  Gb  vregs.o [4]
?b1                     0x000001         Data  Gb  vregs.o [4]
?b10                    0x00000a         Data  Gb  vregs.o [4]
?b11                    0x00000b         Data  Gb  vregs.o [4]
?b12                    0x00000c         Data  Gb  vregs.o [4]
?b13                    0x00000d         Data  Gb  vregs.o [4]
?b14                    0x00000e         Data  Gb  vregs.o [4]
?b15                    0x00000f         Data  Gb  vregs.o [4]
?b2                     0x000002         Data  Gb  vregs.o [4]
?b3                     0x000003         Data  Gb  vregs.o [4]
?b4                     0x000004         Data  Gb  vregs.o [4]
?b5                     0x000005         Data  Gb  vregs.o [4]
?b6                     0x000006         Data  Gb  vregs.o [4]
?b7                     0x000007         Data  Gb  vregs.o [4]
?b8                     0x000008         Data  Gb  vregs.o [4]
?b9                     0x000009         Data  Gb  vregs.o [4]
?e0                     0x000001         Data  Gb  vregs.o [4]
?e1                     0x000005         Data  Gb  vregs.o [4]
?e2                     0x000009         Data  Gb  vregs.o [4]
?e3                     0x00000d         Data  Gb  vregs.o [4]
?epilogue_l2            0x009f5c         Code  Gb  vreg_util.o [4]
?epilogue_l2_l3         0x009f58         Code  Gb  vreg_util.o [4]
?epilogue_l2_w6         0x009f61         Code  Gb  vreg_util.o [4]
?epilogue_w4            0x009f6a         Code  Gb  vreg_util.o [4]
?l0                     0x000000         Data  Gb  vregs.o [4]
?l1                     0x000004         Data  Gb  vregs.o [4]
?l2                     0x000008         Data  Gb  vregs.o [4]
?l3                     0x00000c         Data  Gb  vregs.o [4]
?load24_0x_e0           0x00a8f9         Code  Gb  far_util.o [4]
?load24_e0_0x           0x00a8d3         Code  Gb  far_util.o [4]
?load24_e1_0x           0x00a8e1         Code  Gb  far_util.o [4]
?load24_xsp_e0          0x00a8ef         Code  Gb  far_util.o [4]
?load32_0x_l0           0x00a743         Code  Gb  long_util.o [4]
?load32_l0_0x           0x00a72d         Code  Gb  long_util.o [4]
?load32_l0_asp          0x00a721         Code  Gb  long_util.o [4]
?load32_l0_dbsp         0x00a713         Code  Gb  long_util.o [4]
?load32_l0_xsp          0x00a723         Code  Gb  long_util.o [4]
?load32_xsp_l0          0x00a739         Code  Gb  long_util.o [4]
?mov_e0_e2              0x009fa3         Code  Gb  vreg_util.o [4]
?mov_e0_e3              0x009fb0         Code  Gb  vreg_util.o [4]
?mov_e1_e0              0x009fbd         Code  Gb  vreg_util.o [4]
?mov_e1_e2              0x009fca         Code  Gb  vreg_util.o [4]
?mov_e2_e0              0x009fd7         Code  Gb  vreg_util.o [4]
?mov_e3_e0              0x009fe4         Code  Gb  vreg_util.o [4]
?mov_l0_l2              0x009fa0         Code  Gb  vreg_util.o [4]
?mov_l0_l3              0x009fad         Code  Gb  vreg_util.o [4]
?mov_l1_l0              0x009fba         Code  Gb  vreg_util.o [4]
?mov_l1_l2              0x009fc7         Code  Gb  vreg_util.o [4]
?mov_l2_l0              0x009fd4         Code  Gb  vreg_util.o [4]
?mov_l3_l0              0x009fe1         Code  Gb  vreg_util.o [4]
?mov_w0_w4              0x009f6f         Code  Gb  vreg_util.o [4]
?mov_w0_w5              0x009f76         Code  Gb  vreg_util.o [4]
?mov_w1_w4              0x009f7d         Code  Gb  vreg_util.o [4]
?mov_w1_w5              0x009fa6         Code  Gb  vreg_util.o [4]
?mov_w1_w7              0x009fb3         Code  Gb  vreg_util.o [4]
?mov_w2_w1              0x009f84         Code  Gb  vreg_util.o [4]
?mov_w3_w1              0x009fc0         Code  Gb  vreg_util.o [4]
?mov_w3_w5              0x009fcd         Code  Gb  vreg_util.o [4]
?mov_w4_w0              0x009f8b         Code  Gb  vreg_util.o [4]
?mov_w4_w1              0x009f92         Code  Gb  vreg_util.o [4]
?mov_w5_w0              0x009f99         Code  Gb  vreg_util.o [4]
?mov_w5_w1              0x009fda         Code  Gb  vreg_util.o [4]
?mov_w7_w1              0x009fe7         Code  Gb  vreg_util.o [4]
?move1616_v_x_y_a       0x00ad9e         Code  Gb  move.o [4]
?mul16_x_x_w0           0x00a6d4         Code  Gb  short.o [4]
?mul32_l0_l0_l1         0x009d7c         Code  Gb  long.o [4]
?neg32_l0_l0            0x009d51         Code  Gb  long.o [4]
?pop_l0                 0x009f20         Code  Gb  vreg_util.o [4]
?pop_l1                 0x009f2b         Code  Gb  vreg_util.o [4]
?pop_l2                 0x009f36         Code  Gb  vreg_util.o [4]
?pop_l3                 0x009f41         Code  Gb  vreg_util.o [4]
?pop_w4                 0x009ed1         Code  Gb  vreg_util.o [4]
?pop_w6                 0x009ed8         Code  Gb  vreg_util.o [4]
?push_l0                0x009eeb         Code  Gb  vreg_util.o [4]
?push_l1                0x009ef0         Code  Gb  vreg_util.o [4]
?push_l2                0x009ef5         Code  Gb  vreg_util.o [4]
?push_l3                0x009efa         Code  Gb  vreg_util.o [4]
?push_w2                0x009eab         Code  Gb  vreg_util.o [4]
?push_w4                0x009eb0         Code  Gb  vreg_util.o [4]
?push_w6                0x009eb5         Code  Gb  vreg_util.o [4]
?sdiv16_x_x_y           0x00a6f2         Code  Gb  short.o [4]
?sext32_l0_a            0x009e9e         Code  Gb  long.o [4]
?sext32_l0_x            0x009e93         Code  Gb  long.o [4]
?sll16_x_x_a            0x00a70b         Code  Gb  short.o [4]
?sll32_0x_0x_a          0x009e85         Code  Gb  long.o [4]
?sll32_l0_l0_a          0x009e82         Code  Gb  long.o [4]
?ucmp24_c_0x_e0         0x00ae62         Code  Gb  far.o [4]
?udiv32_l0_l0_l1        0x009dfa         Code  Gb  long.o [4]
?umod32_l1_l0_l1        0x009dfa         Code  Gb  long.o [4]
?w0                     0x000000         Data  Gb  vregs.o [4]
?w1                     0x000002         Data  Gb  vregs.o [4]
?w2                     0x000004         Data  Gb  vregs.o [4]
?w3                     0x000006         Data  Gb  vregs.o [4]
?w4                     0x000008         Data  Gb  vregs.o [4]
?w5                     0x00000a         Data  Gb  vregs.o [4]
?w6                     0x00000c         Data  Gb  vregs.o [4]
?w7                     0x00000e         Data  Gb  vregs.o [4]
ADC1_Cmd                0x00ac30   0x18  Code  Gb  stm8s_adc1.o [1]
ADC1_IRQHandler         0x00af0c    0x1  Code  Gb  stm8s_it.o [1]
AWU_IRQHandler          0x00aefd    0x1  Code  Gb  stm8s_it.o [1]
CLK_ClockSwitchConfig   0x00a0d4   0xd5  Code  Gb  stm8s_clk.o [1]
CLK_DeInit              0x00a7ff   0x36  Code  Gb  stm8s_clk.o [1]
CLK_IRQHandler          0x00aefe    0x1  Code  Gb  stm8s_it.o [1]
CLK_PeripheralClockConfig
                        0x00a430   0x91  Code  Gb  stm8s_clk.o [1]
CLK_SYSCLKConfig        0x00a591   0x5e  Code  Gb  stm8s_clk.o [1]
CSTACK$$Base            0x000600          --   Gb  - Linker created -
CSTACK$$Limit           0x000800          --   Gb  - Linker created -
Check_DS1307            0x009058   0x40  Code  Gb  main.o [1]
DS18Set                 0x0086bd   0x29  Code  Gb  main.o [1]
DS18_Read               0x0086e6   0x4d  Code  Gb  main.o [1]
DS18_Reset              0x008681   0x33  Code  Gb  main.o [1]
DS18_Write              0x008648   0x39  Code  Gb  main.o [1]
Delay1                  0x00846d    0xe  Code  Gb  main.o [1]
Delay2                  0x008568    0xe  Code  Gb  main.o [1]
Delay_us                0x008562    0x6  Code  Gb  main.o [1]
Display_Line            0x00851c   0x44  Code  Gb  main.o [1]
EEPROM_EEC_IRQHandler   0x00af0e    0x1  Code  Gb  stm8s_it.o [1]
EEPROM_INIT             0x0089fa    0xf  Code  Gb  main.o [1]
EXTI_PORTA_IRQHandler   0x00aeff    0x1  Code  Gb  stm8s_it.o [1]
EXTI_PORTB_IRQHandler   0x00af00    0x1  Code  Gb  stm8s_it.o [1]
EXTI_PORTC_IRQHandler   0x00af01    0x1  Code  Gb  stm8s_it.o [1]
EXTI_PORTD_IRQHandler   0x00af02    0x1  Code  Gb  stm8s_it.o [1]
EXTI_PORTE_IRQHandler   0x00af03    0x1  Code  Gb  stm8s_it.o [1]
FLASH_DeInit            0x00ac48   0x18  Code  Gb  stm8s_flash.o [1]
FLASH_Lock              0x00ab4d   0x20  Code  Gb  stm8s_flash.o [1]
FLASH_ProgramByte       0x00a78c   0x3a  Code  Gb  stm8s_flash.o [1]
FLASH_ReadByte          0x00a969   0x2c  Code  Gb  stm8s_flash.o [1]
FLASH_SetProgrammingTime
                        0x00aac6   0x22  Code  Gb  stm8s_flash.o [1]
FLASH_Unlock            0x00ab2c   0x21  Code  Gb  stm8s_flash.o [1]
GPIO_Init               0x00a1a9   0xb4  Code  Gb  stm8s_gpio.o [1]
GPIO_ReadInputData      0x00aeef    0x3  Code  Gb  stm8s_gpio.o [1]
GPIO_ReadInputPin       0x00aef2    0x3  Code  Gb  stm8s_gpio.o [1]
GPIO_WriteHigh          0x00aee9    0x3  Code  Gb  stm8s_gpio.o [1]
GPIO_WriteLow           0x00aed1    0x4  Code  Gb  stm8s_gpio.o [1]
GPIO_WriteReverse       0x00aeec    0x3  Code  Gb  stm8s_gpio.o [1]
GpioConfiguration       0x008975   0x67  Code  Gb  main.o [1]
HEAP$$Base              0x0000c0          --   Gb  - Linker created -
HEAP$$Limit             0x0002c0          --   Gb  - Linker created -
I2C_AcknowledgeConfig   0x00a89f   0x34  Code  Gb  stm8s_i2c.o [1]
I2C_CheckEvent          0x00a25d   0xa6  Code  Gb  stm8s_i2c.o [1]
I2C_Cmd                 0x00ac60   0x18  Code  Gb  stm8s_i2c.o [1]
I2C_DeInit              0x00aa34   0x25  Code  Gb  stm8s_i2c.o [1]
I2C_GenerateSTART       0x00ac78   0x18  Code  Gb  stm8s_i2c.o [1]
I2C_GenerateSTOP        0x00ac90   0x18  Code  Gb  stm8s_i2c.o [1]
I2C_GetFlagStatus       0x00a39d   0x93  Code  Gb  stm8s_i2c.o [1]
I2C_IRQHandler          0x00af0a    0x1  Code  Gb  stm8s_it.o [1]
I2C_Init                0x009be4  0x16d  Code  Gb  stm8s_i2c.o [1]
I2C_RA                  0x009030   0x28  Code  Gb  main.o [1]
I2C_RD                  0x00900d   0x23  Code  Gb  main.o [1]
I2C_ReceiveData         0x00aed5    0x4  Code  Gb  stm8s_i2c.o [1]
I2C_Send7bitAddress     0x00a907   0x32  Code  Gb  stm8s_i2c.o [1]
I2C_SendData            0x00aed9    0x4  Code  Gb  stm8s_i2c.o [1]
I2C_Start               0x008d9b   0x26  Code  Gb  main.o [1]
I2C_WA                  0x008d75   0x26  Code  Gb  main.o [1]
I2C_WD                  0x008d51   0x24  Code  Gb  main.o [1]
INTVEC$$Base            0x008000          --   Gb  - Linker created -
INTVEC$$Limit           0x008080          --   Gb  - Linker created -
InitClk                 0x008934   0x38  Code  Gb  main.o [1]
InitDelayTimer          0x00885f   0x1d  Code  Gb  main.o [1]
InitI2C                 0x00914b   0x26  Code  Gb  main.o [1]
InitLcd                 0x0088af   0x60  Code  Gb  main.o [1]
LCD                     0x008576   0xb6  Code  Gb  main.o [1]
LCDData                 0x0084e0    0xb  Code  Gb  main.o [1]
LCDDataOut              0x008489   0x57  Code  Gb  main.o [1]
LCDInstr                0x008513    0x9  Code  Gb  main.o [1]
LCDInstrNibble          0x008895   0x11  Code  Gb  main.o [1]
LoadInt                 0x00a648   0x47  Code  Lc  xprintfsmall.o [4]
Power_Off               0x009171    0xe  Code  Gb  main.o [1]
Power_On                0x00917f    0xe  Code  Gb  main.o [1]
PulseEnable             0x00847b    0xe  Code  Gb  main.o [1]
ReadDS1307              0x0090b4   0x6d  Code  Gb  main.o [1]
Read_Allarm             0x008a09   0x67  Code  Gb  main.o [1]
Read_DS18               0x00874e   0x79  Code  Gb  main.o [1]
Region$$Table$$Base     0x008354          --   Gb  - Linker created -
Region$$Table$$Limit    0x008368          --   Gb  - Linker created -
Rotate_Line             0x00ad15   0x13  Code  Gb  main.o [1]
SPI_IRQHandler          0x00af04    0x1  Code  Gb  stm8s_it.o [1]
Save_Status             0x008a70    0xa  Code  Gb  main.o [1]
Set_Clock               0x008e3f  0x18b  Code  Gb  main.o [1]
Set_DS1307              0x008dc8   0x6c  Code  Gb  main.o [1]
Set_Delay_Allarm        0x008b48  0x160  Code  Gb  main.o [1]
TIM1_CAP_COM_IRQHandler
                        0x00af06    0x1  Code  Gb  stm8s_it.o [1]
TIM1_UPD_OVF_TRG_BRK_IRQHandler
                        0x00af05    0x1  Code  Gb  stm8s_it.o [1]
TIM2_CAP_COM_IRQHandler
                        0x00af07    0x1  Code  Gb  stm8s_it.o [1]
TIM2_ClearITPendingBit  0x00aba9   0x1d  Code  Gb  stm8s_tim2.o [1]
TIM2_Cmd                0x00a579   0x18  Code  Gb  stm8s_tim2.o [1]
TIM2_DeInit             0x00a5ef   0x59  Code  Gb  stm8s_tim2.o [1]
TIM2_ITConfig           0x00a53d   0x3c  Code  Gb  stm8s_tim2.o [1]
TIM2_TimeBaseInit       0x00ae4e    0xa  Code  Gb  stm8s_tim2.o [1]
TIM2_UPD_OVF_BRK_IRQHandler
                        0x00a751   0x3b  Code  Gb  stm8s_it.o [1]
TIM3_CAP_COM_IRQHandler
                        0x00af09    0x1  Code  Gb  stm8s_it.o [1]
TIM3_UPD_OVF_BRK_IRQHandler
                        0x00af08    0x1  Code  Gb  stm8s_it.o [1]
TIM4_UPD_OVF_IRQHandler
                        0x00af0d    0x1  Code  Gb  stm8s_it.o [1]
TLI_IRQHandler          0x00aefc    0x1  Code  Gb  stm8s_it.o [1]
TRAP_IRQHandler         0x00aefb    0x1  Code  Gb  stm8s_it.o [1]
UART2_ClearITPendingBit
                        0x00aa7e   0x25  Code  Gb  stm8s_uart2.o [1]
UART2_RX_IRQHandler     0x00aa59   0x25  Code  Gb  stm8s_it.o [1]
UART2_ReceiveData8      0x00aedd    0x4  Code  Gb  stm8s_uart2.o [1]
UART2_TX_IRQHandler     0x00af0b    0x1  Code  Gb  stm8s_it.o [1]
_EncodingSb_Mbtowc      0x00a939   0x30  Code  Gb  xencoding_sb.o [4]
_EncodingSb_Wctomb      0x00ac17   0x19  Code  Gb  xencoding_sb.o [4]
_LitobSmall             0x009a65  0x17f  Code  Lc  xprintfsmall.o [4]
_LocaleEncoding         0x00ad90    0xe  Code  Gb  setlocale.o [4]
_Locale_Profile         0x00008b    0xe  Data  Gb  setlocale.o [4]
_Mbtowc                 0x00a995   0x29  Code  Gb  xmbtowc.o [4]
_PrintfSmall            0x0093d4  0x4aa  Code  Gb  xprintfsmall.o [4]
_Prout                  0x00abc6   0x1d  Code  Gb  xprout.o [4]
_PutcharSmall           0x00a7c6   0x39  Code  Lc  xprintfsmall.o [4]
_PutcharsSmall          0x00a86a   0x35  Code  Lc  xprintfsmall.o [4]
_PutstrSmall            0x00987e  0x1e7  Code  Lc  xprintfsmall.o [4]
_SProut                 0x00ad82    0xe  Code  Gb  xsprout.o [4]
_Wctomb                 0x00aae8   0x22  Code  Gb  xwctomb.o [4]
__DebugBreak            0x00af0f    0x1  Code  Gb  __dbg_break.o [3]
__exit                  0x00acd5   0x16  Code  Gb  __dbg_xxexit.o [3]
__iar_Mbcurmax          0x00aeb9    0x7  Code  Gb  xmbcurmax.o [4]
__iar_Memchr            0x00aceb   0x15  Code  Gb  memchr.o [4]
__iar_Stdout            0x000010   0x28  Data  Gb  xfiles.o [4]
__iar_Strchr            0x00ad00   0x15  Code  Gb  strchr.o [4]
__iar_Tls_setup__Locale_Profile
                        0x00009d    0x3  Data  Gb  setlocale.o [4]
__iar_copy_init2        0x00a9e6         Code  Gb  init_small.o [4]
__iar_data_init2        0x00ab6d   0x1e  Code  Gb  init.o [4]
__iar_program_start     0x00aca8         Code  Gb  cstartup.o [4]
__iar_unhandled_exception
                        0x00aef8         Code  Gb  unhandled_exception.o [4]
__iar_zero_init2        0x00ab8b         Code  Gb  init_small.o [4]
__intvec                0x008000         Data  Gb  interrupt.o [4]
__low_level_init        0x00aef5    0x3  Code  Gb  low_level_init.o [4]
__near_Aldata           0x000099    0x4  Data  Gb  xxmemxmalloc.o [4]
__near_GetMemChunk      0x00ab0a   0x22  Code  Gb  xgetmemchunk.o [4]
__near_findmem          0x00a4c1   0x70  Code  Lc  xxmemxmalloc.o [4]
_exit                   0x00aec6         Code  Gb  cexit.o [4]
_interrupt_1            0x00aefb         Code  Gb  stm8s_it.o [1]
_interrupt_10           0x00aee1         Code  Wk  interrupt.o [4]
_interrupt_11           0x00aee1         Code  Wk  interrupt.o [4]
_interrupt_12           0x00af04         Code  Gb  stm8s_it.o [1]
_interrupt_13           0x00af05         Code  Gb  stm8s_it.o [1]
_interrupt_14           0x00af06         Code  Gb  stm8s_it.o [1]
_interrupt_15           0x00a751         Code  Gb  stm8s_it.o [1]
_interrupt_16           0x00af07         Code  Gb  stm8s_it.o [1]
_interrupt_17           0x00af08         Code  Gb  stm8s_it.o [1]
_interrupt_18           0x00af09         Code  Gb  stm8s_it.o [1]
_interrupt_19           0x00aee1         Code  Wk  interrupt.o [4]
_interrupt_2            0x00aefc         Code  Gb  stm8s_it.o [1]
_interrupt_20           0x00aee1         Code  Wk  interrupt.o [4]
_interrupt_21           0x00af0a         Code  Gb  stm8s_it.o [1]
_interrupt_22           0x00af0b         Code  Gb  stm8s_it.o [1]
_interrupt_23           0x00aa59         Code  Gb  stm8s_it.o [1]
_interrupt_24           0x00af0c         Code  Gb  stm8s_it.o [1]
_interrupt_25           0x00af0d         Code  Gb  stm8s_it.o [1]
_interrupt_26           0x00af0e         Code  Gb  stm8s_it.o [1]
_interrupt_27           0x00aee1         Code  Wk  interrupt.o [4]
_interrupt_28           0x00aee1         Code  Wk  interrupt.o [4]
_interrupt_29           0x00aee1         Code  Wk  interrupt.o [4]
_interrupt_3            0x00aefd         Code  Gb  stm8s_it.o [1]
_interrupt_30           0x00aee1         Code  Wk  interrupt.o [4]
_interrupt_31           0x00aee1         Code  Wk  interrupt.o [4]
_interrupt_4            0x00aefe         Code  Gb  stm8s_it.o [1]
_interrupt_5            0x00aeff         Code  Gb  stm8s_it.o [1]
_interrupt_6            0x00af00         Code  Gb  stm8s_it.o [1]
_interrupt_7            0x00af01         Code  Gb  stm8s_it.o [1]
_interrupt_8            0x00af02         Code  Gb  stm8s_it.o [1]
_interrupt_9            0x00af03         Code  Gb  stm8s_it.o [1]
adj                     0x008afb   0x4d  Code  Gb  main.o [1]
assert_failed           0x008560    0x2  Code  Gb  main.o [1]
bcd2hex                 0x008ff6   0x17  Code  Gb  main.o [1]
convert_tobcd           0x008d3a   0x17  Code  Gb  main.o [1]
count                   0x0000b3    0x1  Data  Gb  main.o [1]
daily_hour_off          0x0000bb    0x1  Data  Gb  main.o [1]
daily_hour_on           0x0000b9    0x1  Data  Gb  main.o [1]
daily_long_on           0x0000a4    0x2  Data  Gb  main.o [1]
daily_minute_off        0x0000bc    0x1  Data  Gb  main.o [1]
daily_minute_on         0x0000ba    0x1  Data  Gb  main.o [1]
date                    0x000039    0x1  Data  Gb  main.o [1]
days                    0x000038    0x1  Data  Gb  main.o [1]
error                   0x0000b8    0x1  Data  Gb  main.o [1]
exit                    0x00aee5    0x4  Code  Gb  exit.o [4]
fputc                   0x008636   0x12  Code  Gb  main.o [1]
free                    0x009fee   0xe6  Code  Gb  xxmemxfree.o [4]
hours                   0x0000b6    0x1  Data  Gb  main.o [1]
key_minus_on            0x008aa3   0x25  Code  Gb  main.o [1]
key_ok_on               0x008a7a   0x29  Code  Gb  main.o [1]
key_ok_plus             0x008cf1   0x28  Code  Gb  main.o [1]
key_plus_on             0x008ac8   0x25  Code  Gb  main.o [1]
line1                   0x0000bf    0x1  Data  Gb  main.o [1]
line_lcd                0x0000b2    0x1  Data  Gb  main.o [1]
main                    0x00919c  0x205  Code  Gb  main.o [1]
malloc                  0x00a303   0x9a  Code  Gb  xxmemxmalloc.o [4]
memcpy                  0x00aa0e   0x26  Code  Gb  memcpy.o [4]
minutes                 0x0000b5    0x1  Data  Gb  main.o [1]
mounts                  0x00003a    0x1  Data  Gb  main.o [1]
obuf                    0x00003b   0x50  Data  Lc  xfiles.o [4]
pad                     0x00a835   0x35  Code  Lc  xprintfsmall.o [4]
printf                  0x00a9be   0x28  Code  Gb  printf.o [4]
putchar                 0x00aeaa    0x8  Code  Gb  putchar.o [4]
result1                 0x0000bd    0x1  Data  Gb  main.o [1]
result2                 0x0000be    0x1  Data  Gb  main.o [1]
rx_data                 0x0000b1    0x1  Data  Gb  main.o [1]
seconds                 0x0000b4    0x1  Data  Gb  main.o [1]
sprintf                 0x00a68f   0x45  Code  Gb  sprintf.o [4]
status                  0x0000ac    0x2  Data  Gb  main.o [1]
status_check            0x0000aa    0x2  Data  Gb  main.o [1]
strlen                  0x00ad60   0x12  Code  Gb  strlen.o [4]
temperature             0x0087e1   0x3f  Code  Gb  main.o [1]
time_off                0x0000a8    0x2  Data  Gb  main.o [1]
time_on                 0x0000a6    0x2  Data  Gb  main.o [1]
timeout                 0x0000b0    0x1  Data  Gb  main.o [1]
timer1                  0x0000a0    0x2  Data  Gb  main.o [1]
timer2                  0x0000a2    0x2  Data  Gb  main.o [1]
years                   0x0000b7    0x1  Data  Gb  main.o [1]


[1] = C:\Users\Administrator\Desktop\stm8s105k-controller\Project\STM8S_StdPeriph_Template\EWSTM8\STM8S105\Obj
[2] = command line
[3] = dbgstm8mmd.a
[4] = dlstm8mmf.a

  10 915 bytes of readonly  code memory
   1 133 bytes of readonly  data memory
   1 216 bytes of readwrite data memory

Errors: none
Warnings: none
