###############################################################################
#                                                                             #
# IAR ELF Linker V1.30.1.50036 for STM8                 08/Sep/2013  22:57:05 #
# Copyright 2010-2011 IAR Systems AB.                                         #
#                                                                             #
#    Output file  =  C:\Documents and Settings\Administrator\Desktop\stm8s105 #
#                    k-controller\Project\STM8S_StdPeriph_Template\EWSTM8\STM #
#                    8S105\Exe\Project.out                                    #
#    Map file     =  C:\Documents and Settings\Administrator\Desktop\stm8s105 #
#                    k-controller\Project\STM8S_StdPeriph_Template\EWSTM8\STM #
#                    8S105\List\Project.map                                   #
#    Command line =  "C:\Documents and Settings\Administrator\Desktop\stm8s10 #
#                    5k-controller\Project\STM8S_StdPeriph_Template\EWSTM8\ST #
#                    M8S105\Obj\main.o" "C:\Documents and                     #
#                    Settings\Administrator\Desktop\stm8s105k-controller\Proj #
#                    ect\STM8S_StdPeriph_Template\EWSTM8\STM8S105\Obj\stm8s_a #
#                    dc1.o" "C:\Documents and Settings\Administrator\Desktop\ #
#                    stm8s105k-controller\Project\STM8S_StdPeriph_Template\EW #
#                    STM8\STM8S105\Obj\stm8s_awu.o" "C:\Documents and         #
#                    Settings\Administrator\Desktop\stm8s105k-controller\Proj #
#                    ect\STM8S_StdPeriph_Template\EWSTM8\STM8S105\Obj\stm8s_b #
#                    eep.o" "C:\Documents and Settings\Administrator\Desktop\ #
#                    stm8s105k-controller\Project\STM8S_StdPeriph_Template\EW #
#                    STM8\STM8S105\Obj\stm8s_clk.o" "C:\Documents and         #
#                    Settings\Administrator\Desktop\stm8s105k-controller\Proj #
#                    ect\STM8S_StdPeriph_Template\EWSTM8\STM8S105\Obj\stm8s_e #
#                    xti.o" "C:\Documents and Settings\Administrator\Desktop\ #
#                    stm8s105k-controller\Project\STM8S_StdPeriph_Template\EW #
#                    STM8\STM8S105\Obj\stm8s_flash.o" "C:\Documents and       #
#                    Settings\Administrator\Desktop\stm8s105k-controller\Proj #
#                    ect\STM8S_StdPeriph_Template\EWSTM8\STM8S105\Obj\stm8s_g #
#                    pio.o" "C:\Documents and Settings\Administrator\Desktop\ #
#                    stm8s105k-controller\Project\STM8S_StdPeriph_Template\EW #
#                    STM8\STM8S105\Obj\stm8s_i2c.o" "C:\Documents and         #
#                    Settings\Administrator\Desktop\stm8s105k-controller\Proj #
#                    ect\STM8S_StdPeriph_Template\EWSTM8\STM8S105\Obj\stm8s_i #
#                    t.o" "C:\Documents and Settings\Administrator\Desktop\st #
#                    m8s105k-controller\Project\STM8S_StdPeriph_Template\EWST #
#                    M8\STM8S105\Obj\stm8s_itc.o" "C:\Documents and           #
#                    Settings\Administrator\Desktop\stm8s105k-controller\Proj #
#                    ect\STM8S_StdPeriph_Template\EWSTM8\STM8S105\Obj\stm8s_i #
#                    wdg.o" "C:\Documents and Settings\Administrator\Desktop\ #
#                    stm8s105k-controller\Project\STM8S_StdPeriph_Template\EW #
#                    STM8\STM8S105\Obj\stm8s_rst.o" "C:\Documents and         #
#                    Settings\Administrator\Desktop\stm8s105k-controller\Proj #
#                    ect\STM8S_StdPeriph_Template\EWSTM8\STM8S105\Obj\stm8s_s #
#                    pi.o" "C:\Documents and Settings\Administrator\Desktop\s #
#                    tm8s105k-controller\Project\STM8S_StdPeriph_Template\EWS #
#                    TM8\STM8S105\Obj\stm8s_tim1.o" "C:\Documents and         #
#                    Settings\Administrator\Desktop\stm8s105k-controller\Proj #
#                    ect\STM8S_StdPeriph_Template\EWSTM8\STM8S105\Obj\stm8s_t #
#                    im2.o" "C:\Documents and Settings\Administrator\Desktop\ #
#                    stm8s105k-controller\Project\STM8S_StdPeriph_Template\EW #
#                    STM8\STM8S105\Obj\stm8s_tim3.o" "C:\Documents and        #
#                    Settings\Administrator\Desktop\stm8s105k-controller\Proj #
#                    ect\STM8S_StdPeriph_Template\EWSTM8\STM8S105\Obj\stm8s_t #
#                    im4.o" "C:\Documents and Settings\Administrator\Desktop\ #
#                    stm8s105k-controller\Project\STM8S_StdPeriph_Template\EW #
#                    STM8\STM8S105\Obj\stm8s_uart2.o" "C:\Documents and       #
#                    Settings\Administrator\Desktop\stm8s105k-controller\Proj #
#                    ect\STM8S_StdPeriph_Template\EWSTM8\STM8S105\Obj\stm8s_w #
#                    wdg.o" --redirect _Printf=_PrintfLarge --redirect        #
#                    _Scanf=_ScanfSmall -o "C:\Documents and                  #
#                    Settings\Administrator\Desktop\stm8s105k-controller\Proj #
#                    ect\STM8S_StdPeriph_Template\EWSTM8\STM8S105\Exe\Project #
#                    .out" --map "C:\Documents and                            #
#                    Settings\Administrator\Desktop\stm8s105k-controller\Proj #
#                    ect\STM8S_StdPeriph_Template\EWSTM8\STM8S105\List\Projec #
#                    t.map" --config "C:\Program Files\IAR Systems\Embedded   #
#                    Workbench 6.0\stm8\config\lnkstm8s105k4.icf"             #
#                    --config_def _CSTACK_SIZE=0x200 --config_def             #
#                    _HEAP_SIZE=0x200 --entry __iar_program_start --debug_lib #
#                                                                             #
#                                                                             #
###############################################################################

*******************************************************************************
*** RUNTIME MODEL ATTRIBUTES
***

__Heap_Handler             = Basic
__SystemLibrary            = DLib
__code_model               = medium_or_large
__core                     = stm8
__data_model               = medium
__dlib_file_descriptor     = 1
__dlib_full_locale_support = 1
__rt_version               = 4


*******************************************************************************
*** PLACEMENT SUMMARY
***

"A1":  place at start of [0x000000-0x0000ff] { rw section .vregs };
"A2":  place at end of [0x000000-0x0007ff] { block CSTACK };
"P2":  place in [from 0x000000 to 0x0007ff] {
          block HEAP, rw section .far.bss, rw section .far.data,
          rw section .far.noinit, rw section .far_func.textrw,
          rw section .huge.bss, rw section .huge.data, rw section .huge.noinit,
          rw section .huge_func.textrw, rw section .iar.dynexit,
          rw section .near.bss, rw section .near.data, rw section .near.noinit,
          rw section .near_func.textrw };
"A3":  place at start of [0x008000-0x00bfff] { block INTVEC };
"P3":  place in [from 0x008000 to 0x00bfff] {
          ro section .far.data_init, ro section .far_func.textrw_init,
          ro section .huge.data_init, ro section .huge_func.textrw_init,
          ro section .iar.init_table, ro section .init_array,
          ro section .near.data_init, ro section .near.rodata,
          ro section .near_func.text, ro section .near_func.textrw_init,
          ro section .tiny.data_init, ro section .tiny.rodata_init };
"P4":  place in [from 0x008000 to 0x00bfff] {
          ro section .far.rodata, ro section .far_func.text };

  Section            Kind      Address    Size  Object
  -------            ----      -------    ----  ------
"A1":                                     0x10
  .vregs             uninit   0x000000    0x10  vregs.o [4]
                            - 0x000010    0x10

"P2", part 1 of 3:                        0x59
  P2 s0                       0x000010    0x59  <Init block>
    .near.data       inited   0x000010    0x2e  localeconv.o [4]
    .near.data       inited   0x00003e    0x28  xfiles.o [4]
    .near.data       inited   0x000066     0x1  main.o [1]
    .near.data       inited   0x000067     0x1  main.o [1]
    .near.data       inited   0x000068     0x1  main.o [1]
                            - 0x000069    0x59

"P2", part 2 of 3:                        0xbb
  .near.bss          zero     0x000069    0x50  xfiles.o [4]
  .near.bss          zero     0x0000b9    0x28  main.o [1]
  .near.bss          zero     0x0000e1     0xe  setlocale.o [4]
  .near.bss          zero     0x0000ef     0xa  main.o [1]
  .near.bss          zero     0x0000f9     0x4  xxmemxmalloc.o [4]
  .near.bss          zero     0x0000fd     0x3  localeconv.o [4]
  .near.bss          zero     0x000100     0x3  setlocale.o [4]
  .near.bss          zero     0x000103     0x2  main.o [1]
  .near.bss          zero     0x000105     0x2  main.o [1]
  .near.bss          zero     0x000107     0x2  main.o [1]
  .near.bss          zero     0x000109     0x2  main.o [1]
  .near.bss          zero     0x00010b     0x2  main.o [1]
  .near.bss          zero     0x00010d     0x2  main.o [1]
  .near.bss          zero     0x00010f     0x2  main.o [1]
  .near.bss          zero     0x000111     0x2  xgetmemchunk.o [4]
  .near.bss          zero     0x000113     0x1  main.o [1]
  .near.bss          zero     0x000114     0x1  main.o [1]
  .near.bss          zero     0x000115     0x1  main.o [1]
  .near.bss          zero     0x000116     0x1  main.o [1]
  .near.bss          zero     0x000117     0x1  main.o [1]
  .near.bss          zero     0x000118     0x1  main.o [1]
  .near.bss          zero     0x000119     0x1  main.o [1]
  .near.bss          zero     0x00011a     0x1  main.o [1]
  .near.bss          zero     0x00011b     0x1  main.o [1]
  .near.bss          zero     0x00011c     0x1  main.o [1]
  .near.bss          zero     0x00011d     0x1  main.o [1]
  .near.bss          zero     0x00011e     0x1  main.o [1]
  .near.bss          zero     0x00011f     0x1  main.o [1]
  .near.bss          zero     0x000120     0x1  main.o [1]
  .near.bss          zero     0x000121     0x1  main.o [1]
  .near.bss          zero     0x000122     0x1  main.o [1]
  .near.bss          zero     0x000123     0x1  main.o [1]
                            - 0x000124    0xbb

"P2", part 3 of 3:                       0x200
  HEAP                        0x000124   0x200  <Block>
    HEAP             uninit   0x000124   0x200  <Block tail>
                            - 0x000324   0x200

"A2":                                    0x200
  CSTACK                      0x000600   0x200  <Block>
    CSTACK           uninit   0x000600   0x200  <Block tail>
                            - 0x000800   0x200

"A3":                                     0x80
  INTVEC                      0x008000    0x80  <Block>
    .intvec          const    0x008000    0x80  interrupt.o [4]
                            - 0x008080    0x80

"P3":                                    0x4e4
  .near.rodata       const    0x008080    0x78  stm8s_flash.o [1]
  .near.rodata       const    0x0080f8    0x78  stm8s_uart2.o [1]
  .near.rodata       const    0x008170    0x77  stm8s_adc1.o [1]
  .near.rodata       const    0x0081e7    0x77  stm8s_gpio.o [1]
  .near.rodata       const    0x00825e    0x77  stm8s_tim2.o [1]
  .near.rodata       const    0x0082d5    0x76  stm8s_clk.o [1]
  .near.rodata       const    0x00834b    0x76  stm8s_i2c.o [1]
  .near.rodata       const    0x0083c1     0xb  main.o [1]
  .iar.init_table    const    0x0083cc    0x14  - Linker created -
  .near.rodata       const    0x0083e0    0x10  main.o [1]
  .near.rodata       const    0x0083f0     0xb  main.o [1]
  .near.rodata       const    0x0083fb     0xb  main.o [1]
  .near.rodata       const    0x008406     0xa  main.o [1]
  .near.rodata       const    0x008410     0xa  main.o [1]
  .near.rodata       const    0x00841a     0xa  main.o [1]
  .near.rodata       const    0x008424     0xa  main.o [1]
  .near.rodata       const    0x00842e     0xa  main.o [1]
  .near.rodata       const    0x008438     0xa  main.o [1]
  .near.rodata       const    0x008442     0xa  main.o [1]
  .near.rodata       const    0x00844c     0xa  main.o [1]
  .near.rodata       const    0x008456     0xa  main.o [1]
  .near.rodata       const    0x008460     0x9  main.o [1]
  .near.rodata       const    0x008469     0x9  main.o [1]
  .near.rodata       const    0x008472     0x9  main.o [1]
  .near.rodata       const    0x00847b     0x8  main.o [1]
  .near.rodata       const    0x008483     0x8  main.o [1]
  .near.rodata       const    0x00848b     0x8  main.o [1]
  .near.rodata       const    0x008493     0x8  main.o [1]
  .near.rodata       const    0x00849b     0x8  xprintflarge.o [4]
  .near.rodata       const    0x0084a3     0x8  xprintflarge.o [4]
  .near.rodata       const    0x0084ab     0x8  xencoding_sb.o [4]
  .near.rodata       const    0x0084b3     0x8  xencoding_sb.o [4]
  .near.rodata       const    0x0084bb     0x7  main.o [1]
  .near.rodata       const    0x0084c2     0x7  main.o [1]
  .near.rodata       const    0x0084c9     0x7  main.o [1]
  .near.rodata       const    0x0084d0     0x7  main.o [1]
  .near.rodata       const    0x0084d7     0x7  main.o [1]
  .near.rodata       const    0x0084de     0x7  xprintflarge.o [4]
  .near.rodata       const    0x0084e5     0x6  main.o [1]
  .near.rodata       const    0x0084eb     0x6  localeconv.o [4]
  .near.rodata       const    0x0084f1     0x5  localeconv.o [4]
  .near.rodata       const    0x0084f6     0x4  xprintflarge.o [4]
  .near.rodata       const    0x0084fa     0x4  xprintflarge.o [4]
  .near.rodata       const    0x0084fe     0x4  xprintflarge.o [4]
  .near.rodata       const    0x008502     0x4  xprintflarge.o [4]
  .near.rodata       const    0x008506     0x2  xprintflarge.o [4]
  .near.rodata       const    0x008508     0x2  localeconv.o [4]
  .near.rodata       const    0x00850a     0x1  localeconv.o [4]
  Initializer bytes  ro data  0x00850b    0x59  <for P2 s0>
                            - 0x008564   0x4e4

"P4":                                   0x390d
  .far_func.text     ro code  0x008564   0xf6d  main.o [1]
  .far_func.text     ro code  0x0094d1   0x57e  xprintflarge.o [4]
  .far_func.text     ro code  0x009a4f   0x429  float.o [4]
  .far_func.text     ro code  0x009e78   0x3b9  xprintflarge.o [4]
  .far_func.text     ro code  0x00a231   0x2a3  xprintflarge.o [4]
  .far_func.text     ro code  0x00a4d4   0x247  xprintflarge.o [4]
  .far_func.text     ro code  0x00a71b   0x1b3  long.o [4]
  .far_func.text     ro code  0x00a8ce   0x17f  xprintflarge.o [4]
  .far_func.text     ro code  0x00aa4d   0x16d  stm8s_i2c.o [1]
  .far_func.text     ro code  0x00abba   0x16a  vreg_util.o [4]
  .far_func.text     ro code  0x00ad24    0xe6  xxmemxfree.o [4]
  .far_func.text     ro code  0x00ae0a    0xd5  stm8s_clk.o [1]
  .far_func.text     ro code  0x00aedf    0xb4  stm8s_gpio.o [1]
  .far_func.text     ro code  0x00af93    0xa6  stm8s_i2c.o [1]
  .far_func.text     ro code  0x00b039    0x9a  xxmemxmalloc.o [4]
  .far_func.text     ro code  0x00b0d3    0x93  stm8s_i2c.o [1]
  .far_func.text     ro code  0x00b166    0x91  stm8s_clk.o [1]
  .far_func.text     ro code  0x00b1f7    0x70  xxmemxmalloc.o [4]
  .far_func.text     ro code  0x00b267    0x64  long_util.o [4]
  .far_func.text     ro code  0x00b2cb    0x60  stm8s_tim2.o [1]
  .far_func.text     ro code  0x00b32b    0x5e  stm8s_clk.o [1]
  .far_func.text     ro code  0x00b389    0x59  stm8s_tim2.o [1]
  .far_func.text     ro code  0x00b3e2    0x52  float_libsup.o [4]
  .far_func.text     ro code  0x00b434    0x51  xprintflarge.o [4]
  .far_func.text     ro code  0x00b485    0x4b  xprintflarge.o [4]
  .far_func.text     ro code  0x00b4d0    0x45  sprintf.o [4]
  .far_func.text     ro code  0x00b515    0x3f  short.o [4]
  .far_func.text     ro code  0x00b554    0x3b  stm8s_it.o [1]
  .far_func.text     ro code  0x00b58f    0x3a  stm8s_flash.o [1]
  .far_func.text     ro code  0x00b5c9    0x39  xprintflarge.o [4]
  .far_func.text     ro code  0x00b602    0x36  stm8s_clk.o [1]
  .far_func.text     ro code  0x00b638    0x36  xprintflarge.o [4]
  .far_func.text     ro code  0x00b66e    0x35  xprintflarge.o [4]
  .far_func.text     ro code  0x00b6a3    0x34  stm8s_i2c.o [1]
  .far_func.text     ro code  0x00b6d7    0x34  far_util.o [4]
  .far_func.text     ro code  0x00b70b    0x34  div.o [4]
  .far_func.text     ro code  0x00b73f    0x32  stm8s_i2c.o [1]
  .far_func.text     ro code  0x00b771    0x30  xencoding_sb.o [4]
  .far_func.text     ro code  0x00b7a1    0x2c  stm8s_flash.o [1]
  .far_func.text     ro code  0x00b7cd    0x2c  dc_util.o [4]
  .far_func.text     ro code  0x00b7f9    0x29  main.o [1]
  .far_func.text     ro code  0x00b822    0x29  xmbtowc.o [4]
  .far_func.text     ro code  0x00b84b    0x28  printf.o [4]
  .far_func.text     ro code  0x00b873    0x28  init_small.o [4]
  .far_func.text     ro code  0x00b89b    0x26  memcpy.o [4]
  .far_func.text     ro code  0x00b8c1    0x25  main.o [1]
  .far_func.text     ro code  0x00b8e6    0x25  main.o [1]
  .far_func.text     ro code  0x00b90b    0x25  stm8s_i2c.o [1]
  .far_func.text     ro code  0x00b930    0x25  stm8s_it.o [1]
  .far_func.text     ro code  0x00b955    0x25  stm8s_uart2.o [1]
  .far_func.text     ro code  0x00b97a    0x23  main.o [1]
  .far_func.text     ro code  0x00b99d    0x22  stm8s_flash.o [1]
  .far_func.text     ro code  0x00b9bf    0x22  xwctomb.o [4]
  .far_func.text     ro code  0x00b9e1    0x22  xgetmemchunk.o [4]
  .far_func.text     ro code  0x00ba03    0x21  stm8s_flash.o [1]
  .far_func.text     ro code  0x00ba24    0x21  xprintflarge.o [4]
  .far_func.text     ro code  0x00ba45    0x21  xprintflarge.o [4]
  .far_func.text     ro code  0x00ba66    0x20  stm8s_flash.o [1]
  .far_func.text     ro code  0x00ba86    0x1e  init.o [4]
  .far_func.text     ro code  0x00baa4    0x1e  init_small.o [4]
  .far_func.text     ro code  0x00bac2    0x1d  stm8s_tim2.o [1]
  .far_func.text     ro code  0x00badf    0x1d  xprout.o [4]
  .far_func.text     ro code  0x00bafc    0x1a  stm8s_flash.o [1]
  .far_func.text     ro code  0x00bb16    0x1a  xprintflarge.o [4]
  .far_func.text     ro code  0x00bb30    0x19  localeconv.o [4]
  .far_func.text     ro code  0x00bb49    0x19  xencoding_sb.o [4]
  .far_func.text     ro code  0x00bb62    0x18  stm8s_adc1.o [1]
  .far_func.text     ro code  0x00bb7a    0x18  stm8s_flash.o [1]
  .far_func.text     ro code  0x00bb92    0x18  stm8s_i2c.o [1]
  .far_func.text     ro code  0x00bbaa    0x18  stm8s_i2c.o [1]
  .far_func.text     ro code  0x00bbc2    0x18  stm8s_i2c.o [1]
  .far_func.text     ro code  0x00bbda    0x17  cstartup.o [4]
  .far_func.text     ro code  0x00bbf1    0x16  xprintflarge.o [4]
  .far_func.text     ro code  0x00bc07    0x16  __dbg_xxexit.o [3]
  .far_func.text     ro code  0x00bc1d    0x15  memchr.o [4]
  .far_func.text     ro code  0x00bc32    0x15  strchr.o [4]
  .far_func.text     ro code  0x00bc47    0x13  stm8s_flash.o [1]
  .far_func.text     ro code  0x00bc5a    0x13  xprintflarge.o [4]
  .far_func.text     ro code  0x00bc6d    0x12  stm8s_i2c.o [1]
  .far_func.text     ro code  0x00bc7f    0x12  strlen.o [4]
  .far_func.text     ro code  0x00bc91    0x10  xprintflarge.o [4]
  .far_func.text     ro code  0x00bca1     0xe  xsprout.o [4]
  .far_func.text     ro code  0x00bcaf     0xe  setlocale.o [4]
  .far_func.text     ro code  0x00bcbd     0xd  xprintflarge.o [4]
  .far_func.text     ro code  0x00bcca     0xd  move.o [4]
  .far_func.text     ro code  0x00bcd7     0xc  stm8s_adc1.o [1]
  .far_func.text     ro code  0x00bce3     0xc  stm8s_clk.o [1]
  .far_func.text     ro code  0x00bcef     0xc  stm8s_flash.o [1]
  .far_func.text     ro code  0x00bcfb     0xc  stm8s_gpio.o [1]
  .far_func.text     ro code  0x00bd07     0xc  stm8s_i2c.o [1]
  .far_func.text     ro code  0x00bd13     0xc  stm8s_i2c.o [1]
  .far_func.text     ro code  0x00bd1f     0xc  stm8s_tim2.o [1]
  .far_func.text     ro code  0x00bd2b     0xc  stm8s_uart2.o [1]
  .far_func.text     ro code  0x00bd37     0xc  xprintflarge.o [4]
  .far_func.text     ro code  0x00bd43     0xb  stm8s_clk.o [1]
  .far_func.text     ro code  0x00bd4e     0xb  xprintflarge.o [4]
  .far_func.text     ro code  0x00bd59     0xb  xprintflarge.o [4]
  .far_func.text     ro code  0x00bd64     0xb  xprintflarge.o [4]
  .far_func.text     ro code  0x00bd6f     0xb  setlocale.o [4]
  .far_func.text     ro code  0x00bd7a     0xa  stm8s_tim2.o [1]
  .far_func.text     ro code  0x00bd84     0xa  xprintflarge.o [4]
  .far_func.text     ro code  0x00bd8e     0xa  xprintflarge.o [4]
  .far_func.text     ro code  0x00bd98     0xa  far.o [4]
  .far_func.text     ro code  0x00bda2     0xa  localeconv.o [4]
  .far_func.text     ro code  0x00bdac     0xa  setlocale.o [4]
  .far_func.text     ro code  0x00bdb6     0x9  main.o [1]
  .far_func.text     ro code  0x00bdbf     0x9  xprintflarge.o [4]
  .far_func.text     ro code  0x00bdc8     0x9  xprintflarge.o [4]
  .far_func.text     ro code  0x00bdd1     0x9  xprintflarge.o [4]
  .far_func.text     ro code  0x00bdda     0x9  xprintflarge.o [4]
  .far_func.text     ro code  0x00bde3     0x9  setlocale.o [4]
  .far_func.text     ro code  0x00bdec     0x8  xprintflarge.o [4]
  .far_func.text     ro code  0x00bdf4     0x8  xxmemxmalloc.o [4]
  .far_func.text     ro code  0x00bdfc     0x8  putchar.o [4]
  .far_func.text     ro code  0x00be04     0x7  main.o [1]
  .far_func.text     ro code  0x00be0b     0x7  main.o [1]
  .far_func.text     ro code  0x00be12     0x7  xprintflarge.o [4]
  .far_func.text     ro code  0x00be19     0x7  xprintflarge.o [4]
  .far_func.text     ro code  0x00be20     0x7  xmbcurmax.o [4]
  .far_func.text     ro code  0x00be27     0x6  cexit.o [4]
  .far_func.text     ro code  0x00be2d     0x5  stm8s_adc1.o [1]
  .far_func.text     ro code  0x00be32     0x4  stm8s_gpio.o [1]
  .far_func.text     ro code  0x00be36     0x4  stm8s_i2c.o [1]
  .far_func.text     ro code  0x00be3a     0x4  stm8s_i2c.o [1]
  .far_func.text     ro code  0x00be3e     0x4  stm8s_uart2.o [1]
  .far_func.text     ro code  0x00be42     0x4  interrupt.o [4]
  .far_func.text     ro code  0x00be46     0x4  exit.o [4]
  .far_func.text     ro code  0x00be4a     0x3  stm8s_gpio.o [1]
  .far_func.text     ro code  0x00be4d     0x3  stm8s_gpio.o [1]
  .far_func.text     ro code  0x00be50     0x3  stm8s_gpio.o [1]
  .far_func.text     ro code  0x00be53     0x3  stm8s_gpio.o [1]
  .far_func.text     ro code  0x00be56     0x3  low_level_init.o [4]
  .far_func.text     ro code  0x00be59     0x3  unhandled_exception.o [4]
  .far_func.text     ro code  0x00be5c     0x1  stm8s_it.o [1]
  .far_func.text     ro code  0x00be5d     0x1  stm8s_it.o [1]
  .far_func.text     ro code  0x00be5e     0x1  stm8s_it.o [1]
  .far_func.text     ro code  0x00be5f     0x1  stm8s_it.o [1]
  .far_func.text     ro code  0x00be60     0x1  stm8s_it.o [1]
  .far_func.text     ro code  0x00be61     0x1  stm8s_it.o [1]
  .far_func.text     ro code  0x00be62     0x1  stm8s_it.o [1]
  .far_func.text     ro code  0x00be63     0x1  stm8s_it.o [1]
  .far_func.text     ro code  0x00be64     0x1  stm8s_it.o [1]
  .far_func.text     ro code  0x00be65     0x1  stm8s_it.o [1]
  .far_func.text     ro code  0x00be66     0x1  stm8s_it.o [1]
  .far_func.text     ro code  0x00be67     0x1  stm8s_it.o [1]
  .far_func.text     ro code  0x00be68     0x1  stm8s_it.o [1]
  .far_func.text     ro code  0x00be69     0x1  stm8s_it.o [1]
  .far_func.text     ro code  0x00be6a     0x1  stm8s_it.o [1]
  .far_func.text     ro code  0x00be6b     0x1  stm8s_it.o [1]
  .far_func.text     ro code  0x00be6c     0x1  stm8s_it.o [1]
  .far_func.text     ro code  0x00be6d     0x1  stm8s_it.o [1]
  .far_func.text     ro code  0x00be6e     0x1  stm8s_it.o [1]
  .far_func.text     ro code  0x00be6f     0x1  stm8s_it.o [1]
  .far_func.text     ro code  0x00be70     0x1  __dbg_break.o [3]
                            - 0x00be71  0x390d


*******************************************************************************
*** INIT TABLE
***

          Address   Size
          -------   ----
Zero (__iar_zero_init2)
    1 destination range, total size 0xbb:
          0x000069  0xbb

Copy (__iar_copy_init2)
    1 source range, total size 0x59:
          0x00850b  0x59
    1 destination range, total size 0x59:
          0x000010  0x59


*******************************************************************************
*** MODULE SUMMARY
***

    Module                 ro code  ro data  rw data
    ------                 -------  -------  -------
C:\Documents and Settings\Administrator\Desktop\stm8s105k-controller\Project\STM8S_StdPeriph_Template\EWSTM8\STM8S105\Obj: [1]
    main.o                   4 122      242       84
    stm8s_adc1.o                41      119
    stm8s_clk.o                529      118
    stm8s_flash.o              282      120
    stm8s_gpio.o               208      119
    stm8s_i2c.o                939      118
    stm8s_it.o                 116
    stm8s_tim2.o               236      119
    stm8s_uart2.o               53      120
    ------------------------------------------------
    Total:                   6 526    1 075       84

command line: [2]
    ------------------------------------------------
    Total:

dbgstm8mmd.a: [3]
    __dbg_break.o                1
    __dbg_xxexit.o              22
    ------------------------------------------------
    Total:                      23

dlstm8mmf.a: [4]
    cexit.o                      6
    cstartup.o                  23
    dc_util.o                   44
    div.o                       52
    exit.o                       4
    far.o                       10
    far_util.o                  52
    float.o                  1 065
    float_libsup.o              82
    init.o                      30
    init_small.o                70
    interrupt.o                  4      128
    localeconv.o                35       60       49
    long.o                     435
    long_util.o                100
    low_level_init.o             3
    memchr.o                    21
    memcpy.o                    38
    move.o                      13
    printf.o                    40
    putchar.o                    8
    setlocale.o                 44                17
    short.o                     63
    sprintf.o                   69
    strchr.o                    21
    strlen.o                    18
    unhandled_exception.o        3
    vreg_util.o                362
    vregs.o                                       16
    xencoding_sb.o              73       16
    xfiles.o                             40      120
    xgetmemchunk.o              34                 2
    xmbcurmax.o                  7
    xmbtowc.o                   41
    xprintflarge.o           4 605       41
    xprout.o                    29
    xsprout.o                   14
    xwctomb.o                   34
    xxmemxfree.o               230
    xxmemxmalloc.o             274                 4
    ------------------------------------------------
    Total:                   8 056      285      208

    Linker created                       20    1 024
----------------------------------------------------
    Grand Total:            14 605    1 380    1 316


*******************************************************************************
*** ENTRY LIST
***

Entry                    Address   Size  Type      Object
-----                    -------   ----  ----      ------
?add32_l0_l0_0x         0x00a72e         Code  Gb  long.o [4]
?add32_l0_l0_l1         0x00a72b         Code  Gb  long.o [4]
?and32_l0_l0_0x         0x00a88d         Code  Gb  long.o [4]
?and32_l0_l0_l1         0x00a88a         Code  Gb  long.o [4]
?b0                     0x000000         Data  Gb  vregs.o [4]
?b1                     0x000001         Data  Gb  vregs.o [4]
?b10                    0x00000a         Data  Gb  vregs.o [4]
?b11                    0x00000b         Data  Gb  vregs.o [4]
?b12                    0x00000c         Data  Gb  vregs.o [4]
?b13                    0x00000d         Data  Gb  vregs.o [4]
?b14                    0x00000e         Data  Gb  vregs.o [4]
?b15                    0x00000f         Data  Gb  vregs.o [4]
?b2                     0x000002         Data  Gb  vregs.o [4]
?b3                     0x000003         Data  Gb  vregs.o [4]
?b4                     0x000004         Data  Gb  vregs.o [4]
?b5                     0x000005         Data  Gb  vregs.o [4]
?b6                     0x000006         Data  Gb  vregs.o [4]
?b7                     0x000007         Data  Gb  vregs.o [4]
?b8                     0x000008         Data  Gb  vregs.o [4]
?b9                     0x000009         Data  Gb  vregs.o [4]
?dc32_l1                0x00b7cd         Code  Gb  dc_util.o [4]
?e0                     0x000001         Data  Gb  vregs.o [4]
?e1                     0x000005         Data  Gb  vregs.o [4]
?e2                     0x000009         Data  Gb  vregs.o [4]
?e3                     0x00000d         Data  Gb  vregs.o [4]
?epilogue_l2            0x00ac70         Code  Gb  vreg_util.o [4]
?epilogue_l2_l3         0x00ac6c         Code  Gb  vreg_util.o [4]
?epilogue_l2_w6         0x00ac75         Code  Gb  vreg_util.o [4]
?epilogue_w4            0x00ac7e         Code  Gb  vreg_util.o [4]
?fadd32_l0_l0_l1        0x009a73         Code  Gb  float.o [4]
?fcastf32u32_l0_l0      0x009d3d         Code  Gb  float.o [4]
?fcastu32f32_l0_l0      0x009ced         Code  Gb  float.o [4]
?fcmplt32_c_l0_0x       0x009c97         Code  Gb  float.o [4]
?fcmplt32_c_l0_dc32     0x009c90         Code  Gb  float.o [4]
?fcmplt32_c_l0_l1       0x009c94         Code  Gb  float.o [4]
?fdiv32_l0_l0_l1        0x009be2         Code  Gb  float.o [4]
?fmul32_l0_l0_dc32      0x009b41         Code  Gb  float.o [4]
?fmul32_l0_l0_l1        0x009b47         Code  Gb  float.o [4]
?fsub32_l0_l0_l1        0x009a6d         Code  Gb  float.o [4]
?l0                     0x000000         Data  Gb  vregs.o [4]
?l1                     0x000004         Data  Gb  vregs.o [4]
?l2                     0x000008         Data  Gb  vregs.o [4]
?l3                     0x00000c         Data  Gb  vregs.o [4]
?load24_0x_e0           0x00b6fd         Code  Gb  far_util.o [4]
?load24_e0_0x           0x00b6d7         Code  Gb  far_util.o [4]
?load24_e1_0x           0x00b6e5         Code  Gb  far_util.o [4]
?load24_xsp_e0          0x00b6f3         Code  Gb  far_util.o [4]
?load32_0x_l0           0x00b2bd         Code  Gb  long_util.o [4]
?load32_l0_0x           0x00b281         Code  Gb  long_util.o [4]
?load32_l0_asp          0x00b275         Code  Gb  long_util.o [4]
?load32_l0_dbsp         0x00b267         Code  Gb  long_util.o [4]
?load32_l0_xsp          0x00b277         Code  Gb  long_util.o [4]
?load32_l2_0x           0x00b2a7         Code  Gb  long_util.o [4]
?load32_l2_asp          0x00b29b         Code  Gb  long_util.o [4]
?load32_l2_dbsp         0x00b28d         Code  Gb  long_util.o [4]
?load32_l2_xsp          0x00b29d         Code  Gb  long_util.o [4]
?load32_xsp_l0          0x00b2b3         Code  Gb  long_util.o [4]
?mov_e0_e1              0x00accc         Code  Gb  vreg_util.o [4]
?mov_e0_e2              0x00acd9         Code  Gb  vreg_util.o [4]
?mov_e0_e3              0x00ace6         Code  Gb  vreg_util.o [4]
?mov_e1_e0              0x00acf3         Code  Gb  vreg_util.o [4]
?mov_e1_e2              0x00ad00         Code  Gb  vreg_util.o [4]
?mov_e2_e0              0x00ad0d         Code  Gb  vreg_util.o [4]
?mov_e3_e0              0x00ad1a         Code  Gb  vreg_util.o [4]
?mov_l0_l1              0x00acc9         Code  Gb  vreg_util.o [4]
?mov_l0_l2              0x00acd6         Code  Gb  vreg_util.o [4]
?mov_l0_l3              0x00ace3         Code  Gb  vreg_util.o [4]
?mov_l1_l0              0x00acf0         Code  Gb  vreg_util.o [4]
?mov_l1_l2              0x00acfd         Code  Gb  vreg_util.o [4]
?mov_l2_l0              0x00ad0a         Code  Gb  vreg_util.o [4]
?mov_l3_l0              0x00ad17         Code  Gb  vreg_util.o [4]
?mov_w0_w1              0x00ac83         Code  Gb  vreg_util.o [4]
?mov_w0_w4              0x00ac8a         Code  Gb  vreg_util.o [4]
?mov_w0_w5              0x00ac91         Code  Gb  vreg_util.o [4]
?mov_w1_w3              0x00accf         Code  Gb  vreg_util.o [4]
?mov_w1_w4              0x00ac98         Code  Gb  vreg_util.o [4]
?mov_w1_w5              0x00acdc         Code  Gb  vreg_util.o [4]
?mov_w1_w7              0x00ace9         Code  Gb  vreg_util.o [4]
?mov_w2_w0              0x00ac9f         Code  Gb  vreg_util.o [4]
?mov_w2_w1              0x00aca6         Code  Gb  vreg_util.o [4]
?mov_w3_w1              0x00acf6         Code  Gb  vreg_util.o [4]
?mov_w3_w5              0x00ad03         Code  Gb  vreg_util.o [4]
?mov_w4_w0              0x00acad         Code  Gb  vreg_util.o [4]
?mov_w4_w1              0x00acb4         Code  Gb  vreg_util.o [4]
?mov_w4_w2              0x00acbb         Code  Gb  vreg_util.o [4]
?mov_w5_w0              0x00acc2         Code  Gb  vreg_util.o [4]
?mov_w5_w1              0x00ad10         Code  Gb  vreg_util.o [4]
?mov_w7_w1              0x00ad1d         Code  Gb  vreg_util.o [4]
?move1616_v_x_y_a       0x00bcca         Code  Gb  move.o [4]
?mul16_x_x_w0           0x00b515         Code  Gb  short.o [4]
?mul32_l0_l0_l1         0x00a746         Code  Gb  long.o [4]
?neg32_l0_l0            0x00a71b         Code  Gb  long.o [4]
?pop_l0                 0x00ac34         Code  Gb  vreg_util.o [4]
?pop_l1                 0x00ac3f         Code  Gb  vreg_util.o [4]
?pop_l2                 0x00ac4a         Code  Gb  vreg_util.o [4]
?pop_l3                 0x00ac55         Code  Gb  vreg_util.o [4]
?pop_w4                 0x00abe5         Code  Gb  vreg_util.o [4]
?pop_w6                 0x00abec         Code  Gb  vreg_util.o [4]
?push_l0                0x00abff         Code  Gb  vreg_util.o [4]
?push_l1                0x00ac04         Code  Gb  vreg_util.o [4]
?push_l2                0x00ac09         Code  Gb  vreg_util.o [4]
?push_l3                0x00ac0e         Code  Gb  vreg_util.o [4]
?push_w0                0x00abba         Code  Gb  vreg_util.o [4]
?push_w1                0x00abbf         Code  Gb  vreg_util.o [4]
?push_w4                0x00abc4         Code  Gb  vreg_util.o [4]
?push_w6                0x00abc9         Code  Gb  vreg_util.o [4]
?sdiv16_x_x_y           0x00b533         Code  Gb  short.o [4]
?sdiv32_l0_l0_dl        0x00a83b         Code  Gb  long.o [4]
?sdiv32_l0_l0_l1        0x00a83f         Code  Gb  long.o [4]
?sext32_l0_a            0x00a8c1         Code  Gb  long.o [4]
?sext32_l0_x            0x00a8b6         Code  Gb  long.o [4]
?sll16_x_x_a            0x00b54c         Code  Gb  short.o [4]
?sll32_0x_0x_a          0x00a8a8         Code  Gb  long.o [4]
?sll32_l0_l0_a          0x00a8a5         Code  Gb  long.o [4]
?smod32_l1_l0_l1        0x00a83f         Code  Gb  long.o [4]
?ucmp24_c_0x_e0         0x00bd98         Code  Gb  far.o [4]
?udiv32_l0_l0_dl        0x00a7ca         Code  Gb  long.o [4]
?udiv32_l0_l0_l1        0x00a7ce         Code  Gb  long.o [4]
?umod32_l1_l0_dl        0x00a7c4         Code  Gb  long.o [4]
?umod32_l1_l0_l1        0x00a7ce         Code  Gb  long.o [4]
?w0                     0x000000         Data  Gb  vregs.o [4]
?w1                     0x000002         Data  Gb  vregs.o [4]
?w2                     0x000004         Data  Gb  vregs.o [4]
?w3                     0x000006         Data  Gb  vregs.o [4]
?w4                     0x000008         Data  Gb  vregs.o [4]
?w5                     0x00000a         Data  Gb  vregs.o [4]
?w6                     0x00000c         Data  Gb  vregs.o [4]
?w7                     0x00000e         Data  Gb  vregs.o [4]
ADC1_Cmd                0x00bb62   0x18  Code  Gb  stm8s_adc1.o [1]
ADC1_IRQHandler         0x00be6d    0x1  Code  Gb  stm8s_it.o [1]
AWU_IRQHandler          0x00be5e    0x1  Code  Gb  stm8s_it.o [1]
CLK_ClockSwitchConfig   0x00ae0a   0xd5  Code  Gb  stm8s_clk.o [1]
CLK_DeInit              0x00b602   0x36  Code  Gb  stm8s_clk.o [1]
CLK_IRQHandler          0x00be5f    0x1  Code  Gb  stm8s_it.o [1]
CLK_PeripheralClockConfig
                        0x00b166   0x91  Code  Gb  stm8s_clk.o [1]
CLK_SYSCLKConfig        0x00b32b   0x5e  Code  Gb  stm8s_clk.o [1]
CSTACK$$Base            0x000600          --   Gb  - Linker created -
CSTACK$$Limit           0x000800          --   Gb  - Linker created -
Check_DS1307            0x00913b   0x40  Code  Gb  main.o [1]
Clear_Line1             0x00862f   0x13  Code  Gb  main.o [1]
Clear_Line2             0x00861c   0x13  Code  Gb  main.o [1]
DS18Set                 0x008a7e   0x29  Code  Gb  main.o [1]
DS18_Read               0x008aa7   0x4d  Code  Gb  main.o [1]
DS18_Reset              0x008a44   0x31  Code  Gb  main.o [1]
DS18_Write              0x008a0b   0x39  Code  Gb  main.o [1]
Delay1                  0x008564    0xe  Code  Gb  main.o [1]
Delay2                  0x008925    0xe  Code  Gb  main.o [1]
Delay_us                0x00891f    0x6  Code  Gb  main.o [1]
Display_Line            0x0088d9   0x44  Code  Gb  main.o [1]
EEPROM_EEC_IRQHandler   0x00be6f    0x1  Code  Gb  stm8s_it.o [1]
EEPROM_INIT             0x00865f    0xf  Code  Gb  main.o [1]
EXTI_PORTA_IRQHandler   0x00be60    0x1  Code  Gb  stm8s_it.o [1]
EXTI_PORTB_IRQHandler   0x00be61    0x1  Code  Gb  stm8s_it.o [1]
EXTI_PORTC_IRQHandler   0x00be62    0x1  Code  Gb  stm8s_it.o [1]
EXTI_PORTD_IRQHandler   0x00be63    0x1  Code  Gb  stm8s_it.o [1]
EXTI_PORTE_IRQHandler   0x00be64    0x1  Code  Gb  stm8s_it.o [1]
FLASH_DeInit            0x00bb7a   0x18  Code  Gb  stm8s_flash.o [1]
FLASH_Lock              0x00ba66   0x20  Code  Gb  stm8s_flash.o [1]
FLASH_ProgramByte       0x00b58f   0x3a  Code  Gb  stm8s_flash.o [1]
FLASH_ReadByte          0x00b7a1   0x2c  Code  Gb  stm8s_flash.o [1]
FLASH_SetProgrammingTime
                        0x00b99d   0x22  Code  Gb  stm8s_flash.o [1]
FLASH_Unlock            0x00ba03   0x21  Code  Gb  stm8s_flash.o [1]
GPIO_Init               0x00aedf   0xb4  Code  Gb  stm8s_gpio.o [1]
GPIO_ReadInputData      0x00be50    0x3  Code  Gb  stm8s_gpio.o [1]
GPIO_ReadInputPin       0x00be53    0x3  Code  Gb  stm8s_gpio.o [1]
GPIO_WriteHigh          0x00be4a    0x3  Code  Gb  stm8s_gpio.o [1]
GPIO_WriteLow           0x00be32    0x4  Code  Gb  stm8s_gpio.o [1]
GPIO_WriteReverse       0x00be4d    0x3  Code  Gb  stm8s_gpio.o [1]
GpioConfiguration       0x008d2e   0x67  Code  Gb  main.o [1]
HEAP$$Base              0x000124          --   Gb  - Linker created -
HEAP$$Limit             0x000324          --   Gb  - Linker created -
I2C_AcknowledgeConfig   0x00b6a3   0x34  Code  Gb  stm8s_i2c.o [1]
I2C_CheckEvent          0x00af93   0xa6  Code  Gb  stm8s_i2c.o [1]
I2C_Cmd                 0x00bb92   0x18  Code  Gb  stm8s_i2c.o [1]
I2C_DeInit              0x00b90b   0x25  Code  Gb  stm8s_i2c.o [1]
I2C_GenerateSTART       0x00bbaa   0x18  Code  Gb  stm8s_i2c.o [1]
I2C_GenerateSTOP        0x00bbc2   0x18  Code  Gb  stm8s_i2c.o [1]
I2C_GetFlagStatus       0x00b0d3   0x93  Code  Gb  stm8s_i2c.o [1]
I2C_IRQHandler          0x00be6b    0x1  Code  Gb  stm8s_it.o [1]
I2C_Init                0x00aa4d  0x16d  Code  Gb  stm8s_i2c.o [1]
I2C_RA                  0x009113   0x28  Code  Gb  main.o [1]
I2C_RD                  0x0090f0   0x23  Code  Gb  main.o [1]
I2C_ReceiveData         0x00be36    0x4  Code  Gb  stm8s_i2c.o [1]
I2C_Send7bitAddress     0x00b73f   0x32  Code  Gb  stm8s_i2c.o [1]
I2C_SendData            0x00be3a    0x4  Code  Gb  stm8s_i2c.o [1]
I2C_Start               0x008ea0   0x26  Code  Gb  main.o [1]
I2C_WA                  0x008e7a   0x26  Code  Gb  main.o [1]
I2C_WD                  0x008e56   0x24  Code  Gb  main.o [1]
INTVEC$$Base            0x008000          --   Gb  - Linker created -
INTVEC$$Limit           0x008080          --   Gb  - Linker created -
InitClk                 0x008ced   0x38  Code  Gb  main.o [1]
InitDelayTimer          0x008c25   0x1d  Code  Gb  main.o [1]
InitI2C                 0x00922e   0x26  Code  Gb  main.o [1]
InitLcd                 0x008c81   0x54  Code  Gb  main.o [1]
Key_Press               0x00b97a   0x23  Code  Gb  main.o [1]
LCD                     0x008933   0xae  Code  Gb  main.o [1]
LCDData                 0x0085d9    0xb  Code  Gb  main.o [1]
LCDDataOut              0x008582   0x57  Code  Gb  main.o [1]
LCDInstr                0x00860a    0xb  Code  Gb  main.o [1]
LCDInstrNibble          0x008c60    0xf  Code  Gb  main.o [1]
LoadInt                 0x00b485   0x4b  Code  Lc  xprintflarge.o [4]
Menu                    0x008829   0x94  Code  Gb  main.o [1]
Power_Off               0x009254    0xb  Code  Gb  main.o [1]
Power_On                0x00925f    0xb  Code  Gb  main.o [1]
PulseEnable             0x008572   0x10  Code  Gb  main.o [1]
ReadDS1307              0x009197   0x6d  Code  Gb  main.o [1]
Read_Allarm             0x008db3   0x7b  Code  Gb  main.o [1]
Read_DS18               0x008b11   0x79  Code  Gb  main.o [1]
Region$$Table$$Base     0x0083cc          --   Gb  - Linker created -
Region$$Table$$Limit    0x0083e0          --   Gb  - Linker created -
Rotate_Line             0x0088c6   0x13  Code  Gb  main.o [1]
SPI_IRQHandler          0x00be65    0x1  Code  Gb  stm8s_it.o [1]
Save_Status             0x008e2e    0xa  Code  Gb  main.o [1]
Set_Clock               0x008f44  0x18b  Code  Gb  main.o [1]
Set_DS1307              0x008ecd   0x6c  Code  Gb  main.o [1]
Set_Timer_Off           0x0086bb   0x85  Code  Gb  main.o [1]
Set_Timer_On            0x008767   0x85  Code  Gb  main.o [1]
TIM1_CAP_COM_IRQHandler
                        0x00be67    0x1  Code  Gb  stm8s_it.o [1]
TIM1_UPD_OVF_TRG_BRK_IRQHandler
                        0x00be66    0x1  Code  Gb  stm8s_it.o [1]
TIM2_CAP_COM_IRQHandler
                        0x00be68    0x1  Code  Gb  stm8s_it.o [1]
TIM2_ClearITPendingBit  0x00bac2   0x1d  Code  Gb  stm8s_tim2.o [1]
TIM2_Cmd                0x00b313   0x18  Code  Gb  stm8s_tim2.o [1]
TIM2_DeInit             0x00b389   0x59  Code  Gb  stm8s_tim2.o [1]
TIM2_ITConfig           0x00b2d7   0x3c  Code  Gb  stm8s_tim2.o [1]
TIM2_TimeBaseInit       0x00bd7a    0xa  Code  Gb  stm8s_tim2.o [1]
TIM2_UPD_OVF_BRK_IRQHandler
                        0x00b554   0x3b  Code  Gb  stm8s_it.o [1]
TIM3_CAP_COM_IRQHandler
                        0x00be6a    0x1  Code  Gb  stm8s_it.o [1]
TIM3_UPD_OVF_BRK_IRQHandler
                        0x00be69    0x1  Code  Gb  stm8s_it.o [1]
TIM4_UPD_OVF_IRQHandler
                        0x00be6e    0x1  Code  Gb  stm8s_it.o [1]
TLI_IRQHandler          0x00be5d    0x1  Code  Gb  stm8s_it.o [1]
TRAP_IRQHandler         0x00be5c    0x1  Code  Gb  stm8s_it.o [1]
UART2_ClearITPendingBit
                        0x00b955   0x25  Code  Gb  stm8s_uart2.o [1]
UART2_RX_IRQHandler     0x00b930   0x25  Code  Gb  stm8s_it.o [1]
UART2_ReceiveData8      0x00be3e    0x4  Code  Gb  stm8s_uart2.o [1]
UART2_TX_IRQHandler     0x00be6c    0x1  Code  Gb  stm8s_it.o [1]
_EncodingSb_Mbtowc      0x00b771   0x30  Code  Gb  xencoding_sb.o [4]
_EncodingSb_Wctomb      0x00bb49   0x19  Code  Gb  xencoding_sb.o [4]
_GenldLarge             0x009e78  0x3b9  Code  Lc  xprintflarge.o [4]
_LdtobLarge             0x00a231  0x2a3  Code  Lc  xprintflarge.o [4]
_LitobLarge             0x00a8ce  0x17f  Code  Lc  xprintflarge.o [4]
_LocaleEncoding         0x00bcaf    0xe  Code  Gb  setlocale.o [4]
_Locale_Profile         0x0000e1    0xe  Data  Gb  setlocale.o [4]
_Locale_lconv           0x000010   0x2e  Data  Gb  localeconv.o [4]
_Mbtowc                 0x00b822   0x29  Code  Gb  xmbtowc.o [4]
_PrintfLarge            0x0094d1  0x57e  Code  Gb  xprintflarge.o [4]
_Prout                  0x00badf   0x1d  Code  Gb  xprout.o [4]
_PutcharLarge           0x00b5c9   0x39  Code  Lc  xprintflarge.o [4]
_PutcharsLarge          0x00b66e   0x35  Code  Lc  xprintflarge.o [4]
_PutstrLarge            0x00a4d4  0x247  Code  Lc  xprintflarge.o [4]
_SProut                 0x00bca1    0xe  Code  Gb  xsprout.o [4]
_Wctomb                 0x00b9bf   0x22  Code  Gb  xwctomb.o [4]
__DebugBreak            0x00be70    0x1  Code  Gb  __dbg_break.o [3]
__exit                  0x00bc07   0x16  Code  Gb  __dbg_xxexit.o [3]
__iar_Dunscale          0x00b3e2         Code  Gb  float_libsup.o [4]
__iar_Mbcurmax          0x00be20    0x7  Code  Gb  xmbcurmax.o [4]
__iar_Memchr            0x00bc1d   0x15  Code  Gb  memchr.o [4]
__iar_Stdout            0x00003e   0x28  Data  Gb  xfiles.o [4]
__iar_Strchr            0x00bc32   0x15  Code  Gb  strchr.o [4]
__iar_Tls_setup__Locale_Profile
                        0x000100    0x3  Data  Gb  setlocale.o [4]
__iar_Tls_setup__Locale_lconv
                        0x0000fd    0x3  Data  Gb  localeconv.o [4]
__iar_copy_init2        0x00b873         Code  Gb  init_small.o [4]
__iar_data_init2        0x00ba86   0x1e  Code  Gb  init.o [4]
__iar_program_start     0x00bbda         Code  Gb  cstartup.o [4]
__iar_unhandled_exception
                        0x00be59         Code  Gb  unhandled_exception.o [4]
__iar_zero_init2        0x00baa4         Code  Gb  init_small.o [4]
__intvec                0x008000         Data  Gb  interrupt.o [4]
__low_level_init        0x00be56    0x3  Code  Gb  low_level_init.o [4]
__near_Aldata           0x0000f9    0x4  Data  Gb  xxmemxmalloc.o [4]
__near_GetMemChunk      0x00b9e1   0x22  Code  Gb  xgetmemchunk.o [4]
__near_findmem          0x00b1f7   0x70  Code  Lc  xxmemxmalloc.o [4]
_exit                   0x00be27         Code  Gb  cexit.o [4]
_interrupt_1            0x00be5c         Code  Gb  stm8s_it.o [1]
_interrupt_10           0x00be42         Code  Wk  interrupt.o [4]
_interrupt_11           0x00be42         Code  Wk  interrupt.o [4]
_interrupt_12           0x00be65         Code  Gb  stm8s_it.o [1]
_interrupt_13           0x00be66         Code  Gb  stm8s_it.o [1]
_interrupt_14           0x00be67         Code  Gb  stm8s_it.o [1]
_interrupt_15           0x00b554         Code  Gb  stm8s_it.o [1]
_interrupt_16           0x00be68         Code  Gb  stm8s_it.o [1]
_interrupt_17           0x00be69         Code  Gb  stm8s_it.o [1]
_interrupt_18           0x00be6a         Code  Gb  stm8s_it.o [1]
_interrupt_19           0x00be42         Code  Wk  interrupt.o [4]
_interrupt_2            0x00be5d         Code  Gb  stm8s_it.o [1]
_interrupt_20           0x00be42         Code  Wk  interrupt.o [4]
_interrupt_21           0x00be6b         Code  Gb  stm8s_it.o [1]
_interrupt_22           0x00be6c         Code  Gb  stm8s_it.o [1]
_interrupt_23           0x00b930         Code  Gb  stm8s_it.o [1]
_interrupt_24           0x00be6d         Code  Gb  stm8s_it.o [1]
_interrupt_25           0x00be6e         Code  Gb  stm8s_it.o [1]
_interrupt_26           0x00be6f         Code  Gb  stm8s_it.o [1]
_interrupt_27           0x00be42         Code  Wk  interrupt.o [4]
_interrupt_28           0x00be42         Code  Wk  interrupt.o [4]
_interrupt_29           0x00be42         Code  Wk  interrupt.o [4]
_interrupt_3            0x00be5e         Code  Gb  stm8s_it.o [1]
_interrupt_30           0x00be42         Code  Wk  interrupt.o [4]
_interrupt_31           0x00be42         Code  Wk  interrupt.o [4]
_interrupt_4            0x00be5f         Code  Gb  stm8s_it.o [1]
_interrupt_5            0x00be60         Code  Gb  stm8s_it.o [1]
_interrupt_6            0x00be61         Code  Gb  stm8s_it.o [1]
_interrupt_7            0x00be62         Code  Gb  stm8s_it.o [1]
_interrupt_8            0x00be63         Code  Gb  stm8s_it.o [1]
_interrupt_9            0x00be64         Code  Gb  stm8s_it.o [1]
adj                     0x00866e   0x4d  Code  Gb  main.o [1]
assert_failed           0x00891d    0x2  Code  Gb  main.o [1]
bcd2hex                 0x0090d9   0x17  Code  Gb  main.o [1]
change                  0x000123    0x1  Data  Gb  main.o [1]
convert_tobcd           0x008e3f   0x17  Code  Gb  main.o [1]
count                   0x000116    0x1  Data  Gb  main.o [1]
daily_hour_off          0x00011e    0x1  Data  Gb  main.o [1]
daily_hour_on           0x00011c    0x1  Data  Gb  main.o [1]
daily_long_on           0x000107    0x2  Data  Gb  main.o [1]
daily_minute_off        0x00011f    0x1  Data  Gb  main.o [1]
daily_minute_on         0x00011d    0x1  Data  Gb  main.o [1]
date                    0x000067    0x1  Data  Gb  main.o [1]
days                    0x000066    0x1  Data  Gb  main.o [1]
div                     0x00b70b   0x34  Code  Gb  div.o [4]
error                   0x00011b    0x1  Data  Gb  main.o [1]
exit                    0x00be46    0x4  Code  Gb  exit.o [4]
fputc                   0x0089f9   0x12  Code  Gb  main.o [1]
free                    0x00ad24   0xe6  Code  Gb  xxmemxfree.o [4]
hours                   0x000119    0x1  Data  Gb  main.o [1]
key_minus_on            0x00b8e6   0x25  Code  Gb  main.o [1]
key_ok_on               0x00b7f9   0x29  Code  Gb  main.o [1]
key_plus_on             0x00b8c1   0x25  Code  Gb  main.o [1]
line1                   0x0000b9   0x28  Data  Gb  main.o [1]
line_lcd                0x000115    0x1  Data  Gb  main.o [1]
localeconv              0x00bb30   0x19  Code  Gb  localeconv.o [4]
main                    0x009281  0x210  Code  Gb  main.o [1]
malloc                  0x00b039   0x9a  Code  Gb  xxmemxmalloc.o [4]
memcpy                  0x00b89b   0x26  Code  Gb  memcpy.o [4]
minutes                 0x000118    0x1  Data  Gb  main.o [1]
mounts                  0x000068    0x1  Data  Gb  main.o [1]
obuf                    0x000069   0x50  Data  Lc  xfiles.o [4]
pad                     0x00b638   0x36  Code  Lc  xprintflarge.o [4]
printf                  0x00b84b   0x28  Code  Gb  printf.o [4]
putchar                 0x00bdfc    0x8  Code  Gb  putchar.o [4]
result1                 0x000120    0x1  Data  Gb  main.o [1]
result2                 0x000121    0x1  Data  Gb  main.o [1]
result_old              0x000122    0x1  Data  Gb  main.o [1]
rx_data                 0x000114    0x1  Data  Gb  main.o [1]
scale                   0x00b434   0x51  Code  Lc  xprintflarge.o [4]
seconds                 0x000117    0x1  Data  Gb  main.o [1]
sprintf                 0x00b4d0   0x45  Code  Gb  sprintf.o [4]
status                  0x00010f    0x2  Data  Gb  main.o [1]
status_check            0x00010d    0x2  Data  Gb  main.o [1]
string1                 0x0000ef    0xa  Data  Gb  main.o [1]
strlen                  0x00bc7f   0x12  Code  Gb  strlen.o [4]
temperature             0x008ba4   0x3f  Code  Gb  main.o [1]
time_off                0x00010b    0x2  Data  Gb  main.o [1]
time_on                 0x000109    0x2  Data  Gb  main.o [1]
timeout                 0x000113    0x1  Data  Gb  main.o [1]
timer1                  0x000103    0x2  Data  Gb  main.o [1]
timer2                  0x000105    0x2  Data  Gb  main.o [1]
years                   0x00011a    0x1  Data  Gb  main.o [1]


[1] = C:\Documents and Settings\Administrator\Desktop\stm8s105k-controller\Project\STM8S_StdPeriph_Template\EWSTM8\STM8S105\Obj
[2] = command line
[3] = dbgstm8mmd.a
[4] = dlstm8mmf.a

  14 605 bytes of readonly  code memory
   1 380 bytes of readonly  data memory
   1 316 bytes of readwrite data memory

Errors: none
Warnings: none
