###############################################################################
#                                                                             #
# IAR ELF Linker V1.30.1.50036 for STM8                 27/Dec/2013  09:13:08 #
# Copyright 2010-2011 IAR Systems AB.                                         #
#                                                                             #
#    Output file  =  C:\Documents and Settings\Administrator\Desktop\stm8s105 #
#                    k-controller\Project\STM8S_StdPeriph_Template\EWSTM8\STM #
#                    8S105\Exe\Project.out                                    #
#    Map file     =  C:\Documents and Settings\Administrator\Desktop\stm8s105 #
#                    k-controller\Project\STM8S_StdPeriph_Template\EWSTM8\STM #
#                    8S105\List\Project.map                                   #
#    Command line =  "C:\Documents and Settings\Administrator\Desktop\stm8s10 #
#                    5k-controller\Project\STM8S_StdPeriph_Template\EWSTM8\ST #
#                    M8S105\Obj\main.o" "C:\Documents and                     #
#                    Settings\Administrator\Desktop\stm8s105k-controller\Proj #
#                    ect\STM8S_StdPeriph_Template\EWSTM8\STM8S105\Obj\stm8s_a #
#                    dc1.o" "C:\Documents and Settings\Administrator\Desktop\ #
#                    stm8s105k-controller\Project\STM8S_StdPeriph_Template\EW #
#                    STM8\STM8S105\Obj\stm8s_awu.o" "C:\Documents and         #
#                    Settings\Administrator\Desktop\stm8s105k-controller\Proj #
#                    ect\STM8S_StdPeriph_Template\EWSTM8\STM8S105\Obj\stm8s_b #
#                    eep.o" "C:\Documents and Settings\Administrator\Desktop\ #
#                    stm8s105k-controller\Project\STM8S_StdPeriph_Template\EW #
#                    STM8\STM8S105\Obj\stm8s_clk.o" "C:\Documents and         #
#                    Settings\Administrator\Desktop\stm8s105k-controller\Proj #
#                    ect\STM8S_StdPeriph_Template\EWSTM8\STM8S105\Obj\stm8s_e #
#                    xti.o" "C:\Documents and Settings\Administrator\Desktop\ #
#                    stm8s105k-controller\Project\STM8S_StdPeriph_Template\EW #
#                    STM8\STM8S105\Obj\stm8s_flash.o" "C:\Documents and       #
#                    Settings\Administrator\Desktop\stm8s105k-controller\Proj #
#                    ect\STM8S_StdPeriph_Template\EWSTM8\STM8S105\Obj\stm8s_g #
#                    pio.o" "C:\Documents and Settings\Administrator\Desktop\ #
#                    stm8s105k-controller\Project\STM8S_StdPeriph_Template\EW #
#                    STM8\STM8S105\Obj\stm8s_i2c.o" "C:\Documents and         #
#                    Settings\Administrator\Desktop\stm8s105k-controller\Proj #
#                    ect\STM8S_StdPeriph_Template\EWSTM8\STM8S105\Obj\stm8s_i #
#                    t.o" "C:\Documents and Settings\Administrator\Desktop\st #
#                    m8s105k-controller\Project\STM8S_StdPeriph_Template\EWST #
#                    M8\STM8S105\Obj\stm8s_itc.o" "C:\Documents and           #
#                    Settings\Administrator\Desktop\stm8s105k-controller\Proj #
#                    ect\STM8S_StdPeriph_Template\EWSTM8\STM8S105\Obj\stm8s_i #
#                    wdg.o" "C:\Documents and Settings\Administrator\Desktop\ #
#                    stm8s105k-controller\Project\STM8S_StdPeriph_Template\EW #
#                    STM8\STM8S105\Obj\stm8s_rst.o" "C:\Documents and         #
#                    Settings\Administrator\Desktop\stm8s105k-controller\Proj #
#                    ect\STM8S_StdPeriph_Template\EWSTM8\STM8S105\Obj\stm8s_s #
#                    pi.o" "C:\Documents and Settings\Administrator\Desktop\s #
#                    tm8s105k-controller\Project\STM8S_StdPeriph_Template\EWS #
#                    TM8\STM8S105\Obj\stm8s_tim1.o" "C:\Documents and         #
#                    Settings\Administrator\Desktop\stm8s105k-controller\Proj #
#                    ect\STM8S_StdPeriph_Template\EWSTM8\STM8S105\Obj\stm8s_t #
#                    im2.o" "C:\Documents and Settings\Administrator\Desktop\ #
#                    stm8s105k-controller\Project\STM8S_StdPeriph_Template\EW #
#                    STM8\STM8S105\Obj\stm8s_tim3.o" "C:\Documents and        #
#                    Settings\Administrator\Desktop\stm8s105k-controller\Proj #
#                    ect\STM8S_StdPeriph_Template\EWSTM8\STM8S105\Obj\stm8s_t #
#                    im4.o" "C:\Documents and Settings\Administrator\Desktop\ #
#                    stm8s105k-controller\Project\STM8S_StdPeriph_Template\EW #
#                    STM8\STM8S105\Obj\stm8s_uart2.o" "C:\Documents and       #
#                    Settings\Administrator\Desktop\stm8s105k-controller\Proj #
#                    ect\STM8S_StdPeriph_Template\EWSTM8\STM8S105\Obj\stm8s_w #
#                    wdg.o" --redirect _Printf=_PrintfSmall --redirect        #
#                    _Scanf=_ScanfSmall -o "C:\Documents and                  #
#                    Settings\Administrator\Desktop\stm8s105k-controller\Proj #
#                    ect\STM8S_StdPeriph_Template\EWSTM8\STM8S105\Exe\Project #
#                    .out" --map "C:\Documents and                            #
#                    Settings\Administrator\Desktop\stm8s105k-controller\Proj #
#                    ect\STM8S_StdPeriph_Template\EWSTM8\STM8S105\List\Projec #
#                    t.map" --config "C:\Program Files\IAR Systems\Embedded   #
#                    Workbench 6.0\stm8\config\lnkstm8s105k6.icf"             #
#                    --config_def _CSTACK_SIZE=0x200 --config_def             #
#                    _HEAP_SIZE=0x200 --entry __iar_program_start --debug_lib #
#                                                                             #
#                                                                             #
###############################################################################

*******************************************************************************
*** RUNTIME MODEL ATTRIBUTES
***

__Heap_Handler             = Basic
__SystemLibrary            = DLib
__code_model               = medium_or_large
__core                     = stm8
__data_model               = medium
__dlib_file_descriptor     = 1
__dlib_full_locale_support = 1
__rt_version               = 4


*******************************************************************************
*** PLACEMENT SUMMARY
***

"A1":  place at start of [0x000000-0x0000ff] { rw section .vregs };
"A2":  place at end of [0x000000-0x0007ff] { block CSTACK };
"P2":  place in [from 0x000000 to 0x0007ff] {
          block HEAP, rw section .far.bss, rw section .far.data,
          rw section .far.noinit, rw section .far_func.textrw,
          rw section .huge.bss, rw section .huge.data, rw section .huge.noinit,
          rw section .huge_func.textrw, rw section .iar.dynexit,
          rw section .near.bss, rw section .near.data, rw section .near.noinit,
          rw section .near_func.textrw };
"A3":  place at start of [0x008000-0x00ffff] { block INTVEC };
"P3":  place in [from 0x008000 to 0x00ffff] {
          ro section .far.data_init, ro section .far_func.textrw_init,
          ro section .huge.data_init, ro section .huge_func.textrw_init,
          ro section .iar.init_table, ro section .init_array,
          ro section .near.data_init, ro section .near.rodata,
          ro section .near_func.text, ro section .near_func.textrw_init,
          ro section .tiny.data_init, ro section .tiny.rodata_init };
"P4":  place in [from 0x008000 to 0x00ffff] {
          ro section .far.rodata, ro section .far_func.text };

  Section            Kind      Address    Size  Object
  -------            ----      -------    ----  ------
"A1":                                     0x10
  .vregs             uninit   0x000000    0x10  vregs.o [4]
                            - 0x000010    0x10

"P2", part 1 of 3:                        0x54
  P2 s0                       0x000010    0x54  <Init block>
    .near.data       inited   0x000010    0x28  xfiles.o [4]
    .near.data       inited   0x000038    0x16  main.o [1]
    .near.data       inited   0x00004e     0xa  main.o [1]
    .near.data       inited   0x000058     0x3  xisdst.o [4]
    .near.data       inited   0x00005b     0x2  cppinit.o [4]
    .near.data       inited   0x00005d     0x2  setlocale.o [4]
    .near.data       inited   0x00005f     0x2  setlocale.o [4]
    .near.data       inited   0x000061     0x1  main.o [1]
    .near.data       inited   0x000062     0x1  main.o [1]
    .near.data       inited   0x000063     0x1  main.o [1]
                            - 0x000064    0x54

"P2", part 2 of 3:                       0x115
  .near.bss          zero     0x000064    0x50  xfiles.o [4]
  .near.bss          zero     0x0000b4    0x28  main.o [1]
  .near.bss          zero     0x0000dc    0x16  main.o [1]
  .near.bss          zero     0x0000f2    0x16  xttotm.o [4]
  .near.bss          zero     0x000108     0xe  setlocale.o [4]
  .near.bss          zero     0x000116     0xa  main.o [1]
  .near.bss          zero     0x000120     0xa  main.o [1]
  .near.bss          zero     0x00012a     0x4  localtim.o [4]
  .near.bss          zero     0x00012e     0x4  xxmemxmalloc.o [4]
  .near.bss          zero     0x000132     0x3  localtim.o [4]
  .near.bss          zero     0x000135     0x3  localtim.o [4]
  .near.bss          zero     0x000138     0x3  xttotm.o [4]
  .near.bss          zero     0x00013b     0x3  setlocale.o [4]
  .near.bss          zero     0x00013e     0x3  setlocale.o [4]
  .near.bss          zero     0x000141     0x3  setlocale.o [4]
  .near.bss          zero     0x000144     0x3  xisdst.o [4]
  .near.bss          zero     0x000147     0x2  main.o [1]
  .near.bss          zero     0x000149     0x2  main.o [1]
  .near.bss          zero     0x00014b     0x2  main.o [1]
  .near.bss          zero     0x00014d     0x2  main.o [1]
  .near.bss          zero     0x00014f     0x2  main.o [1]
  .near.bss          zero     0x000151     0x2  main.o [1]
  .near.bss          zero     0x000153     0x2  main.o [1]
  .near.bss          zero     0x000155     0x2  localtim.o [4]
  .near.bss          zero     0x000157     0x2  xisdst.o [4]
  .near.bss          zero     0x000159     0x2  xisdst.o [4]
  .near.bss          zero     0x00015b     0x2  errno.o [4]
  .near.bss          zero     0x00015d     0x2  xgetmemchunk.o [4]
  .near.bss          zero     0x00015f     0x1  main.o [1]
  .near.bss          zero     0x000160     0x1  main.o [1]
  .near.bss          zero     0x000161     0x1  main.o [1]
  .near.bss          zero     0x000162     0x1  main.o [1]
  .near.bss          zero     0x000163     0x1  main.o [1]
  .near.bss          zero     0x000164     0x1  main.o [1]
  .near.bss          zero     0x000165     0x1  main.o [1]
  .near.bss          zero     0x000166     0x1  main.o [1]
  .near.bss          zero     0x000167     0x1  main.o [1]
  .near.bss          zero     0x000168     0x1  main.o [1]
  .near.bss          zero     0x000169     0x1  main.o [1]
  .near.bss          zero     0x00016a     0x1  main.o [1]
  .near.bss          zero     0x00016b     0x1  main.o [1]
  .near.bss          zero     0x00016c     0x1  main.o [1]
  .near.bss          zero     0x00016d     0x1  main.o [1]
  .near.bss          zero     0x00016e     0x1  main.o [1]
  .near.bss          zero     0x00016f     0x1  main.o [1]
  .near.bss          zero     0x000170     0x1  main.o [1]
  .near.bss          zero     0x000171     0x1  main.o [1]
  .near.bss          zero     0x000172     0x1  main.o [1]
  .near.bss          zero     0x000173     0x1  main.o [1]
  .near.bss          zero     0x000174     0x1  main.o [1]
  .near.bss          zero     0x000175     0x1  main.o [1]
  .near.bss          zero     0x000176     0x1  main.o [1]
  .near.bss          zero     0x000177     0x1  stm8s_it.o [1]
  .near.bss          zero     0x000178     0x1  xisdst.o [4]
                            - 0x000179   0x115

"P2", part 3 of 3:                       0x2e7
  HEAP                        0x000179   0x200  <Block>
    HEAP             uninit   0x000179   0x200  <Block tail>
  .iar.dynexit                0x000379    0xe7  <Block>
    .iar.dynexit     uninit   0x000379     0x7  cppinit.o [4]
    .iar.dynexit     uninit   0x000380    0xe0  <Block tail>
                            - 0x000460   0x2e7

"A2":                                    0x200
  CSTACK                      0x000600   0x200  <Block>
    CSTACK           uninit   0x000600   0x200  <Block tail>
                            - 0x000800   0x200

"A3":                                     0x80
  INTVEC                      0x008000    0x80  <Block>
    .intvec          const    0x008000    0x80  interrupt.o [4]
                            - 0x008080    0x80

"P3":                                    0x649
  .near.rodata       const    0x008080    0x78  stm8s_flash.o [1]
  .near.rodata       const    0x0080f8    0x78  stm8s_uart2.o [1]
  .near.rodata       const    0x008170    0x77  stm8s_beep.o [1]
  .near.rodata       const    0x0081e7    0x77  stm8s_gpio.o [1]
  .near.rodata       const    0x00825e    0x77  stm8s_tim2.o [1]
  .near.rodata       const    0x0082d5    0x77  stm8s_tim3.o [1]
  .near.rodata       const    0x00834c    0x76  stm8s_clk.o [1]
  .near.rodata       const    0x0083c2    0x76  stm8s_i2c.o [1]
  .near.rodata       const    0x008438    0x25  xstoul.o [4]
  .near.rodata       const    0x00845d    0x25  xstoul.o [4]
  .near.rodata       const    0x008482     0xe  main.o [1]
  .iar.init_table    const    0x008490    0x14  - Linker created -
  .near.rodata       const    0x0084a4    0x18  xttotm.o [4]
  .near.rodata       const    0x0084bc    0x18  xttotm.o [4]
  .near.rodata       const    0x0084d4    0x10  main.o [1]
  .near.rodata       const    0x0084e4     0xe  main.o [1]
  .near.rodata       const    0x0084f2     0xe  main.o [1]
  .near.rodata       const    0x008500     0xe  main.o [1]
  .near.rodata       const    0x00850e     0xb  main.o [1]
  .near.rodata       const    0x008519     0xa  main.o [1]
  .near.rodata       const    0x008523     0xa  main.o [1]
  .near.rodata       const    0x00852d     0xa  main.o [1]
  .near.rodata       const    0x008537     0xa  main.o [1]
  .near.rodata       const    0x008541     0xa  main.o [1]
  .near.rodata       const    0x00854b     0xa  main.o [1]
  .near.rodata       const    0x008555     0xa  main.o [1]
  .near.rodata       const    0x00855f     0xa  main.o [1]
  .near.rodata       const    0x008569     0x9  main.o [1]
  .near.rodata       const    0x008572     0x9  main.o [1]
  .near.rodata       const    0x00857b     0x9  main.o [1]
  .near.rodata       const    0x008584     0x9  main.o [1]
  .near.rodata       const    0x00858d     0x9  main.o [1]
  .near.rodata       const    0x008596     0x8  main.o [1]
  .near.rodata       const    0x00859e     0x8  main.o [1]
  .near.rodata       const    0x0085a6     0x8  main.o [1]
  .near.rodata       const    0x0085ae     0x8  main.o [1]
  .near.rodata       const    0x0085b6     0x8  main.o [1]
  .near.rodata       const    0x0085be     0x8  xprintfsmall.o [4]
  .near.rodata       const    0x0085c6     0x8  xprintfsmall.o [4]
  .near.rodata       const    0x0085ce     0x8  xencoding_sb.o [4]
  .near.rodata       const    0x0085d6     0x8  xencoding_sb.o [4]
  .near.rodata       const    0x0085de     0x7  main.o [1]
  .near.rodata       const    0x0085e5     0x7  main.o [1]
  .near.rodata       const    0x0085ec     0x7  main.o [1]
  .near.rodata       const    0x0085f3     0x7  main.o [1]
  .near.rodata       const    0x0085fa     0x7  main.o [1]
  .near.rodata       const    0x008601     0x7  main.o [1]
  .near.rodata       const    0x008608     0x7  main.o [1]
  .near.rodata       const    0x00860f     0x7  main.o [1]
  .near.rodata       const    0x008616     0x7  main.o [1]
  .near.rodata       const    0x00861d     0x7  main.o [1]
  .near.rodata       const    0x008624     0x7  main.o [1]
  .near.rodata       const    0x00862b     0x7  main.o [1]
  .near.rodata       const    0x008632     0x7  xprintfsmall.o [4]
  .near.rodata       const    0x008639     0x6  main.o [1]
  .near.rodata       const    0x00863f     0x6  main.o [1]
  .near.rodata       const    0x008645     0x6  main.o [1]
  .near.rodata       const    0x00864b     0x6  main.o [1]
  .near.rodata       const    0x008651     0x5  main.o [1]
  .near.rodata       const    0x008656     0x5  main.o [1]
  .near.rodata       const    0x00865b     0x5  main.o [1]
  .near.rodata       const    0x008660     0x5  main.o [1]
  .near.rodata       const    0x008665     0x5  main.o [1]
  .near.rodata       const    0x00866a     0x4  main.o [1]
  .near.rodata       const    0x00866e     0x4  main.o [1]
  .near.rodata       const    0x008672     0x2  getzone.o [4]
  .near.rodata       const    0x008674     0x1  setlocale.o [4]
  Initializer bytes  ro data  0x008675    0x54  <for P2 s0>
                            - 0x0086c9   0x649

"P4":                                   0x4325
  .far_func.text     ro code  0x0086c9  0x1564  main.o [1]
  .far_func.text     ro code  0x009c2d   0x4aa  xprintfsmall.o [4]
  .far_func.text     ro code  0x00a0d7   0x212  long.o [4]
  .far_func.text     ro code  0x00a2e9   0x1e8  xisdst.o [4]
  .far_func.text     ro code  0x00a4d1   0x1e7  xprintfsmall.o [4]
  .far_func.text     ro code  0x00a6b8   0x1dc  mktime.o [4]
  .far_func.text     ro code  0x00a894   0x1d8  xstoul.o [4]
  .far_func.text     ro code  0x00aa6c   0x197  xttotm.o [4]
  .far_func.text     ro code  0x00ac03   0x17f  xprintfsmall.o [4]
  .far_func.text     ro code  0x00ad82   0x17a  vreg_util.o [4]
  .far_func.text     ro code  0x00aefc   0x16d  stm8s_i2c.o [1]
  .far_func.text     ro code  0x00b069   0x163  xgetdst.o [4]
  .far_func.text     ro code  0x00b1cc   0x147  main.o [1]
  .far_func.text     ro code  0x00b313    0xee  localtim.o [4]
  .far_func.text     ro code  0x00b401    0xe6  xxmemxfree.o [4]
  .far_func.text     ro code  0x00b4e7    0xda  main.o [1]
  .far_func.text     ro code  0x00b5c1    0xd5  stm8s_clk.o [1]
  .far_func.text     ro code  0x00b696    0xce  xstol.o [4]
  .far_func.text     ro code  0x00b764    0xb4  stm8s_gpio.o [1]
  .far_func.text     ro code  0x00b818    0xa6  stm8s_i2c.o [1]
  .far_func.text     ro code  0x00b8be    0x9a  xxmemxmalloc.o [4]
  .far_func.text     ro code  0x00b958    0x93  stm8s_i2c.o [1]
  .far_func.text     ro code  0x00b9eb    0x91  stm8s_clk.o [1]
  .far_func.text     ro code  0x00ba7c    0x91  stm8s_it.o [1]
  .far_func.text     ro code  0x00bb0d    0x7c  long_util.o [4]
  .far_func.text     ro code  0x00bb89    0x79  stm8s_it.o [1]
  .far_func.text     ro code  0x00bc02    0x70  xxmemxmalloc.o [4]
  .far_func.text     ro code  0x00bc72    0x6e  xgettime.o [4]
  .far_func.text     ro code  0x00bce0    0x68  cppinit.o [4]
  .far_func.text     ro code  0x00bd48    0x60  stm8s_tim2.o [1]
  .far_func.text     ro code  0x00bda8    0x60  stm8s_tim3.o [1]
  .far_func.text     ro code  0x00be08    0x5e  stm8s_clk.o [1]
  .far_func.text     ro code  0x00be66    0x59  stm8s_tim2.o [1]
  .far_func.text     ro code  0x00bebf    0x53  xttotm.o [4]
  .far_func.text     ro code  0x00bf12    0x4f  short.o [4]
  .far_func.text     ro code  0x00bf61    0x47  xprintfsmall.o [4]
  .far_func.text     ro code  0x00bfa8    0x46  xgetdst.o [4]
  .far_func.text     ro code  0x00bfee    0x45  stm8s_tim3.o [1]
  .far_func.text     ro code  0x00c033    0x45  sprintf.o [4]
  .far_func.text     ro code  0x00c078    0x43  stm8s_beep.o [1]
  .far_func.text     ro code  0x00c0bb    0x43  cppinit.o [4]
  .far_func.text     ro code  0x00c0fe    0x42  far_util.o [4]
  .far_func.text     ro code  0x00c140    0x3a  stm8s_flash.o [1]
  .far_func.text     ro code  0x00c17a    0x39  xprintfsmall.o [4]
  .far_func.text     ro code  0x00c1b3    0x36  stm8s_clk.o [1]
  .far_func.text     ro code  0x00c1e9    0x35  xprintfsmall.o [4]
  .far_func.text     ro code  0x00c21e    0x35  xprintfsmall.o [4]
  .far_func.text     ro code  0x00c253    0x34  stm8s_i2c.o [1]
  .far_func.text     ro code  0x00c287    0x32  stm8s_i2c.o [1]
  .far_func.text     ro code  0x00c2b9    0x30  xencoding_sb.o [4]
  .far_func.text     ro code  0x00c2e9    0x2c  stm8s_flash.o [1]
  .far_func.text     ro code  0x00c315    0x2c  dc_util.o [4]
  .far_func.text     ro code  0x00c341    0x29  xmbtowc.o [4]
  .far_func.text     ro code  0x00c36a    0x28  printf.o [4]
  .far_func.text     ro code  0x00c392    0x28  init_small.o [4]
  .far_func.text     ro code  0x00c3ba    0x26  memcpy.o [4]
  .far_func.text     ro code  0x00c3e0    0x25  stm8s_i2c.o [1]
  .far_func.text     ro code  0x00c405    0x25  stm8s_it.o [1]
  .far_func.text     ro code  0x00c42a    0x25  stm8s_uart2.o [1]
  .far_func.text     ro code  0x00c44f    0x22  stm8s_flash.o [1]
  .far_func.text     ro code  0x00c471    0x22  xwctomb.o [4]
  .far_func.text     ro code  0x00c493    0x22  xgetmemchunk.o [4]
  .far_func.text     ro code  0x00c4b5    0x21  stm8s_flash.o [1]
  .far_func.text     ro code  0x00c4d6    0x20  stm8s_flash.o [1]
  .far_func.text     ro code  0x00c4f6    0x1e  init.o [4]
  .far_func.text     ro code  0x00c514    0x1e  init_small.o [4]
  .far_func.text     ro code  0x00c532    0x1d  stm8s_tim2.o [1]
  .far_func.text     ro code  0x00c54f    0x1d  stm8s_tim3.o [1]
  .far_func.text     ro code  0x00c56c    0x1d  xprout.o [4]
  .far_func.text     ro code  0x00c589    0x1c  xisdst.o [4]
  .far_func.text     ro code  0x00c5a5    0x1a  stm8s_flash.o [1]
  .far_func.text     ro code  0x00c5bf    0x1a  xprintfsmall.o [4]
  .far_func.text     ro code  0x00c5d9    0x1a  setlocale.o [4]
  .far_func.text     ro code  0x00c5f3    0x19  xlocale_c.o [4]
  .far_func.text     ro code  0x00c60c    0x19  xencoding_sb.o [4]
  .far_func.text     ro code  0x00c625    0x18  stm8s_flash.o [1]
  .far_func.text     ro code  0x00c63d    0x18  stm8s_i2c.o [1]
  .far_func.text     ro code  0x00c655    0x18  stm8s_i2c.o [1]
  .far_func.text     ro code  0x00c66d    0x18  stm8s_i2c.o [1]
  .far_func.text     ro code  0x00c685    0x17  cstartup.o [4]
  .far_func.text     ro code  0x00c69c    0x16  xprintfsmall.o [4]
  .far_func.text     ro code  0x00c6b2    0x16  __dbg_xxexit.o [3]
  .far_func.text     ro code  0x00c6c8    0x16  tolower.o [4]
  .far_func.text     ro code  0x00c6de    0x15  memchr.o [4]
  .far_func.text     ro code  0x00c6f3    0x15  strchr.o [4]
  .far_func.text     ro code  0x00c708    0x13  stm8s_flash.o [1]
  .far_func.text     ro code  0x00c71b    0x13  xprintfsmall.o [4]
  .far_func.text     ro code  0x00c72e    0x12  stm8s_i2c.o [1]
  .far_func.text     ro code  0x00c740    0x12  strlen.o [4]
  .far_func.text     ro code  0x00c752    0x10  main.o [1]
  .far_func.text     ro code  0x00c762    0x10  xprintfsmall.o [4]
  .far_func.text     ro code  0x00c772    0x10  xlocale_c.o [4]
  .far_func.text     ro code  0x00c782    0x10  isxxx.o [4]
  .far_func.text     ro code  0x00c792     0xf  main.o [1]
  .far_func.text     ro code  0x00c7a1     0xe  xsprout.o [4]
  .far_func.text     ro code  0x00c7af     0xe  setlocale.o [4]
  .far_func.text     ro code  0x00c7bd     0xd  stm8s_beep.o [1]
  .far_func.text     ro code  0x00c7ca     0xd  mktime.o [4]
  .far_func.text     ro code  0x00c7d7     0xd  move.o [4]
  .far_func.text     ro code  0x00c7e4     0xc  stm8s_beep.o [1]
  .far_func.text     ro code  0x00c7f0     0xc  stm8s_clk.o [1]
  .far_func.text     ro code  0x00c7fc     0xc  stm8s_flash.o [1]
  .far_func.text     ro code  0x00c808     0xc  stm8s_gpio.o [1]
  .far_func.text     ro code  0x00c814     0xc  stm8s_i2c.o [1]
  .far_func.text     ro code  0x00c820     0xc  stm8s_i2c.o [1]
  .far_func.text     ro code  0x00c82c     0xc  stm8s_tim2.o [1]
  .far_func.text     ro code  0x00c838     0xc  stm8s_tim3.o [1]
  .far_func.text     ro code  0x00c844     0xc  stm8s_uart2.o [1]
  .far_func.text     ro code  0x00c850     0xc  xttotm.o [4]
  .far_func.text     ro code  0x00c85c     0xc  xprintfsmall.o [4]
  .far_func.text     ro code  0x00c868     0xc  xprintfsmall.o [4]
  .far_func.text     ro code  0x00c874     0xc  xgetdst.o [4]
  .far_func.text     ro code  0x00c880     0xb  main.o [1]
  .far_func.text     ro code  0x00c88b     0xb  main.o [1]
  .far_func.text     ro code  0x00c896     0xb  stm8s_clk.o [1]
  .far_func.text     ro code  0x00c8a1     0xb  xprintfsmall.o [4]
  .far_func.text     ro code  0x00c8ac     0xb  setlocale.o [4]
  .far_func.text     ro code  0x00c8b7     0xb  isxxx.o [4]
  .far_func.text     ro code  0x00c8c2     0xa  stm8s_tim2.o [1]
  .far_func.text     ro code  0x00c8cc     0xa  stm8s_tim3.o [1]
  .far_func.text     ro code  0x00c8d6     0xa  localtim.o [4]
  .far_func.text     ro code  0x00c8e0     0xa  xprintfsmall.o [4]
  .far_func.text     ro code  0x00c8ea     0xa  far.o [4]
  .far_func.text     ro code  0x00c8f4     0xa  cexit.o [4]
  .far_func.text     ro code  0x00c8fe     0xa  setlocale.o [4]
  .far_func.text     ro code  0x00c908     0xa  setlocale.o [4]
  .far_func.text     ro code  0x00c912     0xa  xisdst.o [4]
  .far_func.text     ro code  0x00c91c     0x9  main.o [1]
  .far_func.text     ro code  0x00c925     0x9  mktime.o [4]
  .far_func.text     ro code  0x00c92e     0x9  mktime.o [4]
  .far_func.text     ro code  0x00c937     0x9  xprintfsmall.o [4]
  .far_func.text     ro code  0x00c940     0x9  xprintfsmall.o [4]
  .far_func.text     ro code  0x00c949     0x9  setlocale.o [4]
  .far_func.text     ro code  0x00c952     0x9  xgetdst.o [4]
  .far_func.text     ro code  0x00c95b     0x8  localtim.o [4]
  .far_func.text     ro code  0x00c963     0x8  xprintfsmall.o [4]
  .far_func.text     ro code  0x00c96b     0x8  xisdst.o [4]
  .far_func.text     ro code  0x00c973     0x8  xxmemxmalloc.o [4]
  .far_func.text     ro code  0x00c97b     0x8  putchar.o [4]
  .far_func.text     ro code  0x00c983     0x7  main.o [1]
  .far_func.text     ro code  0x00c98a     0x7  xisdst.o [4]
  .far_func.text     ro code  0x00c991     0x7  xmbcurmax.o [4]
  .far_func.text     ro code  0x00c998     0x7  atexit.o [4]
  .far_func.text     ro code  0x00c99f     0x6  xprintfsmall.o [4]
  .far_func.text     ro code  0x00c9a5     0x5  stm8s_beep.o [1]
  .far_func.text     ro code  0x00c9aa     0x4  stm8s_gpio.o [1]
  .far_func.text     ro code  0x00c9ae     0x4  stm8s_i2c.o [1]
  .far_func.text     ro code  0x00c9b2     0x4  stm8s_i2c.o [1]
  .far_func.text     ro code  0x00c9b6     0x4  stm8s_uart2.o [1]
  .far_func.text     ro code  0x00c9ba     0x4  interrupt.o [4]
  .far_func.text     ro code  0x00c9be     0x4  exit.o [4]
  .far_func.text     ro code  0x00c9c2     0x4  getzone.o [4]
  .far_func.text     ro code  0x00c9c6     0x3  stm8s_gpio.o [1]
  .far_func.text     ro code  0x00c9c9     0x3  stm8s_gpio.o [1]
  .far_func.text     ro code  0x00c9cc     0x3  stm8s_gpio.o [1]
  .far_func.text     ro code  0x00c9cf     0x3  stm8s_gpio.o [1]
  .far_func.text     ro code  0x00c9d2     0x3  low_level_init.o [4]
  .far_func.text     ro code  0x00c9d5     0x3  unhandled_exception.o [4]
  .far_func.text     ro code  0x00c9d8     0x2  main.o [1]
  .far_func.text     ro code  0x00c9da     0x1  stm8s_it.o [1]
  .far_func.text     ro code  0x00c9db     0x1  stm8s_it.o [1]
  .far_func.text     ro code  0x00c9dc     0x1  stm8s_it.o [1]
  .far_func.text     ro code  0x00c9dd     0x1  stm8s_it.o [1]
  .far_func.text     ro code  0x00c9de     0x1  stm8s_it.o [1]
  .far_func.text     ro code  0x00c9df     0x1  stm8s_it.o [1]
  .far_func.text     ro code  0x00c9e0     0x1  stm8s_it.o [1]
  .far_func.text     ro code  0x00c9e1     0x1  stm8s_it.o [1]
  .far_func.text     ro code  0x00c9e2     0x1  stm8s_it.o [1]
  .far_func.text     ro code  0x00c9e3     0x1  stm8s_it.o [1]
  .far_func.text     ro code  0x00c9e4     0x1  stm8s_it.o [1]
  .far_func.text     ro code  0x00c9e5     0x1  stm8s_it.o [1]
  .far_func.text     ro code  0x00c9e6     0x1  stm8s_it.o [1]
  .far_func.text     ro code  0x00c9e7     0x1  stm8s_it.o [1]
  .far_func.text     ro code  0x00c9e8     0x1  stm8s_it.o [1]
  .far_func.text     ro code  0x00c9e9     0x1  stm8s_it.o [1]
  .far_func.text     ro code  0x00c9ea     0x1  stm8s_it.o [1]
  .far_func.text     ro code  0x00c9eb     0x1  stm8s_it.o [1]
  .far_func.text     ro code  0x00c9ec     0x1  stm8s_it.o [1]
  .far_func.text     ro code  0x00c9ed     0x1  __dbg_break.o [3]
                            - 0x00c9ee  0x4325


*******************************************************************************
*** INIT TABLE
***

          Address   Size
          -------   ----
Zero (__iar_zero_init2)
    1 destination range, total size 0x115:
          0x000064  0x115

Copy (__iar_copy_init2)
    1 source range, total size 0x54:
          0x008675   0x54
    1 destination range, total size 0x54:
          0x000010   0x54


*******************************************************************************
*** MODULE SUMMARY
***

    Module                 ro code  ro data  rw data
    ------                 -------  -------  -------
C:\Documents and Settings\Administrator\Desktop\stm8s105k-controller\Project\STM8S_StdPeriph_Template\EWSTM8\STM8S105\Obj: [1]
    main.o                   6 092      424      155
    stm8s_beep.o                97      119
    stm8s_clk.o                529      118
    stm8s_flash.o              282      120
    stm8s_gpio.o               208      119
    stm8s_i2c.o                939      118
    stm8s_it.o                 322                 1
    stm8s_tim2.o               236      119
    stm8s_tim3.o               216      119
    stm8s_uart2.o               53      120
    ------------------------------------------------
    Total:                   8 974    1 376      156

command line: [2]
    ------------------------------------------------
    Total:

dbgstm8mmd.a: [3]
    __dbg_break.o                1
    __dbg_xxexit.o              22
    ------------------------------------------------
    Total:                      23

dlstm8mmf.a: [4]
    atexit.o                     7
    cexit.o                     10
    cppinit.o                  171        2        9
    cstartup.o                  23
    dc_util.o                   44
    errno.o                                        2
    exit.o                       4
    far.o                       10
    far_util.o                  66
    getzone.o                    4        2
    init.o                      30
    init_small.o                70
    interrupt.o                  4      128
    isxxx.o                     27
    localtim.o                 256                12
    long.o                     530
    long_util.o                124
    low_level_init.o             3
    memchr.o                    21
    memcpy.o                    38
    mktime.o                   507
    move.o                      13
    printf.o                    40
    putchar.o                    8
    setlocale.o                 80        5       27
    short.o                     79
    sprintf.o                   69
    strchr.o                    21
    strlen.o                    18
    tolower.o                   22
    unhandled_exception.o        3
    vreg_util.o                378
    vregs.o                                       16
    xencoding_sb.o              73       16
    xfiles.o                             40      120
    xgetdst.o                  446
    xgetmemchunk.o              34                 2
    xgettime.o                 110
    xisdst.o                   541        3       11
    xlocale_c.o                 41
    xmbcurmax.o                  7
    xmbtowc.o                   41
    xprintfsmall.o           2 458       23
    xprout.o                    29
    xsprout.o                   14
    xstol.o                    206
    xstoul.o                   472       74
    xttotm.o                   502       48       25
    xwctomb.o                   34
    xxmemxfree.o               230
    xxmemxmalloc.o             274                 4
    ------------------------------------------------
    Total:                   8 192      341      228

    Linker created                       20    1 248
----------------------------------------------------
    Grand Total:            17 189    1 737    1 632


*******************************************************************************
*** ENTRY LIST
***

Entry                    Address   Size  Type      Object
-----                    -------   ----  ----      ------
.iar.dynexit$$Base      0x000379          --   Gb  - Linker created -
.iar.dynexit$$Limit     0x000460          --   Gb  - Linker created -
?add32_l0_l0_0x         0x00a0fd         Code  Gb  long.o [4]
?add32_l0_l0_l1         0x00a0fa         Code  Gb  long.o [4]
?and32_l0_l0_0x         0x00a2a8         Code  Gb  long.o [4]
?and32_l0_l0_l1         0x00a2a5         Code  Gb  long.o [4]
?b0                     0x000000         Data  Gb  vregs.o [4]
?b1                     0x000001         Data  Gb  vregs.o [4]
?b10                    0x00000a         Data  Gb  vregs.o [4]
?b11                    0x00000b         Data  Gb  vregs.o [4]
?b12                    0x00000c         Data  Gb  vregs.o [4]
?b13                    0x00000d         Data  Gb  vregs.o [4]
?b14                    0x00000e         Data  Gb  vregs.o [4]
?b15                    0x00000f         Data  Gb  vregs.o [4]
?b2                     0x000002         Data  Gb  vregs.o [4]
?b3                     0x000003         Data  Gb  vregs.o [4]
?b4                     0x000004         Data  Gb  vregs.o [4]
?b5                     0x000005         Data  Gb  vregs.o [4]
?b6                     0x000006         Data  Gb  vregs.o [4]
?b7                     0x000007         Data  Gb  vregs.o [4]
?b8                     0x000008         Data  Gb  vregs.o [4]
?b9                     0x000009         Data  Gb  vregs.o [4]
?dc32_l1                0x00c315         Code  Gb  dc_util.o [4]
?e0                     0x000001         Data  Gb  vregs.o [4]
?e1                     0x000005         Data  Gb  vregs.o [4]
?e2                     0x000009         Data  Gb  vregs.o [4]
?e3                     0x00000d         Data  Gb  vregs.o [4]
?epilogue_l2            0x00ae49         Code  Gb  vreg_util.o [4]
?epilogue_l2_l3         0x00ae45         Code  Gb  vreg_util.o [4]
?epilogue_l2_w6         0x00ae4e         Code  Gb  vreg_util.o [4]
?epilogue_w4            0x00ae57         Code  Gb  vreg_util.o [4]
?inc32_0x_0x            0x00a0ec         Code  Gb  long.o [4]
?inc32_l0_l0            0x00a0e7         Code  Gb  long.o [4]
?l0                     0x000000         Data  Gb  vregs.o [4]
?l1                     0x000004         Data  Gb  vregs.o [4]
?l2                     0x000008         Data  Gb  vregs.o [4]
?l3                     0x00000c         Data  Gb  vregs.o [4]
?load24_0x_e0           0x00c124         Code  Gb  far_util.o [4]
?load24_0x_e1           0x00c132         Code  Gb  far_util.o [4]
?load24_e0_0x           0x00c0fe         Code  Gb  far_util.o [4]
?load24_e1_0x           0x00c10c         Code  Gb  far_util.o [4]
?load24_xsp_e0          0x00c11a         Code  Gb  far_util.o [4]
?load32_0x_l0           0x00bb63         Code  Gb  long_util.o [4]
?load32_0x_l2           0x00bb7b         Code  Gb  long_util.o [4]
?load32_l0_0x           0x00bb27         Code  Gb  long_util.o [4]
?load32_l0_asp          0x00bb1b         Code  Gb  long_util.o [4]
?load32_l0_dbsp         0x00bb0d         Code  Gb  long_util.o [4]
?load32_l0_xsp          0x00bb1d         Code  Gb  long_util.o [4]
?load32_l1_0x           0x00bb4d         Code  Gb  long_util.o [4]
?load32_l1_asp          0x00bb41         Code  Gb  long_util.o [4]
?load32_l1_dbsp         0x00bb33         Code  Gb  long_util.o [4]
?load32_l1_xsp          0x00bb43         Code  Gb  long_util.o [4]
?load32_xsp_l0          0x00bb59         Code  Gb  long_util.o [4]
?load32_xsp_l2          0x00bb71         Code  Gb  long_util.o [4]
?mov_e0_e1              0x00ae97         Code  Gb  vreg_util.o [4]
?mov_e0_e2              0x00aea4         Code  Gb  vreg_util.o [4]
?mov_e0_e3              0x00aeb1         Code  Gb  vreg_util.o [4]
?mov_e1_e0              0x00aebe         Code  Gb  vreg_util.o [4]
?mov_e1_e2              0x00aecb         Code  Gb  vreg_util.o [4]
?mov_e2_e0              0x00aed8         Code  Gb  vreg_util.o [4]
?mov_e2_e1              0x00aee5         Code  Gb  vreg_util.o [4]
?mov_e3_e0              0x00aef2         Code  Gb  vreg_util.o [4]
?mov_l0_l1              0x00ae94         Code  Gb  vreg_util.o [4]
?mov_l0_l2              0x00aea1         Code  Gb  vreg_util.o [4]
?mov_l0_l3              0x00aeae         Code  Gb  vreg_util.o [4]
?mov_l1_l0              0x00aebb         Code  Gb  vreg_util.o [4]
?mov_l1_l2              0x00aec8         Code  Gb  vreg_util.o [4]
?mov_l2_l0              0x00aed5         Code  Gb  vreg_util.o [4]
?mov_l2_l1              0x00aee2         Code  Gb  vreg_util.o [4]
?mov_l3_l0              0x00aeef         Code  Gb  vreg_util.o [4]
?mov_w0_w4              0x00ae5c         Code  Gb  vreg_util.o [4]
?mov_w0_w5              0x00ae63         Code  Gb  vreg_util.o [4]
?mov_w1_w3              0x00ae9a         Code  Gb  vreg_util.o [4]
?mov_w1_w4              0x00ae6a         Code  Gb  vreg_util.o [4]
?mov_w1_w5              0x00aea7         Code  Gb  vreg_util.o [4]
?mov_w1_w7              0x00aeb4         Code  Gb  vreg_util.o [4]
?mov_w2_w0              0x00ae71         Code  Gb  vreg_util.o [4]
?mov_w2_w1              0x00ae78         Code  Gb  vreg_util.o [4]
?mov_w3_w1              0x00aec1         Code  Gb  vreg_util.o [4]
?mov_w3_w5              0x00aece         Code  Gb  vreg_util.o [4]
?mov_w4_w0              0x00ae7f         Code  Gb  vreg_util.o [4]
?mov_w4_w1              0x00ae86         Code  Gb  vreg_util.o [4]
?mov_w5_w0              0x00ae8d         Code  Gb  vreg_util.o [4]
?mov_w5_w1              0x00aedb         Code  Gb  vreg_util.o [4]
?mov_w5_w3              0x00aee8         Code  Gb  vreg_util.o [4]
?mov_w7_w1              0x00aef5         Code  Gb  vreg_util.o [4]
?move1616_v_x_y_a       0x00c7d7         Code  Gb  move.o [4]
?mul16_x_x_w0           0x00bf12         Code  Gb  short.o [4]
?mul32_l0_l0_0x         0x00a130         Code  Gb  long.o [4]
?mul32_l0_l0_l1         0x00a139         Code  Gb  long.o [4]
?neg32_l0_l0            0x00a0d7         Code  Gb  long.o [4]
?pop_l0                 0x00ae0d         Code  Gb  vreg_util.o [4]
?pop_l1                 0x00ae18         Code  Gb  vreg_util.o [4]
?pop_l2                 0x00ae23         Code  Gb  vreg_util.o [4]
?pop_l3                 0x00ae2e         Code  Gb  vreg_util.o [4]
?pop_w4                 0x00adb7         Code  Gb  vreg_util.o [4]
?pop_w6                 0x00adbe         Code  Gb  vreg_util.o [4]
?pop_w7                 0x00adc5         Code  Gb  vreg_util.o [4]
?push_l0                0x00add8         Code  Gb  vreg_util.o [4]
?push_l1                0x00addd         Code  Gb  vreg_util.o [4]
?push_l2                0x00ade2         Code  Gb  vreg_util.o [4]
?push_l3                0x00ade7         Code  Gb  vreg_util.o [4]
?push_w0                0x00ad82         Code  Gb  vreg_util.o [4]
?push_w1                0x00ad87         Code  Gb  vreg_util.o [4]
?push_w2                0x00ad8c         Code  Gb  vreg_util.o [4]
?push_w4                0x00ad91         Code  Gb  vreg_util.o [4]
?push_w6                0x00ad96         Code  Gb  vreg_util.o [4]
?push_w7                0x00ad9b         Code  Gb  vreg_util.o [4]
?scmp32_c_l0_l1         0x00a28e         Code  Gb  long.o [4]
?sdiv16_x_x_y           0x00bf30         Code  Gb  short.o [4]
?sdiv32_l0_l0_dl        0x00a234         Code  Gb  long.o [4]
?sdiv32_l0_l0_l1        0x00a238         Code  Gb  long.o [4]
?sext32_l0_a            0x00a2dc         Code  Gb  long.o [4]
?sext32_l0_x            0x00a2d1         Code  Gb  long.o [4]
?sll16_x_x_a            0x00bf59         Code  Gb  short.o [4]
?sll32_0x_0x_a          0x00a2c3         Code  Gb  long.o [4]
?sll32_l0_l0_a          0x00a2c0         Code  Gb  long.o [4]
?smod16_y_x_y           0x00bf49         Code  Gb  short.o [4]
?smod32_l1_l0_dl        0x00a22e         Code  Gb  long.o [4]
?smod32_l1_l0_l1        0x00a238         Code  Gb  long.o [4]
?sub32_l0_l0_0x         0x00a118         Code  Gb  long.o [4]
?sub32_l0_l0_l1         0x00a115         Code  Gb  long.o [4]
?ucmp24_c_0x_e0         0x00c8ea         Code  Gb  far.o [4]
?ucmp32_c_l0_l1         0x00a283         Code  Gb  long.o [4]
?udiv32_l0_l0_dl        0x00a1bd         Code  Gb  long.o [4]
?udiv32_l0_l0_l1        0x00a1c1         Code  Gb  long.o [4]
?umod32_l1_l0_dl        0x00a1b7         Code  Gb  long.o [4]
?umod32_l1_l0_l1        0x00a1c1         Code  Gb  long.o [4]
?w0                     0x000000         Data  Gb  vregs.o [4]
?w1                     0x000002         Data  Gb  vregs.o [4]
?w2                     0x000004         Data  Gb  vregs.o [4]
?w3                     0x000006         Data  Gb  vregs.o [4]
?w4                     0x000008         Data  Gb  vregs.o [4]
?w5                     0x00000a         Data  Gb  vregs.o [4]
?w6                     0x00000c         Data  Gb  vregs.o [4]
?w7                     0x00000e         Data  Gb  vregs.o [4]
ADC1_IRQHandler         0x00c9ea    0x1  Code  Gb  stm8s_it.o [1]
AWU_IRQHandler          0x00c9dc    0x1  Code  Gb  stm8s_it.o [1]
BEEP_Cmd                0x00c7bd    0xd  Code  Gb  stm8s_beep.o [1]
BEEP_DeInit             0x00c9a5    0x5  Code  Gb  stm8s_beep.o [1]
BEEP_Init               0x00c078   0x43  Code  Gb  stm8s_beep.o [1]
CLK_ClockSwitchConfig   0x00b5c1   0xd5  Code  Gb  stm8s_clk.o [1]
CLK_DeInit              0x00c1b3   0x36  Code  Gb  stm8s_clk.o [1]
CLK_IRQHandler          0x00c9dd    0x1  Code  Gb  stm8s_it.o [1]
CLK_PeripheralClockConfig
                        0x00b9eb   0x91  Code  Gb  stm8s_clk.o [1]
CLK_SYSCLKConfig        0x00be08   0x5e  Code  Gb  stm8s_clk.o [1]
CSTACK$$Base            0x000600          --   Gb  - Linker created -
CSTACK$$Limit           0x000800          --   Gb  - Linker created -
CheckProgramPoint       0x0093b9  0x10b  Code  Gb  main.o [1]
Check_DS1307            0x009ade   0x4e  Code  Gb  main.o [1]
ClearLine1              0x008c49   0x13  Code  Gb  main.o [1]
ClearLine2              0x008c5c   0x13  Code  Gb  main.o [1]
DS18Set                 0x009041   0x37  Code  Gb  main.o [1]
DS18_Read               0x009078   0x4a  Code  Gb  main.o [1]
DS18_Reset              0x008ff0   0x48  Code  Gb  main.o [1]
DS18_Write              0x008fb2   0x36  Code  Gb  main.o [1]
Delay1                  0x0086c9    0xe  Code  Gb  main.o [1]
Delay_us                0x008fac    0x6  Code  Gb  main.o [1]
Display                 0x00b4e7   0xda  Code  Gb  main.o [1]
DtorRecArray            0x000379    0x7  Data  Lc  cppinit.o [4]
EEPROM_EEC_IRQHandler   0x00c9ec    0x1  Code  Gb  stm8s_it.o [1]
EEPROM_INIT             0x008c19    0xf  Code  Gb  main.o [1]
EXTI_PORTA_IRQHandler   0x00c9de    0x1  Code  Gb  stm8s_it.o [1]
EXTI_PORTB_IRQHandler   0x00c9df    0x1  Code  Gb  stm8s_it.o [1]
EXTI_PORTC_IRQHandler   0x00c9e0    0x1  Code  Gb  stm8s_it.o [1]
EXTI_PORTD_IRQHandler   0x00c9e1    0x1  Code  Gb  stm8s_it.o [1]
EXTI_PORTE_IRQHandler   0x00c9e2    0x1  Code  Gb  stm8s_it.o [1]
FLASH_DeInit            0x00c625   0x18  Code  Gb  stm8s_flash.o [1]
FLASH_Lock              0x00c4d6   0x20  Code  Gb  stm8s_flash.o [1]
FLASH_ProgramByte       0x00c140   0x3a  Code  Gb  stm8s_flash.o [1]
FLASH_ReadByte          0x00c2e9   0x2c  Code  Gb  stm8s_flash.o [1]
FLASH_SetProgrammingTime
                        0x00c44f   0x22  Code  Gb  stm8s_flash.o [1]
FLASH_Unlock            0x00c4b5   0x21  Code  Gb  stm8s_flash.o [1]
FirstMenu               0x008f1a   0x73  Code  Gb  main.o [1]
GPIO_Init               0x00b764   0xb4  Code  Gb  stm8s_gpio.o [1]
GPIO_ReadInputData      0x00c9cc    0x3  Code  Gb  stm8s_gpio.o [1]
GPIO_ReadInputPin       0x00c9cf    0x3  Code  Gb  stm8s_gpio.o [1]
GPIO_WriteHigh          0x00c9c6    0x3  Code  Gb  stm8s_gpio.o [1]
GPIO_WriteLow           0x00c9aa    0x4  Code  Gb  stm8s_gpio.o [1]
GPIO_WriteReverse       0x00c9c9    0x3  Code  Gb  stm8s_gpio.o [1]
GpioConfiguration       0x009331   0x78  Code  Gb  main.o [1]
HEAP$$Base              0x000179          --   Gb  - Linker created -
HEAP$$Limit             0x000379          --   Gb  - Linker created -
I2C_AcknowledgeConfig   0x00c253   0x34  Code  Gb  stm8s_i2c.o [1]
I2C_CheckEvent          0x00b818   0xa6  Code  Gb  stm8s_i2c.o [1]
I2C_Cmd                 0x00c63d   0x18  Code  Gb  stm8s_i2c.o [1]
I2C_DeInit              0x00c3e0   0x25  Code  Gb  stm8s_i2c.o [1]
I2C_GenerateSTART       0x00c655   0x18  Code  Gb  stm8s_i2c.o [1]
I2C_GenerateSTOP        0x00c66d   0x18  Code  Gb  stm8s_i2c.o [1]
I2C_GetFlagStatus       0x00b958   0x93  Code  Gb  stm8s_i2c.o [1]
I2C_IRQHandler          0x00c9e8    0x1  Code  Gb  stm8s_it.o [1]
I2C_Init                0x00aefc  0x16d  Code  Gb  stm8s_i2c.o [1]
I2C_RA                  0x009ab6   0x28  Code  Gb  main.o [1]
I2C_RD                  0x009a93   0x23  Code  Gb  main.o [1]
I2C_ReceiveData         0x00c9ae    0x4  Code  Gb  stm8s_i2c.o [1]
I2C_Send7bitAddress     0x00c287   0x32  Code  Gb  stm8s_i2c.o [1]
I2C_SendData            0x00c9b2    0x4  Code  Gb  stm8s_i2c.o [1]
I2C_Start               0x00964f   0x26  Code  Gb  main.o [1]
I2C_WA                  0x009629   0x26  Code  Gb  main.o [1]
I2C_WD                  0x009605   0x24  Code  Gb  main.o [1]
INTVEC$$Base            0x008000          --   Gb  - Linker created -
INTVEC$$Limit           0x008080          --   Gb  - Linker created -
InitClk                 0x0092ea   0x3e  Code  Gb  main.o [1]
InitDelayTimer2         0x00920b   0x1d  Code  Gb  main.o [1]
InitDelayTimer3         0x0091f4   0x17  Code  Gb  main.o [1]
InitI2C                 0x009beb   0x26  Code  Gb  main.o [1]
InitLcd                 0x009260   0x59  Code  Gb  main.o [1]
InputDataProgram        0x0089e5  0x1da  Code  Gb  main.o [1]
LCD                     0x00877c   0xd0  Code  Gb  main.o [1]
LCDData                 0x00873e    0xb  Code  Gb  main.o [1]
LCDDataOut              0x0086e7   0x57  Code  Gb  main.o [1]
LCDInstr                0x008771    0xb  Code  Gb  main.o [1]
LCDInstrNibble          0x009251    0xf  Code  Gb  main.o [1]
LoadInt                 0x00bf61   0x47  Code  Lc  xprintfsmall.o [4]
Power_Off               0x009c11    0xe  Code  Gb  main.o [1]
Power_On                0x009c1f    0xe  Code  Gb  main.o [1]
ProgramMenu             0x008c91  0x234  Code  Gb  main.o [1]
PulseEnable             0x0086d7   0x10  Code  Gb  main.o [1]
ReadDS1307              0x009b3d   0x78  Code  Gb  main.o [1]
ReadProgram             0x009531   0x30  Code  Gb  main.o [1]
ReadStatus              0x009561   0x2f  Code  Gb  main.o [1]
Read_DS18               0x0090e1   0x79  Code  Gb  main.o [1]
Region$$Table$$Base     0x008490          --   Gb  - Linker created -
Region$$Table$$Limit    0x0084a4          --   Gb  - Linker created -
ResetProgram            0x009599   0x2f  Code  Gb  main.o [1]
SPI_IRQHandler          0x00c9e3    0x1  Code  Gb  stm8s_it.o [1]
SaveProgram             0x008c28   0x21  Code  Gb  main.o [1]
SaveStatus              0x008eeb   0x26  Code  Gb  main.o [1]
SelectMenu              0x0098d5   0xe2  Code  Gb  main.o [1]
SetClock                0x0096f4   0xff  Code  Gb  main.o [1]
SetData                 0x0097fe   0xc5  Code  Gb  main.o [1]
Set_DS1307              0x00967c   0x6d  Code  Gb  main.o [1]
SetupMenu               0x0099c9   0x8d  Code  Gb  main.o [1]
TIM1_CAP_COM_IRQHandler
                        0x00c9e5    0x1  Code  Gb  stm8s_it.o [1]
TIM1_UPD_OVF_TRG_BRK_IRQHandler
                        0x00c9e4    0x1  Code  Gb  stm8s_it.o [1]
TIM2_CAP_COM_IRQHandler
                        0x00c9e6    0x1  Code  Gb  stm8s_it.o [1]
TIM2_ClearITPendingBit  0x00c532   0x1d  Code  Gb  stm8s_tim2.o [1]
TIM2_Cmd                0x00bd90   0x18  Code  Gb  stm8s_tim2.o [1]
TIM2_DeInit             0x00be66   0x59  Code  Gb  stm8s_tim2.o [1]
TIM2_ITConfig           0x00bd54   0x3c  Code  Gb  stm8s_tim2.o [1]
TIM2_TimeBaseInit       0x00c8c2    0xa  Code  Gb  stm8s_tim2.o [1]
TIM2_UPD_OVF_BRK_IRQHandler
                        0x00bb89   0x79  Code  Gb  stm8s_it.o [1]
TIM3_CAP_COM_IRQHandler
                        0x00c9e7    0x1  Code  Gb  stm8s_it.o [1]
TIM3_ClearITPendingBit  0x00c54f   0x1d  Code  Gb  stm8s_tim3.o [1]
TIM3_Cmd                0x00bdf0   0x18  Code  Gb  stm8s_tim3.o [1]
TIM3_DeInit             0x00bfee   0x45  Code  Gb  stm8s_tim3.o [1]
TIM3_ITConfig           0x00bdb4   0x3c  Code  Gb  stm8s_tim3.o [1]
TIM3_TimeBaseInit       0x00c8cc    0xa  Code  Gb  stm8s_tim3.o [1]
TIM3_UPD_OVF_BRK_IRQHandler
                        0x00ba7c   0x91  Code  Gb  stm8s_it.o [1]
TIM4_UPD_OVF_IRQHandler
                        0x00c9eb    0x1  Code  Gb  stm8s_it.o [1]
TLI_IRQHandler          0x00c9db    0x1  Code  Gb  stm8s_it.o [1]
TRAP_IRQHandler         0x00c9da    0x1  Code  Gb  stm8s_it.o [1]
Time_Display            0x000176    0x1  Data  Gb  main.o [1]
UART2_ClearITPendingBit
                        0x00c42a   0x25  Code  Gb  stm8s_uart2.o [1]
UART2_RX_IRQHandler     0x00c405   0x25  Code  Gb  stm8s_it.o [1]
UART2_ReceiveData8      0x00c9b6    0x4  Code  Gb  stm8s_uart2.o [1]
UART2_TX_IRQHandler     0x00c9e9    0x1  Code  Gb  stm8s_it.o [1]
_EncodingSb_Mbtowc      0x00c2b9   0x30  Code  Gb  xencoding_sb.o [4]
_EncodingSb_Wctomb      0x00c60c   0x19  Code  Gb  xencoding_sb.o [4]
_Getdst                 0x00b069  0x163  Code  Gb  xgetdst.o [4]
_Gettime                0x00bc72   0x6e  Code  Gb  xgettime.o [4]
_IsdstStr               0x00005f    0x2  Data  Gb  setlocale.o [4]
_Isdst_olddst           0x000157    0x2  Data  Lc  xisdst.o [4]
_Isdst_rules            0x000159    0x2  Data  Lc  xisdst.o [4]
_LitobSmall             0x00ac03  0x17f  Code  Lc  xprintfsmall.o [4]
_LocaleC_isspace        0x00c5f3   0x19  Code  Gb  xlocale_c.o [4]
_LocaleC_tolower        0x00c772   0x10  Code  Gb  xlocale_c.o [4]
_LocaleEncoding         0x00c7af    0xe  Code  Gb  setlocale.o [4]
_LocaleForCat           0x00c5d9   0x1a  Code  Gb  setlocale.o [4]
_Locale_Profile         0x000108    0xe  Data  Gb  setlocale.o [4]
_Localtime_oldzone      0x000155    0x2  Data  Lc  localtim.o [4]
_Localtime_tzoff        0x00012a    0x4  Data  Lc  localtim.o [4]
_Mbtowc                 0x00c341   0x29  Code  Gb  xmbtowc.o [4]
_PrintfSmall            0x009c2d  0x4aa  Code  Gb  xprintfsmall.o [4]
_Prout                  0x00c56c   0x1d  Code  Gb  xprout.o [4]
_PutcharSmall           0x00c17a   0x39  Code  Lc  xprintfsmall.o [4]
_PutcharsSmall          0x00c21e   0x35  Code  Lc  xprintfsmall.o [4]
_PutstrSmall            0x00a4d1  0x1e7  Code  Lc  xprintfsmall.o [4]
_SProut                 0x00c7a1    0xe  Code  Gb  xsprout.o [4]
_Ttotm_ts               0x0000f2   0x16  Data  Lc  xttotm.o [4]
_Tzoff                  0x00b313   0xee  Code  Gb  localtim.o [4]
_TzoneStr               0x00005d    0x2  Data  Gb  setlocale.o [4]
_Wctomb                 0x00c471   0x22  Code  Gb  xwctomb.o [4]
__DebugBreak            0x00c9ed    0x1  Code  Gb  __dbg_break.o [3]
__call_dtors            0x00bd43    0x5  Code  Gb  cppinit.o [4]
__cstart_call_dtors     0x00c8f5         Code  Gb  cexit.o [4]
__cxa_atexit            0x00c0bb   0x43  Code  Gb  cppinit.o [4]
__cxa_finalize          0x00bce0   0x63  Code  Gb  cppinit.o [4]
__exit                  0x00c6b2   0x16  Code  Gb  __dbg_xxexit.o [3]
__getzone               0x00c9c2    0x4  Code  Gb  getzone.o [4]
__iar_Atexit            0x00c998    0x7  Code  Gb  atexit.o [4]
__iar_Daysto32          0x00bebf   0x53  Code  Gb  xttotm.o [4]
__iar_Errno             0x00015b    0x2  Data  Gb  errno.o [4]
__iar_Isdst32           0x00a2e9  0x1e8  Code  Gb  xisdst.o [4]
__iar_Mbcurmax          0x00c991    0x7  Code  Gb  xmbcurmax.o [4]
__iar_Memchr            0x00c6de   0x15  Code  Gb  memchr.o [4]
__iar_Stdout            0x000010   0x28  Data  Gb  xfiles.o [4]
__iar_Stolx             0x00b696   0xce  Code  Gb  xstol.o [4]
__iar_Stoulx            0x00a894  0x1d8  Code  Gb  xstoul.o [4]
__iar_Strchr            0x00c6f3   0x15  Code  Gb  strchr.o [4]
__iar_Tls_dtor__Isdst_rules
                        0x00c98a    0x7  Code  Lc  xisdst.o [4]
__iar_Tls_once__Isdst_rules
                        0x000178    0x1  Data  Lc  xisdst.o [4]
__iar_Tls_setup__IsdstStr
                        0x00013e    0x3  Data  Gb  setlocale.o [4]
__iar_Tls_setup__Isdst_olddst
                        0x000144    0x3  Data  Lc  xisdst.o [4]
__iar_Tls_setup__Isdst_rules
                        0x000058    0x3  Data  Lc  xisdst.o [4]
__iar_Tls_setup__Locale_Profile
                        0x000141    0x3  Data  Gb  setlocale.o [4]
__iar_Tls_setup__Localtime_oldzone
                        0x000132    0x3  Data  Lc  localtim.o [4]
__iar_Tls_setup__Localtime_tzoff
                        0x000135    0x3  Data  Lc  localtim.o [4]
__iar_Tls_setup__Ttotm_ts
                        0x000138    0x3  Data  Lc  xttotm.o [4]
__iar_Tls_setup__TzoneStr
                        0x00013b    0x3  Data  Gb  setlocale.o [4]
__iar_Tls_setupx__Isdst_rules
                        0x00c589   0x1c  Code  Lc  xisdst.o [4]
__iar_Ttotm32           0x00aa6c  0x197  Code  Gb  xttotm.o [4]
__iar_copy_init2        0x00c392         Code  Gb  init_small.o [4]
__iar_data_init2        0x00c4f6   0x1e  Code  Gb  init.o [4]
__iar_program_start     0x00c685         Code  Gb  cstartup.o [4]
__iar_unhandled_exception
                        0x00c9d5         Code  Gb  unhandled_exception.o [4]
__iar_zero_init2        0x00c514         Code  Gb  init_small.o [4]
__intvec                0x008000         Data  Gb  interrupt.o [4]
__low_level_init        0x00c9d2    0x3  Code  Gb  low_level_init.o [4]
__mktime32              0x00a6b8  0x1dc  Code  Gb  mktime.o [4]
__near_Aldata           0x00012e    0x4  Data  Gb  xxmemxmalloc.o [4]
__near_GetMemChunk      0x00c493   0x22  Code  Gb  xgetmemchunk.o [4]
__near_findmem          0x00bc02   0x70  Code  Lc  xxmemxmalloc.o [4]
_exit                   0x00c8f4         Code  Gb  cexit.o [4]
_interrupt_1            0x00c9da         Code  Gb  stm8s_it.o [1]
_interrupt_10           0x00c9ba         Code  Wk  interrupt.o [4]
_interrupt_11           0x00c9ba         Code  Wk  interrupt.o [4]
_interrupt_12           0x00c9e3         Code  Gb  stm8s_it.o [1]
_interrupt_13           0x00c9e4         Code  Gb  stm8s_it.o [1]
_interrupt_14           0x00c9e5         Code  Gb  stm8s_it.o [1]
_interrupt_15           0x00bb89         Code  Gb  stm8s_it.o [1]
_interrupt_16           0x00c9e6         Code  Gb  stm8s_it.o [1]
_interrupt_17           0x00ba7c         Code  Gb  stm8s_it.o [1]
_interrupt_18           0x00c9e7         Code  Gb  stm8s_it.o [1]
_interrupt_19           0x00c9ba         Code  Wk  interrupt.o [4]
_interrupt_2            0x00c9db         Code  Gb  stm8s_it.o [1]
_interrupt_20           0x00c9ba         Code  Wk  interrupt.o [4]
_interrupt_21           0x00c9e8         Code  Gb  stm8s_it.o [1]
_interrupt_22           0x00c9e9         Code  Gb  stm8s_it.o [1]
_interrupt_23           0x00c405         Code  Gb  stm8s_it.o [1]
_interrupt_24           0x00c9ea         Code  Gb  stm8s_it.o [1]
_interrupt_25           0x00c9eb         Code  Gb  stm8s_it.o [1]
_interrupt_26           0x00c9ec         Code  Gb  stm8s_it.o [1]
_interrupt_27           0x00c9ba         Code  Wk  interrupt.o [4]
_interrupt_28           0x00c9ba         Code  Wk  interrupt.o [4]
_interrupt_29           0x00c9ba         Code  Wk  interrupt.o [4]
_interrupt_3            0x00c9dc         Code  Gb  stm8s_it.o [1]
_interrupt_30           0x00c9ba         Code  Wk  interrupt.o [4]
_interrupt_31           0x00c9ba         Code  Wk  interrupt.o [4]
_interrupt_4            0x00c9dd         Code  Gb  stm8s_it.o [1]
_interrupt_5            0x00c9de         Code  Gb  stm8s_it.o [1]
_interrupt_6            0x00c9df         Code  Gb  stm8s_it.o [1]
_interrupt_7            0x00c9e0         Code  Gb  stm8s_it.o [1]
_interrupt_8            0x00c9e1         Code  Gb  stm8s_it.o [1]
_interrupt_9            0x00c9e2         Code  Gb  stm8s_it.o [1]
adj                     0x008990   0x55  Code  Gb  main.o [1]
assert_failed           0x00c9d8    0x2  Code  Gb  main.o [1]
bcd2hex                 0x009a7c   0x17  Code  Gb  main.o [1]
beep                    0x00885e   0x1b  Code  Gb  main.o [1]
blink_flag              0x000173    0x1  Data  Gb  main.o [1]
blink_time              0x00014f    0x2  Data  Gb  main.o [1]
button                  0x000171    0x1  Data  Gb  main.o [1]
convert_tobcd           0x0095ee   0x17  Code  Gb  main.o [1]
count                   0x000162    0x1  Data  Gb  main.o [1]
d                       0x00016a    0x1  Data  Gb  main.o [1]
date                    0x000062    0x1  Data  Gb  main.o [1]
day_week                0x000038   0x16  Data  Gb  main.o [1]
days                    0x000061    0x1  Data  Gb  main.o [1]
digits                  0x008438   0x25  Data  Lc  xstoul.o [4]
error                   0x000167    0x1  Data  Gb  main.o [1]
exit                    0x00c9be    0x4  Code  Gb  exit.o [4]
fputc                   0x00884c   0x12  Code  Gb  main.o [1]
free                    0x00b401   0xe6  Code  Gb  xxmemxfree.o [4]
getint                  0x00bfa8   0x46  Code  Lc  xgetdst.o [4]
hardware                0x000153    0x2  Data  Gb  main.o [1]
hours                   0x000165    0x1  Data  Gb  main.o [1]
initBeep                0x008879   0x1c  Code  Gb  main.o [1]
isspace                 0x00c782   0x10  Code  Gb  isxxx.o [4]
key_minus_on            0x0088e6   0x3b  Code  Gb  main.o [1]
key_ok_hold             0x000174    0x1  Data  Gb  main.o [1]
key_ok_on               0x008895   0x51  Code  Gb  main.o [1]
key_plus_on             0x008939   0x3b  Code  Gb  main.o [1]
lcdLedTimer             0x000170    0x1  Data  Gb  main.o [1]
line1                   0x000116    0xa  Data  Gb  main.o [1]
line2                   0x000120    0xa  Data  Gb  main.o [1]
line_lcd                0x000161    0x1  Data  Gb  main.o [1]
lmos                    0x0084a4   0x18  Data  Lc  xttotm.o [4]
m                       0x000169    0x1  Data  Gb  main.o [1]
main                    0x00b1cc  0x147  Code  Gb  main.o [1]
malloc                  0x00b8be   0x9a  Code  Gb  xxmemxmalloc.o [4]
manu_display            0x00016d    0x1  Data  Gb  main.o [1]
memcpy                  0x00c3ba   0x26  Code  Gb  memcpy.o [4]
minutes                 0x000164    0x1  Data  Gb  main.o [1]
month                   0x000063    0x1  Data  Gb  main.o [1]
mos                     0x0084bc   0x18  Data  Lc  xttotm.o [4]
ndigs                   0x00845d   0x25  Data  Lc  xstoul.o [4]
next_abi_dtor_rec       0x00005b    0x2  Data  Lc  cppinit.o [4]
obuf                    0x000064   0x50  Data  Lc  xfiles.o [4]
pad                     0x00c1e9   0x35  Code  Lc  xprintfsmall.o [4]
power                   0x000172    0x1  Data  Gb  main.o [1]
pressKey                0x008bcf   0x4a  Code  Gb  main.o [1]
printf                  0x00c36a   0x28  Code  Gb  printf.o [4]
program_display         0x00016e    0x1  Data  Gb  main.o [1]
programpoint            0x0000b4   0x28  Data  Gb  main.o [1]
ptim                    0x0000dc   0x16  Data  Gb  main.o [1]
putchar                 0x00c97b    0x8  Code  Gb  putchar.o [4]
result1                 0x00016b    0x1  Data  Gb  main.o [1]
result2                 0x00016c    0x1  Data  Gb  main.o [1]
rx_data                 0x000160    0x1  Data  Gb  main.o [1]
seconds                 0x000163    0x1  Data  Gb  main.o [1]
setup_menu              0x00004e    0xa  Data  Gb  main.o [1]
size_status             0x000175    0x1  Data  Gb  main.o [1]
sprintf                 0x00c033   0x45  Code  Gb  sprintf.o [4]
status                  0x000151    0x2  Data  Gb  main.o [1]
status_check            0x00014d    0x2  Data  Gb  main.o [1]
strlen                  0x00c740   0x12  Code  Gb  strlen.o [4]
sync                    0x000177    0x1  Data  Gb  stm8s_it.o [1]
sync_time_ds1307        0x00016f    0x1  Data  Gb  main.o [1]
temperature             0x009174   0x3f  Code  Gb  main.o [1]
timeout                 0x00015f    0x1  Data  Gb  main.o [1]
timer1                  0x000147    0x2  Data  Gb  main.o [1]
timer2                  0x000149    0x2  Data  Gb  main.o [1]
timer3                  0x00014b    0x2  Data  Gb  main.o [1]
tolower                 0x00c6c8   0x16  Code  Gb  tolower.o [4]
y                       0x000168    0x1  Data  Gb  main.o [1]
year                    0x000166    0x1  Data  Gb  main.o [1]


[1] = C:\Documents and Settings\Administrator\Desktop\stm8s105k-controller\Project\STM8S_StdPeriph_Template\EWSTM8\STM8S105\Obj
[2] = command line
[3] = dbgstm8mmd.a
[4] = dlstm8mmf.a

  17 189 bytes of readonly  code memory
   1 737 bytes of readonly  data memory
   1 632 bytes of readwrite data memory

Errors: none
Warnings: none
