###############################################################################
#                                                                             #
# IAR ELF Linker V1.30.1.50036 for STM8                 05/Oct/2013  19:35:00 #
# Copyright 2010-2011 IAR Systems AB.                                         #
#                                                                             #
#    Output file  =  C:\Documents and Settings\Administrator\Desktop\stm8s105 #
#                    k-controller\Project\STM8S_StdPeriph_Template\EWSTM8\STM #
#                    8S105\Exe\Project.out                                    #
#    Map file     =  C:\Documents and Settings\Administrator\Desktop\stm8s105 #
#                    k-controller\Project\STM8S_StdPeriph_Template\EWSTM8\STM #
#                    8S105\List\Project.map                                   #
#    Command line =  "C:\Documents and Settings\Administrator\Desktop\stm8s10 #
#                    5k-controller\Project\STM8S_StdPeriph_Template\EWSTM8\ST #
#                    M8S105\Obj\main.o" "C:\Documents and                     #
#                    Settings\Administrator\Desktop\stm8s105k-controller\Proj #
#                    ect\STM8S_StdPeriph_Template\EWSTM8\STM8S105\Obj\stm8s_a #
#                    dc1.o" "C:\Documents and Settings\Administrator\Desktop\ #
#                    stm8s105k-controller\Project\STM8S_StdPeriph_Template\EW #
#                    STM8\STM8S105\Obj\stm8s_awu.o" "C:\Documents and         #
#                    Settings\Administrator\Desktop\stm8s105k-controller\Proj #
#                    ect\STM8S_StdPeriph_Template\EWSTM8\STM8S105\Obj\stm8s_b #
#                    eep.o" "C:\Documents and Settings\Administrator\Desktop\ #
#                    stm8s105k-controller\Project\STM8S_StdPeriph_Template\EW #
#                    STM8\STM8S105\Obj\stm8s_clk.o" "C:\Documents and         #
#                    Settings\Administrator\Desktop\stm8s105k-controller\Proj #
#                    ect\STM8S_StdPeriph_Template\EWSTM8\STM8S105\Obj\stm8s_e #
#                    xti.o" "C:\Documents and Settings\Administrator\Desktop\ #
#                    stm8s105k-controller\Project\STM8S_StdPeriph_Template\EW #
#                    STM8\STM8S105\Obj\stm8s_flash.o" "C:\Documents and       #
#                    Settings\Administrator\Desktop\stm8s105k-controller\Proj #
#                    ect\STM8S_StdPeriph_Template\EWSTM8\STM8S105\Obj\stm8s_g #
#                    pio.o" "C:\Documents and Settings\Administrator\Desktop\ #
#                    stm8s105k-controller\Project\STM8S_StdPeriph_Template\EW #
#                    STM8\STM8S105\Obj\stm8s_i2c.o" "C:\Documents and         #
#                    Settings\Administrator\Desktop\stm8s105k-controller\Proj #
#                    ect\STM8S_StdPeriph_Template\EWSTM8\STM8S105\Obj\stm8s_i #
#                    t.o" "C:\Documents and Settings\Administrator\Desktop\st #
#                    m8s105k-controller\Project\STM8S_StdPeriph_Template\EWST #
#                    M8\STM8S105\Obj\stm8s_itc.o" "C:\Documents and           #
#                    Settings\Administrator\Desktop\stm8s105k-controller\Proj #
#                    ect\STM8S_StdPeriph_Template\EWSTM8\STM8S105\Obj\stm8s_i #
#                    wdg.o" "C:\Documents and Settings\Administrator\Desktop\ #
#                    stm8s105k-controller\Project\STM8S_StdPeriph_Template\EW #
#                    STM8\STM8S105\Obj\stm8s_rst.o" "C:\Documents and         #
#                    Settings\Administrator\Desktop\stm8s105k-controller\Proj #
#                    ect\STM8S_StdPeriph_Template\EWSTM8\STM8S105\Obj\stm8s_s #
#                    pi.o" "C:\Documents and Settings\Administrator\Desktop\s #
#                    tm8s105k-controller\Project\STM8S_StdPeriph_Template\EWS #
#                    TM8\STM8S105\Obj\stm8s_tim1.o" "C:\Documents and         #
#                    Settings\Administrator\Desktop\stm8s105k-controller\Proj #
#                    ect\STM8S_StdPeriph_Template\EWSTM8\STM8S105\Obj\stm8s_t #
#                    im2.o" "C:\Documents and Settings\Administrator\Desktop\ #
#                    stm8s105k-controller\Project\STM8S_StdPeriph_Template\EW #
#                    STM8\STM8S105\Obj\stm8s_tim3.o" "C:\Documents and        #
#                    Settings\Administrator\Desktop\stm8s105k-controller\Proj #
#                    ect\STM8S_StdPeriph_Template\EWSTM8\STM8S105\Obj\stm8s_t #
#                    im4.o" "C:\Documents and Settings\Administrator\Desktop\ #
#                    stm8s105k-controller\Project\STM8S_StdPeriph_Template\EW #
#                    STM8\STM8S105\Obj\stm8s_uart2.o" "C:\Documents and       #
#                    Settings\Administrator\Desktop\stm8s105k-controller\Proj #
#                    ect\STM8S_StdPeriph_Template\EWSTM8\STM8S105\Obj\stm8s_w #
#                    wdg.o" --redirect _Printf=_PrintfSmall --redirect        #
#                    _Scanf=_ScanfSmall -o "C:\Documents and                  #
#                    Settings\Administrator\Desktop\stm8s105k-controller\Proj #
#                    ect\STM8S_StdPeriph_Template\EWSTM8\STM8S105\Exe\Project #
#                    .out" --map "C:\Documents and                            #
#                    Settings\Administrator\Desktop\stm8s105k-controller\Proj #
#                    ect\STM8S_StdPeriph_Template\EWSTM8\STM8S105\List\Projec #
#                    t.map" --config "C:\Program Files\IAR Systems\Embedded   #
#                    Workbench 6.0\stm8\config\lnkstm8s105k4.icf"             #
#                    --config_def _CSTACK_SIZE=0x200 --config_def             #
#                    _HEAP_SIZE=0x200 --entry __iar_program_start --debug_lib #
#                                                                             #
#                                                                             #
###############################################################################

*******************************************************************************
*** RUNTIME MODEL ATTRIBUTES
***

__Heap_Handler             = Basic
__SystemLibrary            = DLib
__code_model               = medium_or_large
__core                     = stm8
__data_model               = medium
__dlib_file_descriptor     = 1
__dlib_full_locale_support = 1
__rt_version               = 4


*******************************************************************************
*** PLACEMENT SUMMARY
***

"A1":  place at start of [0x000000-0x0000ff] { rw section .vregs };
"A2":  place at end of [0x000000-0x0007ff] { block CSTACK };
"P2":  place in [from 0x000000 to 0x0007ff] {
          block HEAP, rw section .far.bss, rw section .far.data,
          rw section .far.noinit, rw section .far_func.textrw,
          rw section .huge.bss, rw section .huge.data, rw section .huge.noinit,
          rw section .huge_func.textrw, rw section .iar.dynexit,
          rw section .near.bss, rw section .near.data, rw section .near.noinit,
          rw section .near_func.textrw };
"A3":  place at start of [0x008000-0x00bfff] { block INTVEC };
"P3":  place in [from 0x008000 to 0x00bfff] {
          ro section .far.data_init, ro section .far_func.textrw_init,
          ro section .huge.data_init, ro section .huge_func.textrw_init,
          ro section .iar.init_table, ro section .init_array,
          ro section .near.data_init, ro section .near.rodata,
          ro section .near_func.text, ro section .near_func.textrw_init,
          ro section .tiny.data_init, ro section .tiny.rodata_init };
"P4":  place in [from 0x008000 to 0x00bfff] {
          ro section .far.rodata, ro section .far_func.text };

  Section            Kind      Address    Size  Object
  -------            ----      -------    ----  ------
"A1":                                     0x10
  .vregs             uninit   0x000000    0x10  vregs.o [4]
                            - 0x000010    0x10

"P2", part 1 of 3:                        0x2b
  P2 s0                       0x000010    0x2b  <Init block>
    .near.data       inited   0x000010    0x28  xfiles.o [4]
    .near.data       inited   0x000038     0x1  main.o [1]
    .near.data       inited   0x000039     0x1  main.o [1]
    .near.data       inited   0x00003a     0x1  main.o [1]
                            - 0x00003b    0x2b

"P2", part 2 of 3:                        0x9a
  .near.bss          zero     0x00003b    0x50  xfiles.o [4]
  .near.bss          zero     0x00008b     0xe  setlocale.o [4]
  .near.bss          zero     0x000099     0x8  main.o [1]
  .near.bss          zero     0x0000a1     0x4  xxmemxmalloc.o [4]
  .near.bss          zero     0x0000a5     0x3  setlocale.o [4]
  .near.bss          zero     0x0000a8     0x2  main.o [1]
  .near.bss          zero     0x0000aa     0x2  main.o [1]
  .near.bss          zero     0x0000ac     0x2  main.o [1]
  .near.bss          zero     0x0000ae     0x2  main.o [1]
  .near.bss          zero     0x0000b0     0x2  main.o [1]
  .near.bss          zero     0x0000b2     0x2  main.o [1]
  .near.bss          zero     0x0000b4     0x2  main.o [1]
  .near.bss          zero     0x0000b6     0x2  xgetmemchunk.o [4]
  .near.bss          zero     0x0000b8     0x1  main.o [1]
  .near.bss          zero     0x0000b9     0x1  main.o [1]
  .near.bss          zero     0x0000ba     0x1  main.o [1]
  .near.bss          zero     0x0000bb     0x1  main.o [1]
  .near.bss          zero     0x0000bc     0x1  main.o [1]
  .near.bss          zero     0x0000bd     0x1  main.o [1]
  .near.bss          zero     0x0000be     0x1  main.o [1]
  .near.bss          zero     0x0000bf     0x1  main.o [1]
  .near.bss          zero     0x0000c0     0x1  main.o [1]
  .near.bss          zero     0x0000c1     0x1  main.o [1]
  .near.bss          zero     0x0000c2     0x1  main.o [1]
  .near.bss          zero     0x0000c3     0x1  main.o [1]
  .near.bss          zero     0x0000c4     0x1  main.o [1]
  .near.bss          zero     0x0000c5     0x1  main.o [1]
  .near.bss          zero     0x0000c6     0x1  main.o [1]
  .near.bss          zero     0x0000c7     0x1  main.o [1]
  .near.bss          zero     0x0000c8     0x1  main.o [1]
  .near.bss          zero     0x0000c9     0x1  main.o [1]
  .near.bss          zero     0x0000ca     0x1  main.o [1]
  .near.bss          zero     0x0000cb     0x1  main.o [1]
  .near.bss          zero     0x0000cc     0x1  main.o [1]
  .near.bss          zero     0x0000cd     0x1  main.o [1]
  .near.bss          zero     0x0000ce     0x1  main.o [1]
  .near.bss          zero     0x0000cf     0x1  main.o [1]
  .near.bss          zero     0x0000d0     0x1  main.o [1]
  .near.bss          zero     0x0000d1     0x1  main.o [1]
  .near.bss          zero     0x0000d2     0x1  main.o [1]
  .near.bss          zero     0x0000d3     0x1  main.o [1]
  .near.bss          zero     0x0000d4     0x1  stm8s_it.o [1]
                            - 0x0000d5    0x9a

"P2", part 3 of 3:                       0x200
  HEAP                        0x0000d5   0x200  <Block>
    HEAP             uninit   0x0000d5   0x200  <Block tail>
                            - 0x0002d5   0x200

"A2":                                    0x200
  CSTACK                      0x000600   0x200  <Block>
    CSTACK           uninit   0x000600   0x200  <Block tail>
                            - 0x000800   0x200

"A3":                                     0x80
  INTVEC                      0x008000    0x80  <Block>
    .intvec          const    0x008000    0x80  interrupt.o [4]
                            - 0x008080    0x80

"P3":                                    0x4a7
  .near.rodata       const    0x008080    0x78  stm8s_flash.o [1]
  .near.rodata       const    0x0080f8    0x78  stm8s_uart2.o [1]
  .near.rodata       const    0x008170    0x77  stm8s_gpio.o [1]
  .near.rodata       const    0x0081e7    0x77  stm8s_tim2.o [1]
  .near.rodata       const    0x00825e    0x77  stm8s_tim3.o [1]
  .near.rodata       const    0x0082d5    0x76  stm8s_clk.o [1]
  .near.rodata       const    0x00834b    0x76  stm8s_i2c.o [1]
  .near.rodata       const    0x0083c1     0xb  main.o [1]
  .iar.init_table    const    0x0083cc    0x14  - Linker created -
  .near.rodata       const    0x0083e0    0x10  main.o [1]
  .near.rodata       const    0x0083f0     0xe  main.o [1]
  .near.rodata       const    0x0083fe     0xa  main.o [1]
  .near.rodata       const    0x008408     0xa  main.o [1]
  .near.rodata       const    0x008412     0xa  main.o [1]
  .near.rodata       const    0x00841c     0xa  main.o [1]
  .near.rodata       const    0x008426     0xa  main.o [1]
  .near.rodata       const    0x008430     0xa  main.o [1]
  .near.rodata       const    0x00843a     0xa  main.o [1]
  .near.rodata       const    0x008444     0xa  main.o [1]
  .near.rodata       const    0x00844e     0xa  main.o [1]
  .near.rodata       const    0x008458     0xa  main.o [1]
  .near.rodata       const    0x008462     0xa  main.o [1]
  .near.rodata       const    0x00846c     0x9  main.o [1]
  .near.rodata       const    0x008475     0x9  main.o [1]
  .near.rodata       const    0x00847e     0x8  main.o [1]
  .near.rodata       const    0x008486     0x8  main.o [1]
  .near.rodata       const    0x00848e     0x8  main.o [1]
  .near.rodata       const    0x008496     0x8  main.o [1]
  .near.rodata       const    0x00849e     0x8  xprintfsmall.o [4]
  .near.rodata       const    0x0084a6     0x8  xprintfsmall.o [4]
  .near.rodata       const    0x0084ae     0x8  xencoding_sb.o [4]
  .near.rodata       const    0x0084b6     0x8  xencoding_sb.o [4]
  .near.rodata       const    0x0084be     0x7  main.o [1]
  .near.rodata       const    0x0084c5     0x7  main.o [1]
  .near.rodata       const    0x0084cc     0x7  main.o [1]
  .near.rodata       const    0x0084d3     0x7  main.o [1]
  .near.rodata       const    0x0084da     0x7  main.o [1]
  .near.rodata       const    0x0084e1     0x7  main.o [1]
  .near.rodata       const    0x0084e8     0x7  main.o [1]
  .near.rodata       const    0x0084ef     0x7  xprintfsmall.o [4]
  .near.rodata       const    0x0084f6     0x6  main.o [1]
  Initializer bytes  ro data  0x0084fc    0x2b  <for P2 s0>
                            - 0x008527   0x4a7

"P4":                                   0x2fe5
  .far_func.text     ro code  0x008527   0xdbd  main.o [1]
  .far_func.text     ro code  0x0092e4   0x4aa  xprintfsmall.o [4]
  .far_func.text     ro code  0x00978e   0x1e7  xprintfsmall.o [4]
  .far_func.text     ro code  0x009975   0x1a1  main.o [1]
  .far_func.text     ro code  0x009b16   0x17f  xprintfsmall.o [4]
  .far_func.text     ro code  0x009c95   0x16d  stm8s_i2c.o [1]
  .far_func.text     ro code  0x009e02   0x15a  long.o [4]
  .far_func.text     ro code  0x009f5c   0x153  main.o [1]
  .far_func.text     ro code  0x00a0af   0x148  vreg_util.o [4]
  .far_func.text     ro code  0x00a1f7    0xef  stm8s_it.o [1]
  .far_func.text     ro code  0x00a2e6    0xe6  xxmemxfree.o [4]
  .far_func.text     ro code  0x00a3cc    0xd5  stm8s_clk.o [1]
  .far_func.text     ro code  0x00a4a1    0xc5  main.o [1]
  .far_func.text     ro code  0x00a566    0xb4  stm8s_gpio.o [1]
  .far_func.text     ro code  0x00a61a    0xa6  stm8s_i2c.o [1]
  .far_func.text     ro code  0x00a6c0    0x9a  xxmemxmalloc.o [4]
  .far_func.text     ro code  0x00a75a    0x93  stm8s_i2c.o [1]
  .far_func.text     ro code  0x00a7ed    0x91  stm8s_clk.o [1]
  .far_func.text     ro code  0x00a87e    0x70  xxmemxmalloc.o [4]
  .far_func.text     ro code  0x00a8ee    0x6a  main.o [1]
  .far_func.text     ro code  0x00a958    0x67  main.o [1]
  .far_func.text     ro code  0x00a9bf    0x60  stm8s_tim2.o [1]
  .far_func.text     ro code  0x00aa1f    0x60  stm8s_tim3.o [1]
  .far_func.text     ro code  0x00aa7f    0x5e  stm8s_clk.o [1]
  .far_func.text     ro code  0x00aadd    0x59  stm8s_tim2.o [1]
  .far_func.text     ro code  0x00ab36    0x4f  short.o [4]
  .far_func.text     ro code  0x00ab85    0x47  xprintfsmall.o [4]
  .far_func.text     ro code  0x00abcc    0x45  stm8s_tim3.o [1]
  .far_func.text     ro code  0x00ac11    0x45  sprintf.o [4]
  .far_func.text     ro code  0x00ac56    0x3e  main.o [1]
  .far_func.text     ro code  0x00ac94    0x3e  long_util.o [4]
  .far_func.text     ro code  0x00acd2    0x3b  stm8s_it.o [1]
  .far_func.text     ro code  0x00ad0d    0x3a  stm8s_flash.o [1]
  .far_func.text     ro code  0x00ad47    0x39  xprintfsmall.o [4]
  .far_func.text     ro code  0x00ad80    0x36  stm8s_clk.o [1]
  .far_func.text     ro code  0x00adb6    0x35  xprintfsmall.o [4]
  .far_func.text     ro code  0x00adeb    0x35  xprintfsmall.o [4]
  .far_func.text     ro code  0x00ae20    0x34  stm8s_i2c.o [1]
  .far_func.text     ro code  0x00ae54    0x34  far_util.o [4]
  .far_func.text     ro code  0x00ae88    0x32  stm8s_i2c.o [1]
  .far_func.text     ro code  0x00aeba    0x30  xencoding_sb.o [4]
  .far_func.text     ro code  0x00aeea    0x2c  stm8s_flash.o [1]
  .far_func.text     ro code  0x00af16    0x29  xmbtowc.o [4]
  .far_func.text     ro code  0x00af3f    0x28  printf.o [4]
  .far_func.text     ro code  0x00af67    0x28  init_small.o [4]
  .far_func.text     ro code  0x00af8f    0x26  memcpy.o [4]
  .far_func.text     ro code  0x00afb5    0x25  stm8s_i2c.o [1]
  .far_func.text     ro code  0x00afda    0x25  stm8s_it.o [1]
  .far_func.text     ro code  0x00afff    0x25  stm8s_uart2.o [1]
  .far_func.text     ro code  0x00b024    0x22  stm8s_flash.o [1]
  .far_func.text     ro code  0x00b046    0x22  xwctomb.o [4]
  .far_func.text     ro code  0x00b068    0x22  xgetmemchunk.o [4]
  .far_func.text     ro code  0x00b08a    0x21  stm8s_flash.o [1]
  .far_func.text     ro code  0x00b0ab    0x20  stm8s_flash.o [1]
  .far_func.text     ro code  0x00b0cb    0x1e  stm8s_it.o [1]
  .far_func.text     ro code  0x00b0e9    0x1e  init.o [4]
  .far_func.text     ro code  0x00b107    0x1e  init_small.o [4]
  .far_func.text     ro code  0x00b125    0x1d  stm8s_tim2.o [1]
  .far_func.text     ro code  0x00b142    0x1d  stm8s_tim3.o [1]
  .far_func.text     ro code  0x00b15f    0x1d  xprout.o [4]
  .far_func.text     ro code  0x00b17c    0x1a  stm8s_flash.o [1]
  .far_func.text     ro code  0x00b196    0x1a  xprintfsmall.o [4]
  .far_func.text     ro code  0x00b1b0    0x19  xencoding_sb.o [4]
  .far_func.text     ro code  0x00b1c9    0x18  stm8s_flash.o [1]
  .far_func.text     ro code  0x00b1e1    0x18  stm8s_i2c.o [1]
  .far_func.text     ro code  0x00b1f9    0x18  stm8s_i2c.o [1]
  .far_func.text     ro code  0x00b211    0x18  stm8s_i2c.o [1]
  .far_func.text     ro code  0x00b229    0x17  cstartup.o [4]
  .far_func.text     ro code  0x00b240    0x16  xprintfsmall.o [4]
  .far_func.text     ro code  0x00b256    0x16  __dbg_xxexit.o [3]
  .far_func.text     ro code  0x00b26c    0x15  memchr.o [4]
  .far_func.text     ro code  0x00b281    0x15  strchr.o [4]
  .far_func.text     ro code  0x00b296    0x14  main.o [1]
  .far_func.text     ro code  0x00b2aa    0x13  main.o [1]
  .far_func.text     ro code  0x00b2bd    0x13  stm8s_flash.o [1]
  .far_func.text     ro code  0x00b2d0    0x13  xprintfsmall.o [4]
  .far_func.text     ro code  0x00b2e3    0x12  stm8s_i2c.o [1]
  .far_func.text     ro code  0x00b2f5    0x12  strlen.o [4]
  .far_func.text     ro code  0x00b307    0x10  xprintfsmall.o [4]
  .far_func.text     ro code  0x00b317     0xf  main.o [1]
  .far_func.text     ro code  0x00b326     0xe  xsprout.o [4]
  .far_func.text     ro code  0x00b334     0xe  setlocale.o [4]
  .far_func.text     ro code  0x00b342     0xd  move.o [4]
  .far_func.text     ro code  0x00b34f     0xc  main.o [1]
  .far_func.text     ro code  0x00b35b     0xc  main.o [1]
  .far_func.text     ro code  0x00b367     0xc  stm8s_clk.o [1]
  .far_func.text     ro code  0x00b373     0xc  stm8s_flash.o [1]
  .far_func.text     ro code  0x00b37f     0xc  stm8s_gpio.o [1]
  .far_func.text     ro code  0x00b38b     0xc  stm8s_i2c.o [1]
  .far_func.text     ro code  0x00b397     0xc  stm8s_i2c.o [1]
  .far_func.text     ro code  0x00b3a3     0xc  stm8s_tim2.o [1]
  .far_func.text     ro code  0x00b3af     0xc  stm8s_tim3.o [1]
  .far_func.text     ro code  0x00b3bb     0xc  stm8s_uart2.o [1]
  .far_func.text     ro code  0x00b3c7     0xc  xprintfsmall.o [4]
  .far_func.text     ro code  0x00b3d3     0xc  xprintfsmall.o [4]
  .far_func.text     ro code  0x00b3df     0xb  main.o [1]
  .far_func.text     ro code  0x00b3ea     0xb  main.o [1]
  .far_func.text     ro code  0x00b3f5     0xb  stm8s_clk.o [1]
  .far_func.text     ro code  0x00b400     0xb  xprintfsmall.o [4]
  .far_func.text     ro code  0x00b40b     0xb  setlocale.o [4]
  .far_func.text     ro code  0x00b416     0xa  main.o [1]
  .far_func.text     ro code  0x00b420     0xa  stm8s_tim2.o [1]
  .far_func.text     ro code  0x00b42a     0xa  stm8s_tim3.o [1]
  .far_func.text     ro code  0x00b434     0xa  xprintfsmall.o [4]
  .far_func.text     ro code  0x00b43e     0xa  far.o [4]
  .far_func.text     ro code  0x00b448     0xa  setlocale.o [4]
  .far_func.text     ro code  0x00b452     0x9  main.o [1]
  .far_func.text     ro code  0x00b45b     0x9  main.o [1]
  .far_func.text     ro code  0x00b464     0x9  main.o [1]
  .far_func.text     ro code  0x00b46d     0x9  main.o [1]
  .far_func.text     ro code  0x00b476     0x9  main.o [1]
  .far_func.text     ro code  0x00b47f     0x9  xprintfsmall.o [4]
  .far_func.text     ro code  0x00b488     0x9  xprintfsmall.o [4]
  .far_func.text     ro code  0x00b491     0x9  setlocale.o [4]
  .far_func.text     ro code  0x00b49a     0x8  xprintfsmall.o [4]
  .far_func.text     ro code  0x00b4a2     0x8  xxmemxmalloc.o [4]
  .far_func.text     ro code  0x00b4aa     0x8  putchar.o [4]
  .far_func.text     ro code  0x00b4b2     0x7  main.o [1]
  .far_func.text     ro code  0x00b4b9     0x7  xmbcurmax.o [4]
  .far_func.text     ro code  0x00b4c0     0x6  xprintfsmall.o [4]
  .far_func.text     ro code  0x00b4c6     0x6  cexit.o [4]
  .far_func.text     ro code  0x00b4cc     0x4  stm8s_gpio.o [1]
  .far_func.text     ro code  0x00b4d0     0x4  stm8s_i2c.o [1]
  .far_func.text     ro code  0x00b4d4     0x4  stm8s_i2c.o [1]
  .far_func.text     ro code  0x00b4d8     0x4  stm8s_uart2.o [1]
  .far_func.text     ro code  0x00b4dc     0x4  interrupt.o [4]
  .far_func.text     ro code  0x00b4e0     0x4  exit.o [4]
  .far_func.text     ro code  0x00b4e4     0x3  stm8s_gpio.o [1]
  .far_func.text     ro code  0x00b4e7     0x3  stm8s_gpio.o [1]
  .far_func.text     ro code  0x00b4ea     0x3  stm8s_gpio.o [1]
  .far_func.text     ro code  0x00b4ed     0x3  stm8s_gpio.o [1]
  .far_func.text     ro code  0x00b4f0     0x3  low_level_init.o [4]
  .far_func.text     ro code  0x00b4f3     0x3  unhandled_exception.o [4]
  .far_func.text     ro code  0x00b4f6     0x2  main.o [1]
  .far_func.text     ro code  0x00b4f8     0x1  stm8s_it.o [1]
  .far_func.text     ro code  0x00b4f9     0x1  stm8s_it.o [1]
  .far_func.text     ro code  0x00b4fa     0x1  stm8s_it.o [1]
  .far_func.text     ro code  0x00b4fb     0x1  stm8s_it.o [1]
  .far_func.text     ro code  0x00b4fc     0x1  stm8s_it.o [1]
  .far_func.text     ro code  0x00b4fd     0x1  stm8s_it.o [1]
  .far_func.text     ro code  0x00b4fe     0x1  stm8s_it.o [1]
  .far_func.text     ro code  0x00b4ff     0x1  stm8s_it.o [1]
  .far_func.text     ro code  0x00b500     0x1  stm8s_it.o [1]
  .far_func.text     ro code  0x00b501     0x1  stm8s_it.o [1]
  .far_func.text     ro code  0x00b502     0x1  stm8s_it.o [1]
  .far_func.text     ro code  0x00b503     0x1  stm8s_it.o [1]
  .far_func.text     ro code  0x00b504     0x1  stm8s_it.o [1]
  .far_func.text     ro code  0x00b505     0x1  stm8s_it.o [1]
  .far_func.text     ro code  0x00b506     0x1  stm8s_it.o [1]
  .far_func.text     ro code  0x00b507     0x1  stm8s_it.o [1]
  .far_func.text     ro code  0x00b508     0x1  stm8s_it.o [1]
  .far_func.text     ro code  0x00b509     0x1  stm8s_it.o [1]
  .far_func.text     ro code  0x00b50a     0x1  stm8s_it.o [1]
  .far_func.text     ro code  0x00b50b     0x1  __dbg_break.o [3]
                            - 0x00b50c  0x2fe5


*******************************************************************************
*** INIT TABLE
***

          Address   Size
          -------   ----
Zero (__iar_zero_init2)
    1 destination range, total size 0x9a:
          0x00003b  0x9a

Copy (__iar_copy_init2)
    1 source range, total size 0x2b:
          0x0084fc  0x2b
    1 destination range, total size 0x2b:
          0x000010  0x2b


*******************************************************************************
*** MODULE SUMMARY
***

    Module                 ro code  ro data  rw data
    ------                 -------  -------  -------
C:\Documents and Settings\Administrator\Desktop\stm8s105k-controller\Project\STM8S_StdPeriph_Template\EWSTM8\STM8S105\Obj: [1]
    main.o                   4 905      259       53
    stm8s_clk.o                529      118
    stm8s_flash.o              282      120
    stm8s_gpio.o               208      119
    stm8s_i2c.o                939      118
    stm8s_it.o                 384                 1
    stm8s_tim2.o               236      119
    stm8s_tim3.o               216      119
    stm8s_uart2.o               53      120
    ------------------------------------------------
    Total:                   7 752    1 092       54

command line: [2]
    ------------------------------------------------
    Total:

dbgstm8mmd.a: [3]
    __dbg_break.o                1
    __dbg_xxexit.o              22
    ------------------------------------------------
    Total:                      23

dlstm8mmf.a: [4]
    cexit.o                      6
    cstartup.o                  23
    exit.o                       4
    far.o                       10
    far_util.o                  52
    init.o                      30
    init_small.o                70
    interrupt.o                  4      128
    long.o                     346
    long_util.o                 62
    low_level_init.o             3
    memchr.o                    21
    memcpy.o                    38
    move.o                      13
    printf.o                    40
    putchar.o                    8
    setlocale.o                 44                17
    short.o                     79
    sprintf.o                   69
    strchr.o                    21
    strlen.o                    18
    unhandled_exception.o        3
    vreg_util.o                328
    vregs.o                                       16
    xencoding_sb.o              73       16
    xfiles.o                             40      120
    xgetmemchunk.o              34                 2
    xmbcurmax.o                  7
    xmbtowc.o                   41
    xprintfsmall.o           2 458       23
    xprout.o                    29
    xsprout.o                   14
    xwctomb.o                   34
    xxmemxfree.o               230
    xxmemxmalloc.o             274                 4
    ------------------------------------------------
    Total:                   4 486      207      159

    Linker created                       20    1 024
----------------------------------------------------
    Grand Total:            12 261    1 319    1 237


*******************************************************************************
*** ENTRY LIST
***

Entry                    Address   Size  Type      Object
-----                    -------   ----  ----      ------
?add32_l0_l0_0x         0x009e15         Code  Gb  long.o [4]
?add32_l0_l0_l1         0x009e12         Code  Gb  long.o [4]
?and32_l0_l0_0x         0x009f1b         Code  Gb  long.o [4]
?and32_l0_l0_l1         0x009f18         Code  Gb  long.o [4]
?b0                     0x000000         Data  Gb  vregs.o [4]
?b1                     0x000001         Data  Gb  vregs.o [4]
?b10                    0x00000a         Data  Gb  vregs.o [4]
?b11                    0x00000b         Data  Gb  vregs.o [4]
?b12                    0x00000c         Data  Gb  vregs.o [4]
?b13                    0x00000d         Data  Gb  vregs.o [4]
?b14                    0x00000e         Data  Gb  vregs.o [4]
?b15                    0x00000f         Data  Gb  vregs.o [4]
?b2                     0x000002         Data  Gb  vregs.o [4]
?b3                     0x000003         Data  Gb  vregs.o [4]
?b4                     0x000004         Data  Gb  vregs.o [4]
?b5                     0x000005         Data  Gb  vregs.o [4]
?b6                     0x000006         Data  Gb  vregs.o [4]
?b7                     0x000007         Data  Gb  vregs.o [4]
?b8                     0x000008         Data  Gb  vregs.o [4]
?b9                     0x000009         Data  Gb  vregs.o [4]
?e0                     0x000001         Data  Gb  vregs.o [4]
?e1                     0x000005         Data  Gb  vregs.o [4]
?e2                     0x000009         Data  Gb  vregs.o [4]
?e3                     0x00000d         Data  Gb  vregs.o [4]
?epilogue_l2            0x00a165         Code  Gb  vreg_util.o [4]
?epilogue_l2_l3         0x00a161         Code  Gb  vreg_util.o [4]
?epilogue_l2_w6         0x00a16a         Code  Gb  vreg_util.o [4]
?epilogue_w4            0x00a173         Code  Gb  vreg_util.o [4]
?l0                     0x000000         Data  Gb  vregs.o [4]
?l1                     0x000004         Data  Gb  vregs.o [4]
?l2                     0x000008         Data  Gb  vregs.o [4]
?l3                     0x00000c         Data  Gb  vregs.o [4]
?load24_0x_e0           0x00ae7a         Code  Gb  far_util.o [4]
?load24_e0_0x           0x00ae54         Code  Gb  far_util.o [4]
?load24_e1_0x           0x00ae62         Code  Gb  far_util.o [4]
?load24_xsp_e0          0x00ae70         Code  Gb  far_util.o [4]
?load32_0x_l0           0x00acc4         Code  Gb  long_util.o [4]
?load32_l0_0x           0x00acae         Code  Gb  long_util.o [4]
?load32_l0_asp          0x00aca2         Code  Gb  long_util.o [4]
?load32_l0_dbsp         0x00ac94         Code  Gb  long_util.o [4]
?load32_l0_xsp          0x00aca4         Code  Gb  long_util.o [4]
?load32_xsp_l0          0x00acba         Code  Gb  long_util.o [4]
?mov_e0_e2              0x00a1ac         Code  Gb  vreg_util.o [4]
?mov_e0_e3              0x00a1b9         Code  Gb  vreg_util.o [4]
?mov_e1_e0              0x00a1c6         Code  Gb  vreg_util.o [4]
?mov_e1_e2              0x00a1d3         Code  Gb  vreg_util.o [4]
?mov_e2_e0              0x00a1e0         Code  Gb  vreg_util.o [4]
?mov_e3_e0              0x00a1ed         Code  Gb  vreg_util.o [4]
?mov_l0_l2              0x00a1a9         Code  Gb  vreg_util.o [4]
?mov_l0_l3              0x00a1b6         Code  Gb  vreg_util.o [4]
?mov_l1_l0              0x00a1c3         Code  Gb  vreg_util.o [4]
?mov_l1_l2              0x00a1d0         Code  Gb  vreg_util.o [4]
?mov_l2_l0              0x00a1dd         Code  Gb  vreg_util.o [4]
?mov_l3_l0              0x00a1ea         Code  Gb  vreg_util.o [4]
?mov_w0_w4              0x00a178         Code  Gb  vreg_util.o [4]
?mov_w0_w5              0x00a17f         Code  Gb  vreg_util.o [4]
?mov_w1_w4              0x00a186         Code  Gb  vreg_util.o [4]
?mov_w1_w5              0x00a1af         Code  Gb  vreg_util.o [4]
?mov_w1_w7              0x00a1bc         Code  Gb  vreg_util.o [4]
?mov_w2_w1              0x00a18d         Code  Gb  vreg_util.o [4]
?mov_w3_w1              0x00a1c9         Code  Gb  vreg_util.o [4]
?mov_w3_w5              0x00a1d6         Code  Gb  vreg_util.o [4]
?mov_w4_w0              0x00a194         Code  Gb  vreg_util.o [4]
?mov_w4_w1              0x00a19b         Code  Gb  vreg_util.o [4]
?mov_w5_w0              0x00a1a2         Code  Gb  vreg_util.o [4]
?mov_w5_w1              0x00a1e3         Code  Gb  vreg_util.o [4]
?mov_w7_w1              0x00a1f0         Code  Gb  vreg_util.o [4]
?move1616_v_x_y_a       0x00b342         Code  Gb  move.o [4]
?mul16_x_x_w0           0x00ab36         Code  Gb  short.o [4]
?mul32_l0_l0_l1         0x009e2d         Code  Gb  long.o [4]
?neg32_l0_l0            0x009e02         Code  Gb  long.o [4]
?pop_l0                 0x00a129         Code  Gb  vreg_util.o [4]
?pop_l1                 0x00a134         Code  Gb  vreg_util.o [4]
?pop_l2                 0x00a13f         Code  Gb  vreg_util.o [4]
?pop_l3                 0x00a14a         Code  Gb  vreg_util.o [4]
?pop_w4                 0x00a0da         Code  Gb  vreg_util.o [4]
?pop_w6                 0x00a0e1         Code  Gb  vreg_util.o [4]
?push_l0                0x00a0f4         Code  Gb  vreg_util.o [4]
?push_l1                0x00a0f9         Code  Gb  vreg_util.o [4]
?push_l2                0x00a0fe         Code  Gb  vreg_util.o [4]
?push_l3                0x00a103         Code  Gb  vreg_util.o [4]
?push_w0                0x00a0af         Code  Gb  vreg_util.o [4]
?push_w2                0x00a0b4         Code  Gb  vreg_util.o [4]
?push_w4                0x00a0b9         Code  Gb  vreg_util.o [4]
?push_w6                0x00a0be         Code  Gb  vreg_util.o [4]
?sdiv16_x_x_y           0x00ab54         Code  Gb  short.o [4]
?sext32_l0_a            0x009f4f         Code  Gb  long.o [4]
?sext32_l0_x            0x009f44         Code  Gb  long.o [4]
?sll16_x_x_a            0x00ab7d         Code  Gb  short.o [4]
?sll32_0x_0x_a          0x009f36         Code  Gb  long.o [4]
?sll32_l0_l0_a          0x009f33         Code  Gb  long.o [4]
?smod16_y_x_y           0x00ab6d         Code  Gb  short.o [4]
?ucmp24_c_0x_e0         0x00b43e         Code  Gb  far.o [4]
?udiv32_l0_l0_l1        0x009eab         Code  Gb  long.o [4]
?umod32_l1_l0_l1        0x009eab         Code  Gb  long.o [4]
?w0                     0x000000         Data  Gb  vregs.o [4]
?w1                     0x000002         Data  Gb  vregs.o [4]
?w2                     0x000004         Data  Gb  vregs.o [4]
?w3                     0x000006         Data  Gb  vregs.o [4]
?w4                     0x000008         Data  Gb  vregs.o [4]
?w5                     0x00000a         Data  Gb  vregs.o [4]
?w6                     0x00000c         Data  Gb  vregs.o [4]
?w7                     0x00000e         Data  Gb  vregs.o [4]
ADC1_IRQHandler         0x00b508    0x1  Code  Gb  stm8s_it.o [1]
AWU_IRQHandler          0x00b4fa    0x1  Code  Gb  stm8s_it.o [1]
CLK_ClockSwitchConfig   0x00a3cc   0xd5  Code  Gb  stm8s_clk.o [1]
CLK_DeInit              0x00ad80   0x36  Code  Gb  stm8s_clk.o [1]
CLK_IRQHandler          0x00b4fb    0x1  Code  Gb  stm8s_it.o [1]
CLK_PeripheralClockConfig
                        0x00a7ed   0x91  Code  Gb  stm8s_clk.o [1]
CLK_SYSCLKConfig        0x00aa7f   0x5e  Code  Gb  stm8s_clk.o [1]
CSTACK$$Base            0x000600          --   Gb  - Linker created -
CSTACK$$Limit           0x000800          --   Gb  - Linker created -
Check_DS1307            0x0099e1   0x40  Code  Gb  main.o [1]
Clear_Line1             0x008966   0x13  Code  Gb  main.o [1]
Clear_Line2             0x008953   0x13  Code  Gb  main.o [1]
DS18Set                 0x009068   0x29  Code  Gb  main.o [1]
DS18_Read               0x009091   0x4a  Code  Gb  main.o [1]
DS18_Reset              0x009017   0x48  Code  Gb  main.o [1]
DS18_Write              0x008fd9   0x36  Code  Gb  main.o [1]
Delay1                  0x008527    0xe  Code  Gb  main.o [1]
Delay_us                0x008fd3    0x6  Code  Gb  main.o [1]
Display                 0x00a4a1   0xc5  Code  Gb  main.o [1]
EEPROM_EEC_IRQHandler   0x00b50a    0x1  Code  Gb  stm8s_it.o [1]
EEPROM_INIT             0x008c3b    0xf  Code  Gb  main.o [1]
EXTI_PORTA_IRQHandler   0x00b4fc    0x1  Code  Gb  stm8s_it.o [1]
EXTI_PORTB_IRQHandler   0x00b4fd    0x1  Code  Gb  stm8s_it.o [1]
EXTI_PORTC_IRQHandler   0x00b4fe    0x1  Code  Gb  stm8s_it.o [1]
EXTI_PORTD_IRQHandler   0x00b4ff    0x1  Code  Gb  stm8s_it.o [1]
EXTI_PORTE_IRQHandler   0x00b500    0x1  Code  Gb  stm8s_it.o [1]
FLASH_DeInit            0x00b1c9   0x18  Code  Gb  stm8s_flash.o [1]
FLASH_Lock              0x00b0ab   0x20  Code  Gb  stm8s_flash.o [1]
FLASH_ProgramByte       0x00ad0d   0x3a  Code  Gb  stm8s_flash.o [1]
FLASH_ReadByte          0x00aeea   0x2c  Code  Gb  stm8s_flash.o [1]
FLASH_SetProgrammingTime
                        0x00b024   0x22  Code  Gb  stm8s_flash.o [1]
FLASH_Unlock            0x00b08a   0x21  Code  Gb  stm8s_flash.o [1]
GPIO_Init               0x00a566   0xb4  Code  Gb  stm8s_gpio.o [1]
GPIO_ReadInputData      0x00b4ea    0x3  Code  Gb  stm8s_gpio.o [1]
GPIO_ReadInputPin       0x00b4ed    0x3  Code  Gb  stm8s_gpio.o [1]
GPIO_WriteHigh          0x00b4e4    0x3  Code  Gb  stm8s_gpio.o [1]
GPIO_WriteLow           0x00b4cc    0x4  Code  Gb  stm8s_gpio.o [1]
GPIO_WriteReverse       0x00b4e7    0x3  Code  Gb  stm8s_gpio.o [1]
GpioConfiguration       0x00a958   0x67  Code  Gb  main.o [1]
HEAP$$Base              0x0000d5          --   Gb  - Linker created -
HEAP$$Limit             0x0002d5          --   Gb  - Linker created -
I2C_AcknowledgeConfig   0x00ae20   0x34  Code  Gb  stm8s_i2c.o [1]
I2C_CheckEvent          0x00a61a   0xa6  Code  Gb  stm8s_i2c.o [1]
I2C_Cmd                 0x00b1e1   0x18  Code  Gb  stm8s_i2c.o [1]
I2C_DeInit              0x00afb5   0x25  Code  Gb  stm8s_i2c.o [1]
I2C_GenerateSTART       0x00b1f9   0x18  Code  Gb  stm8s_i2c.o [1]
I2C_GenerateSTOP        0x00b211   0x18  Code  Gb  stm8s_i2c.o [1]
I2C_GetFlagStatus       0x00a75a   0x93  Code  Gb  stm8s_i2c.o [1]
I2C_IRQHandler          0x00b506    0x1  Code  Gb  stm8s_it.o [1]
I2C_Init                0x009c95  0x16d  Code  Gb  stm8s_i2c.o [1]
I2C_RA                  0x0099b9   0x28  Code  Gb  main.o [1]
I2C_RD                  0x009996   0x23  Code  Gb  main.o [1]
I2C_ReceiveData         0x00b4d0    0x4  Code  Gb  stm8s_i2c.o [1]
I2C_Send7bitAddress     0x00ae88   0x32  Code  Gb  stm8s_i2c.o [1]
I2C_SendData            0x00b4d4    0x4  Code  Gb  stm8s_i2c.o [1]
I2C_Start               0x008a00   0x26  Code  Gb  main.o [1]
I2C_WA                  0x0089da   0x26  Code  Gb  main.o [1]
I2C_WD                  0x0089b6   0x24  Code  Gb  main.o [1]
INTVEC$$Base            0x008000          --   Gb  - Linker created -
INTVEC$$Limit           0x008080          --   Gb  - Linker created -
InitClk                 0x00ac56   0x3e  Code  Gb  main.o [1]
InitDelayTimer2         0x009222   0x1d  Code  Gb  main.o [1]
InitDelayTimer3         0x00920b   0x17  Code  Gb  main.o [1]
InitI2C                 0x009ad4   0x26  Code  Gb  main.o [1]
InitLcd                 0x009273   0x55  Code  Gb  main.o [1]
Key_Press               0x008914   0x3f  Code  Gb  main.o [1]
LCD                     0x0085da   0xcb  Code  Gb  main.o [1]
LCDData                 0x00859c    0xb  Code  Gb  main.o [1]
LCDDataOut              0x008545   0x57  Code  Gb  main.o [1]
LCDInstr                0x0085cf    0xb  Code  Gb  main.o [1]
LCDInstrNibble          0x009264    0xf  Code  Gb  main.o [1]
LoadInt                 0x00ab85   0x47  Code  Lc  xprintfsmall.o [4]
Menu                    0x008e13  0x18b  Code  Gb  main.o [1]
Power_Off               0x009afa    0xe  Code  Gb  main.o [1]
Power_On                0x009b08    0xe  Code  Gb  main.o [1]
PulseEnable             0x008535   0x10  Code  Gb  main.o [1]
ReadDS1307              0x009a3d   0x6d  Code  Gb  main.o [1]
Read_Allarm             0x00a8ee   0x6a  Code  Gb  main.o [1]
Read_DS18               0x0090fa   0x79  Code  Gb  main.o [1]
Region$$Table$$Base     0x0083cc          --   Gb  - Linker created -
Region$$Table$$Limit    0x0083e0          --   Gb  - Linker created -
SPI_IRQHandler          0x00b501    0x1  Code  Gb  stm8s_it.o [1]
Save_Status             0x009975    0xa  Code  Gb  main.o [1]
Set_Clock               0x008aa4  0x176  Code  Gb  main.o [1]
Set_DS1307              0x008a2d   0x6c  Code  Gb  main.o [1]
Set_Date                0x0087ad  0x15d  Code  Gb  main.o [1]
Set_Timer_Off           0x008c4a   0xac  Code  Gb  main.o [1]
Set_Timer_On            0x008d2a   0xa7  Code  Gb  main.o [1]
TIM1_CAP_COM_IRQHandler
                        0x00b503    0x1  Code  Gb  stm8s_it.o [1]
TIM1_UPD_OVF_TRG_BRK_IRQHandler
                        0x00b502    0x1  Code  Gb  stm8s_it.o [1]
TIM2_CAP_COM_IRQHandler
                        0x00b504    0x1  Code  Gb  stm8s_it.o [1]
TIM2_ClearITPendingBit  0x00b125   0x1d  Code  Gb  stm8s_tim2.o [1]
TIM2_Cmd                0x00aa07   0x18  Code  Gb  stm8s_tim2.o [1]
TIM2_DeInit             0x00aadd   0x59  Code  Gb  stm8s_tim2.o [1]
TIM2_ITConfig           0x00a9cb   0x3c  Code  Gb  stm8s_tim2.o [1]
TIM2_TimeBaseInit       0x00b420    0xa  Code  Gb  stm8s_tim2.o [1]
TIM2_UPD_OVF_BRK_IRQHandler
                        0x00acd2   0x3b  Code  Gb  stm8s_it.o [1]
TIM3_CAP_COM_IRQHandler
                        0x00b505    0x1  Code  Gb  stm8s_it.o [1]
TIM3_ClearITPendingBit  0x00b142   0x1d  Code  Gb  stm8s_tim3.o [1]
TIM3_Cmd                0x00aa67   0x18  Code  Gb  stm8s_tim3.o [1]
TIM3_DeInit             0x00abcc   0x45  Code  Gb  stm8s_tim3.o [1]
TIM3_ITConfig           0x00aa2b   0x3c  Code  Gb  stm8s_tim3.o [1]
TIM3_TimeBaseInit       0x00b42a    0xa  Code  Gb  stm8s_tim3.o [1]
TIM3_UPD_OVF_BRK_IRQHandler
                        0x00a1f7   0xef  Code  Gb  stm8s_it.o [1]
TIM4_UPD_OVF_IRQHandler
                        0x00b509    0x1  Code  Gb  stm8s_it.o [1]
TLI_IRQHandler          0x00b4f9    0x1  Code  Gb  stm8s_it.o [1]
TRAP_IRQHandler         0x00b4f8    0x1  Code  Gb  stm8s_it.o [1]
Time_Display            0x0000d3    0x1  Data  Gb  main.o [1]
UART2_ClearITPendingBit
                        0x00afff   0x25  Code  Gb  stm8s_uart2.o [1]
UART2_RX_IRQHandler     0x00afda   0x25  Code  Gb  stm8s_it.o [1]
UART2_ReceiveData8      0x00b4d8    0x4  Code  Gb  stm8s_uart2.o [1]
UART2_TX_IRQHandler     0x00b507    0x1  Code  Gb  stm8s_it.o [1]
_EncodingSb_Mbtowc      0x00aeba   0x30  Code  Gb  xencoding_sb.o [4]
_EncodingSb_Wctomb      0x00b1b0   0x19  Code  Gb  xencoding_sb.o [4]
_LitobSmall             0x009b16  0x17f  Code  Lc  xprintfsmall.o [4]
_LocaleEncoding         0x00b334    0xe  Code  Gb  setlocale.o [4]
_Locale_Profile         0x00008b    0xe  Data  Gb  setlocale.o [4]
_Mbtowc                 0x00af16   0x29  Code  Gb  xmbtowc.o [4]
_PrintfSmall            0x0092e4  0x4aa  Code  Gb  xprintfsmall.o [4]
_Prout                  0x00b15f   0x1d  Code  Gb  xprout.o [4]
_PutcharSmall           0x00ad47   0x39  Code  Lc  xprintfsmall.o [4]
_PutcharsSmall          0x00adeb   0x35  Code  Lc  xprintfsmall.o [4]
_PutstrSmall            0x00978e  0x1e7  Code  Lc  xprintfsmall.o [4]
_SProut                 0x00b326    0xe  Code  Gb  xsprout.o [4]
_Wctomb                 0x00b046   0x22  Code  Gb  xwctomb.o [4]
__DebugBreak            0x00b50b    0x1  Code  Gb  __dbg_break.o [3]
__exit                  0x00b256   0x16  Code  Gb  __dbg_xxexit.o [3]
__iar_Mbcurmax          0x00b4b9    0x7  Code  Gb  xmbcurmax.o [4]
__iar_Memchr            0x00b26c   0x15  Code  Gb  memchr.o [4]
__iar_Stdout            0x000010   0x28  Data  Gb  xfiles.o [4]
__iar_Strchr            0x00b281   0x15  Code  Gb  strchr.o [4]
__iar_Tls_setup__Locale_Profile
                        0x0000a5    0x3  Data  Gb  setlocale.o [4]
__iar_copy_init2        0x00af67         Code  Gb  init_small.o [4]
__iar_data_init2        0x00b0e9   0x1e  Code  Gb  init.o [4]
__iar_program_start     0x00b229         Code  Gb  cstartup.o [4]
__iar_unhandled_exception
                        0x00b4f3         Code  Gb  unhandled_exception.o [4]
__iar_zero_init2        0x00b107         Code  Gb  init_small.o [4]
__intvec                0x008000         Data  Gb  interrupt.o [4]
__low_level_init        0x00b4f0    0x3  Code  Gb  low_level_init.o [4]
__near_Aldata           0x0000a1    0x4  Data  Gb  xxmemxmalloc.o [4]
__near_GetMemChunk      0x00b068   0x22  Code  Gb  xgetmemchunk.o [4]
__near_findmem          0x00a87e   0x70  Code  Lc  xxmemxmalloc.o [4]
_exit                   0x00b4c6         Code  Gb  cexit.o [4]
_interrupt_1            0x00b4f8         Code  Gb  stm8s_it.o [1]
_interrupt_10           0x00b4dc         Code  Wk  interrupt.o [4]
_interrupt_11           0x00b4dc         Code  Wk  interrupt.o [4]
_interrupt_12           0x00b501         Code  Gb  stm8s_it.o [1]
_interrupt_13           0x00b502         Code  Gb  stm8s_it.o [1]
_interrupt_14           0x00b503         Code  Gb  stm8s_it.o [1]
_interrupt_15           0x00acd2         Code  Gb  stm8s_it.o [1]
_interrupt_16           0x00b504         Code  Gb  stm8s_it.o [1]
_interrupt_17           0x00a1f7         Code  Gb  stm8s_it.o [1]
_interrupt_18           0x00b505         Code  Gb  stm8s_it.o [1]
_interrupt_19           0x00b4dc         Code  Wk  interrupt.o [4]
_interrupt_2            0x00b4f9         Code  Gb  stm8s_it.o [1]
_interrupt_20           0x00b4dc         Code  Wk  interrupt.o [4]
_interrupt_21           0x00b506         Code  Gb  stm8s_it.o [1]
_interrupt_22           0x00b507         Code  Gb  stm8s_it.o [1]
_interrupt_23           0x00afda         Code  Gb  stm8s_it.o [1]
_interrupt_24           0x00b508         Code  Gb  stm8s_it.o [1]
_interrupt_25           0x00b509         Code  Gb  stm8s_it.o [1]
_interrupt_26           0x00b50a         Code  Gb  stm8s_it.o [1]
_interrupt_27           0x00b4dc         Code  Wk  interrupt.o [4]
_interrupt_28           0x00b4dc         Code  Wk  interrupt.o [4]
_interrupt_29           0x00b4dc         Code  Wk  interrupt.o [4]
_interrupt_3            0x00b4fa         Code  Gb  stm8s_it.o [1]
_interrupt_30           0x00b4dc         Code  Wk  interrupt.o [4]
_interrupt_31           0x00b4dc         Code  Wk  interrupt.o [4]
_interrupt_4            0x00b4fb         Code  Gb  stm8s_it.o [1]
_interrupt_5            0x00b4fc         Code  Gb  stm8s_it.o [1]
_interrupt_6            0x00b4fd         Code  Gb  stm8s_it.o [1]
_interrupt_7            0x00b4fe         Code  Gb  stm8s_it.o [1]
_interrupt_8            0x00b4ff         Code  Gb  stm8s_it.o [1]
_interrupt_9            0x00b500         Code  Gb  stm8s_it.o [1]
adj                     0x008758   0x55  Code  Gb  main.o [1]
assert_failed           0x00b4f6    0x2  Code  Gb  main.o [1]
bcd2hex                 0x00997f   0x17  Code  Gb  main.o [1]
change                  0x0000d2    0x1  Data  Gb  main.o [1]
convert_tobcd           0x00899f   0x17  Code  Gb  main.o [1]
count                   0x0000bb    0x1  Data  Gb  main.o [1]
d                       0x0000c3    0x1  Data  Gb  main.o [1]
daily_dispaly           0x0000cd    0x1  Data  Gb  main.o [1]
daily_hour_off          0x0000c6    0x1  Data  Gb  main.o [1]
daily_hour_on           0x0000c4    0x1  Data  Gb  main.o [1]
daily_minute_off        0x0000c7    0x1  Data  Gb  main.o [1]
daily_minute_on         0x0000c5    0x1  Data  Gb  main.o [1]
date                    0x000039    0x1  Data  Gb  main.o [1]
days                    0x000038    0x1  Data  Gb  main.o [1]
ds_temperature          0x0000d1    0x1  Data  Gb  main.o [1]
error                   0x0000c0    0x1  Data  Gb  main.o [1]
exit                    0x00b4e0    0x4  Code  Gb  exit.o [4]
fputc                   0x0086a5   0x12  Code  Gb  main.o [1]
free                    0x00a2e6   0xe6  Code  Gb  xxmemxfree.o [4]
hours                   0x0000be    0x1  Data  Gb  main.o [1]
key_minus_on            0x0086e6   0x2d  Code  Gb  main.o [1]
key_ok_on               0x0086b7   0x2f  Code  Gb  main.o [1]
key_plus_on             0x00871d   0x2d  Code  Gb  main.o [1]
line1                   0x000099    0x8  Data  Gb  main.o [1]
line_lcd                0x0000ba    0x1  Data  Gb  main.o [1]
m                       0x0000c2    0x1  Data  Gb  main.o [1]
main                    0x009f5c  0x153  Code  Gb  main.o [1]
malloc                  0x00a6c0   0x9a  Code  Gb  xxmemxmalloc.o [4]
memcpy                  0x00af8f   0x26  Code  Gb  memcpy.o [4]
minutes                 0x0000bd    0x1  Data  Gb  main.o [1]
month                   0x00003a    0x1  Data  Gb  main.o [1]
month_display           0x0000ce    0x1  Data  Gb  main.o [1]
monthly_date            0x0000ca    0x1  Data  Gb  main.o [1]
monthly_month           0x0000c9    0x1  Data  Gb  main.o [1]
monthly_year            0x0000c8    0x1  Data  Gb  main.o [1]
obuf                    0x00003b   0x50  Data  Lc  xfiles.o [4]
pad                     0x00adb6   0x35  Code  Lc  xprintfsmall.o [4]
printf                  0x00af3f   0x28  Code  Gb  printf.o [4]
putchar                 0x00b4aa    0x8  Code  Gb  putchar.o [4]
result1                 0x0000cb    0x1  Data  Gb  main.o [1]
result2                 0x0000cc    0x1  Data  Gb  main.o [1]
rx_data                 0x0000b9    0x1  Data  Gb  main.o [1]
seconds                 0x0000bc    0x1  Data  Gb  main.o [1]
sprintf                 0x00ac11   0x45  Code  Gb  sprintf.o [4]
status                  0x0000b4    0x2  Data  Gb  main.o [1]
status_check            0x0000b2    0x2  Data  Gb  main.o [1]
strlen                  0x00b2f5   0x12  Code  Gb  strlen.o [4]
sync                    0x0000d4    0x1  Data  Gb  stm8s_it.o [1]
sync_display            0x0000cf    0x1  Data  Gb  main.o [1]
sync_time_ds1307        0x0000d0    0x1  Data  Gb  main.o [1]
temperature             0x00918d   0x3f  Code  Gb  main.o [1]
time_off                0x0000b0    0x2  Data  Gb  main.o [1]
time_on                 0x0000ae    0x2  Data  Gb  main.o [1]
timeout                 0x0000b8    0x1  Data  Gb  main.o [1]
timer1                  0x0000a8    0x2  Data  Gb  main.o [1]
timer2                  0x0000aa    0x2  Data  Gb  main.o [1]
timer3                  0x0000ac    0x2  Data  Gb  main.o [1]
y                       0x0000c1    0x1  Data  Gb  main.o [1]
year                    0x0000bf    0x1  Data  Gb  main.o [1]


[1] = C:\Documents and Settings\Administrator\Desktop\stm8s105k-controller\Project\STM8S_StdPeriph_Template\EWSTM8\STM8S105\Obj
[2] = command line
[3] = dbgstm8mmd.a
[4] = dlstm8mmf.a

  12 261 bytes of readonly  code memory
   1 319 bytes of readonly  data memory
   1 237 bytes of readwrite data memory

Errors: none
Warnings: none
