###############################################################################
#                                                                             #
# IAR ELF Linker V1.30.1.50036 for STM8                 18/Sep/2013  21:49:30 #
# Copyright 2010-2011 IAR Systems AB.                                         #
#                                                                             #
#    Output file  =  C:\Documents and Settings\Administrator\Desktop\stm8s105 #
#                    k-controller\Project\STM8S_StdPeriph_Template\EWSTM8\STM #
#                    8S105\Exe\Project.out                                    #
#    Map file     =  C:\Documents and Settings\Administrator\Desktop\stm8s105 #
#                    k-controller\Project\STM8S_StdPeriph_Template\EWSTM8\STM #
#                    8S105\List\Project.map                                   #
#    Command line =  "C:\Documents and Settings\Administrator\Desktop\stm8s10 #
#                    5k-controller\Project\STM8S_StdPeriph_Template\EWSTM8\ST #
#                    M8S105\Obj\main.o" "C:\Documents and                     #
#                    Settings\Administrator\Desktop\stm8s105k-controller\Proj #
#                    ect\STM8S_StdPeriph_Template\EWSTM8\STM8S105\Obj\stm8s_a #
#                    dc1.o" "C:\Documents and Settings\Administrator\Desktop\ #
#                    stm8s105k-controller\Project\STM8S_StdPeriph_Template\EW #
#                    STM8\STM8S105\Obj\stm8s_awu.o" "C:\Documents and         #
#                    Settings\Administrator\Desktop\stm8s105k-controller\Proj #
#                    ect\STM8S_StdPeriph_Template\EWSTM8\STM8S105\Obj\stm8s_b #
#                    eep.o" "C:\Documents and Settings\Administrator\Desktop\ #
#                    stm8s105k-controller\Project\STM8S_StdPeriph_Template\EW #
#                    STM8\STM8S105\Obj\stm8s_clk.o" "C:\Documents and         #
#                    Settings\Administrator\Desktop\stm8s105k-controller\Proj #
#                    ect\STM8S_StdPeriph_Template\EWSTM8\STM8S105\Obj\stm8s_e #
#                    xti.o" "C:\Documents and Settings\Administrator\Desktop\ #
#                    stm8s105k-controller\Project\STM8S_StdPeriph_Template\EW #
#                    STM8\STM8S105\Obj\stm8s_flash.o" "C:\Documents and       #
#                    Settings\Administrator\Desktop\stm8s105k-controller\Proj #
#                    ect\STM8S_StdPeriph_Template\EWSTM8\STM8S105\Obj\stm8s_g #
#                    pio.o" "C:\Documents and Settings\Administrator\Desktop\ #
#                    stm8s105k-controller\Project\STM8S_StdPeriph_Template\EW #
#                    STM8\STM8S105\Obj\stm8s_i2c.o" "C:\Documents and         #
#                    Settings\Administrator\Desktop\stm8s105k-controller\Proj #
#                    ect\STM8S_StdPeriph_Template\EWSTM8\STM8S105\Obj\stm8s_i #
#                    t.o" "C:\Documents and Settings\Administrator\Desktop\st #
#                    m8s105k-controller\Project\STM8S_StdPeriph_Template\EWST #
#                    M8\STM8S105\Obj\stm8s_itc.o" "C:\Documents and           #
#                    Settings\Administrator\Desktop\stm8s105k-controller\Proj #
#                    ect\STM8S_StdPeriph_Template\EWSTM8\STM8S105\Obj\stm8s_i #
#                    wdg.o" "C:\Documents and Settings\Administrator\Desktop\ #
#                    stm8s105k-controller\Project\STM8S_StdPeriph_Template\EW #
#                    STM8\STM8S105\Obj\stm8s_rst.o" "C:\Documents and         #
#                    Settings\Administrator\Desktop\stm8s105k-controller\Proj #
#                    ect\STM8S_StdPeriph_Template\EWSTM8\STM8S105\Obj\stm8s_s #
#                    pi.o" "C:\Documents and Settings\Administrator\Desktop\s #
#                    tm8s105k-controller\Project\STM8S_StdPeriph_Template\EWS #
#                    TM8\STM8S105\Obj\stm8s_tim1.o" "C:\Documents and         #
#                    Settings\Administrator\Desktop\stm8s105k-controller\Proj #
#                    ect\STM8S_StdPeriph_Template\EWSTM8\STM8S105\Obj\stm8s_t #
#                    im2.o" "C:\Documents and Settings\Administrator\Desktop\ #
#                    stm8s105k-controller\Project\STM8S_StdPeriph_Template\EW #
#                    STM8\STM8S105\Obj\stm8s_tim3.o" "C:\Documents and        #
#                    Settings\Administrator\Desktop\stm8s105k-controller\Proj #
#                    ect\STM8S_StdPeriph_Template\EWSTM8\STM8S105\Obj\stm8s_t #
#                    im4.o" "C:\Documents and Settings\Administrator\Desktop\ #
#                    stm8s105k-controller\Project\STM8S_StdPeriph_Template\EW #
#                    STM8\STM8S105\Obj\stm8s_uart2.o" "C:\Documents and       #
#                    Settings\Administrator\Desktop\stm8s105k-controller\Proj #
#                    ect\STM8S_StdPeriph_Template\EWSTM8\STM8S105\Obj\stm8s_w #
#                    wdg.o" --redirect _Printf=_PrintfSmall --redirect        #
#                    _Scanf=_ScanfSmall -o "C:\Documents and                  #
#                    Settings\Administrator\Desktop\stm8s105k-controller\Proj #
#                    ect\STM8S_StdPeriph_Template\EWSTM8\STM8S105\Exe\Project #
#                    .out" --map "C:\Documents and                            #
#                    Settings\Administrator\Desktop\stm8s105k-controller\Proj #
#                    ect\STM8S_StdPeriph_Template\EWSTM8\STM8S105\List\Projec #
#                    t.map" --config "C:\Program Files\IAR Systems\Embedded   #
#                    Workbench 6.0\stm8\config\lnkstm8s105k4.icf"             #
#                    --config_def _CSTACK_SIZE=0x200 --config_def             #
#                    _HEAP_SIZE=0x200 --entry __iar_program_start --debug_lib #
#                                                                             #
#                                                                             #
###############################################################################

*******************************************************************************
*** RUNTIME MODEL ATTRIBUTES
***

__Heap_Handler             = Basic
__SystemLibrary            = DLib
__code_model               = medium_or_large
__core                     = stm8
__data_model               = medium
__dlib_file_descriptor     = 1
__dlib_full_locale_support = 1
__rt_version               = 4


*******************************************************************************
*** PLACEMENT SUMMARY
***

"A1":  place at start of [0x000000-0x0000ff] { rw section .vregs };
"A2":  place at end of [0x000000-0x0007ff] { block CSTACK };
"P2":  place in [from 0x000000 to 0x0007ff] {
          block HEAP, rw section .far.bss, rw section .far.data,
          rw section .far.noinit, rw section .far_func.textrw,
          rw section .huge.bss, rw section .huge.data, rw section .huge.noinit,
          rw section .huge_func.textrw, rw section .iar.dynexit,
          rw section .near.bss, rw section .near.data, rw section .near.noinit,
          rw section .near_func.textrw };
"A3":  place at start of [0x008000-0x00bfff] { block INTVEC };
"P3":  place in [from 0x008000 to 0x00bfff] {
          ro section .far.data_init, ro section .far_func.textrw_init,
          ro section .huge.data_init, ro section .huge_func.textrw_init,
          ro section .iar.init_table, ro section .init_array,
          ro section .near.data_init, ro section .near.rodata,
          ro section .near_func.text, ro section .near_func.textrw_init,
          ro section .tiny.data_init, ro section .tiny.rodata_init };
"P4":  place in [from 0x008000 to 0x00bfff] {
          ro section .far.rodata, ro section .far_func.text };

  Section            Kind      Address    Size  Object
  -------            ----      -------    ----  ------
"A1":                                     0x10
  .vregs             uninit   0x000000    0x10  vregs.o [4]
                            - 0x000010    0x10

"P2", part 1 of 3:                        0x2b
  P2 s0                       0x000010    0x2b  <Init block>
    .near.data       inited   0x000010    0x28  xfiles.o [4]
    .near.data       inited   0x000038     0x1  main.o [1]
    .near.data       inited   0x000039     0x1  main.o [1]
    .near.data       inited   0x00003a     0x1  main.o [1]
                            - 0x00003b    0x2b

"P2", part 2 of 3:                        0xbb
  .near.bss          zero     0x00003b    0x50  xfiles.o [4]
  .near.bss          zero     0x00008b    0x28  main.o [1]
  .near.bss          zero     0x0000b3     0xe  setlocale.o [4]
  .near.bss          zero     0x0000c1     0xa  main.o [1]
  .near.bss          zero     0x0000cb     0x4  xxmemxmalloc.o [4]
  .near.bss          zero     0x0000cf     0x3  setlocale.o [4]
  .near.bss          zero     0x0000d2     0x2  main.o [1]
  .near.bss          zero     0x0000d4     0x2  main.o [1]
  .near.bss          zero     0x0000d6     0x2  main.o [1]
  .near.bss          zero     0x0000d8     0x2  main.o [1]
  .near.bss          zero     0x0000da     0x2  main.o [1]
  .near.bss          zero     0x0000dc     0x2  main.o [1]
  .near.bss          zero     0x0000de     0x2  main.o [1]
  .near.bss          zero     0x0000e0     0x2  main.o [1]
  .near.bss          zero     0x0000e2     0x2  xgetmemchunk.o [4]
  .near.bss          zero     0x0000e4     0x1  main.o [1]
  .near.bss          zero     0x0000e5     0x1  main.o [1]
  .near.bss          zero     0x0000e6     0x1  main.o [1]
  .near.bss          zero     0x0000e7     0x1  main.o [1]
  .near.bss          zero     0x0000e8     0x1  main.o [1]
  .near.bss          zero     0x0000e9     0x1  main.o [1]
  .near.bss          zero     0x0000ea     0x1  main.o [1]
  .near.bss          zero     0x0000eb     0x1  main.o [1]
  .near.bss          zero     0x0000ec     0x1  main.o [1]
  .near.bss          zero     0x0000ed     0x1  main.o [1]
  .near.bss          zero     0x0000ee     0x1  main.o [1]
  .near.bss          zero     0x0000ef     0x1  main.o [1]
  .near.bss          zero     0x0000f0     0x1  main.o [1]
  .near.bss          zero     0x0000f1     0x1  main.o [1]
  .near.bss          zero     0x0000f2     0x1  main.o [1]
  .near.bss          zero     0x0000f3     0x1  main.o [1]
  .near.bss          zero     0x0000f4     0x1  main.o [1]
  .near.bss          zero     0x0000f5     0x1  main.o [1]
                            - 0x0000f6    0xbb

"P2", part 3 of 3:                       0x200
  HEAP                        0x0000f6   0x200  <Block>
    HEAP             uninit   0x0000f6   0x200  <Block tail>
                            - 0x0002f6   0x200

"A2":                                    0x200
  CSTACK                      0x000600   0x200  <Block>
    CSTACK           uninit   0x000600   0x200  <Block tail>
                            - 0x000800   0x200

"A3":                                     0x80
  INTVEC                      0x008000    0x80  <Block>
    .intvec          const    0x008000    0x80  interrupt.o [4]
                            - 0x008080    0x80

"P3":                                    0x513
  .near.rodata       const    0x008080    0x78  stm8s_flash.o [1]
  .near.rodata       const    0x0080f8    0x78  stm8s_uart2.o [1]
  .near.rodata       const    0x008170    0x77  stm8s_adc1.o [1]
  .near.rodata       const    0x0081e7    0x77  stm8s_gpio.o [1]
  .near.rodata       const    0x00825e    0x77  stm8s_tim2.o [1]
  .near.rodata       const    0x0082d5    0x77  stm8s_tim3.o [1]
  .near.rodata       const    0x00834c    0x76  stm8s_clk.o [1]
  .near.rodata       const    0x0083c2    0x76  stm8s_i2c.o [1]
  .iar.init_table    const    0x008438    0x14  - Linker created -
  .near.rodata       const    0x00844c    0x10  main.o [1]
  .near.rodata       const    0x00845c     0xb  main.o [1]
  .near.rodata       const    0x008467     0xb  main.o [1]
  .near.rodata       const    0x008472     0xa  main.o [1]
  .near.rodata       const    0x00847c     0xa  main.o [1]
  .near.rodata       const    0x008486     0xa  main.o [1]
  .near.rodata       const    0x008490     0xa  main.o [1]
  .near.rodata       const    0x00849a     0xa  main.o [1]
  .near.rodata       const    0x0084a4     0xa  main.o [1]
  .near.rodata       const    0x0084ae     0xa  main.o [1]
  .near.rodata       const    0x0084b8     0xa  main.o [1]
  .near.rodata       const    0x0084c2     0xa  main.o [1]
  .near.rodata       const    0x0084cc     0xa  main.o [1]
  .near.rodata       const    0x0084d6     0x9  main.o [1]
  .near.rodata       const    0x0084df     0x9  main.o [1]
  .near.rodata       const    0x0084e8     0x9  main.o [1]
  .near.rodata       const    0x0084f1     0x8  main.o [1]
  .near.rodata       const    0x0084f9     0x8  main.o [1]
  .near.rodata       const    0x008501     0x8  main.o [1]
  .near.rodata       const    0x008509     0x8  main.o [1]
  .near.rodata       const    0x008511     0x8  xprintfsmall.o [4]
  .near.rodata       const    0x008519     0x8  xprintfsmall.o [4]
  .near.rodata       const    0x008521     0x8  xencoding_sb.o [4]
  .near.rodata       const    0x008529     0x8  xencoding_sb.o [4]
  .near.rodata       const    0x008531     0x7  main.o [1]
  .near.rodata       const    0x008538     0x7  main.o [1]
  .near.rodata       const    0x00853f     0x7  main.o [1]
  .near.rodata       const    0x008546     0x7  main.o [1]
  .near.rodata       const    0x00854d     0x7  main.o [1]
  .near.rodata       const    0x008554     0x7  main.o [1]
  .near.rodata       const    0x00855b     0x7  xprintfsmall.o [4]
  .near.rodata       const    0x008562     0x6  main.o [1]
  Initializer bytes  ro data  0x008568    0x2b  <for P2 s0>
                            - 0x008593   0x513

"P4":                                   0x2cf3
  .far_func.text     ro code  0x008593   0xac7  main.o [1]
  .far_func.text     ro code  0x00905a   0x4aa  xprintfsmall.o [4]
  .far_func.text     ro code  0x009504   0x1e7  xprintfsmall.o [4]
  .far_func.text     ro code  0x0096eb   0x1df  main.o [1]
  .far_func.text     ro code  0x0098ca   0x17f  xprintfsmall.o [4]
  .far_func.text     ro code  0x009a49   0x16d  stm8s_i2c.o [1]
  .far_func.text     ro code  0x009bb6   0x15a  long.o [4]
  .far_func.text     ro code  0x009d10   0x155  main.o [1]
  .far_func.text     ro code  0x009e65   0x143  vreg_util.o [4]
  .far_func.text     ro code  0x009fa8    0xe6  xxmemxfree.o [4]
  .far_func.text     ro code  0x00a08e    0xd5  stm8s_clk.o [1]
  .far_func.text     ro code  0x00a163    0xb4  stm8s_gpio.o [1]
  .far_func.text     ro code  0x00a217    0xa6  stm8s_i2c.o [1]
  .far_func.text     ro code  0x00a2bd    0x9a  xxmemxmalloc.o [4]
  .far_func.text     ro code  0x00a357    0x93  stm8s_i2c.o [1]
  .far_func.text     ro code  0x00a3ea    0x91  stm8s_clk.o [1]
  .far_func.text     ro code  0x00a47b    0x7b  main.o [1]
  .far_func.text     ro code  0x00a4f6    0x70  xxmemxmalloc.o [4]
  .far_func.text     ro code  0x00a566    0x67  main.o [1]
  .far_func.text     ro code  0x00a5cd    0x67  stm8s_it.o [1]
  .far_func.text     ro code  0x00a634    0x60  stm8s_tim2.o [1]
  .far_func.text     ro code  0x00a694    0x60  stm8s_tim3.o [1]
  .far_func.text     ro code  0x00a6f4    0x5e  stm8s_clk.o [1]
  .far_func.text     ro code  0x00a752    0x59  stm8s_tim2.o [1]
  .far_func.text     ro code  0x00a7ab    0x47  xprintfsmall.o [4]
  .far_func.text     ro code  0x00a7f2    0x45  stm8s_tim3.o [1]
  .far_func.text     ro code  0x00a837    0x45  sprintf.o [4]
  .far_func.text     ro code  0x00a87c    0x3f  main.o [1]
  .far_func.text     ro code  0x00a8bb    0x3f  short.o [4]
  .far_func.text     ro code  0x00a8fa    0x3e  long_util.o [4]
  .far_func.text     ro code  0x00a938    0x3b  stm8s_it.o [1]
  .far_func.text     ro code  0x00a973    0x3a  stm8s_flash.o [1]
  .far_func.text     ro code  0x00a9ad    0x39  xprintfsmall.o [4]
  .far_func.text     ro code  0x00a9e6    0x38  main.o [1]
  .far_func.text     ro code  0x00aa1e    0x36  stm8s_clk.o [1]
  .far_func.text     ro code  0x00aa54    0x35  xprintfsmall.o [4]
  .far_func.text     ro code  0x00aa89    0x35  xprintfsmall.o [4]
  .far_func.text     ro code  0x00aabe    0x34  stm8s_i2c.o [1]
  .far_func.text     ro code  0x00aaf2    0x34  far_util.o [4]
  .far_func.text     ro code  0x00ab26    0x32  stm8s_i2c.o [1]
  .far_func.text     ro code  0x00ab58    0x30  xencoding_sb.o [4]
  .far_func.text     ro code  0x00ab88    0x2f  main.o [1]
  .far_func.text     ro code  0x00abb7    0x2d  main.o [1]
  .far_func.text     ro code  0x00abe4    0x2d  main.o [1]
  .far_func.text     ro code  0x00ac11    0x2c  stm8s_flash.o [1]
  .far_func.text     ro code  0x00ac3d    0x29  xmbtowc.o [4]
  .far_func.text     ro code  0x00ac66    0x28  printf.o [4]
  .far_func.text     ro code  0x00ac8e    0x28  init_small.o [4]
  .far_func.text     ro code  0x00acb6    0x26  main.o [1]
  .far_func.text     ro code  0x00acdc    0x26  memcpy.o [4]
  .far_func.text     ro code  0x00ad02    0x25  stm8s_i2c.o [1]
  .far_func.text     ro code  0x00ad27    0x25  stm8s_it.o [1]
  .far_func.text     ro code  0x00ad4c    0x25  stm8s_uart2.o [1]
  .far_func.text     ro code  0x00ad71    0x22  stm8s_flash.o [1]
  .far_func.text     ro code  0x00ad93    0x22  xwctomb.o [4]
  .far_func.text     ro code  0x00adb5    0x22  xgetmemchunk.o [4]
  .far_func.text     ro code  0x00add7    0x21  stm8s_flash.o [1]
  .far_func.text     ro code  0x00adf8    0x20  stm8s_flash.o [1]
  .far_func.text     ro code  0x00ae18    0x1e  init.o [4]
  .far_func.text     ro code  0x00ae36    0x1e  init_small.o [4]
  .far_func.text     ro code  0x00ae54    0x1d  stm8s_tim2.o [1]
  .far_func.text     ro code  0x00ae71    0x1d  stm8s_tim3.o [1]
  .far_func.text     ro code  0x00ae8e    0x1d  xprout.o [4]
  .far_func.text     ro code  0x00aeab    0x1a  stm8s_flash.o [1]
  .far_func.text     ro code  0x00aec5    0x1a  xprintfsmall.o [4]
  .far_func.text     ro code  0x00aedf    0x19  xencoding_sb.o [4]
  .far_func.text     ro code  0x00aef8    0x18  stm8s_adc1.o [1]
  .far_func.text     ro code  0x00af10    0x18  stm8s_flash.o [1]
  .far_func.text     ro code  0x00af28    0x18  stm8s_i2c.o [1]
  .far_func.text     ro code  0x00af40    0x18  stm8s_i2c.o [1]
  .far_func.text     ro code  0x00af58    0x18  stm8s_i2c.o [1]
  .far_func.text     ro code  0x00af70    0x17  main.o [1]
  .far_func.text     ro code  0x00af87    0x17  cstartup.o [4]
  .far_func.text     ro code  0x00af9e    0x16  xprintfsmall.o [4]
  .far_func.text     ro code  0x00afb4    0x16  __dbg_xxexit.o [3]
  .far_func.text     ro code  0x00afca    0x15  memchr.o [4]
  .far_func.text     ro code  0x00afdf    0x15  strchr.o [4]
  .far_func.text     ro code  0x00aff4    0x13  stm8s_flash.o [1]
  .far_func.text     ro code  0x00b007    0x13  xprintfsmall.o [4]
  .far_func.text     ro code  0x00b01a    0x12  main.o [1]
  .far_func.text     ro code  0x00b02c    0x12  stm8s_i2c.o [1]
  .far_func.text     ro code  0x00b03e    0x12  strlen.o [4]
  .far_func.text     ro code  0x00b050    0x10  xprintfsmall.o [4]
  .far_func.text     ro code  0x00b060     0xf  main.o [1]
  .far_func.text     ro code  0x00b06f     0xe  main.o [1]
  .far_func.text     ro code  0x00b07d     0xe  xsprout.o [4]
  .far_func.text     ro code  0x00b08b     0xe  setlocale.o [4]
  .far_func.text     ro code  0x00b099     0xd  move.o [4]
  .far_func.text     ro code  0x00b0a6     0xc  main.o [1]
  .far_func.text     ro code  0x00b0b2     0xc  stm8s_adc1.o [1]
  .far_func.text     ro code  0x00b0be     0xc  stm8s_clk.o [1]
  .far_func.text     ro code  0x00b0ca     0xc  stm8s_flash.o [1]
  .far_func.text     ro code  0x00b0d6     0xc  stm8s_gpio.o [1]
  .far_func.text     ro code  0x00b0e2     0xc  stm8s_i2c.o [1]
  .far_func.text     ro code  0x00b0ee     0xc  stm8s_i2c.o [1]
  .far_func.text     ro code  0x00b0fa     0xc  stm8s_tim2.o [1]
  .far_func.text     ro code  0x00b106     0xc  stm8s_tim3.o [1]
  .far_func.text     ro code  0x00b112     0xc  stm8s_uart2.o [1]
  .far_func.text     ro code  0x00b11e     0xc  xprintfsmall.o [4]
  .far_func.text     ro code  0x00b12a     0xc  xprintfsmall.o [4]
  .far_func.text     ro code  0x00b136     0xb  main.o [1]
  .far_func.text     ro code  0x00b141     0xb  main.o [1]
  .far_func.text     ro code  0x00b14c     0xb  stm8s_clk.o [1]
  .far_func.text     ro code  0x00b157     0xb  xprintfsmall.o [4]
  .far_func.text     ro code  0x00b162     0xb  setlocale.o [4]
  .far_func.text     ro code  0x00b16d     0xa  main.o [1]
  .far_func.text     ro code  0x00b177     0xa  main.o [1]
  .far_func.text     ro code  0x00b181     0xa  main.o [1]
  .far_func.text     ro code  0x00b18b     0xa  stm8s_tim2.o [1]
  .far_func.text     ro code  0x00b195     0xa  stm8s_tim3.o [1]
  .far_func.text     ro code  0x00b19f     0xa  xprintfsmall.o [4]
  .far_func.text     ro code  0x00b1a9     0xa  far.o [4]
  .far_func.text     ro code  0x00b1b3     0xa  setlocale.o [4]
  .far_func.text     ro code  0x00b1bd     0x9  main.o [1]
  .far_func.text     ro code  0x00b1c6     0x9  main.o [1]
  .far_func.text     ro code  0x00b1cf     0x9  main.o [1]
  .far_func.text     ro code  0x00b1d8     0x9  main.o [1]
  .far_func.text     ro code  0x00b1e1     0x9  xprintfsmall.o [4]
  .far_func.text     ro code  0x00b1ea     0x9  xprintfsmall.o [4]
  .far_func.text     ro code  0x00b1f3     0x9  setlocale.o [4]
  .far_func.text     ro code  0x00b1fc     0x8  xprintfsmall.o [4]
  .far_func.text     ro code  0x00b204     0x8  xxmemxmalloc.o [4]
  .far_func.text     ro code  0x00b20c     0x8  putchar.o [4]
  .far_func.text     ro code  0x00b214     0x7  main.o [1]
  .far_func.text     ro code  0x00b21b     0x7  main.o [1]
  .far_func.text     ro code  0x00b222     0x7  main.o [1]
  .far_func.text     ro code  0x00b229     0x7  main.o [1]
  .far_func.text     ro code  0x00b230     0x7  xmbcurmax.o [4]
  .far_func.text     ro code  0x00b237     0x6  xprintfsmall.o [4]
  .far_func.text     ro code  0x00b23d     0x6  cexit.o [4]
  .far_func.text     ro code  0x00b243     0x5  stm8s_adc1.o [1]
  .far_func.text     ro code  0x00b248     0x4  stm8s_gpio.o [1]
  .far_func.text     ro code  0x00b24c     0x4  stm8s_i2c.o [1]
  .far_func.text     ro code  0x00b250     0x4  stm8s_i2c.o [1]
  .far_func.text     ro code  0x00b254     0x4  stm8s_uart2.o [1]
  .far_func.text     ro code  0x00b258     0x4  interrupt.o [4]
  .far_func.text     ro code  0x00b25c     0x4  exit.o [4]
  .far_func.text     ro code  0x00b260     0x3  stm8s_gpio.o [1]
  .far_func.text     ro code  0x00b263     0x3  stm8s_gpio.o [1]
  .far_func.text     ro code  0x00b266     0x3  stm8s_gpio.o [1]
  .far_func.text     ro code  0x00b269     0x3  stm8s_gpio.o [1]
  .far_func.text     ro code  0x00b26c     0x3  low_level_init.o [4]
  .far_func.text     ro code  0x00b26f     0x3  unhandled_exception.o [4]
  .far_func.text     ro code  0x00b272     0x1  stm8s_it.o [1]
  .far_func.text     ro code  0x00b273     0x1  stm8s_it.o [1]
  .far_func.text     ro code  0x00b274     0x1  stm8s_it.o [1]
  .far_func.text     ro code  0x00b275     0x1  stm8s_it.o [1]
  .far_func.text     ro code  0x00b276     0x1  stm8s_it.o [1]
  .far_func.text     ro code  0x00b277     0x1  stm8s_it.o [1]
  .far_func.text     ro code  0x00b278     0x1  stm8s_it.o [1]
  .far_func.text     ro code  0x00b279     0x1  stm8s_it.o [1]
  .far_func.text     ro code  0x00b27a     0x1  stm8s_it.o [1]
  .far_func.text     ro code  0x00b27b     0x1  stm8s_it.o [1]
  .far_func.text     ro code  0x00b27c     0x1  stm8s_it.o [1]
  .far_func.text     ro code  0x00b27d     0x1  stm8s_it.o [1]
  .far_func.text     ro code  0x00b27e     0x1  stm8s_it.o [1]
  .far_func.text     ro code  0x00b27f     0x1  stm8s_it.o [1]
  .far_func.text     ro code  0x00b280     0x1  stm8s_it.o [1]
  .far_func.text     ro code  0x00b281     0x1  stm8s_it.o [1]
  .far_func.text     ro code  0x00b282     0x1  stm8s_it.o [1]
  .far_func.text     ro code  0x00b283     0x1  stm8s_it.o [1]
  .far_func.text     ro code  0x00b284     0x1  stm8s_it.o [1]
  .far_func.text     ro code  0x00b285     0x1  __dbg_break.o [3]
                            - 0x00b286  0x2cf3


*******************************************************************************
*** INIT TABLE
***

          Address   Size
          -------   ----
Zero (__iar_zero_init2)
    1 destination range, total size 0xbb:
          0x00003b  0xbb

Copy (__iar_copy_init2)
    1 source range, total size 0x2b:
          0x008568  0x2b
    1 destination range, total size 0x2b:
          0x000010  0x2b


*******************************************************************************
*** MODULE SUMMARY
***

    Module                 ro code  ro data  rw data
    ------                 -------  -------  -------
C:\Documents and Settings\Administrator\Desktop\stm8s105k-controller\Project\STM8S_StdPeriph_Template\EWSTM8\STM8S105\Obj: [1]
    main.o                   4 297      248       87
    stm8s_adc1.o                41      119
    stm8s_clk.o                529      118
    stm8s_flash.o              282      120
    stm8s_gpio.o               208      119
    stm8s_i2c.o                939      118
    stm8s_it.o                 218
    stm8s_tim2.o               236      119
    stm8s_tim3.o               216      119
    stm8s_uart2.o               53      120
    ------------------------------------------------
    Total:                   7 019    1 200       87

command line: [2]
    ------------------------------------------------
    Total:

dbgstm8mmd.a: [3]
    __dbg_break.o                1
    __dbg_xxexit.o              22
    ------------------------------------------------
    Total:                      23

dlstm8mmf.a: [4]
    cexit.o                      6
    cstartup.o                  23
    exit.o                       4
    far.o                       10
    far_util.o                  52
    init.o                      30
    init_small.o                70
    interrupt.o                  4      128
    long.o                     346
    long_util.o                 62
    low_level_init.o             3
    memchr.o                    21
    memcpy.o                    38
    move.o                      13
    printf.o                    40
    putchar.o                    8
    setlocale.o                 44                17
    short.o                     63
    sprintf.o                   69
    strchr.o                    21
    strlen.o                    18
    unhandled_exception.o        3
    vreg_util.o                323
    vregs.o                                       16
    xencoding_sb.o              73       16
    xfiles.o                             40      120
    xgetmemchunk.o              34                 2
    xmbcurmax.o                  7
    xmbtowc.o                   41
    xprintfsmall.o           2 458       23
    xprout.o                    29
    xsprout.o                   14
    xwctomb.o                   34
    xxmemxfree.o               230
    xxmemxmalloc.o             274                 4
    ------------------------------------------------
    Total:                   4 465      207      159

    Linker created                       20    1 024
----------------------------------------------------
    Grand Total:            11 507    1 427    1 270


*******************************************************************************
*** ENTRY LIST
***

Entry                    Address   Size  Type      Object
-----                    -------   ----  ----      ------
?add32_l0_l0_0x         0x009bc9         Code  Gb  long.o [4]
?add32_l0_l0_l1         0x009bc6         Code  Gb  long.o [4]
?and32_l0_l0_0x         0x009ccf         Code  Gb  long.o [4]
?and32_l0_l0_l1         0x009ccc         Code  Gb  long.o [4]
?b0                     0x000000         Data  Gb  vregs.o [4]
?b1                     0x000001         Data  Gb  vregs.o [4]
?b10                    0x00000a         Data  Gb  vregs.o [4]
?b11                    0x00000b         Data  Gb  vregs.o [4]
?b12                    0x00000c         Data  Gb  vregs.o [4]
?b13                    0x00000d         Data  Gb  vregs.o [4]
?b14                    0x00000e         Data  Gb  vregs.o [4]
?b15                    0x00000f         Data  Gb  vregs.o [4]
?b2                     0x000002         Data  Gb  vregs.o [4]
?b3                     0x000003         Data  Gb  vregs.o [4]
?b4                     0x000004         Data  Gb  vregs.o [4]
?b5                     0x000005         Data  Gb  vregs.o [4]
?b6                     0x000006         Data  Gb  vregs.o [4]
?b7                     0x000007         Data  Gb  vregs.o [4]
?b8                     0x000008         Data  Gb  vregs.o [4]
?b9                     0x000009         Data  Gb  vregs.o [4]
?e0                     0x000001         Data  Gb  vregs.o [4]
?e1                     0x000005         Data  Gb  vregs.o [4]
?e2                     0x000009         Data  Gb  vregs.o [4]
?e3                     0x00000d         Data  Gb  vregs.o [4]
?epilogue_l2            0x009f16         Code  Gb  vreg_util.o [4]
?epilogue_l2_l3         0x009f12         Code  Gb  vreg_util.o [4]
?epilogue_l2_w6         0x009f1b         Code  Gb  vreg_util.o [4]
?epilogue_w4            0x009f24         Code  Gb  vreg_util.o [4]
?l0                     0x000000         Data  Gb  vregs.o [4]
?l1                     0x000004         Data  Gb  vregs.o [4]
?l2                     0x000008         Data  Gb  vregs.o [4]
?l3                     0x00000c         Data  Gb  vregs.o [4]
?load24_0x_e0           0x00ab18         Code  Gb  far_util.o [4]
?load24_e0_0x           0x00aaf2         Code  Gb  far_util.o [4]
?load24_e1_0x           0x00ab00         Code  Gb  far_util.o [4]
?load24_xsp_e0          0x00ab0e         Code  Gb  far_util.o [4]
?load32_0x_l0           0x00a92a         Code  Gb  long_util.o [4]
?load32_l0_0x           0x00a914         Code  Gb  long_util.o [4]
?load32_l0_asp          0x00a908         Code  Gb  long_util.o [4]
?load32_l0_dbsp         0x00a8fa         Code  Gb  long_util.o [4]
?load32_l0_xsp          0x00a90a         Code  Gb  long_util.o [4]
?load32_xsp_l0          0x00a920         Code  Gb  long_util.o [4]
?mov_e0_e2              0x009f5d         Code  Gb  vreg_util.o [4]
?mov_e0_e3              0x009f6a         Code  Gb  vreg_util.o [4]
?mov_e1_e0              0x009f77         Code  Gb  vreg_util.o [4]
?mov_e1_e2              0x009f84         Code  Gb  vreg_util.o [4]
?mov_e2_e0              0x009f91         Code  Gb  vreg_util.o [4]
?mov_e3_e0              0x009f9e         Code  Gb  vreg_util.o [4]
?mov_l0_l2              0x009f5a         Code  Gb  vreg_util.o [4]
?mov_l0_l3              0x009f67         Code  Gb  vreg_util.o [4]
?mov_l1_l0              0x009f74         Code  Gb  vreg_util.o [4]
?mov_l1_l2              0x009f81         Code  Gb  vreg_util.o [4]
?mov_l2_l0              0x009f8e         Code  Gb  vreg_util.o [4]
?mov_l3_l0              0x009f9b         Code  Gb  vreg_util.o [4]
?mov_w0_w4              0x009f29         Code  Gb  vreg_util.o [4]
?mov_w0_w5              0x009f30         Code  Gb  vreg_util.o [4]
?mov_w1_w4              0x009f37         Code  Gb  vreg_util.o [4]
?mov_w1_w5              0x009f60         Code  Gb  vreg_util.o [4]
?mov_w1_w7              0x009f6d         Code  Gb  vreg_util.o [4]
?mov_w2_w1              0x009f3e         Code  Gb  vreg_util.o [4]
?mov_w3_w1              0x009f7a         Code  Gb  vreg_util.o [4]
?mov_w3_w5              0x009f87         Code  Gb  vreg_util.o [4]
?mov_w4_w0              0x009f45         Code  Gb  vreg_util.o [4]
?mov_w4_w1              0x009f4c         Code  Gb  vreg_util.o [4]
?mov_w5_w0              0x009f53         Code  Gb  vreg_util.o [4]
?mov_w5_w1              0x009f94         Code  Gb  vreg_util.o [4]
?mov_w7_w1              0x009fa1         Code  Gb  vreg_util.o [4]
?move1616_v_x_y_a       0x00b099         Code  Gb  move.o [4]
?mul16_x_x_w0           0x00a8bb         Code  Gb  short.o [4]
?mul32_l0_l0_l1         0x009be1         Code  Gb  long.o [4]
?neg32_l0_l0            0x009bb6         Code  Gb  long.o [4]
?pop_l0                 0x009eda         Code  Gb  vreg_util.o [4]
?pop_l1                 0x009ee5         Code  Gb  vreg_util.o [4]
?pop_l2                 0x009ef0         Code  Gb  vreg_util.o [4]
?pop_l3                 0x009efb         Code  Gb  vreg_util.o [4]
?pop_w4                 0x009e8b         Code  Gb  vreg_util.o [4]
?pop_w6                 0x009e92         Code  Gb  vreg_util.o [4]
?push_l0                0x009ea5         Code  Gb  vreg_util.o [4]
?push_l1                0x009eaa         Code  Gb  vreg_util.o [4]
?push_l2                0x009eaf         Code  Gb  vreg_util.o [4]
?push_l3                0x009eb4         Code  Gb  vreg_util.o [4]
?push_w2                0x009e65         Code  Gb  vreg_util.o [4]
?push_w4                0x009e6a         Code  Gb  vreg_util.o [4]
?push_w6                0x009e6f         Code  Gb  vreg_util.o [4]
?sdiv16_x_x_y           0x00a8d9         Code  Gb  short.o [4]
?sext32_l0_a            0x009d03         Code  Gb  long.o [4]
?sext32_l0_x            0x009cf8         Code  Gb  long.o [4]
?sll16_x_x_a            0x00a8f2         Code  Gb  short.o [4]
?sll32_0x_0x_a          0x009cea         Code  Gb  long.o [4]
?sll32_l0_l0_a          0x009ce7         Code  Gb  long.o [4]
?ucmp24_c_0x_e0         0x00b1a9         Code  Gb  far.o [4]
?udiv32_l0_l0_l1        0x009c5f         Code  Gb  long.o [4]
?umod32_l1_l0_l1        0x009c5f         Code  Gb  long.o [4]
?w0                     0x000000         Data  Gb  vregs.o [4]
?w1                     0x000002         Data  Gb  vregs.o [4]
?w2                     0x000004         Data  Gb  vregs.o [4]
?w3                     0x000006         Data  Gb  vregs.o [4]
?w4                     0x000008         Data  Gb  vregs.o [4]
?w5                     0x00000a         Data  Gb  vregs.o [4]
?w6                     0x00000c         Data  Gb  vregs.o [4]
?w7                     0x00000e         Data  Gb  vregs.o [4]
ADC1_Cmd                0x00aef8   0x18  Code  Gb  stm8s_adc1.o [1]
ADC1_IRQHandler         0x00b282    0x1  Code  Gb  stm8s_it.o [1]
AWU_IRQHandler          0x00b274    0x1  Code  Gb  stm8s_it.o [1]
CLK_ClockSwitchConfig   0x00a08e   0xd5  Code  Gb  stm8s_clk.o [1]
CLK_DeInit              0x00aa1e   0x36  Code  Gb  stm8s_clk.o [1]
CLK_IRQHandler          0x00b275    0x1  Code  Gb  stm8s_it.o [1]
CLK_PeripheralClockConfig
                        0x00a3ea   0x91  Code  Gb  stm8s_clk.o [1]
CLK_SYSCLKConfig        0x00a6f4   0x5e  Code  Gb  stm8s_clk.o [1]
CSTACK$$Base            0x000600          --   Gb  - Linker created -
CSTACK$$Limit           0x000800          --   Gb  - Linker created -
Check_DS1307            0x009d72   0x40  Code  Gb  main.o [1]
Clear_Line1             0x008659   0x13  Code  Gb  main.o [1]
Clear_Line2             0x008646   0x13  Code  Gb  main.o [1]
DS18Set                 0x008dc5   0x29  Code  Gb  main.o [1]
DS18_Read               0x008dee   0x4d  Code  Gb  main.o [1]
DS18_Reset              0x008d8b   0x31  Code  Gb  main.o [1]
DS18_Write              0x008d52   0x39  Code  Gb  main.o [1]
Delay1                  0x008593    0xe  Code  Gb  main.o [1]
Delay2                  0x008c6c    0xe  Code  Gb  main.o [1]
Delay_us                0x008c66    0x6  Code  Gb  main.o [1]
Display_Line            0x008c20   0x44  Code  Gb  main.o [1]
EEPROM_EEC_IRQHandler   0x00b284    0x1  Code  Gb  stm8s_it.o [1]
EEPROM_INIT             0x008978    0xf  Code  Gb  main.o [1]
EXTI_PORTA_IRQHandler   0x00b276    0x1  Code  Gb  stm8s_it.o [1]
EXTI_PORTB_IRQHandler   0x00b277    0x1  Code  Gb  stm8s_it.o [1]
EXTI_PORTC_IRQHandler   0x00b278    0x1  Code  Gb  stm8s_it.o [1]
EXTI_PORTD_IRQHandler   0x00b279    0x1  Code  Gb  stm8s_it.o [1]
EXTI_PORTE_IRQHandler   0x00b27a    0x1  Code  Gb  stm8s_it.o [1]
FLASH_DeInit            0x00af10   0x18  Code  Gb  stm8s_flash.o [1]
FLASH_Lock              0x00adf8   0x20  Code  Gb  stm8s_flash.o [1]
FLASH_ProgramByte       0x00a973   0x3a  Code  Gb  stm8s_flash.o [1]
FLASH_ReadByte          0x00ac11   0x2c  Code  Gb  stm8s_flash.o [1]
FLASH_SetProgrammingTime
                        0x00ad71   0x22  Code  Gb  stm8s_flash.o [1]
FLASH_Unlock            0x00add7   0x21  Code  Gb  stm8s_flash.o [1]
GPIO_Init               0x00a163   0xb4  Code  Gb  stm8s_gpio.o [1]
GPIO_ReadInputData      0x00b266    0x3  Code  Gb  stm8s_gpio.o [1]
GPIO_ReadInputPin       0x00b269    0x3  Code  Gb  stm8s_gpio.o [1]
GPIO_WriteHigh          0x00b260    0x3  Code  Gb  stm8s_gpio.o [1]
GPIO_WriteLow           0x00b248    0x4  Code  Gb  stm8s_gpio.o [1]
GPIO_WriteReverse       0x00b263    0x3  Code  Gb  stm8s_gpio.o [1]
GpioConfiguration       0x00a566   0x67  Code  Gb  main.o [1]
HEAP$$Base              0x0000f6          --   Gb  - Linker created -
HEAP$$Limit             0x0002f6          --   Gb  - Linker created -
I2C_AcknowledgeConfig   0x00aabe   0x34  Code  Gb  stm8s_i2c.o [1]
I2C_CheckEvent          0x00a217   0xa6  Code  Gb  stm8s_i2c.o [1]
I2C_Cmd                 0x00af28   0x18  Code  Gb  stm8s_i2c.o [1]
I2C_DeInit              0x00ad02   0x25  Code  Gb  stm8s_i2c.o [1]
I2C_GenerateSTART       0x00af40   0x18  Code  Gb  stm8s_i2c.o [1]
I2C_GenerateSTOP        0x00af58   0x18  Code  Gb  stm8s_i2c.o [1]
I2C_GetFlagStatus       0x00a357   0x93  Code  Gb  stm8s_i2c.o [1]
I2C_IRQHandler          0x00b280    0x1  Code  Gb  stm8s_it.o [1]
I2C_Init                0x009a49  0x16d  Code  Gb  stm8s_i2c.o [1]
I2C_RA                  0x009d4a   0x28  Code  Gb  main.o [1]
I2C_RD                  0x009d27   0x23  Code  Gb  main.o [1]
I2C_ReceiveData         0x00b24c    0x4  Code  Gb  stm8s_i2c.o [1]
I2C_Send7bitAddress     0x00ab26   0x32  Code  Gb  stm8s_i2c.o [1]
I2C_SendData            0x00b250    0x4  Code  Gb  stm8s_i2c.o [1]
I2C_Start               0x0086ea   0x26  Code  Gb  main.o [1]
I2C_WA                  0x0086c4   0x26  Code  Gb  main.o [1]
I2C_WD                  0x0086a0   0x24  Code  Gb  main.o [1]
INTVEC$$Base            0x008000          --   Gb  - Linker created -
INTVEC$$Limit           0x008080          --   Gb  - Linker created -
InitClk                 0x00a9e6   0x38  Code  Gb  main.o [1]
InitDelayTimer2         0x008f86   0x1d  Code  Gb  main.o [1]
InitDelayTimer3         0x008f69   0x1d  Code  Gb  main.o [1]
InitI2C                 0x00acb6   0x26  Code  Gb  main.o [1]
InitLcd                 0x008fd7   0x55  Code  Gb  main.o [1]
Key_Press               0x00a87c   0x3f  Code  Gb  main.o [1]
LCD                     0x008c7a   0xae  Code  Gb  main.o [1]
LCDData                 0x008608    0xb  Code  Gb  main.o [1]
LCDDataOut              0x0085b1   0x57  Code  Gb  main.o [1]
LCDInstr                0x00863b    0xb  Code  Gb  main.o [1]
LCDInstrNibble          0x008fc8    0xf  Code  Gb  main.o [1]
LoadInt                 0x00a7ab   0x47  Code  Lc  xprintfsmall.o [4]
Menu                    0x008b1f   0xd0  Code  Gb  main.o [1]
Power_Off               0x00b141    0xb  Code  Gb  main.o [1]
Power_On                0x00b136    0xb  Code  Gb  main.o [1]
PulseEnable             0x0085a1   0x10  Code  Gb  main.o [1]
ReadDS1307              0x009dce   0x6d  Code  Gb  main.o [1]
Read_Allarm             0x00a47b   0x7b  Code  Gb  main.o [1]
Read_DS18               0x008e58   0x79  Code  Gb  main.o [1]
Region$$Table$$Base     0x008438          --   Gb  - Linker created -
Region$$Table$$Limit    0x00844c          --   Gb  - Linker created -
Rotate_Line             0x008c0d   0x13  Code  Gb  main.o [1]
SPI_IRQHandler          0x00b27b    0x1  Code  Gb  stm8s_it.o [1]
Save_Status             0x00b181    0xa  Code  Gb  main.o [1]
Set_Clock               0x0087e3  0x18b  Code  Gb  main.o [1]
Set_DS1307              0x008717   0x6c  Code  Gb  main.o [1]
Set_Timer_Off           0x008987   0x96  Code  Gb  main.o [1]
Set_Timer_On            0x008a6d   0x91  Code  Gb  main.o [1]
TIM1_CAP_COM_IRQHandler
                        0x00b27d    0x1  Code  Gb  stm8s_it.o [1]
TIM1_UPD_OVF_TRG_BRK_IRQHandler
                        0x00b27c    0x1  Code  Gb  stm8s_it.o [1]
TIM2_CAP_COM_IRQHandler
                        0x00b27e    0x1  Code  Gb  stm8s_it.o [1]
TIM2_ClearITPendingBit  0x00ae54   0x1d  Code  Gb  stm8s_tim2.o [1]
TIM2_Cmd                0x00a67c   0x18  Code  Gb  stm8s_tim2.o [1]
TIM2_DeInit             0x00a752   0x59  Code  Gb  stm8s_tim2.o [1]
TIM2_ITConfig           0x00a640   0x3c  Code  Gb  stm8s_tim2.o [1]
TIM2_TimeBaseInit       0x00b18b    0xa  Code  Gb  stm8s_tim2.o [1]
TIM2_UPD_OVF_BRK_IRQHandler
                        0x00a938   0x3b  Code  Gb  stm8s_it.o [1]
TIM3_CAP_COM_IRQHandler
                        0x00b27f    0x1  Code  Gb  stm8s_it.o [1]
TIM3_ClearITPendingBit  0x00ae71   0x1d  Code  Gb  stm8s_tim3.o [1]
TIM3_Cmd                0x00a6dc   0x18  Code  Gb  stm8s_tim3.o [1]
TIM3_DeInit             0x00a7f2   0x45  Code  Gb  stm8s_tim3.o [1]
TIM3_ITConfig           0x00a6a0   0x3c  Code  Gb  stm8s_tim3.o [1]
TIM3_TimeBaseInit       0x00b195    0xa  Code  Gb  stm8s_tim3.o [1]
TIM3_UPD_OVF_BRK_IRQHandler
                        0x00a5cd   0x67  Code  Gb  stm8s_it.o [1]
TIM4_UPD_OVF_IRQHandler
                        0x00b283    0x1  Code  Gb  stm8s_it.o [1]
TLI_IRQHandler          0x00b273    0x1  Code  Gb  stm8s_it.o [1]
TRAP_IRQHandler         0x00b272    0x1  Code  Gb  stm8s_it.o [1]
Time_Display            0x0000f5    0x1  Data  Gb  main.o [1]
UART2_ClearITPendingBit
                        0x00ad4c   0x25  Code  Gb  stm8s_uart2.o [1]
UART2_RX_IRQHandler     0x00ad27   0x25  Code  Gb  stm8s_it.o [1]
UART2_ReceiveData8      0x00b254    0x4  Code  Gb  stm8s_uart2.o [1]
UART2_TX_IRQHandler     0x00b281    0x1  Code  Gb  stm8s_it.o [1]
_EncodingSb_Mbtowc      0x00ab58   0x30  Code  Gb  xencoding_sb.o [4]
_EncodingSb_Wctomb      0x00aedf   0x19  Code  Gb  xencoding_sb.o [4]
_LitobSmall             0x0098ca  0x17f  Code  Lc  xprintfsmall.o [4]
_LocaleEncoding         0x00b08b    0xe  Code  Gb  setlocale.o [4]
_Locale_Profile         0x0000b3    0xe  Data  Gb  setlocale.o [4]
_Mbtowc                 0x00ac3d   0x29  Code  Gb  xmbtowc.o [4]
_PrintfSmall            0x00905a  0x4aa  Code  Gb  xprintfsmall.o [4]
_Prout                  0x00ae8e   0x1d  Code  Gb  xprout.o [4]
_PutcharSmall           0x00a9ad   0x39  Code  Lc  xprintfsmall.o [4]
_PutcharsSmall          0x00aa89   0x35  Code  Lc  xprintfsmall.o [4]
_PutstrSmall            0x009504  0x1e7  Code  Lc  xprintfsmall.o [4]
_SProut                 0x00b07d    0xe  Code  Gb  xsprout.o [4]
_Wctomb                 0x00ad93   0x22  Code  Gb  xwctomb.o [4]
__DebugBreak            0x00b285    0x1  Code  Gb  __dbg_break.o [3]
__exit                  0x00afb4   0x16  Code  Gb  __dbg_xxexit.o [3]
__iar_Mbcurmax          0x00b230    0x7  Code  Gb  xmbcurmax.o [4]
__iar_Memchr            0x00afca   0x15  Code  Gb  memchr.o [4]
__iar_Stdout            0x000010   0x28  Data  Gb  xfiles.o [4]
__iar_Strchr            0x00afdf   0x15  Code  Gb  strchr.o [4]
__iar_Tls_setup__Locale_Profile
                        0x0000cf    0x3  Data  Gb  setlocale.o [4]
__iar_copy_init2        0x00ac8e         Code  Gb  init_small.o [4]
__iar_data_init2        0x00ae18   0x1e  Code  Gb  init.o [4]
__iar_program_start     0x00af87         Code  Gb  cstartup.o [4]
__iar_unhandled_exception
                        0x00b26f         Code  Gb  unhandled_exception.o [4]
__iar_zero_init2        0x00ae36         Code  Gb  init_small.o [4]
__intvec                0x008000         Data  Gb  interrupt.o [4]
__low_level_init        0x00b26c    0x3  Code  Gb  low_level_init.o [4]
__near_Aldata           0x0000cb    0x4  Data  Gb  xxmemxmalloc.o [4]
__near_GetMemChunk      0x00adb5   0x22  Code  Gb  xgetmemchunk.o [4]
__near_findmem          0x00a4f6   0x70  Code  Lc  xxmemxmalloc.o [4]
_exit                   0x00b23d         Code  Gb  cexit.o [4]
_interrupt_1            0x00b272         Code  Gb  stm8s_it.o [1]
_interrupt_10           0x00b258         Code  Wk  interrupt.o [4]
_interrupt_11           0x00b258         Code  Wk  interrupt.o [4]
_interrupt_12           0x00b27b         Code  Gb  stm8s_it.o [1]
_interrupt_13           0x00b27c         Code  Gb  stm8s_it.o [1]
_interrupt_14           0x00b27d         Code  Gb  stm8s_it.o [1]
_interrupt_15           0x00a938         Code  Gb  stm8s_it.o [1]
_interrupt_16           0x00b27e         Code  Gb  stm8s_it.o [1]
_interrupt_17           0x00a5cd         Code  Gb  stm8s_it.o [1]
_interrupt_18           0x00b27f         Code  Gb  stm8s_it.o [1]
_interrupt_19           0x00b258         Code  Wk  interrupt.o [4]
_interrupt_2            0x00b273         Code  Gb  stm8s_it.o [1]
_interrupt_20           0x00b258         Code  Wk  interrupt.o [4]
_interrupt_21           0x00b280         Code  Gb  stm8s_it.o [1]
_interrupt_22           0x00b281         Code  Gb  stm8s_it.o [1]
_interrupt_23           0x00ad27         Code  Gb  stm8s_it.o [1]
_interrupt_24           0x00b282         Code  Gb  stm8s_it.o [1]
_interrupt_25           0x00b283         Code  Gb  stm8s_it.o [1]
_interrupt_26           0x00b284         Code  Gb  stm8s_it.o [1]
_interrupt_27           0x00b258         Code  Wk  interrupt.o [4]
_interrupt_28           0x00b258         Code  Wk  interrupt.o [4]
_interrupt_29           0x00b258         Code  Wk  interrupt.o [4]
_interrupt_3            0x00b274         Code  Gb  stm8s_it.o [1]
_interrupt_30           0x00b258         Code  Wk  interrupt.o [4]
_interrupt_31           0x00b258         Code  Wk  interrupt.o [4]
_interrupt_4            0x00b275         Code  Gb  stm8s_it.o [1]
_interrupt_5            0x00b276         Code  Gb  stm8s_it.o [1]
_interrupt_6            0x00b277         Code  Gb  stm8s_it.o [1]
_interrupt_7            0x00b278         Code  Gb  stm8s_it.o [1]
_interrupt_8            0x00b279         Code  Gb  stm8s_it.o [1]
_interrupt_9            0x00b27a         Code  Gb  stm8s_it.o [1]
adj                     0x00878e   0x55  Code  Gb  main.o [1]
assert_failed           0x008c64    0x2  Code  Gb  main.o [1]
bcd2hex                 0x009d10   0x17  Code  Gb  main.o [1]
change                  0x0000f4    0x1  Data  Gb  main.o [1]
convert_tobcd           0x008689   0x17  Code  Gb  main.o [1]
count                   0x0000e7    0x1  Data  Gb  main.o [1]
daily_hour_off          0x0000ef    0x1  Data  Gb  main.o [1]
daily_hour_on           0x0000ed    0x1  Data  Gb  main.o [1]
daily_long_on           0x0000d8    0x2  Data  Gb  main.o [1]
daily_minute_off        0x0000f0    0x1  Data  Gb  main.o [1]
daily_minute_on         0x0000ee    0x1  Data  Gb  main.o [1]
date                    0x000039    0x1  Data  Gb  main.o [1]
days                    0x000038    0x1  Data  Gb  main.o [1]
error                   0x0000ec    0x1  Data  Gb  main.o [1]
exit                    0x00b25c    0x4  Code  Gb  exit.o [4]
fputc                   0x008d40   0x12  Code  Gb  main.o [1]
free                    0x009fa8   0xe6  Code  Gb  xxmemxfree.o [4]
hours                   0x0000ea    0x1  Data  Gb  main.o [1]
key_minus_on            0x00abe4   0x2d  Code  Gb  main.o [1]
key_ok_on               0x00ab88   0x2f  Code  Gb  main.o [1]
key_plus_on             0x00abb7   0x2d  Code  Gb  main.o [1]
line1                   0x00008b   0x28  Data  Gb  main.o [1]
line_lcd                0x0000e6    0x1  Data  Gb  main.o [1]
main                    0x0096eb  0x1df  Code  Gb  main.o [1]
malloc                  0x00a2bd   0x9a  Code  Gb  xxmemxmalloc.o [4]
memcpy                  0x00acdc   0x26  Code  Gb  memcpy.o [4]
minutes                 0x0000e9    0x1  Data  Gb  main.o [1]
mounts                  0x00003a    0x1  Data  Gb  main.o [1]
obuf                    0x00003b   0x50  Data  Lc  xfiles.o [4]
pad                     0x00aa54   0x35  Code  Lc  xprintfsmall.o [4]
printf                  0x00ac66   0x28  Code  Gb  printf.o [4]
putchar                 0x00b20c    0x8  Code  Gb  putchar.o [4]
result1                 0x0000f1    0x1  Data  Gb  main.o [1]
result2                 0x0000f2    0x1  Data  Gb  main.o [1]
result_old              0x0000f3    0x1  Data  Gb  main.o [1]
rx_data                 0x0000e5    0x1  Data  Gb  main.o [1]
seconds                 0x0000e8    0x1  Data  Gb  main.o [1]
sprintf                 0x00a837   0x45  Code  Gb  sprintf.o [4]
status                  0x0000e0    0x2  Data  Gb  main.o [1]
status_check            0x0000de    0x2  Data  Gb  main.o [1]
string1                 0x0000c1    0xa  Data  Gb  main.o [1]
strlen                  0x00b03e   0x12  Code  Gb  strlen.o [4]
temperature             0x008eeb   0x3f  Code  Gb  main.o [1]
time_off                0x0000dc    0x2  Data  Gb  main.o [1]
time_on                 0x0000da    0x2  Data  Gb  main.o [1]
timeout                 0x0000e4    0x1  Data  Gb  main.o [1]
timer1                  0x0000d2    0x2  Data  Gb  main.o [1]
timer2                  0x0000d4    0x2  Data  Gb  main.o [1]
timer3                  0x0000d6    0x2  Data  Gb  main.o [1]
years                   0x0000eb    0x1  Data  Gb  main.o [1]


[1] = C:\Documents and Settings\Administrator\Desktop\stm8s105k-controller\Project\STM8S_StdPeriph_Template\EWSTM8\STM8S105\Obj
[2] = command line
[3] = dbgstm8mmd.a
[4] = dlstm8mmf.a

  11 507 bytes of readonly  code memory
   1 427 bytes of readonly  data memory
   1 270 bytes of readwrite data memory

Errors: none
Warnings: none
