###############################################################################
#                                                                             #
# IAR ELF Linker V1.30.1.50036 for STM8                 05/Jul/2013  20:30:02 #
# Copyright 2010-2011 IAR Systems AB.                                         #
#                                                                             #
#    Output file  =  C:\Documents and Settings\Administrator\Desktop\stm8s105 #
#                    k-controller\Project\STM8S_StdPeriph_Template\EWSTM8\STM #
#                    8S105\Exe\Project.out                                    #
#    Map file     =  C:\Documents and Settings\Administrator\Desktop\stm8s105 #
#                    k-controller\Project\STM8S_StdPeriph_Template\EWSTM8\STM #
#                    8S105\List\Project.map                                   #
#    Command line =  "C:\Documents and Settings\Administrator\Desktop\stm8s10 #
#                    5k-controller\Project\STM8S_StdPeriph_Template\EWSTM8\ST #
#                    M8S105\Obj\main.o" "C:\Documents and                     #
#                    Settings\Administrator\Desktop\stm8s105k-controller\Proj #
#                    ect\STM8S_StdPeriph_Template\EWSTM8\STM8S105\Obj\stm8s_a #
#                    dc1.o" "C:\Documents and Settings\Administrator\Desktop\ #
#                    stm8s105k-controller\Project\STM8S_StdPeriph_Template\EW #
#                    STM8\STM8S105\Obj\stm8s_awu.o" "C:\Documents and         #
#                    Settings\Administrator\Desktop\stm8s105k-controller\Proj #
#                    ect\STM8S_StdPeriph_Template\EWSTM8\STM8S105\Obj\stm8s_b #
#                    eep.o" "C:\Documents and Settings\Administrator\Desktop\ #
#                    stm8s105k-controller\Project\STM8S_StdPeriph_Template\EW #
#                    STM8\STM8S105\Obj\stm8s_clk.o" "C:\Documents and         #
#                    Settings\Administrator\Desktop\stm8s105k-controller\Proj #
#                    ect\STM8S_StdPeriph_Template\EWSTM8\STM8S105\Obj\stm8s_e #
#                    xti.o" "C:\Documents and Settings\Administrator\Desktop\ #
#                    stm8s105k-controller\Project\STM8S_StdPeriph_Template\EW #
#                    STM8\STM8S105\Obj\stm8s_flash.o" "C:\Documents and       #
#                    Settings\Administrator\Desktop\stm8s105k-controller\Proj #
#                    ect\STM8S_StdPeriph_Template\EWSTM8\STM8S105\Obj\stm8s_g #
#                    pio.o" "C:\Documents and Settings\Administrator\Desktop\ #
#                    stm8s105k-controller\Project\STM8S_StdPeriph_Template\EW #
#                    STM8\STM8S105\Obj\stm8s_i2c.o" "C:\Documents and         #
#                    Settings\Administrator\Desktop\stm8s105k-controller\Proj #
#                    ect\STM8S_StdPeriph_Template\EWSTM8\STM8S105\Obj\stm8s_i #
#                    t.o" "C:\Documents and Settings\Administrator\Desktop\st #
#                    m8s105k-controller\Project\STM8S_StdPeriph_Template\EWST #
#                    M8\STM8S105\Obj\stm8s_itc.o" "C:\Documents and           #
#                    Settings\Administrator\Desktop\stm8s105k-controller\Proj #
#                    ect\STM8S_StdPeriph_Template\EWSTM8\STM8S105\Obj\stm8s_i #
#                    wdg.o" "C:\Documents and Settings\Administrator\Desktop\ #
#                    stm8s105k-controller\Project\STM8S_StdPeriph_Template\EW #
#                    STM8\STM8S105\Obj\stm8s_rst.o" "C:\Documents and         #
#                    Settings\Administrator\Desktop\stm8s105k-controller\Proj #
#                    ect\STM8S_StdPeriph_Template\EWSTM8\STM8S105\Obj\stm8s_s #
#                    pi.o" "C:\Documents and Settings\Administrator\Desktop\s #
#                    tm8s105k-controller\Project\STM8S_StdPeriph_Template\EWS #
#                    TM8\STM8S105\Obj\stm8s_tim1.o" "C:\Documents and         #
#                    Settings\Administrator\Desktop\stm8s105k-controller\Proj #
#                    ect\STM8S_StdPeriph_Template\EWSTM8\STM8S105\Obj\stm8s_t #
#                    im2.o" "C:\Documents and Settings\Administrator\Desktop\ #
#                    stm8s105k-controller\Project\STM8S_StdPeriph_Template\EW #
#                    STM8\STM8S105\Obj\stm8s_tim3.o" "C:\Documents and        #
#                    Settings\Administrator\Desktop\stm8s105k-controller\Proj #
#                    ect\STM8S_StdPeriph_Template\EWSTM8\STM8S105\Obj\stm8s_t #
#                    im4.o" "C:\Documents and Settings\Administrator\Desktop\ #
#                    stm8s105k-controller\Project\STM8S_StdPeriph_Template\EW #
#                    STM8\STM8S105\Obj\stm8s_uart2.o" "C:\Documents and       #
#                    Settings\Administrator\Desktop\stm8s105k-controller\Proj #
#                    ect\STM8S_StdPeriph_Template\EWSTM8\STM8S105\Obj\stm8s_w #
#                    wdg.o" --redirect _Scanf=_ScanfSmall -o "C:\Documents    #
#                    and Settings\Administrator\Desktop\stm8s105k-controller\ #
#                    Project\STM8S_StdPeriph_Template\EWSTM8\STM8S105\Exe\Pro #
#                    ject.out" --map "C:\Documents and                        #
#                    Settings\Administrator\Desktop\stm8s105k-controller\Proj #
#                    ect\STM8S_StdPeriph_Template\EWSTM8\STM8S105\List\Projec #
#                    t.map" --config "C:\Program Files\IAR Systems\Embedded   #
#                    Workbench 6.0\stm8\config\lnkstm8s105k4.icf"             #
#                    --config_def _CSTACK_SIZE=0x100 --config_def             #
#                    _HEAP_SIZE=0x100 --entry __iar_program_start --debug_lib #
#                                                                             #
#                                                                             #
###############################################################################

*******************************************************************************
*** RUNTIME MODEL ATTRIBUTES
***

__Heap_Handler             = Basic
__SystemLibrary            = DLib
__code_model               = medium_or_large
__core                     = stm8
__data_model               = medium
__dlib_file_descriptor     = 1
__dlib_full_locale_support = 1
__rt_version               = 4


*******************************************************************************
*** PLACEMENT SUMMARY
***

"A1":  place at start of [0x000000-0x0000ff] { rw section .vregs };
"A2":  place at end of [0x000000-0x0007ff] { block CSTACK };
"P2":  place in [from 0x000000 to 0x0007ff] {
          block HEAP, rw section .far.bss, rw section .far.data,
          rw section .far.noinit, rw section .far_func.textrw,
          rw section .huge.bss, rw section .huge.data, rw section .huge.noinit,
          rw section .huge_func.textrw, rw section .iar.dynexit,
          rw section .near.bss, rw section .near.data, rw section .near.noinit,
          rw section .near_func.textrw };
"A3":  place at start of [0x008000-0x00bfff] { block INTVEC };
"P3":  place in [from 0x008000 to 0x00bfff] {
          ro section .far.data_init, ro section .far_func.textrw_init,
          ro section .huge.data_init, ro section .huge_func.textrw_init,
          ro section .iar.init_table, ro section .init_array,
          ro section .near.data_init, ro section .near.rodata,
          ro section .near_func.text, ro section .near_func.textrw_init,
          ro section .tiny.data_init, ro section .tiny.rodata_init };
"P4":  place in [from 0x008000 to 0x00bfff] {
          ro section .far.rodata, ro section .far_func.text };

  Section            Kind      Address    Size  Object
  -------            ----      -------    ----  ------
"A1":                                     0x10
  .vregs             uninit   0x000000    0x10  vregs.o [4]
                            - 0x000010    0x10

"P2", part 1 of 3:                        0x56
  P2 s0                       0x000010    0x56  <Init block>
    .near.data       inited   0x000010    0x2e  localeconv.o [4]
    .near.data       inited   0x00003e    0x28  xfiles.o [4]
                            - 0x000066    0x56

"P2", part 2 of 3:                        0xb4
  .near.bss          zero     0x000066    0x50  xfiles.o [4]
  .near.bss          zero     0x0000b6    0x28  main.o [1]
  .near.bss          zero     0x0000de    0x14  main.o [1]
  .near.bss          zero     0x0000f2     0xe  setlocale.o [4]
  .near.bss          zero     0x000100     0x4  main.o [1]
  .near.bss          zero     0x000104     0x4  xxmemxmalloc.o [4]
  .near.bss          zero     0x000108     0x3  localeconv.o [4]
  .near.bss          zero     0x00010b     0x3  setlocale.o [4]
  .near.bss          zero     0x00010e     0x2  main.o [1]
  .near.bss          zero     0x000110     0x2  main.o [1]
  .near.bss          zero     0x000112     0x2  main.o [1]
  .near.bss          zero     0x000114     0x2  xgetmemchunk.o [4]
  .near.bss          zero     0x000116     0x1  main.o [1]
  .near.bss          zero     0x000117     0x1  main.o [1]
  .near.bss          zero     0x000118     0x1  main.o [1]
  .near.bss          zero     0x000119     0x1  stm8s_it.o [1]
                            - 0x00011a    0xb4

"P2", part 3 of 3:                       0x100
  HEAP                        0x00011a   0x100  <Block>
    HEAP             uninit   0x00011a   0x100  <Block tail>
                            - 0x00021a   0x100

"A2":                                    0x100
  CSTACK                      0x000700   0x100  <Block>
    CSTACK           uninit   0x000700   0x100  <Block tail>
                            - 0x000800   0x100

"A3":                                     0x80
  INTVEC                      0x008000    0x80  <Block>
    .intvec          const    0x008000    0x80  interrupt.o [4]
                            - 0x008080    0x80

"P3":                                    0x34a
  .near.rodata       const    0x008080    0x6f  stm8s_uart2.o [1]
  .near.rodata       const    0x0080ef    0x6e  stm8s_adc1.o [1]
  .near.rodata       const    0x00815d    0x6e  stm8s_gpio.o [1]
  .near.rodata       const    0x0081cb    0x6e  stm8s_tim2.o [1]
  .near.rodata       const    0x008239    0x6d  stm8s_clk.o [1]
  .near_func.text    const    0x0082a6    0x3c  xprintffull.o [4]
  .near.rodata       const    0x0082e2    0x12  main.o [1]
  .iar.init_table    const    0x0082f4    0x14  - Linker created -
  .near.rodata       const    0x008308    0x15  main.o [1]
  .near.rodata       const    0x00831d     0x8  xprintffull.o [4]
  .near.rodata       const    0x008325     0x8  xprintffull.o [4]
  .near.rodata       const    0x00832d     0x8  xencoding_sb.o [4]
  .near.rodata       const    0x008335     0x8  xencoding_sb.o [4]
  .near.rodata       const    0x00833d     0x7  xprintffull.o [4]
  .near.rodata       const    0x008344     0x6  main.o [1]
  .near.rodata       const    0x00834a     0x6  main.o [1]
  .near.rodata       const    0x008350     0x6  localeconv.o [4]
  .near.rodata       const    0x008356     0x5  localeconv.o [4]
  .near.rodata       const    0x00835b     0x4  stm8s_clk.o [1]
  .near.rodata       const    0x00835f     0x4  xprintffull.o [4]
  .near.rodata       const    0x008363     0x4  xprintffull.o [4]
  .near.rodata       const    0x008367     0x4  xprintffull.o [4]
  .near.rodata       const    0x00836b     0x4  xprintffull.o [4]
  .near.rodata       const    0x00836f     0x2  xprintffull.o [4]
  .near.rodata       const    0x008371     0x2  localeconv.o [4]
  .near.rodata       const    0x008373     0x1  localeconv.o [4]
  Initializer bytes  ro data  0x008374    0x56  <for P2 s0>
                            - 0x0083ca   0x34a

"P4":                                   0x3321
  .far_func.text     ro code  0x0083ca   0x51a  xprintffull.o [4]
  .far_func.text     ro code  0x0088e4   0x497  xprintffull.o [4]
  .far_func.text     ro code  0x008d7b   0x488  float.o [4]
  .far_func.text     ro code  0x009203   0x3cf  xprintffull.o [4]
  .far_func.text     ro code  0x0095d2   0x2e1  main.o [1]
  .far_func.text     ro code  0x0098b3   0x247  xprintffull.o [4]
  .far_func.text     ro code  0x009afa   0x1e1  long.o [4]
  .far_func.text     ro code  0x009cdb   0x1ba  stm8s_uart2.o [1]
  .far_func.text     ro code  0x009e95   0x17f  xprintffull.o [4]
  .far_func.text     ro code  0x00a014   0x162  float_libsup.o [4]
  .far_func.text     ro code  0x00a176   0x156  vreg_util.o [4]
  .far_func.text     ro code  0x00a2cc    0xe6  xxmemxfree.o [4]
  .far_func.text     ro code  0x00a3b2    0xd5  stm8s_clk.o [1]
  .far_func.text     ro code  0x00a487    0xbd  stm8s_uart2.o [1]
  .far_func.text     ro code  0x00a544    0xb4  stm8s_gpio.o [1]
  .far_func.text     ro code  0x00a5f8    0xad  stm8s_adc1.o [1]
  .far_func.text     ro code  0x00a6a5    0x9a  xxmemxmalloc.o [4]
  .far_func.text     ro code  0x00a73f    0x95  stm8s_adc1.o [1]
  .far_func.text     ro code  0x00a7d4    0x91  stm8s_clk.o [1]
  .far_func.text     ro code  0x00a865    0x7b  stm8s_adc1.o [1]
  .far_func.text     ro code  0x00a8e0    0x79  main.o [1]
  .far_func.text     ro code  0x00a959    0x78  stm8s_adc1.o [1]
  .far_func.text     ro code  0x00a9d1    0x70  stm8s_uart2.o [1]
  .far_func.text     ro code  0x00aa41    0x70  xxmemxmalloc.o [4]
  .far_func.text     ro code  0x00aab1    0x62  long_util.o [4]
  .far_func.text     ro code  0x00ab13    0x60  stm8s_tim2.o [1]
  .far_func.text     ro code  0x00ab73    0x5e  stm8s_clk.o [1]
  .far_func.text     ro code  0x00abd1    0x59  stm8s_tim2.o [1]
  .far_func.text     ro code  0x00ac2a    0x58  dc_util.o [4]
  .far_func.text     ro code  0x00ac82    0x57  stm8s_it.o [1]
  .far_func.text     ro code  0x00acd9    0x51  xprintffull.o [4]
  .far_func.text     ro code  0x00ad2a    0x4b  xprintffull.o [4]
  .far_func.text     ro code  0x00ad75    0x46  short.o [4]
  .far_func.text     ro code  0x00adbb    0x45  sprintf.o [4]
  .far_func.text     ro code  0x00ae00    0x44  stm8s_adc1.o [1]
  .far_func.text     ro code  0x00ae44    0x3e  stm8s_adc1.o [1]
  .far_func.text     ro code  0x00ae82    0x3e  stm8s_adc1.o [1]
  .far_func.text     ro code  0x00aec0    0x3c  stm8s_clk.o [1]
  .far_func.text     ro code  0x00aefc    0x3b  main.o [1]
  .far_func.text     ro code  0x00af37    0x39  xprintffull.o [4]
  .far_func.text     ro code  0x00af70    0x36  stm8s_clk.o [1]
  .far_func.text     ro code  0x00afa6    0x36  xprintffull.o [4]
  .far_func.text     ro code  0x00afdc    0x35  xprintffull.o [4]
  .far_func.text     ro code  0x00b011    0x34  far_util.o [4]
  .far_func.text     ro code  0x00b045    0x34  div.o [4]
  .far_func.text     ro code  0x00b079    0x32  main.o [1]
  .far_func.text     ro code  0x00b0ab    0x31  stm8s_adc1.o [1]
  .far_func.text     ro code  0x00b0dc    0x30  xencoding_sb.o [4]
  .far_func.text     ro code  0x00b10c    0x2d  main.o [1]
  .far_func.text     ro code  0x00b139    0x2d  main.o [1]
  .far_func.text     ro code  0x00b166    0x2c  main.o [1]
  .far_func.text     ro code  0x00b192    0x2b  stm8s_it.o [1]
  .far_func.text     ro code  0x00b1bd    0x29  xmbtowc.o [4]
  .far_func.text     ro code  0x00b1e6    0x28  printf.o [4]
  .far_func.text     ro code  0x00b20e    0x28  init_small.o [4]
  .far_func.text     ro code  0x00b236    0x27  stm8s_uart2.o [1]
  .far_func.text     ro code  0x00b25d    0x26  memcpy.o [4]
  .far_func.text     ro code  0x00b283    0x25  stm8s_it.o [1]
  .far_func.text     ro code  0x00b2a8    0x25  stm8s_uart2.o [1]
  .far_func.text     ro code  0x00b2cd    0x22  xwctomb.o [4]
  .far_func.text     ro code  0x00b2ef    0x22  xgetmemchunk.o [4]
  .far_func.text     ro code  0x00b311    0x21  xprintffull.o [4]
  .far_func.text     ro code  0x00b332    0x21  xprintffull.o [4]
  .far_func.text     ro code  0x00b353    0x1e  init.o [4]
  .far_func.text     ro code  0x00b371    0x1e  init_small.o [4]
  .far_func.text     ro code  0x00b38f    0x1d  stm8s_tim2.o [1]
  .far_func.text     ro code  0x00b3ac    0x1d  xprout.o [4]
  .far_func.text     ro code  0x00b3c9    0x1a  main.o [1]
  .far_func.text     ro code  0x00b3e3    0x1a  xprintffull.o [4]
  .far_func.text     ro code  0x00b3fd    0x19  localeconv.o [4]
  .far_func.text     ro code  0x00b416    0x19  xencoding_sb.o [4]
  .far_func.text     ro code  0x00b42f    0x18  stm8s_adc1.o [1]
  .far_func.text     ro code  0x00b447    0x17  cstartup.o [4]
  .far_func.text     ro code  0x00b45e    0x16  xprintffull.o [4]
  .far_func.text     ro code  0x00b474    0x16  __dbg_xxexit.o [3]
  .far_func.text     ro code  0x00b48a    0x15  memchr.o [4]
  .far_func.text     ro code  0x00b49f    0x15  strchr.o [4]
  .far_func.text     ro code  0x00b4b4    0x13  xprintffull.o [4]
  .far_func.text     ro code  0x00b4c7    0x12  strlen.o [4]
  .far_func.text     ro code  0x00b4d9    0x10  xprintffull.o [4]
  .far_func.text     ro code  0x00b4e9     0xe  xsprout.o [4]
  .far_func.text     ro code  0x00b4f7     0xe  setlocale.o [4]
  .far_func.text     ro code  0x00b505     0xd  stm8s_uart2.o [1]
  .far_func.text     ro code  0x00b512     0xd  xprintffull.o [4]
  .far_func.text     ro code  0x00b51f     0xd  move.o [4]
  .far_func.text     ro code  0x00b52c     0xc  stm8s_adc1.o [1]
  .far_func.text     ro code  0x00b538     0xc  stm8s_adc1.o [1]
  .far_func.text     ro code  0x00b544     0xc  stm8s_adc1.o [1]
  .far_func.text     ro code  0x00b550     0xc  stm8s_clk.o [1]
  .far_func.text     ro code  0x00b55c     0xc  stm8s_gpio.o [1]
  .far_func.text     ro code  0x00b568     0xc  stm8s_tim2.o [1]
  .far_func.text     ro code  0x00b574     0xc  stm8s_uart2.o [1]
  .far_func.text     ro code  0x00b580     0xc  stm8s_uart2.o [1]
  .far_func.text     ro code  0x00b58c     0xc  stm8s_uart2.o [1]
  .far_func.text     ro code  0x00b598     0xc  xprintffull.o [4]
  .far_func.text     ro code  0x00b5a4     0xc  switch.o [4]
  .far_func.text     ro code  0x00b5b0     0xb  stm8s_clk.o [1]
  .far_func.text     ro code  0x00b5bb     0xb  xprintffull.o [4]
  .far_func.text     ro code  0x00b5c6     0xb  xprintffull.o [4]
  .far_func.text     ro code  0x00b5d1     0xb  xprintffull.o [4]
  .far_func.text     ro code  0x00b5dc     0xb  setlocale.o [4]
  .far_func.text     ro code  0x00b5e7     0xa  stm8s_adc1.o [1]
  .far_func.text     ro code  0x00b5f1     0xa  stm8s_tim2.o [1]
  .far_func.text     ro code  0x00b5fb     0xa  xprintffull.o [4]
  .far_func.text     ro code  0x00b605     0xa  xprintffull.o [4]
  .far_func.text     ro code  0x00b60f     0xa  far.o [4]
  .far_func.text     ro code  0x00b619     0xa  localeconv.o [4]
  .far_func.text     ro code  0x00b623     0xa  setlocale.o [4]
  .far_func.text     ro code  0x00b62d     0x9  main.o [1]
  .far_func.text     ro code  0x00b636     0x9  stm8s_adc1.o [1]
  .far_func.text     ro code  0x00b63f     0x9  xprintffull.o [4]
  .far_func.text     ro code  0x00b648     0x9  xprintffull.o [4]
  .far_func.text     ro code  0x00b651     0x9  xprintffull.o [4]
  .far_func.text     ro code  0x00b65a     0x9  xprintffull.o [4]
  .far_func.text     ro code  0x00b663     0x9  xprintffull.o [4]
  .far_func.text     ro code  0x00b66c     0x9  setlocale.o [4]
  .far_func.text     ro code  0x00b675     0x8  xprintffull.o [4]
  .far_func.text     ro code  0x00b67d     0x8  xxmemxmalloc.o [4]
  .far_func.text     ro code  0x00b685     0x8  putchar.o [4]
  .far_func.text     ro code  0x00b68d     0x7  stm8s_uart2.o [1]
  .far_func.text     ro code  0x00b694     0x7  xprintffull.o [4]
  .far_func.text     ro code  0x00b69b     0x7  xprintffull.o [4]
  .far_func.text     ro code  0x00b6a2     0x7  xmbcurmax.o [4]
  .far_func.text     ro code  0x00b6a9     0x6  cexit.o [4]
  .far_func.text     ro code  0x00b6af     0x5  stm8s_adc1.o [1]
  .far_func.text     ro code  0x00b6b4     0x5  stm8s_adc1.o [1]
  .far_func.text     ro code  0x00b6b9     0x4  stm8s_gpio.o [1]
  .far_func.text     ro code  0x00b6bd     0x4  stm8s_uart2.o [1]
  .far_func.text     ro code  0x00b6c1     0x4  interrupt.o [4]
  .far_func.text     ro code  0x00b6c5     0x4  exit.o [4]
  .far_func.text     ro code  0x00b6c9     0x3  stm8s_gpio.o [1]
  .far_func.text     ro code  0x00b6cc     0x3  stm8s_gpio.o [1]
  .far_func.text     ro code  0x00b6cf     0x3  low_level_init.o [4]
  .far_func.text     ro code  0x00b6d2     0x3  unhandled_exception.o [4]
  .far_func.text     ro code  0x00b6d5     0x2  main.o [1]
  .far_func.text     ro code  0x00b6d7     0x1  stm8s_it.o [1]
  .far_func.text     ro code  0x00b6d8     0x1  stm8s_it.o [1]
  .far_func.text     ro code  0x00b6d9     0x1  stm8s_it.o [1]
  .far_func.text     ro code  0x00b6da     0x1  stm8s_it.o [1]
  .far_func.text     ro code  0x00b6db     0x1  stm8s_it.o [1]
  .far_func.text     ro code  0x00b6dc     0x1  stm8s_it.o [1]
  .far_func.text     ro code  0x00b6dd     0x1  stm8s_it.o [1]
  .far_func.text     ro code  0x00b6de     0x1  stm8s_it.o [1]
  .far_func.text     ro code  0x00b6df     0x1  stm8s_it.o [1]
  .far_func.text     ro code  0x00b6e0     0x1  stm8s_it.o [1]
  .far_func.text     ro code  0x00b6e1     0x1  stm8s_it.o [1]
  .far_func.text     ro code  0x00b6e2     0x1  stm8s_it.o [1]
  .far_func.text     ro code  0x00b6e3     0x1  stm8s_it.o [1]
  .far_func.text     ro code  0x00b6e4     0x1  stm8s_it.o [1]
  .far_func.text     ro code  0x00b6e5     0x1  stm8s_it.o [1]
  .far_func.text     ro code  0x00b6e6     0x1  stm8s_it.o [1]
  .far_func.text     ro code  0x00b6e7     0x1  stm8s_it.o [1]
  .far_func.text     ro code  0x00b6e8     0x1  stm8s_it.o [1]
  .far_func.text     ro code  0x00b6e9     0x1  stm8s_it.o [1]
  .far_func.text     ro code  0x00b6ea     0x1  __dbg_break.o [3]
                            - 0x00b6eb  0x3321


*******************************************************************************
*** INIT TABLE
***

          Address   Size
          -------   ----
Zero (__iar_zero_init2)
    1 destination range, total size 0xb4:
          0x000066  0xb4

Copy (__iar_copy_init2)
    1 source range, total size 0x56:
          0x008374  0x56
    1 destination range, total size 0x56:
          0x000010  0x56


*******************************************************************************
*** MODULE SUMMARY
***

    Module                 ro code  ro data  rw data
    ------                 -------  -------  -------
C:\Documents and Settings\Administrator\Desktop\stm8s105k-controller\Project\STM8S_StdPeriph_Template\EWSTM8\STM8S105\Obj: [1]
    main.o                   1 138       51       73
    stm8s_adc1.o               895      110
    stm8s_clk.o                589      113
    stm8s_gpio.o               202      110
    stm8s_it.o                 186                 1
    stm8s_tim2.o               236      110
    stm8s_uart2.o              879      111
    ------------------------------------------------
    Total:                   4 125      605       74

command line: [2]
    ------------------------------------------------
    Total:

dbgstm8mmd.a: [3]
    __dbg_break.o                1
    __dbg_xxexit.o              22
    ------------------------------------------------
    Total:                      23

dlstm8mmf.a: [4]
    cexit.o                      6
    cstartup.o                  23
    dc_util.o                   88
    div.o                       52
    exit.o                       4
    far.o                       10
    far_util.o                  52
    float.o                  1 160
    float_libsup.o             354
    init.o                      30
    init_small.o                70
    interrupt.o                  4      128
    localeconv.o                35       60       49
    long.o                     481
    long_util.o                 98
    low_level_init.o             3
    memchr.o                    21
    memcpy.o                    38
    move.o                      13
    printf.o                    40
    putchar.o                    8
    setlocale.o                 44                17
    short.o                     70
    sprintf.o                   69
    strchr.o                    21
    strlen.o                    18
    switch.o                    12
    unhandled_exception.o        3
    vreg_util.o                342
    vregs.o                                       16
    xencoding_sb.o              73       16
    xfiles.o                             40      120
    xgetmemchunk.o              34                 2
    xmbcurmax.o                  7
    xmbtowc.o                   41
    xprintffull.o            5 036      101
    xprout.o                    29
    xsprout.o                   14
    xwctomb.o                   34
    xxmemxfree.o               230
    xxmemxmalloc.o             274                 4
    ------------------------------------------------
    Total:                   8 941      345      208

    Linker created                       20      512
----------------------------------------------------
    Grand Total:            13 089      970      794


*******************************************************************************
*** ENTRY LIST
***

Entry                    Address   Size  Type      Object
-----                    -------   ----  ----      ------
?and32_l0_l0_0x         0x009c89         Code  Gb  long.o [4]
?and32_l0_l0_l1         0x009c86         Code  Gb  long.o [4]
?b0                     0x000000         Data  Gb  vregs.o [4]
?b1                     0x000001         Data  Gb  vregs.o [4]
?b10                    0x00000a         Data  Gb  vregs.o [4]
?b11                    0x00000b         Data  Gb  vregs.o [4]
?b12                    0x00000c         Data  Gb  vregs.o [4]
?b13                    0x00000d         Data  Gb  vregs.o [4]
?b14                    0x00000e         Data  Gb  vregs.o [4]
?b15                    0x00000f         Data  Gb  vregs.o [4]
?b2                     0x000002         Data  Gb  vregs.o [4]
?b3                     0x000003         Data  Gb  vregs.o [4]
?b4                     0x000004         Data  Gb  vregs.o [4]
?b5                     0x000005         Data  Gb  vregs.o [4]
?b6                     0x000006         Data  Gb  vregs.o [4]
?b7                     0x000007         Data  Gb  vregs.o [4]
?b8                     0x000008         Data  Gb  vregs.o [4]
?b9                     0x000009         Data  Gb  vregs.o [4]
?dc32_l0                0x00ac2a         Code  Gb  dc_util.o [4]
?dc32_l1                0x00ac56         Code  Gb  dc_util.o [4]
?e0                     0x000001         Data  Gb  vregs.o [4]
?e1                     0x000005         Data  Gb  vregs.o [4]
?e2                     0x000009         Data  Gb  vregs.o [4]
?e3                     0x00000d         Data  Gb  vregs.o [4]
?epilogue_l2            0x00a22c         Code  Gb  vreg_util.o [4]
?epilogue_l2_l3         0x00a228         Code  Gb  vreg_util.o [4]
?epilogue_l2_w6         0x00a231         Code  Gb  vreg_util.o [4]
?epilogue_w4            0x00a23a         Code  Gb  vreg_util.o [4]
?fadd32_l0_l0_l1        0x008d9f         Code  Gb  float.o [4]
?fcastf32s32_l0_l0      0x0090bc         Code  Gb  float.o [4]
?fcastf32u16_l0_x       0x009024         Code  Gb  float.o [4]
?fcastf32u32_l0_l0      0x0090c8         Code  Gb  float.o [4]
?fcasts32f32_l0_l0      0x009059         Code  Gb  float.o [4]
?fcastu32f32_l0_l0      0x009042         Code  Gb  float.o [4]
?fcmpge32_c_l0_0x       0x008fc3         Code  Gb  float.o [4]
?fcmpge32_c_l0_dc32     0x008fbc         Code  Gb  float.o [4]
?fcmpge32_c_l0_l1       0x008fc0         Code  Gb  float.o [4]
?fcmplt32_c_l0_0x       0x008fce         Code  Gb  float.o [4]
?fcmplt32_c_l0_dc32     0x008fc7         Code  Gb  float.o [4]
?fcmplt32_c_l0_l1       0x008fcb         Code  Gb  float.o [4]
?fdiv32_l0_l0_l1        0x008f0e         Code  Gb  float.o [4]
?fmul32_l0_l0_dc32      0x008e6d         Code  Gb  float.o [4]
?fmul32_l0_l0_l1        0x008e73         Code  Gb  float.o [4]
?fsub32_l0_l0_l1        0x008d99         Code  Gb  float.o [4]
?l0                     0x000000         Data  Gb  vregs.o [4]
?l1                     0x000004         Data  Gb  vregs.o [4]
?l2                     0x000008         Data  Gb  vregs.o [4]
?l3                     0x00000c         Data  Gb  vregs.o [4]
?load24_0x_e0           0x00b037         Code  Gb  far_util.o [4]
?load24_e0_0x           0x00b011         Code  Gb  far_util.o [4]
?load24_e1_0x           0x00b01f         Code  Gb  far_util.o [4]
?load24_xsp_e0          0x00b02d         Code  Gb  far_util.o [4]
?load32_0x_l0           0x00aaed         Code  Gb  long_util.o [4]
?load32_0x_l2           0x00ab05         Code  Gb  long_util.o [4]
?load32_l0_0x           0x00aacb         Code  Gb  long_util.o [4]
?load32_l0_asp          0x00aabf         Code  Gb  long_util.o [4]
?load32_l0_dbsp         0x00aab1         Code  Gb  long_util.o [4]
?load32_l0_xsp          0x00aac1         Code  Gb  long_util.o [4]
?load32_l2_0x           0x00aad7         Code  Gb  long_util.o [4]
?load32_xsp_l0          0x00aae3         Code  Gb  long_util.o [4]
?load32_xsp_l2          0x00aafb         Code  Gb  long_util.o [4]
?mov_e0_e1              0x00a281         Code  Gb  vreg_util.o [4]
?mov_e0_e2              0x00a28e         Code  Gb  vreg_util.o [4]
?mov_e1_e0              0x00a29b         Code  Gb  vreg_util.o [4]
?mov_e1_e2              0x00a2a8         Code  Gb  vreg_util.o [4]
?mov_e2_e0              0x00a2b5         Code  Gb  vreg_util.o [4]
?mov_e3_e0              0x00a2c2         Code  Gb  vreg_util.o [4]
?mov_l0_l1              0x00a27e         Code  Gb  vreg_util.o [4]
?mov_l0_l2              0x00a28b         Code  Gb  vreg_util.o [4]
?mov_l1_l0              0x00a298         Code  Gb  vreg_util.o [4]
?mov_l1_l2              0x00a2a5         Code  Gb  vreg_util.o [4]
?mov_l2_l0              0x00a2b2         Code  Gb  vreg_util.o [4]
?mov_l3_l0              0x00a2bf         Code  Gb  vreg_util.o [4]
?mov_w0_w4              0x00a23f         Code  Gb  vreg_util.o [4]
?mov_w0_w5              0x00a246         Code  Gb  vreg_util.o [4]
?mov_w1_w3              0x00a284         Code  Gb  vreg_util.o [4]
?mov_w1_w4              0x00a24d         Code  Gb  vreg_util.o [4]
?mov_w1_w5              0x00a291         Code  Gb  vreg_util.o [4]
?mov_w2_w0              0x00a254         Code  Gb  vreg_util.o [4]
?mov_w2_w1              0x00a25b         Code  Gb  vreg_util.o [4]
?mov_w3_w1              0x00a29e         Code  Gb  vreg_util.o [4]
?mov_w3_w5              0x00a2ab         Code  Gb  vreg_util.o [4]
?mov_w4_w0              0x00a262         Code  Gb  vreg_util.o [4]
?mov_w4_w1              0x00a269         Code  Gb  vreg_util.o [4]
?mov_w4_w2              0x00a270         Code  Gb  vreg_util.o [4]
?mov_w5_w0              0x00a277         Code  Gb  vreg_util.o [4]
?mov_w5_w1              0x00a2b8         Code  Gb  vreg_util.o [4]
?mov_w7_w1              0x00a2c5         Code  Gb  vreg_util.o [4]
?move1616_v_x_y_a       0x00b51f         Code  Gb  move.o [4]
?mul16_x_x_w0           0x00ad75         Code  Gb  short.o [4]
?mul32_l0_l0_l1         0x009b25         Code  Gb  long.o [4]
?neg32_l0_l0            0x009afa         Code  Gb  long.o [4]
?pop_l0                 0x00a1f0         Code  Gb  vreg_util.o [4]
?pop_l1                 0x00a1fb         Code  Gb  vreg_util.o [4]
?pop_l2                 0x00a206         Code  Gb  vreg_util.o [4]
?pop_l3                 0x00a211         Code  Gb  vreg_util.o [4]
?pop_w4                 0x00a1a1         Code  Gb  vreg_util.o [4]
?pop_w6                 0x00a1a8         Code  Gb  vreg_util.o [4]
?push_l0                0x00a1bb         Code  Gb  vreg_util.o [4]
?push_l1                0x00a1c0         Code  Gb  vreg_util.o [4]
?push_l2                0x00a1c5         Code  Gb  vreg_util.o [4]
?push_l3                0x00a1ca         Code  Gb  vreg_util.o [4]
?push_w0                0x00a176         Code  Gb  vreg_util.o [4]
?push_w1                0x00a17b         Code  Gb  vreg_util.o [4]
?push_w4                0x00a180         Code  Gb  vreg_util.o [4]
?push_w6                0x00a185         Code  Gb  vreg_util.o [4]
?scmp32_c_l0_l1         0x009c6f         Code  Gb  long.o [4]
?sdiv16_x_x_y           0x00ad93         Code  Gb  short.o [4]
?sdiv32_l0_l0_dl        0x009c20         Code  Gb  long.o [4]
?sdiv32_l0_l0_l1        0x009c24         Code  Gb  long.o [4]
?sext32_l0_a            0x009cce         Code  Gb  long.o [4]
?sext32_l0_x            0x009cc3         Code  Gb  long.o [4]
?sll16_x_x_4            0x00adb6         Code  Gb  short.o [4]
?sll16_x_x_5            0x00adb5         Code  Gb  short.o [4]
?sll16_x_x_6            0x00adb4         Code  Gb  short.o [4]
?sll16_x_x_a            0x00adac         Code  Gb  short.o [4]
?sll32_0x_0x_a          0x009ca4         Code  Gb  long.o [4]
?sll32_l0_l0_a          0x009ca1         Code  Gb  long.o [4]
?smod32_l1_l0_l1        0x009c24         Code  Gb  long.o [4]
?sra32_0x_0x_a          0x009cb5         Code  Gb  long.o [4]
?sra32_l0_l0_a          0x009cb2         Code  Gb  long.o [4]
?sub32_l0_l0_0x         0x009b0d         Code  Gb  long.o [4]
?sub32_l0_l0_l1         0x009b0a         Code  Gb  long.o [4]
?switch8vlt_0x_a_0x     0x00b5a4         Code  Gb  switch.o [4]
?ucmp24_c_0x_e0         0x00b60f         Code  Gb  far.o [4]
?udiv32_l0_dl_l1        0x009ba9         Code  Gb  long.o [4]
?udiv32_l0_l0_dl        0x009baf         Code  Gb  long.o [4]
?udiv32_l0_l0_l1        0x009bb3         Code  Gb  long.o [4]
?umod32_l1_l0_dl        0x009ba3         Code  Gb  long.o [4]
?umod32_l1_l0_l1        0x009bb3         Code  Gb  long.o [4]
?w0                     0x000000         Data  Gb  vregs.o [4]
?w1                     0x000002         Data  Gb  vregs.o [4]
?w2                     0x000004         Data  Gb  vregs.o [4]
?w3                     0x000006         Data  Gb  vregs.o [4]
?w4                     0x000008         Data  Gb  vregs.o [4]
?w5                     0x00000a         Data  Gb  vregs.o [4]
?w6                     0x00000c         Data  Gb  vregs.o [4]
?w7                     0x00000e         Data  Gb  vregs.o [4]
ADC1_ClearFlag          0x00a959   0x78  Code  Gb  stm8s_adc1.o [1]
ADC1_ClearITPendingBit  0x00a865   0x7b  Code  Gb  stm8s_adc1.o [1]
ADC1_Cmd                0x00b42f   0x18  Code  Gb  stm8s_adc1.o [1]
ADC1_ConversionConfig   0x00a73f   0x95  Code  Gb  stm8s_adc1.o [1]
ADC1_DeInit             0x00b0ab   0x31  Code  Gb  stm8s_adc1.o [1]
ADC1_GetConversionValue
                        0x00ae82   0x3e  Code  Gb  stm8s_adc1.o [1]
ADC1_IRQHandler         0x00ac82   0x57  Code  Gb  stm8s_it.o [1]
ADC1_ITConfig           0x00ae00   0x44  Code  Gb  stm8s_adc1.o [1]
ADC1_PrescalerConfig    0x00ae44   0x3e  Code  Gb  stm8s_adc1.o [1]
ADC1_SchmittTriggerConfig
                        0x00a5f8   0xad  Code  Gb  stm8s_adc1.o [1]
ADC1_StartConversion    0x00b6b4    0x5  Code  Gb  stm8s_adc1.o [1]
AWU_IRQHandler          0x00b6d9    0x1  Code  Gb  stm8s_it.o [1]
Average                 0x009755   0x33  Code  Gb  main.o [1]
CLK_ClockSwitchConfig   0x00a3b2   0xd5  Code  Gb  stm8s_clk.o [1]
CLK_DeInit              0x00af70   0x36  Code  Gb  stm8s_clk.o [1]
CLK_GetClockFreq        0x00aec0   0x3c  Code  Gb  stm8s_clk.o [1]
CLK_IRQHandler          0x00b6da    0x1  Code  Gb  stm8s_it.o [1]
CLK_PeripheralClockConfig
                        0x00a7d4   0x91  Code  Gb  stm8s_clk.o [1]
CLK_SYSCLKConfig        0x00ab73   0x5e  Code  Gb  stm8s_clk.o [1]
CSTACK$$Base            0x000700          --   Gb  - Linker created -
CSTACK$$Limit           0x000800          --   Gb  - Linker created -
Delay1                  0x0095d2    0xe  Code  Gb  main.o [1]
EEPROM_EEC_IRQHandler   0x00b6e9    0x1  Code  Gb  stm8s_it.o [1]
EXTI_PORTA_IRQHandler   0x00b6db    0x1  Code  Gb  stm8s_it.o [1]
EXTI_PORTB_IRQHandler   0x00b6dc    0x1  Code  Gb  stm8s_it.o [1]
EXTI_PORTC_IRQHandler   0x00b6dd    0x1  Code  Gb  stm8s_it.o [1]
EXTI_PORTD_IRQHandler   0x00b6de    0x1  Code  Gb  stm8s_it.o [1]
EXTI_PORTE_IRQHandler   0x00b6df    0x1  Code  Gb  stm8s_it.o [1]
GPIO_Init               0x00a544   0xb4  Code  Gb  stm8s_gpio.o [1]
GPIO_WriteHigh          0x00b6c9    0x3  Code  Gb  stm8s_gpio.o [1]
GPIO_WriteLow           0x00b6b9    0x4  Code  Gb  stm8s_gpio.o [1]
GPIO_WriteReverse       0x00b6cc    0x3  Code  Gb  stm8s_gpio.o [1]
GpioConfiguration       0x00b079   0x32  Code  Gb  main.o [1]
HEAP$$Base              0x00011a          --   Gb  - Linker created -
HEAP$$Limit             0x00021a          --   Gb  - Linker created -
HSIDivFactor            0x00835b    0x4  Data  Gb  stm8s_clk.o [1]
I2C_IRQHandler          0x00b6e6    0x1  Code  Gb  stm8s_it.o [1]
INTVEC$$Base            0x008000          --   Gb  - Linker created -
INTVEC$$Limit           0x008080          --   Gb  - Linker created -
InitAdc                 0x00b10c   0x2d  Code  Gb  main.o [1]
InitClk                 0x00aefc   0x3b  Code  Gb  main.o [1]
InitDelayTimer          0x009788   0x1d  Code  Gb  main.o [1]
InitLcd                 0x0097d9   0x5b  Code  Gb  main.o [1]
InitUart                0x00b166   0x2c  Code  Gb  main.o [1]
LCD                     0x009685   0xbe  Code  Gb  main.o [1]
LCDData                 0x009647    0xb  Code  Gb  main.o [1]
LCDDataOut              0x0095f0   0x57  Code  Gb  main.o [1]
LCDInstr                0x00967a    0xb  Code  Gb  main.o [1]
LCDInstrNibble          0x0097ca    0xf  Code  Gb  main.o [1]
LoadInt                 0x00ad2a   0x4b  Code  Lc  xprintffull.o [4]
PulseEnable             0x0095e0   0x10  Code  Gb  main.o [1]
Region$$Table$$Base     0x0082f4          --   Gb  - Linker created -
Region$$Table$$Limit    0x008308          --   Gb  - Linker created -
SPI_IRQHandler          0x00b6e0    0x1  Code  Gb  stm8s_it.o [1]
SendChar                0x009857    0xf  Code  Gb  main.o [1]
SendData                0x009866   0x3d  Code  Gb  main.o [1]
Send_Hello              0x00b139   0x2d  Code  Gb  main.o [1]
TIM1_CAP_COM_IRQHandler
                        0x00b6e2    0x1  Code  Gb  stm8s_it.o [1]
TIM1_UPD_OVF_TRG_BRK_IRQHandler
                        0x00b6e1    0x1  Code  Gb  stm8s_it.o [1]
TIM2_CAP_COM_IRQHandler
                        0x00b6e3    0x1  Code  Gb  stm8s_it.o [1]
TIM2_ClearITPendingBit  0x00b38f   0x1d  Code  Gb  stm8s_tim2.o [1]
TIM2_Cmd                0x00ab5b   0x18  Code  Gb  stm8s_tim2.o [1]
TIM2_DeInit             0x00abd1   0x59  Code  Gb  stm8s_tim2.o [1]
TIM2_ITConfig           0x00ab1f   0x3c  Code  Gb  stm8s_tim2.o [1]
TIM2_TimeBaseInit       0x00b5f1    0xa  Code  Gb  stm8s_tim2.o [1]
TIM2_UPD_OVF_BRK_IRQHandler
                        0x00b192   0x2b  Code  Gb  stm8s_it.o [1]
TIM3_CAP_COM_IRQHandler
                        0x00b6e5    0x1  Code  Gb  stm8s_it.o [1]
TIM3_UPD_OVF_BRK_IRQHandler
                        0x00b6e4    0x1  Code  Gb  stm8s_it.o [1]
TIM4_UPD_OVF_IRQHandler
                        0x00b6e8    0x1  Code  Gb  stm8s_it.o [1]
TLI_IRQHandler          0x00b6d8    0x1  Code  Gb  stm8s_it.o [1]
TRAP_IRQHandler         0x00b6d7    0x1  Code  Gb  stm8s_it.o [1]
UART2_ClearITPendingBit
                        0x00b2a8   0x25  Code  Gb  stm8s_uart2.o [1]
UART2_Cmd               0x00b505    0xd  Code  Gb  stm8s_uart2.o [1]
UART2_DeInit            0x00b236   0x27  Code  Gb  stm8s_uart2.o [1]
UART2_GetFlagStatus     0x00a9d1   0x70  Code  Gb  stm8s_uart2.o [1]
UART2_ITConfig          0x00a487   0xbd  Code  Gb  stm8s_uart2.o [1]
UART2_Init              0x009cdb  0x1ba  Code  Gb  stm8s_uart2.o [1]
UART2_RX_IRQHandler     0x00b283   0x25  Code  Gb  stm8s_it.o [1]
UART2_ReceiveData8      0x00b6bd    0x4  Code  Gb  stm8s_uart2.o [1]
UART2_TX_IRQHandler     0x00b6e7    0x1  Code  Gb  stm8s_it.o [1]
_EncodingSb_Mbtowc      0x00b0dc   0x30  Code  Gb  xencoding_sb.o [4]
_EncodingSb_Wctomb      0x00b416   0x19  Code  Gb  xencoding_sb.o [4]
_GenldDefault           0x009203  0x3cf  Code  Lc  xprintffull.o [4]
_LdtobDefault           0x0088e4  0x497  Code  Lc  xprintffull.o [4]
_LitobDefault           0x009e95  0x17f  Code  Lc  xprintffull.o [4]
_LocaleEncoding         0x00b4f7    0xe  Code  Gb  setlocale.o [4]
_Locale_Profile         0x0000f2    0xe  Data  Gb  setlocale.o [4]
_Locale_lconv           0x000010   0x2e  Data  Gb  localeconv.o [4]
_Mbtowc                 0x00b1bd   0x29  Code  Gb  xmbtowc.o [4]
_Printf                 0x0083ca  0x51a  Code  Gb  xprintffull.o [4]
_Prout                  0x00b3ac   0x1d  Code  Gb  xprout.o [4]
_PutcharDefault         0x00af37   0x39  Code  Lc  xprintffull.o [4]
_PutcharsDefault        0x00afdc   0x35  Code  Lc  xprintffull.o [4]
_PutstrDefault          0x0098b3  0x247  Code  Lc  xprintffull.o [4]
_SProut                 0x00b4e9    0xe  Code  Gb  xsprout.o [4]
_Wctomb                 0x00b2cd   0x22  Code  Gb  xwctomb.o [4]
__DebugBreak            0x00b6ea    0x1  Code  Gb  __dbg_break.o [3]
__exit                  0x00b474   0x16  Code  Gb  __dbg_xxexit.o [3]
__iar_Dnorm             0x00a014         Code  Gb  float_libsup.o [4]
__iar_Dscale            0x00a0a2         Code  Gb  float_libsup.o [4]
__iar_Dunscale          0x00a050         Code  Gb  float_libsup.o [4]
__iar_Mbcurmax          0x00b6a2    0x7  Code  Gb  xmbcurmax.o [4]
__iar_Memchr            0x00b48a   0x15  Code  Gb  memchr.o [4]
__iar_Stdout            0x00003e   0x28  Data  Gb  xfiles.o [4]
__iar_Strchr            0x00b49f   0x15  Code  Gb  strchr.o [4]
__iar_Tls_setup__Locale_Profile
                        0x00010b    0x3  Data  Gb  setlocale.o [4]
__iar_Tls_setup__Locale_lconv
                        0x000108    0x3  Data  Gb  localeconv.o [4]
__iar_copy_init2        0x00b20e         Code  Gb  init_small.o [4]
__iar_data_init2        0x00b353   0x1e  Code  Gb  init.o [4]
__iar_program_start     0x00b447         Code  Gb  cstartup.o [4]
__iar_unhandled_exception
                        0x00b6d2         Code  Gb  unhandled_exception.o [4]
__iar_zero_init2        0x00b371         Code  Gb  init_small.o [4]
__intvec                0x008000         Data  Gb  interrupt.o [4]
__low_level_init        0x00b6cf    0x3  Code  Gb  low_level_init.o [4]
__near_Aldata           0x000104    0x4  Data  Gb  xxmemxmalloc.o [4]
__near_GetMemChunk      0x00b2ef   0x22  Code  Gb  xgetmemchunk.o [4]
__near_findmem          0x00aa41   0x70  Code  Lc  xxmemxmalloc.o [4]
_exit                   0x00b6a9         Code  Gb  cexit.o [4]
_interrupt_1            0x00b6d7         Code  Gb  stm8s_it.o [1]
_interrupt_10           0x00b6c1         Code  Wk  interrupt.o [4]
_interrupt_11           0x00b6c1         Code  Wk  interrupt.o [4]
_interrupt_12           0x00b6e0         Code  Gb  stm8s_it.o [1]
_interrupt_13           0x00b6e1         Code  Gb  stm8s_it.o [1]
_interrupt_14           0x00b6e2         Code  Gb  stm8s_it.o [1]
_interrupt_15           0x00b192         Code  Gb  stm8s_it.o [1]
_interrupt_16           0x00b6e3         Code  Gb  stm8s_it.o [1]
_interrupt_17           0x00b6e4         Code  Gb  stm8s_it.o [1]
_interrupt_18           0x00b6e5         Code  Gb  stm8s_it.o [1]
_interrupt_19           0x00b6c1         Code  Wk  interrupt.o [4]
_interrupt_2            0x00b6d8         Code  Gb  stm8s_it.o [1]
_interrupt_20           0x00b6c1         Code  Wk  interrupt.o [4]
_interrupt_21           0x00b6e6         Code  Gb  stm8s_it.o [1]
_interrupt_22           0x00b6e7         Code  Gb  stm8s_it.o [1]
_interrupt_23           0x00b283         Code  Gb  stm8s_it.o [1]
_interrupt_24           0x00ac82         Code  Gb  stm8s_it.o [1]
_interrupt_25           0x00b6e8         Code  Gb  stm8s_it.o [1]
_interrupt_26           0x00b6e9         Code  Gb  stm8s_it.o [1]
_interrupt_27           0x00b6c1         Code  Wk  interrupt.o [4]
_interrupt_28           0x00b6c1         Code  Wk  interrupt.o [4]
_interrupt_29           0x00b6c1         Code  Wk  interrupt.o [4]
_interrupt_3            0x00b6d9         Code  Gb  stm8s_it.o [1]
_interrupt_30           0x00b6c1         Code  Wk  interrupt.o [4]
_interrupt_31           0x00b6c1         Code  Wk  interrupt.o [4]
_interrupt_4            0x00b6da         Code  Gb  stm8s_it.o [1]
_interrupt_5            0x00b6db         Code  Gb  stm8s_it.o [1]
_interrupt_6            0x00b6dc         Code  Gb  stm8s_it.o [1]
_interrupt_7            0x00b6dd         Code  Gb  stm8s_it.o [1]
_interrupt_8            0x00b6de         Code  Gb  stm8s_it.o [1]
_interrupt_9            0x00b6df         Code  Gb  stm8s_it.o [1]
adcdata                 0x000112    0x2  Data  Gb  main.o [1]
assert_failed           0x00b6d5    0x2  Code  Gb  main.o [1]
count                   0x000118    0x1  Data  Gb  main.o [1]
data                    0x0000de   0x14  Data  Gb  main.o [1]
div                     0x00b045   0x34  Code  Gb  div.o [4]
exit                    0x00b6c5    0x4  Code  Gb  exit.o [4]
fputc                   0x009743   0x12  Code  Gb  main.o [1]
free                    0x00a2cc   0xe6  Code  Gb  xxmemxfree.o [4]
index                   0x000119    0x1  Data  Gb  stm8s_it.o [1]
line_lcd                0x000117    0x1  Data  Gb  main.o [1]
localeconv              0x00b3fd   0x19  Code  Gb  localeconv.o [4]
main                    0x00a8e0   0x79  Code  Gb  main.o [1]
malloc                  0x00a6a5   0x9a  Code  Gb  xxmemxmalloc.o [4]
measure                 0x0000b6   0x28  Data  Gb  main.o [1]
memcpy                  0x00b25d   0x26  Code  Gb  memcpy.o [4]
obuf                    0x000066   0x50  Data  Lc  xfiles.o [4]
pad                     0x00afa6   0x36  Code  Lc  xprintffull.o [4]
printf                  0x00b1e6   0x28  Code  Gb  printf.o [4]
putchar                 0x00b685    0x8  Code  Gb  putchar.o [4]
result                  0x000100    0x4  Data  Gb  main.o [1]
rx_data                 0x000116    0x1  Data  Gb  main.o [1]
scale                   0x00acd9   0x51  Code  Lc  xprintffull.o [4]
sprintf                 0x00adbb   0x45  Code  Gb  sprintf.o [4]
strlen                  0x00b4c7   0x12  Code  Gb  strlen.o [4]
timer1                  0x00010e    0x2  Data  Gb  main.o [1]
timer2                  0x000110    0x2  Data  Gb  main.o [1]


[1] = C:\Documents and Settings\Administrator\Desktop\stm8s105k-controller\Project\STM8S_StdPeriph_Template\EWSTM8\STM8S105\Obj
[2] = command line
[3] = dbgstm8mmd.a
[4] = dlstm8mmf.a

  13 089 bytes of readonly  code memory
     970 bytes of readonly  data memory
     794 bytes of readwrite data memory

Errors: none
Warnings: none
