###############################################################################
#                                                                             #
# IAR ELF Linker V1.30.1.50036 for STM8                 12/Jul/2013  14:55:48 #
# Copyright 2010-2011 IAR Systems AB.                                         #
#                                                                             #
#    Output file  =  C:\Documents and Settings\Administrator\Desktop\stm8s105 #
#                    k-controller\Project\STM8S_StdPeriph_Template\EWSTM8\STM #
#                    8S105\Exe\Project.out                                    #
#    Map file     =  C:\Documents and Settings\Administrator\Desktop\stm8s105 #
#                    k-controller\Project\STM8S_StdPeriph_Template\EWSTM8\STM #
#                    8S105\List\Project.map                                   #
#    Command line =  "C:\Documents and Settings\Administrator\Desktop\stm8s10 #
#                    5k-controller\Project\STM8S_StdPeriph_Template\EWSTM8\ST #
#                    M8S105\Obj\main.o" "C:\Documents and                     #
#                    Settings\Administrator\Desktop\stm8s105k-controller\Proj #
#                    ect\STM8S_StdPeriph_Template\EWSTM8\STM8S105\Obj\stm8s_a #
#                    dc1.o" "C:\Documents and Settings\Administrator\Desktop\ #
#                    stm8s105k-controller\Project\STM8S_StdPeriph_Template\EW #
#                    STM8\STM8S105\Obj\stm8s_awu.o" "C:\Documents and         #
#                    Settings\Administrator\Desktop\stm8s105k-controller\Proj #
#                    ect\STM8S_StdPeriph_Template\EWSTM8\STM8S105\Obj\stm8s_b #
#                    eep.o" "C:\Documents and Settings\Administrator\Desktop\ #
#                    stm8s105k-controller\Project\STM8S_StdPeriph_Template\EW #
#                    STM8\STM8S105\Obj\stm8s_clk.o" "C:\Documents and         #
#                    Settings\Administrator\Desktop\stm8s105k-controller\Proj #
#                    ect\STM8S_StdPeriph_Template\EWSTM8\STM8S105\Obj\stm8s_e #
#                    xti.o" "C:\Documents and Settings\Administrator\Desktop\ #
#                    stm8s105k-controller\Project\STM8S_StdPeriph_Template\EW #
#                    STM8\STM8S105\Obj\stm8s_flash.o" "C:\Documents and       #
#                    Settings\Administrator\Desktop\stm8s105k-controller\Proj #
#                    ect\STM8S_StdPeriph_Template\EWSTM8\STM8S105\Obj\stm8s_g #
#                    pio.o" "C:\Documents and Settings\Administrator\Desktop\ #
#                    stm8s105k-controller\Project\STM8S_StdPeriph_Template\EW #
#                    STM8\STM8S105\Obj\stm8s_i2c.o" "C:\Documents and         #
#                    Settings\Administrator\Desktop\stm8s105k-controller\Proj #
#                    ect\STM8S_StdPeriph_Template\EWSTM8\STM8S105\Obj\stm8s_i #
#                    t.o" "C:\Documents and Settings\Administrator\Desktop\st #
#                    m8s105k-controller\Project\STM8S_StdPeriph_Template\EWST #
#                    M8\STM8S105\Obj\stm8s_itc.o" "C:\Documents and           #
#                    Settings\Administrator\Desktop\stm8s105k-controller\Proj #
#                    ect\STM8S_StdPeriph_Template\EWSTM8\STM8S105\Obj\stm8s_i #
#                    wdg.o" "C:\Documents and Settings\Administrator\Desktop\ #
#                    stm8s105k-controller\Project\STM8S_StdPeriph_Template\EW #
#                    STM8\STM8S105\Obj\stm8s_rst.o" "C:\Documents and         #
#                    Settings\Administrator\Desktop\stm8s105k-controller\Proj #
#                    ect\STM8S_StdPeriph_Template\EWSTM8\STM8S105\Obj\stm8s_s #
#                    pi.o" "C:\Documents and Settings\Administrator\Desktop\s #
#                    tm8s105k-controller\Project\STM8S_StdPeriph_Template\EWS #
#                    TM8\STM8S105\Obj\stm8s_tim1.o" "C:\Documents and         #
#                    Settings\Administrator\Desktop\stm8s105k-controller\Proj #
#                    ect\STM8S_StdPeriph_Template\EWSTM8\STM8S105\Obj\stm8s_t #
#                    im2.o" "C:\Documents and Settings\Administrator\Desktop\ #
#                    stm8s105k-controller\Project\STM8S_StdPeriph_Template\EW #
#                    STM8\STM8S105\Obj\stm8s_tim3.o" "C:\Documents and        #
#                    Settings\Administrator\Desktop\stm8s105k-controller\Proj #
#                    ect\STM8S_StdPeriph_Template\EWSTM8\STM8S105\Obj\stm8s_t #
#                    im4.o" "C:\Documents and Settings\Administrator\Desktop\ #
#                    stm8s105k-controller\Project\STM8S_StdPeriph_Template\EW #
#                    STM8\STM8S105\Obj\stm8s_uart2.o" "C:\Documents and       #
#                    Settings\Administrator\Desktop\stm8s105k-controller\Proj #
#                    ect\STM8S_StdPeriph_Template\EWSTM8\STM8S105\Obj\stm8s_w #
#                    wdg.o" --redirect _Scanf=_ScanfSmall -o "C:\Documents    #
#                    and Settings\Administrator\Desktop\stm8s105k-controller\ #
#                    Project\STM8S_StdPeriph_Template\EWSTM8\STM8S105\Exe\Pro #
#                    ject.out" --map "C:\Documents and                        #
#                    Settings\Administrator\Desktop\stm8s105k-controller\Proj #
#                    ect\STM8S_StdPeriph_Template\EWSTM8\STM8S105\List\Projec #
#                    t.map" --config "C:\Program Files\IAR Systems\Embedded   #
#                    Workbench 6.0\stm8\config\lnkstm8s105k4.icf"             #
#                    --config_def _CSTACK_SIZE=0x200 --config_def             #
#                    _HEAP_SIZE=0x200 --entry __iar_program_start --debug_lib #
#                                                                             #
#                                                                             #
###############################################################################

*******************************************************************************
*** RUNTIME MODEL ATTRIBUTES
***

__Heap_Handler             = Basic
__SystemLibrary            = DLib
__code_model               = medium_or_large
__core                     = stm8
__data_model               = medium
__dlib_file_descriptor     = 1
__dlib_full_locale_support = 1
__rt_version               = 4


*******************************************************************************
*** PLACEMENT SUMMARY
***

"A1":  place at start of [0x000000-0x0000ff] { rw section .vregs };
"A2":  place at end of [0x000000-0x0007ff] { block CSTACK };
"P2":  place in [from 0x000000 to 0x0007ff] {
          block HEAP, rw section .far.bss, rw section .far.data,
          rw section .far.noinit, rw section .far_func.textrw,
          rw section .huge.bss, rw section .huge.data, rw section .huge.noinit,
          rw section .huge_func.textrw, rw section .iar.dynexit,
          rw section .near.bss, rw section .near.data, rw section .near.noinit,
          rw section .near_func.textrw };
"A3":  place at start of [0x008000-0x00bfff] { block INTVEC };
"P3":  place in [from 0x008000 to 0x00bfff] {
          ro section .far.data_init, ro section .far_func.textrw_init,
          ro section .huge.data_init, ro section .huge_func.textrw_init,
          ro section .iar.init_table, ro section .init_array,
          ro section .near.data_init, ro section .near.rodata,
          ro section .near_func.text, ro section .near_func.textrw_init,
          ro section .tiny.data_init, ro section .tiny.rodata_init };
"P4":  place in [from 0x008000 to 0x00bfff] {
          ro section .far.rodata, ro section .far_func.text };

  Section            Kind      Address    Size  Object
  -------            ----      -------    ----  ------
"A1":                                     0x10
  .vregs             uninit   0x000000    0x10  vregs.o [4]
                            - 0x000010    0x10

"P2", part 1 of 3:                        0x56
  P2 s0                       0x000010    0x56  <Init block>
    .near.data       inited   0x000010    0x2e  localeconv.o [4]
    .near.data       inited   0x00003e    0x28  xfiles.o [4]
                            - 0x000066    0x56

"P2", part 2 of 3:                        0xb5
  .near.bss          zero     0x000066    0x50  xfiles.o [4]
  .near.bss          zero     0x0000b6    0x28  main.o [1]
  .near.bss          zero     0x0000de    0x14  main.o [1]
  .near.bss          zero     0x0000f2     0xe  setlocale.o [4]
  .near.bss          zero     0x000100     0x4  xxmemxmalloc.o [4]
  .near.bss          zero     0x000104     0x3  localeconv.o [4]
  .near.bss          zero     0x000107     0x3  setlocale.o [4]
  .near.bss          zero     0x00010a     0x2  main.o [1]
  .near.bss          zero     0x00010c     0x2  main.o [1]
  .near.bss          zero     0x00010e     0x2  main.o [1]
  .near.bss          zero     0x000110     0x2  xgetmemchunk.o [4]
  .near.bss          zero     0x000112     0x1  main.o [1]
  .near.bss          zero     0x000113     0x1  main.o [1]
  .near.bss          zero     0x000114     0x1  main.o [1]
  .near.bss          zero     0x000115     0x1  main.o [1]
  .near.bss          zero     0x000116     0x1  main.o [1]
  .near.bss          zero     0x000117     0x1  main.o [1]
  .near.bss          zero     0x000118     0x1  main.o [1]
  .near.bss          zero     0x000119     0x1  main.o [1]
  .near.bss          zero     0x00011a     0x1  stm8s_it.o [1]
                            - 0x00011b    0xb5

"P2", part 3 of 3:                       0x200
  HEAP                        0x00011b   0x200  <Block>
    HEAP             uninit   0x00011b   0x200  <Block tail>
                            - 0x00031b   0x200

"A2":                                    0x200
  CSTACK                      0x000600   0x200  <Block>
    CSTACK           uninit   0x000600   0x200  <Block tail>
                            - 0x000800   0x200

"A3":                                     0x80
  INTVEC                      0x008000    0x80  <Block>
    .intvec          const    0x008000    0x80  interrupt.o [4]
                            - 0x008080    0x80

"P3":                                    0x3e6
  .near.rodata       const    0x008080    0x78  stm8s_uart2.o [1]
  .near.rodata       const    0x0080f8    0x77  stm8s_adc1.o [1]
  .near.rodata       const    0x00816f    0x77  stm8s_gpio.o [1]
  .near.rodata       const    0x0081e6    0x77  stm8s_tim2.o [1]
  .near.rodata       const    0x00825d    0x76  stm8s_clk.o [1]
  .near.rodata       const    0x0082d3    0x76  stm8s_i2c.o [1]
  .near_func.text    const    0x008349    0x3c  xprintffull.o [4]
  .near.rodata       const    0x008385     0x7  xprintffull.o [4]
  .iar.init_table    const    0x00838c    0x14  - Linker created -
  .near.rodata       const    0x0083a0    0x10  main.o [1]
  .near.rodata       const    0x0083b0     0x8  main.o [1]
  .near.rodata       const    0x0083b8     0x8  main.o [1]
  .near.rodata       const    0x0083c0     0x8  xprintffull.o [4]
  .near.rodata       const    0x0083c8     0x8  xprintffull.o [4]
  .near.rodata       const    0x0083d0     0x8  xencoding_sb.o [4]
  .near.rodata       const    0x0083d8     0x8  xencoding_sb.o [4]
  .near.rodata       const    0x0083e0     0x6  main.o [1]
  .near.rodata       const    0x0083e6     0x6  main.o [1]
  .near.rodata       const    0x0083ec     0x6  localeconv.o [4]
  .near.rodata       const    0x0083f2     0x5  localeconv.o [4]
  .near.rodata       const    0x0083f7     0x4  stm8s_clk.o [1]
  .near.rodata       const    0x0083fb     0x4  xprintffull.o [4]
  .near.rodata       const    0x0083ff     0x4  xprintffull.o [4]
  .near.rodata       const    0x008403     0x4  xprintffull.o [4]
  .near.rodata       const    0x008407     0x4  xprintffull.o [4]
  .near.rodata       const    0x00840b     0x2  xprintffull.o [4]
  .near.rodata       const    0x00840d     0x2  localeconv.o [4]
  .near.rodata       const    0x00840f     0x1  localeconv.o [4]
  Initializer bytes  ro data  0x008410    0x56  <for P2 s0>
                            - 0x008466   0x3e6

"P4":                                   0x384a
  .far_func.text     ro code  0x008466   0x5ef  main.o [1]
  .far_func.text     ro code  0x008a55   0x51a  xprintffull.o [4]
  .far_func.text     ro code  0x008f6f   0x497  xprintffull.o [4]
  .far_func.text     ro code  0x009406   0x46a  float.o [4]
  .far_func.text     ro code  0x009870   0x3cf  xprintffull.o [4]
  .far_func.text     ro code  0x009c3f   0x247  xprintffull.o [4]
  .far_func.text     ro code  0x009e86   0x1e1  long.o [4]
  .far_func.text     ro code  0x00a067   0x1ba  stm8s_uart2.o [1]
  .far_func.text     ro code  0x00a221   0x17f  xprintffull.o [4]
  .far_func.text     ro code  0x00a3a0   0x16d  stm8s_i2c.o [1]
  .far_func.text     ro code  0x00a50d   0x163  vreg_util.o [4]
  .far_func.text     ro code  0x00a670   0x162  float_libsup.o [4]
  .far_func.text     ro code  0x00a7d2    0xe6  xxmemxfree.o [4]
  .far_func.text     ro code  0x00a8b8    0xd5  stm8s_clk.o [1]
  .far_func.text     ro code  0x00a98d    0xbd  stm8s_uart2.o [1]
  .far_func.text     ro code  0x00aa4a    0xb4  stm8s_gpio.o [1]
  .far_func.text     ro code  0x00aafe    0xad  stm8s_adc1.o [1]
  .far_func.text     ro code  0x00abab    0xa6  stm8s_i2c.o [1]
  .far_func.text     ro code  0x00ac51    0x9a  xxmemxmalloc.o [4]
  .far_func.text     ro code  0x00aceb    0x95  stm8s_adc1.o [1]
  .far_func.text     ro code  0x00ad80    0x93  stm8s_i2c.o [1]
  .far_func.text     ro code  0x00ae13    0x91  stm8s_clk.o [1]
  .far_func.text     ro code  0x00aea4    0x7b  stm8s_adc1.o [1]
  .far_func.text     ro code  0x00af1f    0x78  stm8s_adc1.o [1]
  .far_func.text     ro code  0x00af97    0x70  stm8s_uart2.o [1]
  .far_func.text     ro code  0x00b007    0x70  xxmemxmalloc.o [4]
  .far_func.text     ro code  0x00b077    0x62  long_util.o [4]
  .far_func.text     ro code  0x00b0d9    0x60  stm8s_tim2.o [1]
  .far_func.text     ro code  0x00b139    0x5e  stm8s_clk.o [1]
  .far_func.text     ro code  0x00b197    0x59  stm8s_tim2.o [1]
  .far_func.text     ro code  0x00b1f0    0x58  dc_util.o [4]
  .far_func.text     ro code  0x00b248    0x57  stm8s_it.o [1]
  .far_func.text     ro code  0x00b29f    0x51  xprintffull.o [4]
  .far_func.text     ro code  0x00b2f0    0x4b  xprintffull.o [4]
  .far_func.text     ro code  0x00b33b    0x46  short.o [4]
  .far_func.text     ro code  0x00b381    0x45  sprintf.o [4]
  .far_func.text     ro code  0x00b3c6    0x44  stm8s_adc1.o [1]
  .far_func.text     ro code  0x00b40a    0x3e  stm8s_adc1.o [1]
  .far_func.text     ro code  0x00b448    0x3e  stm8s_adc1.o [1]
  .far_func.text     ro code  0x00b486    0x3c  stm8s_clk.o [1]
  .far_func.text     ro code  0x00b4c2    0x3b  stm8s_it.o [1]
  .far_func.text     ro code  0x00b4fd    0x39  xprintffull.o [4]
  .far_func.text     ro code  0x00b536    0x36  stm8s_clk.o [1]
  .far_func.text     ro code  0x00b56c    0x36  xprintffull.o [4]
  .far_func.text     ro code  0x00b5a2    0x35  xprintffull.o [4]
  .far_func.text     ro code  0x00b5d7    0x34  stm8s_i2c.o [1]
  .far_func.text     ro code  0x00b60b    0x34  far_util.o [4]
  .far_func.text     ro code  0x00b63f    0x34  div.o [4]
  .far_func.text     ro code  0x00b673    0x32  stm8s_i2c.o [1]
  .far_func.text     ro code  0x00b6a5    0x31  stm8s_adc1.o [1]
  .far_func.text     ro code  0x00b6d6    0x30  xencoding_sb.o [4]
  .far_func.text     ro code  0x00b706    0x29  xmbtowc.o [4]
  .far_func.text     ro code  0x00b72f    0x28  printf.o [4]
  .far_func.text     ro code  0x00b757    0x28  init_small.o [4]
  .far_func.text     ro code  0x00b77f    0x27  stm8s_uart2.o [1]
  .far_func.text     ro code  0x00b7a6    0x26  memcpy.o [4]
  .far_func.text     ro code  0x00b7cc    0x25  stm8s_i2c.o [1]
  .far_func.text     ro code  0x00b7f1    0x25  stm8s_it.o [1]
  .far_func.text     ro code  0x00b816    0x25  stm8s_uart2.o [1]
  .far_func.text     ro code  0x00b83b    0x22  xwctomb.o [4]
  .far_func.text     ro code  0x00b85d    0x22  xgetmemchunk.o [4]
  .far_func.text     ro code  0x00b87f    0x21  xprintffull.o [4]
  .far_func.text     ro code  0x00b8a0    0x21  xprintffull.o [4]
  .far_func.text     ro code  0x00b8c1    0x1e  init.o [4]
  .far_func.text     ro code  0x00b8df    0x1e  init_small.o [4]
  .far_func.text     ro code  0x00b8fd    0x1d  stm8s_tim2.o [1]
  .far_func.text     ro code  0x00b91a    0x1d  xprout.o [4]
  .far_func.text     ro code  0x00b937    0x1a  xprintffull.o [4]
  .far_func.text     ro code  0x00b951    0x19  localeconv.o [4]
  .far_func.text     ro code  0x00b96a    0x19  xencoding_sb.o [4]
  .far_func.text     ro code  0x00b983    0x18  stm8s_adc1.o [1]
  .far_func.text     ro code  0x00b99b    0x18  stm8s_i2c.o [1]
  .far_func.text     ro code  0x00b9b3    0x18  stm8s_i2c.o [1]
  .far_func.text     ro code  0x00b9cb    0x18  stm8s_i2c.o [1]
  .far_func.text     ro code  0x00b9e3    0x17  cstartup.o [4]
  .far_func.text     ro code  0x00b9fa    0x16  xprintffull.o [4]
  .far_func.text     ro code  0x00ba10    0x16  __dbg_xxexit.o [3]
  .far_func.text     ro code  0x00ba26    0x15  memchr.o [4]
  .far_func.text     ro code  0x00ba3b    0x15  strchr.o [4]
  .far_func.text     ro code  0x00ba50    0x13  xprintffull.o [4]
  .far_func.text     ro code  0x00ba63    0x12  stm8s_i2c.o [1]
  .far_func.text     ro code  0x00ba75    0x12  strlen.o [4]
  .far_func.text     ro code  0x00ba87    0x10  xprintffull.o [4]
  .far_func.text     ro code  0x00ba97     0xe  xsprout.o [4]
  .far_func.text     ro code  0x00baa5     0xe  setlocale.o [4]
  .far_func.text     ro code  0x00bab3     0xd  stm8s_uart2.o [1]
  .far_func.text     ro code  0x00bac0     0xd  xprintffull.o [4]
  .far_func.text     ro code  0x00bacd     0xd  move.o [4]
  .far_func.text     ro code  0x00bada     0xc  stm8s_adc1.o [1]
  .far_func.text     ro code  0x00bae6     0xc  stm8s_adc1.o [1]
  .far_func.text     ro code  0x00baf2     0xc  stm8s_adc1.o [1]
  .far_func.text     ro code  0x00bafe     0xc  stm8s_clk.o [1]
  .far_func.text     ro code  0x00bb0a     0xc  stm8s_gpio.o [1]
  .far_func.text     ro code  0x00bb16     0xc  stm8s_i2c.o [1]
  .far_func.text     ro code  0x00bb22     0xc  stm8s_i2c.o [1]
  .far_func.text     ro code  0x00bb2e     0xc  stm8s_tim2.o [1]
  .far_func.text     ro code  0x00bb3a     0xc  stm8s_uart2.o [1]
  .far_func.text     ro code  0x00bb46     0xc  stm8s_uart2.o [1]
  .far_func.text     ro code  0x00bb52     0xc  stm8s_uart2.o [1]
  .far_func.text     ro code  0x00bb5e     0xc  xprintffull.o [4]
  .far_func.text     ro code  0x00bb6a     0xc  switch.o [4]
  .far_func.text     ro code  0x00bb76     0xb  stm8s_clk.o [1]
  .far_func.text     ro code  0x00bb81     0xb  xprintffull.o [4]
  .far_func.text     ro code  0x00bb8c     0xb  xprintffull.o [4]
  .far_func.text     ro code  0x00bb97     0xb  xprintffull.o [4]
  .far_func.text     ro code  0x00bba2     0xb  setlocale.o [4]
  .far_func.text     ro code  0x00bbad     0xa  stm8s_adc1.o [1]
  .far_func.text     ro code  0x00bbb7     0xa  stm8s_tim2.o [1]
  .far_func.text     ro code  0x00bbc1     0xa  xprintffull.o [4]
  .far_func.text     ro code  0x00bbcb     0xa  xprintffull.o [4]
  .far_func.text     ro code  0x00bbd5     0xa  far.o [4]
  .far_func.text     ro code  0x00bbdf     0xa  localeconv.o [4]
  .far_func.text     ro code  0x00bbe9     0xa  setlocale.o [4]
  .far_func.text     ro code  0x00bbf3     0x9  stm8s_adc1.o [1]
  .far_func.text     ro code  0x00bbfc     0x9  xprintffull.o [4]
  .far_func.text     ro code  0x00bc05     0x9  xprintffull.o [4]
  .far_func.text     ro code  0x00bc0e     0x9  xprintffull.o [4]
  .far_func.text     ro code  0x00bc17     0x9  xprintffull.o [4]
  .far_func.text     ro code  0x00bc20     0x9  xprintffull.o [4]
  .far_func.text     ro code  0x00bc29     0x9  setlocale.o [4]
  .far_func.text     ro code  0x00bc32     0x8  xprintffull.o [4]
  .far_func.text     ro code  0x00bc3a     0x8  xxmemxmalloc.o [4]
  .far_func.text     ro code  0x00bc42     0x8  putchar.o [4]
  .far_func.text     ro code  0x00bc4a     0x7  stm8s_uart2.o [1]
  .far_func.text     ro code  0x00bc51     0x7  xprintffull.o [4]
  .far_func.text     ro code  0x00bc58     0x7  xprintffull.o [4]
  .far_func.text     ro code  0x00bc5f     0x7  xmbcurmax.o [4]
  .far_func.text     ro code  0x00bc66     0x6  cexit.o [4]
  .far_func.text     ro code  0x00bc6c     0x5  stm8s_adc1.o [1]
  .far_func.text     ro code  0x00bc71     0x5  stm8s_adc1.o [1]
  .far_func.text     ro code  0x00bc76     0x4  stm8s_gpio.o [1]
  .far_func.text     ro code  0x00bc7a     0x4  stm8s_i2c.o [1]
  .far_func.text     ro code  0x00bc7e     0x4  stm8s_i2c.o [1]
  .far_func.text     ro code  0x00bc82     0x4  stm8s_uart2.o [1]
  .far_func.text     ro code  0x00bc86     0x4  interrupt.o [4]
  .far_func.text     ro code  0x00bc8a     0x4  exit.o [4]
  .far_func.text     ro code  0x00bc8e     0x3  stm8s_gpio.o [1]
  .far_func.text     ro code  0x00bc91     0x3  stm8s_gpio.o [1]
  .far_func.text     ro code  0x00bc94     0x3  low_level_init.o [4]
  .far_func.text     ro code  0x00bc97     0x3  unhandled_exception.o [4]
  .far_func.text     ro code  0x00bc9a     0x2  main.o [1]
  .far_func.text     ro code  0x00bc9c     0x1  stm8s_it.o [1]
  .far_func.text     ro code  0x00bc9d     0x1  stm8s_it.o [1]
  .far_func.text     ro code  0x00bc9e     0x1  stm8s_it.o [1]
  .far_func.text     ro code  0x00bc9f     0x1  stm8s_it.o [1]
  .far_func.text     ro code  0x00bca0     0x1  stm8s_it.o [1]
  .far_func.text     ro code  0x00bca1     0x1  stm8s_it.o [1]
  .far_func.text     ro code  0x00bca2     0x1  stm8s_it.o [1]
  .far_func.text     ro code  0x00bca3     0x1  stm8s_it.o [1]
  .far_func.text     ro code  0x00bca4     0x1  stm8s_it.o [1]
  .far_func.text     ro code  0x00bca5     0x1  stm8s_it.o [1]
  .far_func.text     ro code  0x00bca6     0x1  stm8s_it.o [1]
  .far_func.text     ro code  0x00bca7     0x1  stm8s_it.o [1]
  .far_func.text     ro code  0x00bca8     0x1  stm8s_it.o [1]
  .far_func.text     ro code  0x00bca9     0x1  stm8s_it.o [1]
  .far_func.text     ro code  0x00bcaa     0x1  stm8s_it.o [1]
  .far_func.text     ro code  0x00bcab     0x1  stm8s_it.o [1]
  .far_func.text     ro code  0x00bcac     0x1  stm8s_it.o [1]
  .far_func.text     ro code  0x00bcad     0x1  stm8s_it.o [1]
  .far_func.text     ro code  0x00bcae     0x1  stm8s_it.o [1]
  .far_func.text     ro code  0x00bcaf     0x1  __dbg_break.o [3]
                            - 0x00bcb0  0x384a


*******************************************************************************
*** INIT TABLE
***

          Address   Size
          -------   ----
Zero (__iar_zero_init2)
    1 destination range, total size 0xb5:
          0x000066  0xb5

Copy (__iar_copy_init2)
    1 source range, total size 0x56:
          0x008410  0x56
    1 destination range, total size 0x56:
          0x000010  0x56


*******************************************************************************
*** MODULE SUMMARY
***

    Module                 ro code  ro data  rw data
    ------                 -------  -------  -------
C:\Documents and Settings\Administrator\Desktop\stm8s105k-controller\Project\STM8S_StdPeriph_Template\EWSTM8\STM8S105\Obj: [1]
    main.o                   1 521       44       74
    stm8s_adc1.o               895      119
    stm8s_clk.o                589      122
    stm8s_gpio.o               202      119
    stm8s_i2c.o                939      118
    stm8s_it.o                 202                 1
    stm8s_tim2.o               236      119
    stm8s_uart2.o              879      120
    ------------------------------------------------
    Total:                   5 463      761       75

command line: [2]
    ------------------------------------------------
    Total:

dbgstm8mmd.a: [3]
    __dbg_break.o                1
    __dbg_xxexit.o              22
    ------------------------------------------------
    Total:                      23

dlstm8mmf.a: [4]
    cexit.o                      6
    cstartup.o                  23
    dc_util.o                   88
    div.o                       52
    exit.o                       4
    far.o                       10
    far_util.o                  52
    float.o                  1 130
    float_libsup.o             354
    init.o                      30
    init_small.o                70
    interrupt.o                  4      128
    localeconv.o                35       60       49
    long.o                     481
    long_util.o                 98
    low_level_init.o             3
    memchr.o                    21
    memcpy.o                    38
    move.o                      13
    printf.o                    40
    putchar.o                    8
    setlocale.o                 44                17
    short.o                     70
    sprintf.o                   69
    strchr.o                    21
    strlen.o                    18
    switch.o                    12
    unhandled_exception.o        3
    vreg_util.o                355
    vregs.o                                       16
    xencoding_sb.o              73       16
    xfiles.o                             40      120
    xgetmemchunk.o              34                 2
    xmbcurmax.o                  7
    xmbtowc.o                   41
    xprintffull.o            5 036      101
    xprout.o                    29
    xsprout.o                   14
    xwctomb.o                   34
    xxmemxfree.o               230
    xxmemxmalloc.o             274                 4
    ------------------------------------------------
    Total:                   8 924      345      208

    Linker created                       20    1 024
----------------------------------------------------
    Grand Total:            14 410    1 126    1 307


*******************************************************************************
*** ENTRY LIST
***

Entry                    Address   Size  Type      Object
-----                    -------   ----  ----      ------
?and32_l0_l0_0x         0x00a015         Code  Gb  long.o [4]
?and32_l0_l0_l1         0x00a012         Code  Gb  long.o [4]
?b0                     0x000000         Data  Gb  vregs.o [4]
?b1                     0x000001         Data  Gb  vregs.o [4]
?b10                    0x00000a         Data  Gb  vregs.o [4]
?b11                    0x00000b         Data  Gb  vregs.o [4]
?b12                    0x00000c         Data  Gb  vregs.o [4]
?b13                    0x00000d         Data  Gb  vregs.o [4]
?b14                    0x00000e         Data  Gb  vregs.o [4]
?b15                    0x00000f         Data  Gb  vregs.o [4]
?b2                     0x000002         Data  Gb  vregs.o [4]
?b3                     0x000003         Data  Gb  vregs.o [4]
?b4                     0x000004         Data  Gb  vregs.o [4]
?b5                     0x000005         Data  Gb  vregs.o [4]
?b6                     0x000006         Data  Gb  vregs.o [4]
?b7                     0x000007         Data  Gb  vregs.o [4]
?b8                     0x000008         Data  Gb  vregs.o [4]
?b9                     0x000009         Data  Gb  vregs.o [4]
?dc32_l0                0x00b1f0         Code  Gb  dc_util.o [4]
?dc32_l1                0x00b21c         Code  Gb  dc_util.o [4]
?e0                     0x000001         Data  Gb  vregs.o [4]
?e1                     0x000005         Data  Gb  vregs.o [4]
?e2                     0x000009         Data  Gb  vregs.o [4]
?e3                     0x00000d         Data  Gb  vregs.o [4]
?epilogue_l2            0x00a5c3         Code  Gb  vreg_util.o [4]
?epilogue_l2_l3         0x00a5bf         Code  Gb  vreg_util.o [4]
?epilogue_l2_w6         0x00a5c8         Code  Gb  vreg_util.o [4]
?epilogue_w4            0x00a5d1         Code  Gb  vreg_util.o [4]
?fadd32_l0_l0_l1        0x00942a         Code  Gb  float.o [4]
?fcastf32s32_l0_l0      0x009729         Code  Gb  float.o [4]
?fcastf32u32_l0_l0      0x009735         Code  Gb  float.o [4]
?fcasts32f32_l0_l0      0x0096c6         Code  Gb  float.o [4]
?fcastu32f32_l0_l0      0x0096af         Code  Gb  float.o [4]
?fcmpge32_c_l0_0x       0x00964e         Code  Gb  float.o [4]
?fcmpge32_c_l0_dc32     0x009647         Code  Gb  float.o [4]
?fcmpge32_c_l0_l1       0x00964b         Code  Gb  float.o [4]
?fcmplt32_c_l0_0x       0x009659         Code  Gb  float.o [4]
?fcmplt32_c_l0_dc32     0x009652         Code  Gb  float.o [4]
?fcmplt32_c_l0_l1       0x009656         Code  Gb  float.o [4]
?fdiv32_l0_l0_l1        0x009599         Code  Gb  float.o [4]
?fmul32_l0_l0_dc32      0x0094f8         Code  Gb  float.o [4]
?fmul32_l0_l0_l1        0x0094fe         Code  Gb  float.o [4]
?fsub32_l0_l0_l1        0x009424         Code  Gb  float.o [4]
?l0                     0x000000         Data  Gb  vregs.o [4]
?l1                     0x000004         Data  Gb  vregs.o [4]
?l2                     0x000008         Data  Gb  vregs.o [4]
?l3                     0x00000c         Data  Gb  vregs.o [4]
?load24_0x_e0           0x00b631         Code  Gb  far_util.o [4]
?load24_e0_0x           0x00b60b         Code  Gb  far_util.o [4]
?load24_e1_0x           0x00b619         Code  Gb  far_util.o [4]
?load24_xsp_e0          0x00b627         Code  Gb  far_util.o [4]
?load32_0x_l0           0x00b0b3         Code  Gb  long_util.o [4]
?load32_0x_l2           0x00b0cb         Code  Gb  long_util.o [4]
?load32_l0_0x           0x00b091         Code  Gb  long_util.o [4]
?load32_l0_asp          0x00b085         Code  Gb  long_util.o [4]
?load32_l0_dbsp         0x00b077         Code  Gb  long_util.o [4]
?load32_l0_xsp          0x00b087         Code  Gb  long_util.o [4]
?load32_l2_0x           0x00b09d         Code  Gb  long_util.o [4]
?load32_xsp_l0          0x00b0a9         Code  Gb  long_util.o [4]
?load32_xsp_l2          0x00b0c1         Code  Gb  long_util.o [4]
?mov_e0_e1              0x00a618         Code  Gb  vreg_util.o [4]
?mov_e0_e2              0x00a625         Code  Gb  vreg_util.o [4]
?mov_e0_e3              0x00a632         Code  Gb  vreg_util.o [4]
?mov_e1_e0              0x00a63f         Code  Gb  vreg_util.o [4]
?mov_e1_e2              0x00a64c         Code  Gb  vreg_util.o [4]
?mov_e2_e0              0x00a659         Code  Gb  vreg_util.o [4]
?mov_e3_e0              0x00a666         Code  Gb  vreg_util.o [4]
?mov_l0_l1              0x00a615         Code  Gb  vreg_util.o [4]
?mov_l0_l2              0x00a622         Code  Gb  vreg_util.o [4]
?mov_l0_l3              0x00a62f         Code  Gb  vreg_util.o [4]
?mov_l1_l0              0x00a63c         Code  Gb  vreg_util.o [4]
?mov_l1_l2              0x00a649         Code  Gb  vreg_util.o [4]
?mov_l2_l0              0x00a656         Code  Gb  vreg_util.o [4]
?mov_l3_l0              0x00a663         Code  Gb  vreg_util.o [4]
?mov_w0_w4              0x00a5d6         Code  Gb  vreg_util.o [4]
?mov_w0_w5              0x00a5dd         Code  Gb  vreg_util.o [4]
?mov_w1_w3              0x00a61b         Code  Gb  vreg_util.o [4]
?mov_w1_w4              0x00a5e4         Code  Gb  vreg_util.o [4]
?mov_w1_w5              0x00a628         Code  Gb  vreg_util.o [4]
?mov_w1_w7              0x00a635         Code  Gb  vreg_util.o [4]
?mov_w2_w0              0x00a5eb         Code  Gb  vreg_util.o [4]
?mov_w2_w1              0x00a5f2         Code  Gb  vreg_util.o [4]
?mov_w3_w1              0x00a642         Code  Gb  vreg_util.o [4]
?mov_w3_w5              0x00a64f         Code  Gb  vreg_util.o [4]
?mov_w4_w0              0x00a5f9         Code  Gb  vreg_util.o [4]
?mov_w4_w1              0x00a600         Code  Gb  vreg_util.o [4]
?mov_w4_w2              0x00a607         Code  Gb  vreg_util.o [4]
?mov_w5_w0              0x00a60e         Code  Gb  vreg_util.o [4]
?mov_w5_w1              0x00a65c         Code  Gb  vreg_util.o [4]
?mov_w7_w1              0x00a669         Code  Gb  vreg_util.o [4]
?move1616_v_x_y_a       0x00bacd         Code  Gb  move.o [4]
?mul16_x_x_w0           0x00b33b         Code  Gb  short.o [4]
?mul32_l0_l0_l1         0x009eb1         Code  Gb  long.o [4]
?neg32_l0_l0            0x009e86         Code  Gb  long.o [4]
?pop_l0                 0x00a587         Code  Gb  vreg_util.o [4]
?pop_l1                 0x00a592         Code  Gb  vreg_util.o [4]
?pop_l2                 0x00a59d         Code  Gb  vreg_util.o [4]
?pop_l3                 0x00a5a8         Code  Gb  vreg_util.o [4]
?pop_w4                 0x00a538         Code  Gb  vreg_util.o [4]
?pop_w6                 0x00a53f         Code  Gb  vreg_util.o [4]
?push_l0                0x00a552         Code  Gb  vreg_util.o [4]
?push_l1                0x00a557         Code  Gb  vreg_util.o [4]
?push_l2                0x00a55c         Code  Gb  vreg_util.o [4]
?push_l3                0x00a561         Code  Gb  vreg_util.o [4]
?push_w0                0x00a50d         Code  Gb  vreg_util.o [4]
?push_w1                0x00a512         Code  Gb  vreg_util.o [4]
?push_w4                0x00a517         Code  Gb  vreg_util.o [4]
?push_w6                0x00a51c         Code  Gb  vreg_util.o [4]
?scmp32_c_l0_l1         0x009ffb         Code  Gb  long.o [4]
?sdiv16_x_x_y           0x00b359         Code  Gb  short.o [4]
?sdiv32_l0_l0_dl        0x009fac         Code  Gb  long.o [4]
?sdiv32_l0_l0_l1        0x009fb0         Code  Gb  long.o [4]
?sext32_l0_a            0x00a05a         Code  Gb  long.o [4]
?sext32_l0_x            0x00a04f         Code  Gb  long.o [4]
?sll16_x_x_4            0x00b37c         Code  Gb  short.o [4]
?sll16_x_x_5            0x00b37b         Code  Gb  short.o [4]
?sll16_x_x_6            0x00b37a         Code  Gb  short.o [4]
?sll16_x_x_a            0x00b372         Code  Gb  short.o [4]
?sll32_0x_0x_a          0x00a030         Code  Gb  long.o [4]
?sll32_l0_l0_a          0x00a02d         Code  Gb  long.o [4]
?smod32_l1_l0_l1        0x009fb0         Code  Gb  long.o [4]
?sra32_0x_0x_a          0x00a041         Code  Gb  long.o [4]
?sra32_l0_l0_a          0x00a03e         Code  Gb  long.o [4]
?sub32_l0_l0_0x         0x009e99         Code  Gb  long.o [4]
?sub32_l0_l0_l1         0x009e96         Code  Gb  long.o [4]
?switch8vlt_0x_a_0x     0x00bb6a         Code  Gb  switch.o [4]
?ucmp24_c_0x_e0         0x00bbd5         Code  Gb  far.o [4]
?udiv32_l0_dl_l1        0x009f35         Code  Gb  long.o [4]
?udiv32_l0_l0_dl        0x009f3b         Code  Gb  long.o [4]
?udiv32_l0_l0_l1        0x009f3f         Code  Gb  long.o [4]
?umod32_l1_l0_dl        0x009f2f         Code  Gb  long.o [4]
?umod32_l1_l0_l1        0x009f3f         Code  Gb  long.o [4]
?w0                     0x000000         Data  Gb  vregs.o [4]
?w1                     0x000002         Data  Gb  vregs.o [4]
?w2                     0x000004         Data  Gb  vregs.o [4]
?w3                     0x000006         Data  Gb  vregs.o [4]
?w4                     0x000008         Data  Gb  vregs.o [4]
?w5                     0x00000a         Data  Gb  vregs.o [4]
?w6                     0x00000c         Data  Gb  vregs.o [4]
?w7                     0x00000e         Data  Gb  vregs.o [4]
ADC1_ClearFlag          0x00af1f   0x78  Code  Gb  stm8s_adc1.o [1]
ADC1_ClearITPendingBit  0x00aea4   0x7b  Code  Gb  stm8s_adc1.o [1]
ADC1_Cmd                0x00b983   0x18  Code  Gb  stm8s_adc1.o [1]
ADC1_ConversionConfig   0x00aceb   0x95  Code  Gb  stm8s_adc1.o [1]
ADC1_DeInit             0x00b6a5   0x31  Code  Gb  stm8s_adc1.o [1]
ADC1_GetConversionValue
                        0x00b448   0x3e  Code  Gb  stm8s_adc1.o [1]
ADC1_IRQHandler         0x00b248   0x57  Code  Gb  stm8s_it.o [1]
ADC1_ITConfig           0x00b3c6   0x44  Code  Gb  stm8s_adc1.o [1]
ADC1_PrescalerConfig    0x00b40a   0x3e  Code  Gb  stm8s_adc1.o [1]
ADC1_SchmittTriggerConfig
                        0x00aafe   0xad  Code  Gb  stm8s_adc1.o [1]
ADC1_StartConversion    0x00bc71    0x5  Code  Gb  stm8s_adc1.o [1]
AWU_IRQHandler          0x00bc9e    0x1  Code  Gb  stm8s_it.o [1]
CLK_ClockSwitchConfig   0x00a8b8   0xd5  Code  Gb  stm8s_clk.o [1]
CLK_DeInit              0x00b536   0x36  Code  Gb  stm8s_clk.o [1]
CLK_GetClockFreq        0x00b486   0x3c  Code  Gb  stm8s_clk.o [1]
CLK_IRQHandler          0x00bc9f    0x1  Code  Gb  stm8s_it.o [1]
CLK_PeripheralClockConfig
                        0x00ae13   0x91  Code  Gb  stm8s_clk.o [1]
CLK_SYSCLKConfig        0x00b139   0x5e  Code  Gb  stm8s_clk.o [1]
CSTACK$$Base            0x000600          --   Gb  - Linker created -
CSTACK$$Limit           0x000800          --   Gb  - Linker created -
Delay1                  0x008474    0xe  Code  Gb  main.o [1]
Delay2                  0x008466    0xe  Code  Gb  main.o [1]
EEPROM_EEC_IRQHandler   0x00bcae    0x1  Code  Gb  stm8s_it.o [1]
EXTI_PORTA_IRQHandler   0x00bca0    0x1  Code  Gb  stm8s_it.o [1]
EXTI_PORTB_IRQHandler   0x00bca1    0x1  Code  Gb  stm8s_it.o [1]
EXTI_PORTC_IRQHandler   0x00bca2    0x1  Code  Gb  stm8s_it.o [1]
EXTI_PORTD_IRQHandler   0x00bca3    0x1  Code  Gb  stm8s_it.o [1]
EXTI_PORTE_IRQHandler   0x00bca4    0x1  Code  Gb  stm8s_it.o [1]
GPIO_Init               0x00aa4a   0xb4  Code  Gb  stm8s_gpio.o [1]
GPIO_WriteHigh          0x00bc8e    0x3  Code  Gb  stm8s_gpio.o [1]
GPIO_WriteLow           0x00bc76    0x4  Code  Gb  stm8s_gpio.o [1]
GPIO_WriteReverse       0x00bc91    0x3  Code  Gb  stm8s_gpio.o [1]
GpioConfiguration       0x00880f   0x4c  Code  Gb  main.o [1]
HEAP$$Base              0x00011b          --   Gb  - Linker created -
HEAP$$Limit             0x00031b          --   Gb  - Linker created -
HSIDivFactor            0x0083f7    0x4  Data  Gb  stm8s_clk.o [1]
I2C_AcknowledgeConfig   0x00b5d7   0x34  Code  Gb  stm8s_i2c.o [1]
I2C_CheckEvent          0x00abab   0xa6  Code  Gb  stm8s_i2c.o [1]
I2C_Cmd                 0x00b99b   0x18  Code  Gb  stm8s_i2c.o [1]
I2C_DeInit              0x00b7cc   0x25  Code  Gb  stm8s_i2c.o [1]
I2C_GenerateSTART       0x00b9b3   0x18  Code  Gb  stm8s_i2c.o [1]
I2C_GenerateSTOP        0x00b9cb   0x18  Code  Gb  stm8s_i2c.o [1]
I2C_GetFlagStatus       0x00ad80   0x93  Code  Gb  stm8s_i2c.o [1]
I2C_IRQHandler          0x00bcab    0x1  Code  Gb  stm8s_it.o [1]
I2C_Init                0x00a3a0  0x16d  Code  Gb  stm8s_i2c.o [1]
I2C_RA                  0x0088f5   0x28  Code  Gb  main.o [1]
I2C_RD                  0x0088d2   0x23  Code  Gb  main.o [1]
I2C_ReceiveData         0x00bc7a    0x4  Code  Gb  stm8s_i2c.o [1]
I2C_Send7bitAddress     0x00b673   0x32  Code  Gb  stm8s_i2c.o [1]
I2C_SendData            0x00bc7e    0x4  Code  Gb  stm8s_i2c.o [1]
I2C_Start               0x0088a5   0x26  Code  Gb  main.o [1]
I2C_WA                  0x00887f   0x26  Code  Gb  main.o [1]
I2C_WD                  0x00885b   0x24  Code  Gb  main.o [1]
INTVEC$$Base            0x008000          --   Gb  - Linker created -
INTVEC$$Limit           0x008080          --   Gb  - Linker created -
InitAdc                 0x0087a1   0x2d  Code  Gb  main.o [1]
InitClk                 0x0087ce   0x38  Code  Gb  main.o [1]
InitDelayTimer          0x0085f7   0x1d  Code  Gb  main.o [1]
InitI2C                 0x00899a   0x26  Code  Gb  main.o [1]
InitLcd                 0x008648   0x5b  Code  Gb  main.o [1]
InitUart                0x008775   0x2c  Code  Gb  main.o [1]
LCD                     0x008527   0xbe  Code  Gb  main.o [1]
LCDData                 0x0084e9    0xb  Code  Gb  main.o [1]
LCDDataOut              0x008492   0x57  Code  Gb  main.o [1]
LCDInstr                0x00851c    0xb  Code  Gb  main.o [1]
LCDInstrNibble          0x008639    0xf  Code  Gb  main.o [1]
LoadInt                 0x00b2f0   0x4b  Code  Lc  xprintffull.o [4]
PulseEnable             0x008482   0x10  Code  Gb  main.o [1]
ReadDS1307              0x00891d   0x43  Code  Gb  main.o [1]
Region$$Table$$Base     0x00838c          --   Gb  - Linker created -
Region$$Table$$Limit    0x0083a0          --   Gb  - Linker created -
SPI_IRQHandler          0x00bca5    0x1  Code  Gb  stm8s_it.o [1]
SendChar                0x0086c4    0xf  Code  Gb  main.o [1]
SendData                0x0086d3   0x3d  Code  Gb  main.o [1]
Send_Hello              0x008710   0x2d  Code  Gb  main.o [1]
TIM1_CAP_COM_IRQHandler
                        0x00bca7    0x1  Code  Gb  stm8s_it.o [1]
TIM1_UPD_OVF_TRG_BRK_IRQHandler
                        0x00bca6    0x1  Code  Gb  stm8s_it.o [1]
TIM2_CAP_COM_IRQHandler
                        0x00bca8    0x1  Code  Gb  stm8s_it.o [1]
TIM2_ClearITPendingBit  0x00b8fd   0x1d  Code  Gb  stm8s_tim2.o [1]
TIM2_Cmd                0x00b121   0x18  Code  Gb  stm8s_tim2.o [1]
TIM2_DeInit             0x00b197   0x59  Code  Gb  stm8s_tim2.o [1]
TIM2_ITConfig           0x00b0e5   0x3c  Code  Gb  stm8s_tim2.o [1]
TIM2_TimeBaseInit       0x00bbb7    0xa  Code  Gb  stm8s_tim2.o [1]
TIM2_UPD_OVF_BRK_IRQHandler
                        0x00b4c2   0x3b  Code  Gb  stm8s_it.o [1]
TIM3_CAP_COM_IRQHandler
                        0x00bcaa    0x1  Code  Gb  stm8s_it.o [1]
TIM3_UPD_OVF_BRK_IRQHandler
                        0x00bca9    0x1  Code  Gb  stm8s_it.o [1]
TIM4_UPD_OVF_IRQHandler
                        0x00bcad    0x1  Code  Gb  stm8s_it.o [1]
TLI_IRQHandler          0x00bc9d    0x1  Code  Gb  stm8s_it.o [1]
TRAP_IRQHandler         0x00bc9c    0x1  Code  Gb  stm8s_it.o [1]
UART2_ClearITPendingBit
                        0x00b816   0x25  Code  Gb  stm8s_uart2.o [1]
UART2_Cmd               0x00bab3    0xd  Code  Gb  stm8s_uart2.o [1]
UART2_DeInit            0x00b77f   0x27  Code  Gb  stm8s_uart2.o [1]
UART2_GetFlagStatus     0x00af97   0x70  Code  Gb  stm8s_uart2.o [1]
UART2_ITConfig          0x00a98d   0xbd  Code  Gb  stm8s_uart2.o [1]
UART2_Init              0x00a067  0x1ba  Code  Gb  stm8s_uart2.o [1]
UART2_RX_IRQHandler     0x00b7f1   0x25  Code  Gb  stm8s_it.o [1]
UART2_ReceiveData8      0x00bc82    0x4  Code  Gb  stm8s_uart2.o [1]
UART2_TX_IRQHandler     0x00bcac    0x1  Code  Gb  stm8s_it.o [1]
_EncodingSb_Mbtowc      0x00b6d6   0x30  Code  Gb  xencoding_sb.o [4]
_EncodingSb_Wctomb      0x00b96a   0x19  Code  Gb  xencoding_sb.o [4]
_GenldDefault           0x009870  0x3cf  Code  Lc  xprintffull.o [4]
_LdtobDefault           0x008f6f  0x497  Code  Lc  xprintffull.o [4]
_LitobDefault           0x00a221  0x17f  Code  Lc  xprintffull.o [4]
_LocaleEncoding         0x00baa5    0xe  Code  Gb  setlocale.o [4]
_Locale_Profile         0x0000f2    0xe  Data  Gb  setlocale.o [4]
_Locale_lconv           0x000010   0x2e  Data  Gb  localeconv.o [4]
_Mbtowc                 0x00b706   0x29  Code  Gb  xmbtowc.o [4]
_Printf                 0x008a55  0x51a  Code  Gb  xprintffull.o [4]
_Prout                  0x00b91a   0x1d  Code  Gb  xprout.o [4]
_PutcharDefault         0x00b4fd   0x39  Code  Lc  xprintffull.o [4]
_PutcharsDefault        0x00b5a2   0x35  Code  Lc  xprintffull.o [4]
_PutstrDefault          0x009c3f  0x247  Code  Lc  xprintffull.o [4]
_SProut                 0x00ba97    0xe  Code  Gb  xsprout.o [4]
_Wctomb                 0x00b83b   0x22  Code  Gb  xwctomb.o [4]
__DebugBreak            0x00bcaf    0x1  Code  Gb  __dbg_break.o [3]
__exit                  0x00ba10   0x16  Code  Gb  __dbg_xxexit.o [3]
__iar_Dnorm             0x00a670         Code  Gb  float_libsup.o [4]
__iar_Dscale            0x00a6fe         Code  Gb  float_libsup.o [4]
__iar_Dunscale          0x00a6ac         Code  Gb  float_libsup.o [4]
__iar_Mbcurmax          0x00bc5f    0x7  Code  Gb  xmbcurmax.o [4]
__iar_Memchr            0x00ba26   0x15  Code  Gb  memchr.o [4]
__iar_Stdout            0x00003e   0x28  Data  Gb  xfiles.o [4]
__iar_Strchr            0x00ba3b   0x15  Code  Gb  strchr.o [4]
__iar_Tls_setup__Locale_Profile
                        0x000107    0x3  Data  Gb  setlocale.o [4]
__iar_Tls_setup__Locale_lconv
                        0x000104    0x3  Data  Gb  localeconv.o [4]
__iar_copy_init2        0x00b757         Code  Gb  init_small.o [4]
__iar_data_init2        0x00b8c1   0x1e  Code  Gb  init.o [4]
__iar_program_start     0x00b9e3         Code  Gb  cstartup.o [4]
__iar_unhandled_exception
                        0x00bc97         Code  Gb  unhandled_exception.o [4]
__iar_zero_init2        0x00b8df         Code  Gb  init_small.o [4]
__intvec                0x008000         Data  Gb  interrupt.o [4]
__low_level_init        0x00bc94    0x3  Code  Gb  low_level_init.o [4]
__near_Aldata           0x000100    0x4  Data  Gb  xxmemxmalloc.o [4]
__near_GetMemChunk      0x00b85d   0x22  Code  Gb  xgetmemchunk.o [4]
__near_findmem          0x00b007   0x70  Code  Lc  xxmemxmalloc.o [4]
_exit                   0x00bc66         Code  Gb  cexit.o [4]
_interrupt_1            0x00bc9c         Code  Gb  stm8s_it.o [1]
_interrupt_10           0x00bc86         Code  Wk  interrupt.o [4]
_interrupt_11           0x00bc86         Code  Wk  interrupt.o [4]
_interrupt_12           0x00bca5         Code  Gb  stm8s_it.o [1]
_interrupt_13           0x00bca6         Code  Gb  stm8s_it.o [1]
_interrupt_14           0x00bca7         Code  Gb  stm8s_it.o [1]
_interrupt_15           0x00b4c2         Code  Gb  stm8s_it.o [1]
_interrupt_16           0x00bca8         Code  Gb  stm8s_it.o [1]
_interrupt_17           0x00bca9         Code  Gb  stm8s_it.o [1]
_interrupt_18           0x00bcaa         Code  Gb  stm8s_it.o [1]
_interrupt_19           0x00bc86         Code  Wk  interrupt.o [4]
_interrupt_2            0x00bc9d         Code  Gb  stm8s_it.o [1]
_interrupt_20           0x00bc86         Code  Wk  interrupt.o [4]
_interrupt_21           0x00bcab         Code  Gb  stm8s_it.o [1]
_interrupt_22           0x00bcac         Code  Gb  stm8s_it.o [1]
_interrupt_23           0x00b7f1         Code  Gb  stm8s_it.o [1]
_interrupt_24           0x00b248         Code  Gb  stm8s_it.o [1]
_interrupt_25           0x00bcad         Code  Gb  stm8s_it.o [1]
_interrupt_26           0x00bcae         Code  Gb  stm8s_it.o [1]
_interrupt_27           0x00bc86         Code  Wk  interrupt.o [4]
_interrupt_28           0x00bc86         Code  Wk  interrupt.o [4]
_interrupt_29           0x00bc86         Code  Wk  interrupt.o [4]
_interrupt_3            0x00bc9e         Code  Gb  stm8s_it.o [1]
_interrupt_30           0x00bc86         Code  Wk  interrupt.o [4]
_interrupt_31           0x00bc86         Code  Wk  interrupt.o [4]
_interrupt_4            0x00bc9f         Code  Gb  stm8s_it.o [1]
_interrupt_5            0x00bca0         Code  Gb  stm8s_it.o [1]
_interrupt_6            0x00bca1         Code  Gb  stm8s_it.o [1]
_interrupt_7            0x00bca2         Code  Gb  stm8s_it.o [1]
_interrupt_8            0x00bca3         Code  Gb  stm8s_it.o [1]
_interrupt_9            0x00bca4         Code  Gb  stm8s_it.o [1]
adcdata                 0x00010e    0x2  Data  Gb  main.o [1]
assert_failed           0x00bc9a    0x2  Code  Gb  main.o [1]
count                   0x000115    0x1  Data  Gb  main.o [1]
data                    0x0000de   0x14  Data  Gb  main.o [1]
div                     0x00b63f   0x34  Code  Gb  div.o [4]
error                   0x000119    0x1  Data  Gb  main.o [1]
exit                    0x00bc8a    0x4  Code  Gb  exit.o [4]
fputc                   0x0085e5   0x12  Code  Gb  main.o [1]
free                    0x00a7d2   0xe6  Code  Gb  xxmemxfree.o [4]
hours                   0x000118    0x1  Data  Gb  main.o [1]
index                   0x00011a    0x1  Data  Gb  stm8s_it.o [1]
line_lcd                0x000114    0x1  Data  Gb  main.o [1]
localeconv              0x00b951   0x19  Code  Gb  localeconv.o [4]
main                    0x0089c0   0x85  Code  Gb  main.o [1]
malloc                  0x00ac51   0x9a  Code  Gb  xxmemxmalloc.o [4]
measure                 0x0000b6   0x28  Data  Gb  main.o [1]
memcpy                  0x00b7a6   0x26  Code  Gb  memcpy.o [4]
minutes                 0x000117    0x1  Data  Gb  main.o [1]
obuf                    0x000066   0x50  Data  Lc  xfiles.o [4]
pad                     0x00b56c   0x36  Code  Lc  xprintffull.o [4]
printf                  0x00b72f   0x28  Code  Gb  printf.o [4]
putchar                 0x00bc42    0x8  Code  Gb  putchar.o [4]
rx_data                 0x000113    0x1  Data  Gb  main.o [1]
scale                   0x00b29f   0x51  Code  Lc  xprintffull.o [4]
seconds                 0x000116    0x1  Data  Gb  main.o [1]
sprintf                 0x00b381   0x45  Code  Gb  sprintf.o [4]
strlen                  0x00ba75   0x12  Code  Gb  strlen.o [4]
timeout                 0x000112    0x1  Data  Gb  main.o [1]
timer1                  0x00010a    0x2  Data  Gb  main.o [1]
timer2                  0x00010c    0x2  Data  Gb  main.o [1]


[1] = C:\Documents and Settings\Administrator\Desktop\stm8s105k-controller\Project\STM8S_StdPeriph_Template\EWSTM8\STM8S105\Obj
[2] = command line
[3] = dbgstm8mmd.a
[4] = dlstm8mmf.a

  14 410 bytes of readonly  code memory
   1 126 bytes of readonly  data memory
   1 307 bytes of readwrite data memory

Errors: none
Warnings: none
