###############################################################################
#                                                                             #
# IAR ELF Linker V1.30.1.50036 for STM8                 21/Jul/2013  23:37:36 #
# Copyright 2010-2011 IAR Systems AB.                                         #
#                                                                             #
#    Output file  =  C:\Documents and Settings\Administrator\Desktop\stm8s105 #
#                    k-controller\Project\STM8S_StdPeriph_Template\EWSTM8\STM #
#                    8S105\Exe\Project.out                                    #
#    Map file     =  C:\Documents and Settings\Administrator\Desktop\stm8s105 #
#                    k-controller\Project\STM8S_StdPeriph_Template\EWSTM8\STM #
#                    8S105\List\Project.map                                   #
#    Command line =  "C:\Documents and Settings\Administrator\Desktop\stm8s10 #
#                    5k-controller\Project\STM8S_StdPeriph_Template\EWSTM8\ST #
#                    M8S105\Obj\main.o" "C:\Documents and                     #
#                    Settings\Administrator\Desktop\stm8s105k-controller\Proj #
#                    ect\STM8S_StdPeriph_Template\EWSTM8\STM8S105\Obj\stm8s_a #
#                    dc1.o" "C:\Documents and Settings\Administrator\Desktop\ #
#                    stm8s105k-controller\Project\STM8S_StdPeriph_Template\EW #
#                    STM8\STM8S105\Obj\stm8s_awu.o" "C:\Documents and         #
#                    Settings\Administrator\Desktop\stm8s105k-controller\Proj #
#                    ect\STM8S_StdPeriph_Template\EWSTM8\STM8S105\Obj\stm8s_b #
#                    eep.o" "C:\Documents and Settings\Administrator\Desktop\ #
#                    stm8s105k-controller\Project\STM8S_StdPeriph_Template\EW #
#                    STM8\STM8S105\Obj\stm8s_clk.o" "C:\Documents and         #
#                    Settings\Administrator\Desktop\stm8s105k-controller\Proj #
#                    ect\STM8S_StdPeriph_Template\EWSTM8\STM8S105\Obj\stm8s_e #
#                    xti.o" "C:\Documents and Settings\Administrator\Desktop\ #
#                    stm8s105k-controller\Project\STM8S_StdPeriph_Template\EW #
#                    STM8\STM8S105\Obj\stm8s_flash.o" "C:\Documents and       #
#                    Settings\Administrator\Desktop\stm8s105k-controller\Proj #
#                    ect\STM8S_StdPeriph_Template\EWSTM8\STM8S105\Obj\stm8s_g #
#                    pio.o" "C:\Documents and Settings\Administrator\Desktop\ #
#                    stm8s105k-controller\Project\STM8S_StdPeriph_Template\EW #
#                    STM8\STM8S105\Obj\stm8s_i2c.o" "C:\Documents and         #
#                    Settings\Administrator\Desktop\stm8s105k-controller\Proj #
#                    ect\STM8S_StdPeriph_Template\EWSTM8\STM8S105\Obj\stm8s_i #
#                    t.o" "C:\Documents and Settings\Administrator\Desktop\st #
#                    m8s105k-controller\Project\STM8S_StdPeriph_Template\EWST #
#                    M8\STM8S105\Obj\stm8s_itc.o" "C:\Documents and           #
#                    Settings\Administrator\Desktop\stm8s105k-controller\Proj #
#                    ect\STM8S_StdPeriph_Template\EWSTM8\STM8S105\Obj\stm8s_i #
#                    wdg.o" "C:\Documents and Settings\Administrator\Desktop\ #
#                    stm8s105k-controller\Project\STM8S_StdPeriph_Template\EW #
#                    STM8\STM8S105\Obj\stm8s_rst.o" "C:\Documents and         #
#                    Settings\Administrator\Desktop\stm8s105k-controller\Proj #
#                    ect\STM8S_StdPeriph_Template\EWSTM8\STM8S105\Obj\stm8s_s #
#                    pi.o" "C:\Documents and Settings\Administrator\Desktop\s #
#                    tm8s105k-controller\Project\STM8S_StdPeriph_Template\EWS #
#                    TM8\STM8S105\Obj\stm8s_tim1.o" "C:\Documents and         #
#                    Settings\Administrator\Desktop\stm8s105k-controller\Proj #
#                    ect\STM8S_StdPeriph_Template\EWSTM8\STM8S105\Obj\stm8s_t #
#                    im2.o" "C:\Documents and Settings\Administrator\Desktop\ #
#                    stm8s105k-controller\Project\STM8S_StdPeriph_Template\EW #
#                    STM8\STM8S105\Obj\stm8s_tim3.o" "C:\Documents and        #
#                    Settings\Administrator\Desktop\stm8s105k-controller\Proj #
#                    ect\STM8S_StdPeriph_Template\EWSTM8\STM8S105\Obj\stm8s_t #
#                    im4.o" "C:\Documents and Settings\Administrator\Desktop\ #
#                    stm8s105k-controller\Project\STM8S_StdPeriph_Template\EW #
#                    STM8\STM8S105\Obj\stm8s_uart2.o" "C:\Documents and       #
#                    Settings\Administrator\Desktop\stm8s105k-controller\Proj #
#                    ect\STM8S_StdPeriph_Template\EWSTM8\STM8S105\Obj\stm8s_w #
#                    wdg.o" --redirect _Printf=_PrintfSmall --redirect        #
#                    _Scanf=_ScanfSmall -o "C:\Documents and                  #
#                    Settings\Administrator\Desktop\stm8s105k-controller\Proj #
#                    ect\STM8S_StdPeriph_Template\EWSTM8\STM8S105\Exe\Project #
#                    .out" --map "C:\Documents and                            #
#                    Settings\Administrator\Desktop\stm8s105k-controller\Proj #
#                    ect\STM8S_StdPeriph_Template\EWSTM8\STM8S105\List\Projec #
#                    t.map" --config "C:\Program Files\IAR Systems\Embedded   #
#                    Workbench 6.0\stm8\config\lnkstm8s105k4.icf"             #
#                    --config_def _CSTACK_SIZE=0x200 --config_def             #
#                    _HEAP_SIZE=0x200 --entry __iar_program_start --debug_lib #
#                                                                             #
#                                                                             #
###############################################################################

*******************************************************************************
*** RUNTIME MODEL ATTRIBUTES
***

__Heap_Handler             = Basic
__SystemLibrary            = DLib
__code_model               = medium_or_large
__core                     = stm8
__data_model               = medium
__dlib_file_descriptor     = 1
__dlib_full_locale_support = 1
__rt_version               = 4


*******************************************************************************
*** PLACEMENT SUMMARY
***

"A1":  place at start of [0x000000-0x0000ff] { rw section .vregs };
"A2":  place at end of [0x000000-0x0007ff] { block CSTACK };
"P2":  place in [from 0x000000 to 0x0007ff] {
          block HEAP, rw section .far.bss, rw section .far.data,
          rw section .far.noinit, rw section .far_func.textrw,
          rw section .huge.bss, rw section .huge.data, rw section .huge.noinit,
          rw section .huge_func.textrw, rw section .iar.dynexit,
          rw section .near.bss, rw section .near.data, rw section .near.noinit,
          rw section .near_func.textrw };
"A3":  place at start of [0x008000-0x00bfff] { block INTVEC };
"P3":  place in [from 0x008000 to 0x00bfff] {
          ro section .far.data_init, ro section .far_func.textrw_init,
          ro section .huge.data_init, ro section .huge_func.textrw_init,
          ro section .iar.init_table, ro section .init_array,
          ro section .near.data_init, ro section .near.rodata,
          ro section .near_func.text, ro section .near_func.textrw_init,
          ro section .tiny.data_init, ro section .tiny.rodata_init };
"P4":  place in [from 0x008000 to 0x00bfff] {
          ro section .far.rodata, ro section .far_func.text };

  Section            Kind      Address    Size  Object
  -------            ----      -------    ----  ------
"A1":                                     0x10
  .vregs             uninit   0x000000    0x10  vregs.o [4]
                            - 0x000010    0x10

"P2", part 1 of 3:                        0x2b
  P2 s0                       0x000010    0x2b  <Init block>
    .near.data       inited   0x000010    0x28  xfiles.o [4]
    .near.data       inited   0x000038     0x1  main.o [1]
    .near.data       inited   0x000039     0x1  main.o [1]
    .near.data       inited   0x00003a     0x1  main.o [1]
                            - 0x00003b    0x2b

"P2", part 2 of 3:                        0xa6
  .near.bss          zero     0x00003b    0x50  xfiles.o [4]
  .near.bss          zero     0x00008b    0x28  main.o [1]
  .near.bss          zero     0x0000b3     0xe  setlocale.o [4]
  .near.bss          zero     0x0000c1     0x4  xxmemxmalloc.o [4]
  .near.bss          zero     0x0000c5     0x3  setlocale.o [4]
  .near.bss          zero     0x0000c8     0x2  main.o [1]
  .near.bss          zero     0x0000ca     0x2  main.o [1]
  .near.bss          zero     0x0000cc     0x2  main.o [1]
  .near.bss          zero     0x0000ce     0x2  main.o [1]
  .near.bss          zero     0x0000d0     0x2  xgetmemchunk.o [4]
  .near.bss          zero     0x0000d2     0x1  main.o [1]
  .near.bss          zero     0x0000d3     0x1  main.o [1]
  .near.bss          zero     0x0000d4     0x1  main.o [1]
  .near.bss          zero     0x0000d5     0x1  main.o [1]
  .near.bss          zero     0x0000d6     0x1  main.o [1]
  .near.bss          zero     0x0000d7     0x1  main.o [1]
  .near.bss          zero     0x0000d8     0x1  main.o [1]
  .near.bss          zero     0x0000d9     0x1  main.o [1]
  .near.bss          zero     0x0000da     0x1  main.o [1]
  .near.bss          zero     0x0000db     0x1  main.o [1]
  .near.bss          zero     0x0000dc     0x1  main.o [1]
  .near.bss          zero     0x0000dd     0x1  main.o [1]
  .near.bss          zero     0x0000de     0x1  main.o [1]
  .near.bss          zero     0x0000df     0x1  main.o [1]
  .near.bss          zero     0x0000e0     0x1  stm8s_it.o [1]
                            - 0x0000e1    0xa6

"P2", part 3 of 3:                       0x200
  HEAP                        0x0000e1   0x200  <Block>
    HEAP             uninit   0x0000e1   0x200  <Block tail>
                            - 0x0002e1   0x200

"A2":                                    0x200
  CSTACK                      0x000600   0x200  <Block>
    CSTACK           uninit   0x000600   0x200  <Block tail>
                            - 0x000800   0x200

"A3":                                     0x80
  INTVEC                      0x008000    0x80  <Block>
    .intvec          const    0x008000    0x80  interrupt.o [4]
                            - 0x008080    0x80

"P3":                                    0x452
  .near.rodata       const    0x008080    0x78  stm8s_flash.o [1]
  .near.rodata       const    0x0080f8    0x78  stm8s_uart2.o [1]
  .near.rodata       const    0x008170    0x77  stm8s_adc1.o [1]
  .near.rodata       const    0x0081e7    0x77  stm8s_gpio.o [1]
  .near.rodata       const    0x00825e    0x77  stm8s_tim2.o [1]
  .near.rodata       const    0x0082d5    0x76  stm8s_clk.o [1]
  .near.rodata       const    0x00834b    0x76  stm8s_i2c.o [1]
  .near.rodata       const    0x0083c1     0xb  main.o [1]
  .iar.init_table    const    0x0083cc    0x14  - Linker created -
  .near.rodata       const    0x0083e0    0x10  main.o [1]
  .near.rodata       const    0x0083f0     0xa  main.o [1]
  .near.rodata       const    0x0083fa     0xa  main.o [1]
  .near.rodata       const    0x008404     0xa  main.o [1]
  .near.rodata       const    0x00840e     0xa  main.o [1]
  .near.rodata       const    0x008418     0x9  main.o [1]
  .near.rodata       const    0x008421     0x9  main.o [1]
  .near.rodata       const    0x00842a     0x8  main.o [1]
  .near.rodata       const    0x008432     0x8  main.o [1]
  .near.rodata       const    0x00843a     0x8  main.o [1]
  .near.rodata       const    0x008442     0x8  main.o [1]
  .near.rodata       const    0x00844a     0x8  main.o [1]
  .near.rodata       const    0x008452     0x8  main.o [1]
  .near.rodata       const    0x00845a     0x8  xprintfsmall.o [4]
  .near.rodata       const    0x008462     0x8  xprintfsmall.o [4]
  .near.rodata       const    0x00846a     0x8  xencoding_sb.o [4]
  .near.rodata       const    0x008472     0x8  xencoding_sb.o [4]
  .near.rodata       const    0x00847a     0x7  main.o [1]
  .near.rodata       const    0x008481     0x7  main.o [1]
  .near.rodata       const    0x008488     0x7  main.o [1]
  .near.rodata       const    0x00848f     0x7  main.o [1]
  .near.rodata       const    0x008496     0x7  xprintfsmall.o [4]
  .near.rodata       const    0x00849d     0x6  main.o [1]
  .near.rodata       const    0x0084a3     0x4  main.o [1]
  Initializer bytes  ro data  0x0084a7    0x2b  <for P2 s0>
                            - 0x0084d2   0x452

"P4":                                   0x29a9
  .far_func.text     ro code  0x0084d2   0xb74  main.o [1]
  .far_func.text     ro code  0x009046   0x4aa  xprintfsmall.o [4]
  .far_func.text     ro code  0x0094f0   0x1e7  xprintfsmall.o [4]
  .far_func.text     ro code  0x0096d7   0x17f  xprintfsmall.o [4]
  .far_func.text     ro code  0x009856   0x16d  stm8s_i2c.o [1]
  .far_func.text     ro code  0x0099c3   0x15a  long.o [4]
  .far_func.text     ro code  0x009b1d   0x143  vreg_util.o [4]
  .far_func.text     ro code  0x009c60    0xe6  xxmemxfree.o [4]
  .far_func.text     ro code  0x009d46    0xd5  stm8s_clk.o [1]
  .far_func.text     ro code  0x009e1b    0xb4  stm8s_gpio.o [1]
  .far_func.text     ro code  0x009ecf    0xad  stm8s_adc1.o [1]
  .far_func.text     ro code  0x009f7c    0xa6  stm8s_i2c.o [1]
  .far_func.text     ro code  0x00a022    0x9a  xxmemxmalloc.o [4]
  .far_func.text     ro code  0x00a0bc    0x95  stm8s_adc1.o [1]
  .far_func.text     ro code  0x00a151    0x93  stm8s_i2c.o [1]
  .far_func.text     ro code  0x00a1e4    0x91  stm8s_clk.o [1]
  .far_func.text     ro code  0x00a275    0x7b  stm8s_adc1.o [1]
  .far_func.text     ro code  0x00a2f0    0x78  stm8s_adc1.o [1]
  .far_func.text     ro code  0x00a368    0x70  xxmemxmalloc.o [4]
  .far_func.text     ro code  0x00a3d8    0x60  stm8s_tim2.o [1]
  .far_func.text     ro code  0x00a438    0x5e  stm8s_clk.o [1]
  .far_func.text     ro code  0x00a496    0x59  stm8s_tim2.o [1]
  .far_func.text     ro code  0x00a4ef    0x57  stm8s_it.o [1]
  .far_func.text     ro code  0x00a546    0x47  xprintfsmall.o [4]
  .far_func.text     ro code  0x00a58d    0x46  short.o [4]
  .far_func.text     ro code  0x00a5d3    0x44  stm8s_adc1.o [1]
  .far_func.text     ro code  0x00a617    0x3e  stm8s_adc1.o [1]
  .far_func.text     ro code  0x00a655    0x3e  stm8s_adc1.o [1]
  .far_func.text     ro code  0x00a693    0x3e  long_util.o [4]
  .far_func.text     ro code  0x00a6d1    0x3b  stm8s_it.o [1]
  .far_func.text     ro code  0x00a70c    0x3a  stm8s_flash.o [1]
  .far_func.text     ro code  0x00a746    0x39  xprintfsmall.o [4]
  .far_func.text     ro code  0x00a77f    0x36  stm8s_clk.o [1]
  .far_func.text     ro code  0x00a7b5    0x35  xprintfsmall.o [4]
  .far_func.text     ro code  0x00a7ea    0x35  xprintfsmall.o [4]
  .far_func.text     ro code  0x00a81f    0x34  stm8s_i2c.o [1]
  .far_func.text     ro code  0x00a853    0x34  far_util.o [4]
  .far_func.text     ro code  0x00a887    0x32  stm8s_i2c.o [1]
  .far_func.text     ro code  0x00a8b9    0x31  stm8s_adc1.o [1]
  .far_func.text     ro code  0x00a8ea    0x30  xencoding_sb.o [4]
  .far_func.text     ro code  0x00a91a    0x2c  stm8s_flash.o [1]
  .far_func.text     ro code  0x00a946    0x29  xmbtowc.o [4]
  .far_func.text     ro code  0x00a96f    0x28  printf.o [4]
  .far_func.text     ro code  0x00a997    0x28  init_small.o [4]
  .far_func.text     ro code  0x00a9bf    0x26  memcpy.o [4]
  .far_func.text     ro code  0x00a9e5    0x25  stm8s_i2c.o [1]
  .far_func.text     ro code  0x00aa0a    0x25  stm8s_it.o [1]
  .far_func.text     ro code  0x00aa2f    0x25  stm8s_uart2.o [1]
  .far_func.text     ro code  0x00aa54    0x22  stm8s_flash.o [1]
  .far_func.text     ro code  0x00aa76    0x22  xwctomb.o [4]
  .far_func.text     ro code  0x00aa98    0x22  xgetmemchunk.o [4]
  .far_func.text     ro code  0x00aaba    0x21  stm8s_flash.o [1]
  .far_func.text     ro code  0x00aadb    0x1e  init.o [4]
  .far_func.text     ro code  0x00aaf9    0x1e  init_small.o [4]
  .far_func.text     ro code  0x00ab17    0x1d  stm8s_tim2.o [1]
  .far_func.text     ro code  0x00ab34    0x1d  xprout.o [4]
  .far_func.text     ro code  0x00ab51    0x1a  stm8s_flash.o [1]
  .far_func.text     ro code  0x00ab6b    0x1a  xprintfsmall.o [4]
  .far_func.text     ro code  0x00ab85    0x19  xencoding_sb.o [4]
  .far_func.text     ro code  0x00ab9e    0x18  stm8s_adc1.o [1]
  .far_func.text     ro code  0x00abb6    0x18  stm8s_flash.o [1]
  .far_func.text     ro code  0x00abce    0x18  stm8s_i2c.o [1]
  .far_func.text     ro code  0x00abe6    0x18  stm8s_i2c.o [1]
  .far_func.text     ro code  0x00abfe    0x18  stm8s_i2c.o [1]
  .far_func.text     ro code  0x00ac16    0x17  cstartup.o [4]
  .far_func.text     ro code  0x00ac2d    0x16  xprintfsmall.o [4]
  .far_func.text     ro code  0x00ac43    0x16  __dbg_xxexit.o [3]
  .far_func.text     ro code  0x00ac59    0x15  memchr.o [4]
  .far_func.text     ro code  0x00ac6e    0x15  strchr.o [4]
  .far_func.text     ro code  0x00ac83    0x13  stm8s_flash.o [1]
  .far_func.text     ro code  0x00ac96    0x13  xprintfsmall.o [4]
  .far_func.text     ro code  0x00aca9    0x12  stm8s_i2c.o [1]
  .far_func.text     ro code  0x00acbb    0x12  strlen.o [4]
  .far_func.text     ro code  0x00accd    0x10  xprintfsmall.o [4]
  .far_func.text     ro code  0x00acdd     0xe  setlocale.o [4]
  .far_func.text     ro code  0x00aceb     0xd  move.o [4]
  .far_func.text     ro code  0x00acf8     0xc  stm8s_adc1.o [1]
  .far_func.text     ro code  0x00ad04     0xc  stm8s_adc1.o [1]
  .far_func.text     ro code  0x00ad10     0xc  stm8s_adc1.o [1]
  .far_func.text     ro code  0x00ad1c     0xc  stm8s_clk.o [1]
  .far_func.text     ro code  0x00ad28     0xc  stm8s_flash.o [1]
  .far_func.text     ro code  0x00ad34     0xc  stm8s_gpio.o [1]
  .far_func.text     ro code  0x00ad40     0xc  stm8s_i2c.o [1]
  .far_func.text     ro code  0x00ad4c     0xc  stm8s_i2c.o [1]
  .far_func.text     ro code  0x00ad58     0xc  stm8s_tim2.o [1]
  .far_func.text     ro code  0x00ad64     0xc  stm8s_uart2.o [1]
  .far_func.text     ro code  0x00ad70     0xc  xprintfsmall.o [4]
  .far_func.text     ro code  0x00ad7c     0xc  xprintfsmall.o [4]
  .far_func.text     ro code  0x00ad88     0xb  stm8s_clk.o [1]
  .far_func.text     ro code  0x00ad93     0xb  xprintfsmall.o [4]
  .far_func.text     ro code  0x00ad9e     0xb  setlocale.o [4]
  .far_func.text     ro code  0x00ada9     0xa  main.o [1]
  .far_func.text     ro code  0x00adb3     0xa  stm8s_adc1.o [1]
  .far_func.text     ro code  0x00adbd     0xa  stm8s_tim2.o [1]
  .far_func.text     ro code  0x00adc7     0xa  xprintfsmall.o [4]
  .far_func.text     ro code  0x00add1     0xa  far.o [4]
  .far_func.text     ro code  0x00addb     0xa  setlocale.o [4]
  .far_func.text     ro code  0x00ade5     0x9  stm8s_adc1.o [1]
  .far_func.text     ro code  0x00adee     0x9  xprintfsmall.o [4]
  .far_func.text     ro code  0x00adf7     0x9  xprintfsmall.o [4]
  .far_func.text     ro code  0x00ae00     0x9  setlocale.o [4]
  .far_func.text     ro code  0x00ae09     0x8  xprintfsmall.o [4]
  .far_func.text     ro code  0x00ae11     0x8  xxmemxmalloc.o [4]
  .far_func.text     ro code  0x00ae19     0x8  putchar.o [4]
  .far_func.text     ro code  0x00ae21     0x7  xmbcurmax.o [4]
  .far_func.text     ro code  0x00ae28     0x6  xprintfsmall.o [4]
  .far_func.text     ro code  0x00ae2e     0x6  cexit.o [4]
  .far_func.text     ro code  0x00ae34     0x5  stm8s_adc1.o [1]
  .far_func.text     ro code  0x00ae39     0x5  stm8s_adc1.o [1]
  .far_func.text     ro code  0x00ae3e     0x4  stm8s_gpio.o [1]
  .far_func.text     ro code  0x00ae42     0x4  stm8s_i2c.o [1]
  .far_func.text     ro code  0x00ae46     0x4  stm8s_i2c.o [1]
  .far_func.text     ro code  0x00ae4a     0x4  stm8s_uart2.o [1]
  .far_func.text     ro code  0x00ae4e     0x4  interrupt.o [4]
  .far_func.text     ro code  0x00ae52     0x4  exit.o [4]
  .far_func.text     ro code  0x00ae56     0x3  stm8s_gpio.o [1]
  .far_func.text     ro code  0x00ae59     0x3  stm8s_gpio.o [1]
  .far_func.text     ro code  0x00ae5c     0x3  stm8s_gpio.o [1]
  .far_func.text     ro code  0x00ae5f     0x3  low_level_init.o [4]
  .far_func.text     ro code  0x00ae62     0x3  unhandled_exception.o [4]
  .far_func.text     ro code  0x00ae65     0x2  main.o [1]
  .far_func.text     ro code  0x00ae67     0x1  stm8s_it.o [1]
  .far_func.text     ro code  0x00ae68     0x1  stm8s_it.o [1]
  .far_func.text     ro code  0x00ae69     0x1  stm8s_it.o [1]
  .far_func.text     ro code  0x00ae6a     0x1  stm8s_it.o [1]
  .far_func.text     ro code  0x00ae6b     0x1  stm8s_it.o [1]
  .far_func.text     ro code  0x00ae6c     0x1  stm8s_it.o [1]
  .far_func.text     ro code  0x00ae6d     0x1  stm8s_it.o [1]
  .far_func.text     ro code  0x00ae6e     0x1  stm8s_it.o [1]
  .far_func.text     ro code  0x00ae6f     0x1  stm8s_it.o [1]
  .far_func.text     ro code  0x00ae70     0x1  stm8s_it.o [1]
  .far_func.text     ro code  0x00ae71     0x1  stm8s_it.o [1]
  .far_func.text     ro code  0x00ae72     0x1  stm8s_it.o [1]
  .far_func.text     ro code  0x00ae73     0x1  stm8s_it.o [1]
  .far_func.text     ro code  0x00ae74     0x1  stm8s_it.o [1]
  .far_func.text     ro code  0x00ae75     0x1  stm8s_it.o [1]
  .far_func.text     ro code  0x00ae76     0x1  stm8s_it.o [1]
  .far_func.text     ro code  0x00ae77     0x1  stm8s_it.o [1]
  .far_func.text     ro code  0x00ae78     0x1  stm8s_it.o [1]
  .far_func.text     ro code  0x00ae79     0x1  stm8s_it.o [1]
  .far_func.text     ro code  0x00ae7a     0x1  __dbg_break.o [3]
                            - 0x00ae7b  0x29a9


*******************************************************************************
*** INIT TABLE
***

          Address   Size
          -------   ----
Zero (__iar_zero_init2)
    1 destination range, total size 0xa6:
          0x00003b  0xa6

Copy (__iar_copy_init2)
    1 source range, total size 0x2b:
          0x0084a7  0x2b
    1 destination range, total size 0x2b:
          0x000010  0x2b


*******************************************************************************
*** MODULE SUMMARY
***

    Module                 ro code  ro data  rw data
    ------                 -------  -------  -------
C:\Documents and Settings\Administrator\Desktop\stm8s105k-controller\Project\STM8S_StdPeriph_Template\EWSTM8\STM8S105\Obj: [1]
    main.o                   2 944      174       65
    stm8s_adc1.o               895      119
    stm8s_clk.o                529      118
    stm8s_flash.o              250      120
    stm8s_gpio.o               205      119
    stm8s_i2c.o                939      118
    stm8s_it.o                 202                 1
    stm8s_tim2.o               236      119
    stm8s_uart2.o               53      120
    ------------------------------------------------
    Total:                   6 253    1 007       66

command line: [2]
    ------------------------------------------------
    Total:

dbgstm8mmd.a: [3]
    __dbg_break.o                1
    __dbg_xxexit.o              22
    ------------------------------------------------
    Total:                      23

dlstm8mmf.a: [4]
    cexit.o                      6
    cstartup.o                  23
    exit.o                       4
    far.o                       10
    far_util.o                  52
    init.o                      30
    init_small.o                70
    interrupt.o                  4      128
    long.o                     346
    long_util.o                 62
    low_level_init.o             3
    memchr.o                    21
    memcpy.o                    38
    move.o                      13
    printf.o                    40
    putchar.o                    8
    setlocale.o                 44                17
    short.o                     70
    strchr.o                    21
    strlen.o                    18
    unhandled_exception.o        3
    vreg_util.o                323
    vregs.o                                       16
    xencoding_sb.o              73       16
    xfiles.o                             40      120
    xgetmemchunk.o              34                 2
    xmbcurmax.o                  7
    xmbtowc.o                   41
    xprintfsmall.o           2 458       23
    xprout.o                    29
    xwctomb.o                   34
    xxmemxfree.o               230
    xxmemxmalloc.o             274                 4
    ------------------------------------------------
    Total:                   4 389      207      159

    Linker created                       20    1 024
----------------------------------------------------
    Grand Total:            10 665    1 234    1 249


*******************************************************************************
*** ENTRY LIST
***

Entry                    Address   Size  Type      Object
-----                    -------   ----  ----      ------
?add32_l0_l0_0x         0x0099d6         Code  Gb  long.o [4]
?add32_l0_l0_l1         0x0099d3         Code  Gb  long.o [4]
?and32_l0_l0_0x         0x009adc         Code  Gb  long.o [4]
?and32_l0_l0_l1         0x009ad9         Code  Gb  long.o [4]
?b0                     0x000000         Data  Gb  vregs.o [4]
?b1                     0x000001         Data  Gb  vregs.o [4]
?b10                    0x00000a         Data  Gb  vregs.o [4]
?b11                    0x00000b         Data  Gb  vregs.o [4]
?b12                    0x00000c         Data  Gb  vregs.o [4]
?b13                    0x00000d         Data  Gb  vregs.o [4]
?b14                    0x00000e         Data  Gb  vregs.o [4]
?b15                    0x00000f         Data  Gb  vregs.o [4]
?b2                     0x000002         Data  Gb  vregs.o [4]
?b3                     0x000003         Data  Gb  vregs.o [4]
?b4                     0x000004         Data  Gb  vregs.o [4]
?b5                     0x000005         Data  Gb  vregs.o [4]
?b6                     0x000006         Data  Gb  vregs.o [4]
?b7                     0x000007         Data  Gb  vregs.o [4]
?b8                     0x000008         Data  Gb  vregs.o [4]
?b9                     0x000009         Data  Gb  vregs.o [4]
?e0                     0x000001         Data  Gb  vregs.o [4]
?e1                     0x000005         Data  Gb  vregs.o [4]
?e2                     0x000009         Data  Gb  vregs.o [4]
?e3                     0x00000d         Data  Gb  vregs.o [4]
?epilogue_l2            0x009bce         Code  Gb  vreg_util.o [4]
?epilogue_l2_l3         0x009bca         Code  Gb  vreg_util.o [4]
?epilogue_l2_w6         0x009bd3         Code  Gb  vreg_util.o [4]
?epilogue_w4            0x009bdc         Code  Gb  vreg_util.o [4]
?l0                     0x000000         Data  Gb  vregs.o [4]
?l1                     0x000004         Data  Gb  vregs.o [4]
?l2                     0x000008         Data  Gb  vregs.o [4]
?l3                     0x00000c         Data  Gb  vregs.o [4]
?load24_0x_e0           0x00a879         Code  Gb  far_util.o [4]
?load24_e0_0x           0x00a853         Code  Gb  far_util.o [4]
?load24_e1_0x           0x00a861         Code  Gb  far_util.o [4]
?load24_xsp_e0          0x00a86f         Code  Gb  far_util.o [4]
?load32_0x_l0           0x00a6c3         Code  Gb  long_util.o [4]
?load32_l0_0x           0x00a6ad         Code  Gb  long_util.o [4]
?load32_l0_asp          0x00a6a1         Code  Gb  long_util.o [4]
?load32_l0_dbsp         0x00a693         Code  Gb  long_util.o [4]
?load32_l0_xsp          0x00a6a3         Code  Gb  long_util.o [4]
?load32_xsp_l0          0x00a6b9         Code  Gb  long_util.o [4]
?mov_e0_e2              0x009c15         Code  Gb  vreg_util.o [4]
?mov_e0_e3              0x009c22         Code  Gb  vreg_util.o [4]
?mov_e1_e0              0x009c2f         Code  Gb  vreg_util.o [4]
?mov_e1_e2              0x009c3c         Code  Gb  vreg_util.o [4]
?mov_e2_e0              0x009c49         Code  Gb  vreg_util.o [4]
?mov_e3_e0              0x009c56         Code  Gb  vreg_util.o [4]
?mov_l0_l2              0x009c12         Code  Gb  vreg_util.o [4]
?mov_l0_l3              0x009c1f         Code  Gb  vreg_util.o [4]
?mov_l1_l0              0x009c2c         Code  Gb  vreg_util.o [4]
?mov_l1_l2              0x009c39         Code  Gb  vreg_util.o [4]
?mov_l2_l0              0x009c46         Code  Gb  vreg_util.o [4]
?mov_l3_l0              0x009c53         Code  Gb  vreg_util.o [4]
?mov_w0_w4              0x009be1         Code  Gb  vreg_util.o [4]
?mov_w0_w5              0x009be8         Code  Gb  vreg_util.o [4]
?mov_w1_w4              0x009bef         Code  Gb  vreg_util.o [4]
?mov_w1_w5              0x009c18         Code  Gb  vreg_util.o [4]
?mov_w1_w7              0x009c25         Code  Gb  vreg_util.o [4]
?mov_w2_w1              0x009bf6         Code  Gb  vreg_util.o [4]
?mov_w3_w1              0x009c32         Code  Gb  vreg_util.o [4]
?mov_w3_w5              0x009c3f         Code  Gb  vreg_util.o [4]
?mov_w4_w0              0x009bfd         Code  Gb  vreg_util.o [4]
?mov_w4_w1              0x009c04         Code  Gb  vreg_util.o [4]
?mov_w5_w0              0x009c0b         Code  Gb  vreg_util.o [4]
?mov_w5_w1              0x009c4c         Code  Gb  vreg_util.o [4]
?mov_w7_w1              0x009c59         Code  Gb  vreg_util.o [4]
?move1616_v_x_y_a       0x00aceb         Code  Gb  move.o [4]
?mul16_x_x_w0           0x00a58d         Code  Gb  short.o [4]
?mul32_l0_l0_l1         0x0099ee         Code  Gb  long.o [4]
?neg32_l0_l0            0x0099c3         Code  Gb  long.o [4]
?pop_l0                 0x009b92         Code  Gb  vreg_util.o [4]
?pop_l1                 0x009b9d         Code  Gb  vreg_util.o [4]
?pop_l2                 0x009ba8         Code  Gb  vreg_util.o [4]
?pop_l3                 0x009bb3         Code  Gb  vreg_util.o [4]
?pop_w4                 0x009b43         Code  Gb  vreg_util.o [4]
?pop_w6                 0x009b4a         Code  Gb  vreg_util.o [4]
?push_l0                0x009b5d         Code  Gb  vreg_util.o [4]
?push_l1                0x009b62         Code  Gb  vreg_util.o [4]
?push_l2                0x009b67         Code  Gb  vreg_util.o [4]
?push_l3                0x009b6c         Code  Gb  vreg_util.o [4]
?push_w2                0x009b1d         Code  Gb  vreg_util.o [4]
?push_w4                0x009b22         Code  Gb  vreg_util.o [4]
?push_w6                0x009b27         Code  Gb  vreg_util.o [4]
?sdiv16_x_x_y           0x00a5ab         Code  Gb  short.o [4]
?sext32_l0_a            0x009b10         Code  Gb  long.o [4]
?sext32_l0_x            0x009b05         Code  Gb  long.o [4]
?sll16_x_x_4            0x00a5ce         Code  Gb  short.o [4]
?sll16_x_x_5            0x00a5cd         Code  Gb  short.o [4]
?sll16_x_x_6            0x00a5cc         Code  Gb  short.o [4]
?sll16_x_x_a            0x00a5c4         Code  Gb  short.o [4]
?sll32_0x_0x_a          0x009af7         Code  Gb  long.o [4]
?sll32_l0_l0_a          0x009af4         Code  Gb  long.o [4]
?ucmp24_c_0x_e0         0x00add1         Code  Gb  far.o [4]
?udiv32_l0_l0_l1        0x009a6c         Code  Gb  long.o [4]
?umod32_l1_l0_l1        0x009a6c         Code  Gb  long.o [4]
?w0                     0x000000         Data  Gb  vregs.o [4]
?w1                     0x000002         Data  Gb  vregs.o [4]
?w2                     0x000004         Data  Gb  vregs.o [4]
?w3                     0x000006         Data  Gb  vregs.o [4]
?w4                     0x000008         Data  Gb  vregs.o [4]
?w5                     0x00000a         Data  Gb  vregs.o [4]
?w6                     0x00000c         Data  Gb  vregs.o [4]
?w7                     0x00000e         Data  Gb  vregs.o [4]
ADC1_ClearFlag          0x00a2f0   0x78  Code  Gb  stm8s_adc1.o [1]
ADC1_ClearITPendingBit  0x00a275   0x7b  Code  Gb  stm8s_adc1.o [1]
ADC1_Cmd                0x00ab9e   0x18  Code  Gb  stm8s_adc1.o [1]
ADC1_ConversionConfig   0x00a0bc   0x95  Code  Gb  stm8s_adc1.o [1]
ADC1_DeInit             0x00a8b9   0x31  Code  Gb  stm8s_adc1.o [1]
ADC1_GetConversionValue
                        0x00a655   0x3e  Code  Gb  stm8s_adc1.o [1]
ADC1_IRQHandler         0x00a4ef   0x57  Code  Gb  stm8s_it.o [1]
ADC1_ITConfig           0x00a5d3   0x44  Code  Gb  stm8s_adc1.o [1]
ADC1_PrescalerConfig    0x00a617   0x3e  Code  Gb  stm8s_adc1.o [1]
ADC1_SchmittTriggerConfig
                        0x009ecf   0xad  Code  Gb  stm8s_adc1.o [1]
ADC1_StartConversion    0x00ae39    0x5  Code  Gb  stm8s_adc1.o [1]
AWU_IRQHandler          0x00ae69    0x1  Code  Gb  stm8s_it.o [1]
CLK_ClockSwitchConfig   0x009d46   0xd5  Code  Gb  stm8s_clk.o [1]
CLK_DeInit              0x00a77f   0x36  Code  Gb  stm8s_clk.o [1]
CLK_IRQHandler          0x00ae6a    0x1  Code  Gb  stm8s_it.o [1]
CLK_PeripheralClockConfig
                        0x00a1e4   0x91  Code  Gb  stm8s_clk.o [1]
CLK_SYSCLKConfig        0x00a438   0x5e  Code  Gb  stm8s_clk.o [1]
CSTACK$$Base            0x000600          --   Gb  - Linker created -
CSTACK$$Limit           0x000800          --   Gb  - Linker created -
Check_DS1307            0x008bcd   0x40  Code  Gb  main.o [1]
Delay1                  0x0084e0    0xe  Code  Gb  main.o [1]
Delay2                  0x0084d2    0xe  Code  Gb  main.o [1]
EEPROM_EEC_IRQHandler   0x00ae79    0x1  Code  Gb  stm8s_it.o [1]
EEPROM_INIT             0x008811    0xf  Code  Gb  main.o [1]
EXTI_PORTA_IRQHandler   0x00ae6b    0x1  Code  Gb  stm8s_it.o [1]
EXTI_PORTB_IRQHandler   0x00ae6c    0x1  Code  Gb  stm8s_it.o [1]
EXTI_PORTC_IRQHandler   0x00ae6d    0x1  Code  Gb  stm8s_it.o [1]
EXTI_PORTD_IRQHandler   0x00ae6e    0x1  Code  Gb  stm8s_it.o [1]
EXTI_PORTE_IRQHandler   0x00ae6f    0x1  Code  Gb  stm8s_it.o [1]
FLASH_DeInit            0x00abb6   0x18  Code  Gb  stm8s_flash.o [1]
FLASH_ProgramByte       0x00a70c   0x3a  Code  Gb  stm8s_flash.o [1]
FLASH_ReadByte          0x00a91a   0x2c  Code  Gb  stm8s_flash.o [1]
FLASH_SetProgrammingTime
                        0x00aa54   0x22  Code  Gb  stm8s_flash.o [1]
FLASH_Unlock            0x00aaba   0x21  Code  Gb  stm8s_flash.o [1]
GPIO_Init               0x009e1b   0xb4  Code  Gb  stm8s_gpio.o [1]
GPIO_ReadInputData      0x00ae5c    0x3  Code  Gb  stm8s_gpio.o [1]
GPIO_WriteHigh          0x00ae56    0x3  Code  Gb  stm8s_gpio.o [1]
GPIO_WriteLow           0x00ae3e    0x4  Code  Gb  stm8s_gpio.o [1]
GPIO_WriteReverse       0x00ae59    0x3  Code  Gb  stm8s_gpio.o [1]
GpioConfiguration       0x0087a1   0x67  Code  Gb  main.o [1]
HEAP$$Base              0x0000e1          --   Gb  - Linker created -
HEAP$$Limit             0x0002e1          --   Gb  - Linker created -
I2C_AcknowledgeConfig   0x00a81f   0x34  Code  Gb  stm8s_i2c.o [1]
I2C_CheckEvent          0x009f7c   0xa6  Code  Gb  stm8s_i2c.o [1]
I2C_Cmd                 0x00abce   0x18  Code  Gb  stm8s_i2c.o [1]
I2C_DeInit              0x00a9e5   0x25  Code  Gb  stm8s_i2c.o [1]
I2C_GenerateSTART       0x00abe6   0x18  Code  Gb  stm8s_i2c.o [1]
I2C_GenerateSTOP        0x00abfe   0x18  Code  Gb  stm8s_i2c.o [1]
I2C_GetFlagStatus       0x00a151   0x93  Code  Gb  stm8s_i2c.o [1]
I2C_IRQHandler          0x00ae76    0x1  Code  Gb  stm8s_it.o [1]
I2C_Init                0x009856  0x16d  Code  Gb  stm8s_i2c.o [1]
I2C_RA                  0x008b2e   0x28  Code  Gb  main.o [1]
I2C_RD                  0x008b0b   0x23  Code  Gb  main.o [1]
I2C_ReceiveData         0x00ae42    0x4  Code  Gb  stm8s_i2c.o [1]
I2C_Send7bitAddress     0x00a887   0x32  Code  Gb  stm8s_i2c.o [1]
I2C_SendData            0x00ae46    0x4  Code  Gb  stm8s_i2c.o [1]
I2C_Start               0x008ba7   0x26  Code  Gb  main.o [1]
I2C_WA                  0x008b7a   0x26  Code  Gb  main.o [1]
I2C_WD                  0x008b56   0x24  Code  Gb  main.o [1]
INTVEC$$Base            0x008000          --   Gb  - Linker created -
INTVEC$$Limit           0x008080          --   Gb  - Linker created -
InitAdc                 0x008733   0x2d  Code  Gb  main.o [1]
InitClk                 0x008760   0x38  Code  Gb  main.o [1]
InitDelayTimer          0x00865b   0x1d  Code  Gb  main.o [1]
InitI2C                 0x008f19   0x26  Code  Gb  main.o [1]
InitLcd                 0x0086ae   0x60  Code  Gb  main.o [1]
LCD                     0x00858f   0xba  Code  Gb  main.o [1]
LCDData                 0x008553    0xb  Code  Gb  main.o [1]
LCDDataOut              0x0084fc   0x57  Code  Gb  main.o [1]
LCDInstr                0x008586    0x9  Code  Gb  main.o [1]
LCDInstrNibble          0x008694   0x11  Code  Gb  main.o [1]
LoadInt                 0x00a546   0x47  Code  Lc  xprintfsmall.o [4]
PulseEnable             0x0084ee    0xe  Code  Gb  main.o [1]
ReadDS1307              0x008e82   0x68  Code  Gb  main.o [1]
Read_Allarm             0x008820   0x52  Code  Gb  main.o [1]
Region$$Table$$Base     0x0083cc          --   Gb  - Linker created -
Region$$Table$$Limit    0x0083e0          --   Gb  - Linker created -
SPI_IRQHandler          0x00ae70    0x1  Code  Gb  stm8s_it.o [1]
Set_Clock               0x008cb0  0x18f  Code  Gb  main.o [1]
Set_DS1307              0x008c24   0x6d  Code  Gb  main.o [1]
Set_Delay_Allarm        0x008949  0x152  Code  Gb  main.o [1]
TIM1_CAP_COM_IRQHandler
                        0x00ae72    0x1  Code  Gb  stm8s_it.o [1]
TIM1_UPD_OVF_TRG_BRK_IRQHandler
                        0x00ae71    0x1  Code  Gb  stm8s_it.o [1]
TIM2_CAP_COM_IRQHandler
                        0x00ae73    0x1  Code  Gb  stm8s_it.o [1]
TIM2_ClearITPendingBit  0x00ab17   0x1d  Code  Gb  stm8s_tim2.o [1]
TIM2_Cmd                0x00a420   0x18  Code  Gb  stm8s_tim2.o [1]
TIM2_DeInit             0x00a496   0x59  Code  Gb  stm8s_tim2.o [1]
TIM2_ITConfig           0x00a3e4   0x3c  Code  Gb  stm8s_tim2.o [1]
TIM2_TimeBaseInit       0x00adbd    0xa  Code  Gb  stm8s_tim2.o [1]
TIM2_UPD_OVF_BRK_IRQHandler
                        0x00a6d1   0x3b  Code  Gb  stm8s_it.o [1]
TIM3_CAP_COM_IRQHandler
                        0x00ae75    0x1  Code  Gb  stm8s_it.o [1]
TIM3_UPD_OVF_BRK_IRQHandler
                        0x00ae74    0x1  Code  Gb  stm8s_it.o [1]
TIM4_UPD_OVF_IRQHandler
                        0x00ae78    0x1  Code  Gb  stm8s_it.o [1]
TLI_IRQHandler          0x00ae68    0x1  Code  Gb  stm8s_it.o [1]
TRAP_IRQHandler         0x00ae67    0x1  Code  Gb  stm8s_it.o [1]
UART2_ClearITPendingBit
                        0x00aa2f   0x25  Code  Gb  stm8s_uart2.o [1]
UART2_RX_IRQHandler     0x00aa0a   0x25  Code  Gb  stm8s_it.o [1]
UART2_ReceiveData8      0x00ae4a    0x4  Code  Gb  stm8s_uart2.o [1]
UART2_TX_IRQHandler     0x00ae77    0x1  Code  Gb  stm8s_it.o [1]
_EncodingSb_Mbtowc      0x00a8ea   0x30  Code  Gb  xencoding_sb.o [4]
_EncodingSb_Wctomb      0x00ab85   0x19  Code  Gb  xencoding_sb.o [4]
_LitobSmall             0x0096d7  0x17f  Code  Lc  xprintfsmall.o [4]
_LocaleEncoding         0x00acdd    0xe  Code  Gb  setlocale.o [4]
_Locale_Profile         0x0000b3    0xe  Data  Gb  setlocale.o [4]
_Mbtowc                 0x00a946   0x29  Code  Gb  xmbtowc.o [4]
_PrintfSmall            0x009046  0x4aa  Code  Gb  xprintfsmall.o [4]
_Prout                  0x00ab34   0x1d  Code  Gb  xprout.o [4]
_PutcharSmall           0x00a746   0x39  Code  Lc  xprintfsmall.o [4]
_PutcharsSmall          0x00a7ea   0x35  Code  Lc  xprintfsmall.o [4]
_PutstrSmall            0x0094f0  0x1e7  Code  Lc  xprintfsmall.o [4]
_Wctomb                 0x00aa76   0x22  Code  Gb  xwctomb.o [4]
__DebugBreak            0x00ae7a    0x1  Code  Gb  __dbg_break.o [3]
__exit                  0x00ac43   0x16  Code  Gb  __dbg_xxexit.o [3]
__iar_Mbcurmax          0x00ae21    0x7  Code  Gb  xmbcurmax.o [4]
__iar_Memchr            0x00ac59   0x15  Code  Gb  memchr.o [4]
__iar_Stdout            0x000010   0x28  Data  Gb  xfiles.o [4]
__iar_Strchr            0x00ac6e   0x15  Code  Gb  strchr.o [4]
__iar_Tls_setup__Locale_Profile
                        0x0000c5    0x3  Data  Gb  setlocale.o [4]
__iar_copy_init2        0x00a997         Code  Gb  init_small.o [4]
__iar_data_init2        0x00aadb   0x1e  Code  Gb  init.o [4]
__iar_program_start     0x00ac16         Code  Gb  cstartup.o [4]
__iar_unhandled_exception
                        0x00ae62         Code  Gb  unhandled_exception.o [4]
__iar_zero_init2        0x00aaf9         Code  Gb  init_small.o [4]
__intvec                0x008000         Data  Gb  interrupt.o [4]
__low_level_init        0x00ae5f    0x3  Code  Gb  low_level_init.o [4]
__near_Aldata           0x0000c1    0x4  Data  Gb  xxmemxmalloc.o [4]
__near_GetMemChunk      0x00aa98   0x22  Code  Gb  xgetmemchunk.o [4]
__near_findmem          0x00a368   0x70  Code  Lc  xxmemxmalloc.o [4]
_exit                   0x00ae2e         Code  Gb  cexit.o [4]
_interrupt_1            0x00ae67         Code  Gb  stm8s_it.o [1]
_interrupt_10           0x00ae4e         Code  Wk  interrupt.o [4]
_interrupt_11           0x00ae4e         Code  Wk  interrupt.o [4]
_interrupt_12           0x00ae70         Code  Gb  stm8s_it.o [1]
_interrupt_13           0x00ae71         Code  Gb  stm8s_it.o [1]
_interrupt_14           0x00ae72         Code  Gb  stm8s_it.o [1]
_interrupt_15           0x00a6d1         Code  Gb  stm8s_it.o [1]
_interrupt_16           0x00ae73         Code  Gb  stm8s_it.o [1]
_interrupt_17           0x00ae74         Code  Gb  stm8s_it.o [1]
_interrupt_18           0x00ae75         Code  Gb  stm8s_it.o [1]
_interrupt_19           0x00ae4e         Code  Wk  interrupt.o [4]
_interrupt_2            0x00ae68         Code  Gb  stm8s_it.o [1]
_interrupt_20           0x00ae4e         Code  Wk  interrupt.o [4]
_interrupt_21           0x00ae76         Code  Gb  stm8s_it.o [1]
_interrupt_22           0x00ae77         Code  Gb  stm8s_it.o [1]
_interrupt_23           0x00aa0a         Code  Gb  stm8s_it.o [1]
_interrupt_24           0x00a4ef         Code  Gb  stm8s_it.o [1]
_interrupt_25           0x00ae78         Code  Gb  stm8s_it.o [1]
_interrupt_26           0x00ae79         Code  Gb  stm8s_it.o [1]
_interrupt_27           0x00ae4e         Code  Wk  interrupt.o [4]
_interrupt_28           0x00ae4e         Code  Wk  interrupt.o [4]
_interrupt_29           0x00ae4e         Code  Wk  interrupt.o [4]
_interrupt_3            0x00ae69         Code  Gb  stm8s_it.o [1]
_interrupt_30           0x00ae4e         Code  Wk  interrupt.o [4]
_interrupt_31           0x00ae4e         Code  Wk  interrupt.o [4]
_interrupt_4            0x00ae6a         Code  Gb  stm8s_it.o [1]
_interrupt_5            0x00ae6b         Code  Gb  stm8s_it.o [1]
_interrupt_6            0x00ae6c         Code  Gb  stm8s_it.o [1]
_interrupt_7            0x00ae6d         Code  Gb  stm8s_it.o [1]
_interrupt_8            0x00ae6e         Code  Gb  stm8s_it.o [1]
_interrupt_9            0x00ae6f         Code  Gb  stm8s_it.o [1]
adcdata                 0x0000cc    0x2  Data  Gb  main.o [1]
adj                     0x0088fc   0x4d  Code  Gb  main.o [1]
assert_failed           0x00ae65    0x2  Code  Gb  main.o [1]
bcd2hex                 0x008e6b   0x17  Code  Gb  main.o [1]
convert_tobcd           0x008c0d   0x17  Code  Gb  main.o [1]
count                   0x0000d5    0x1  Data  Gb  main.o [1]
daily_hour_off          0x0000de    0x1  Data  Gb  main.o [1]
daily_hour_on           0x0000dc    0x1  Data  Gb  main.o [1]
daily_long_on           0x0000ce    0x2  Data  Gb  main.o [1]
daily_minute_off        0x0000df    0x1  Data  Gb  main.o [1]
daily_minute_on         0x0000dd    0x1  Data  Gb  main.o [1]
date                    0x000039    0x1  Data  Gb  main.o [1]
days                    0x000038    0x1  Data  Gb  main.o [1]
error                   0x0000da    0x1  Data  Gb  main.o [1]
exit                    0x00ae52    0x4  Code  Gb  exit.o [4]
fputc                   0x008649   0x12  Code  Gb  main.o [1]
free                    0x009c60   0xe6  Code  Gb  xxmemxfree.o [4]
hours                   0x0000d8    0x1  Data  Gb  main.o [1]
index                   0x0000e0    0x1  Data  Gb  stm8s_it.o [1]
key_minus_on            0x0088a4   0x25  Code  Gb  main.o [1]
key_ok_on               0x00887b   0x29  Code  Gb  main.o [1]
key_ok_plus             0x008ac2   0x28  Code  Gb  main.o [1]
key_plus_on             0x0088c9   0x25  Code  Gb  main.o [1]
line_lcd                0x0000d4    0x1  Data  Gb  main.o [1]
main                    0x008f3f   0xf7  Code  Gb  main.o [1]
malloc                  0x00a022   0x9a  Code  Gb  xxmemxmalloc.o [4]
measure                 0x00008b   0x28  Data  Gb  main.o [1]
memcpy                  0x00a9bf   0x26  Code  Gb  memcpy.o [4]
minutes                 0x0000d7    0x1  Data  Gb  main.o [1]
mounts                  0x00003a    0x1  Data  Gb  main.o [1]
obuf                    0x00003b   0x50  Data  Lc  xfiles.o [4]
pad                     0x00a7b5   0x35  Code  Lc  xprintfsmall.o [4]
printf                  0x00a96f   0x28  Code  Gb  printf.o [4]
putchar                 0x00ae19    0x8  Code  Gb  putchar.o [4]
rx_data                 0x0000d3    0x1  Data  Gb  main.o [1]
seconds                 0x0000d6    0x1  Data  Gb  main.o [1]
strlen                  0x00acbb   0x12  Code  Gb  strlen.o [4]
temp2                   0x0000db    0x1  Data  Gb  main.o [1]
timeout                 0x0000d2    0x1  Data  Gb  main.o [1]
timer1                  0x0000c8    0x2  Data  Gb  main.o [1]
timer2                  0x0000ca    0x2  Data  Gb  main.o [1]
years                   0x0000d9    0x1  Data  Gb  main.o [1]


[1] = C:\Documents and Settings\Administrator\Desktop\stm8s105k-controller\Project\STM8S_StdPeriph_Template\EWSTM8\STM8S105\Obj
[2] = command line
[3] = dbgstm8mmd.a
[4] = dlstm8mmf.a

  10 665 bytes of readonly  code memory
   1 234 bytes of readonly  data memory
   1 249 bytes of readwrite data memory

Errors: none
Warnings: none
