###############################################################################
#                                                                             #
# IAR ELF Linker V1.30.1.50036 for STM8                 08/Dec/2013  17:16:11 #
# Copyright 2010-2011 IAR Systems AB.                                         #
#                                                                             #
#    Output file  =  C:\Documents and Settings\Administrator\Desktop\stm8s105 #
#                    k-controller\Project\STM8S_StdPeriph_Template\EWSTM8\STM #
#                    8S105\Exe\Project.out                                    #
#    Map file     =  C:\Documents and Settings\Administrator\Desktop\stm8s105 #
#                    k-controller\Project\STM8S_StdPeriph_Template\EWSTM8\STM #
#                    8S105\List\Project.map                                   #
#    Command line =  "C:\Documents and Settings\Administrator\Desktop\stm8s10 #
#                    5k-controller\Project\STM8S_StdPeriph_Template\EWSTM8\ST #
#                    M8S105\Obj\main.o" "C:\Documents and                     #
#                    Settings\Administrator\Desktop\stm8s105k-controller\Proj #
#                    ect\STM8S_StdPeriph_Template\EWSTM8\STM8S105\Obj\stm8s_a #
#                    dc1.o" "C:\Documents and Settings\Administrator\Desktop\ #
#                    stm8s105k-controller\Project\STM8S_StdPeriph_Template\EW #
#                    STM8\STM8S105\Obj\stm8s_awu.o" "C:\Documents and         #
#                    Settings\Administrator\Desktop\stm8s105k-controller\Proj #
#                    ect\STM8S_StdPeriph_Template\EWSTM8\STM8S105\Obj\stm8s_b #
#                    eep.o" "C:\Documents and Settings\Administrator\Desktop\ #
#                    stm8s105k-controller\Project\STM8S_StdPeriph_Template\EW #
#                    STM8\STM8S105\Obj\stm8s_clk.o" "C:\Documents and         #
#                    Settings\Administrator\Desktop\stm8s105k-controller\Proj #
#                    ect\STM8S_StdPeriph_Template\EWSTM8\STM8S105\Obj\stm8s_e #
#                    xti.o" "C:\Documents and Settings\Administrator\Desktop\ #
#                    stm8s105k-controller\Project\STM8S_StdPeriph_Template\EW #
#                    STM8\STM8S105\Obj\stm8s_flash.o" "C:\Documents and       #
#                    Settings\Administrator\Desktop\stm8s105k-controller\Proj #
#                    ect\STM8S_StdPeriph_Template\EWSTM8\STM8S105\Obj\stm8s_g #
#                    pio.o" "C:\Documents and Settings\Administrator\Desktop\ #
#                    stm8s105k-controller\Project\STM8S_StdPeriph_Template\EW #
#                    STM8\STM8S105\Obj\stm8s_i2c.o" "C:\Documents and         #
#                    Settings\Administrator\Desktop\stm8s105k-controller\Proj #
#                    ect\STM8S_StdPeriph_Template\EWSTM8\STM8S105\Obj\stm8s_i #
#                    t.o" "C:\Documents and Settings\Administrator\Desktop\st #
#                    m8s105k-controller\Project\STM8S_StdPeriph_Template\EWST #
#                    M8\STM8S105\Obj\stm8s_itc.o" "C:\Documents and           #
#                    Settings\Administrator\Desktop\stm8s105k-controller\Proj #
#                    ect\STM8S_StdPeriph_Template\EWSTM8\STM8S105\Obj\stm8s_i #
#                    wdg.o" "C:\Documents and Settings\Administrator\Desktop\ #
#                    stm8s105k-controller\Project\STM8S_StdPeriph_Template\EW #
#                    STM8\STM8S105\Obj\stm8s_rst.o" "C:\Documents and         #
#                    Settings\Administrator\Desktop\stm8s105k-controller\Proj #
#                    ect\STM8S_StdPeriph_Template\EWSTM8\STM8S105\Obj\stm8s_s #
#                    pi.o" "C:\Documents and Settings\Administrator\Desktop\s #
#                    tm8s105k-controller\Project\STM8S_StdPeriph_Template\EWS #
#                    TM8\STM8S105\Obj\stm8s_tim1.o" "C:\Documents and         #
#                    Settings\Administrator\Desktop\stm8s105k-controller\Proj #
#                    ect\STM8S_StdPeriph_Template\EWSTM8\STM8S105\Obj\stm8s_t #
#                    im2.o" "C:\Documents and Settings\Administrator\Desktop\ #
#                    stm8s105k-controller\Project\STM8S_StdPeriph_Template\EW #
#                    STM8\STM8S105\Obj\stm8s_tim3.o" "C:\Documents and        #
#                    Settings\Administrator\Desktop\stm8s105k-controller\Proj #
#                    ect\STM8S_StdPeriph_Template\EWSTM8\STM8S105\Obj\stm8s_t #
#                    im4.o" "C:\Documents and Settings\Administrator\Desktop\ #
#                    stm8s105k-controller\Project\STM8S_StdPeriph_Template\EW #
#                    STM8\STM8S105\Obj\stm8s_uart2.o" "C:\Documents and       #
#                    Settings\Administrator\Desktop\stm8s105k-controller\Proj #
#                    ect\STM8S_StdPeriph_Template\EWSTM8\STM8S105\Obj\stm8s_w #
#                    wdg.o" --redirect _Printf=_PrintfSmall --redirect        #
#                    _Scanf=_ScanfSmall -o "C:\Documents and                  #
#                    Settings\Administrator\Desktop\stm8s105k-controller\Proj #
#                    ect\STM8S_StdPeriph_Template\EWSTM8\STM8S105\Exe\Project #
#                    .out" --map "C:\Documents and                            #
#                    Settings\Administrator\Desktop\stm8s105k-controller\Proj #
#                    ect\STM8S_StdPeriph_Template\EWSTM8\STM8S105\List\Projec #
#                    t.map" --config "C:\Program Files\IAR Systems\Embedded   #
#                    Workbench 6.0\stm8\config\lnkstm8s105k6.icf"             #
#                    --config_def _CSTACK_SIZE=0x200 --config_def             #
#                    _HEAP_SIZE=0x200 --entry __iar_program_start --debug_lib #
#                                                                             #
#                                                                             #
###############################################################################

*******************************************************************************
*** RUNTIME MODEL ATTRIBUTES
***

__Heap_Handler             = Basic
__SystemLibrary            = DLib
__code_model               = medium_or_large
__core                     = stm8
__data_model               = medium
__dlib_file_descriptor     = 1
__dlib_full_locale_support = 1
__rt_version               = 4


*******************************************************************************
*** PLACEMENT SUMMARY
***

"A1":  place at start of [0x000000-0x0000ff] { rw section .vregs };
"A2":  place at end of [0x000000-0x0007ff] { block CSTACK };
"P2":  place in [from 0x000000 to 0x0007ff] {
          block HEAP, rw section .far.bss, rw section .far.data,
          rw section .far.noinit, rw section .far_func.textrw,
          rw section .huge.bss, rw section .huge.data, rw section .huge.noinit,
          rw section .huge_func.textrw, rw section .iar.dynexit,
          rw section .near.bss, rw section .near.data, rw section .near.noinit,
          rw section .near_func.textrw };
"A3":  place at start of [0x008000-0x00ffff] { block INTVEC };
"P3":  place in [from 0x008000 to 0x00ffff] {
          ro section .far.data_init, ro section .far_func.textrw_init,
          ro section .huge.data_init, ro section .huge_func.textrw_init,
          ro section .iar.init_table, ro section .init_array,
          ro section .near.data_init, ro section .near.rodata,
          ro section .near_func.text, ro section .near_func.textrw_init,
          ro section .tiny.data_init, ro section .tiny.rodata_init };
"P4":  place in [from 0x008000 to 0x00ffff] {
          ro section .far.rodata, ro section .far_func.text };

  Section            Kind      Address    Size  Object
  -------            ----      -------    ----  ------
"A1":                                     0x10
  .vregs             uninit   0x000000    0x10  vregs.o [4]
                            - 0x000010    0x10

"P2", part 1 of 3:                        0x54
  P2 s0                       0x000010    0x54  <Init block>
    .near.data       inited   0x000010    0x28  xfiles.o [4]
    .near.data       inited   0x000038    0x16  main.o [1]
    .near.data       inited   0x00004e     0xa  main.o [1]
    .near.data       inited   0x000058     0x3  xisdst.o [4]
    .near.data       inited   0x00005b     0x2  cppinit.o [4]
    .near.data       inited   0x00005d     0x2  setlocale.o [4]
    .near.data       inited   0x00005f     0x2  setlocale.o [4]
    .near.data       inited   0x000061     0x1  main.o [1]
    .near.data       inited   0x000062     0x1  main.o [1]
    .near.data       inited   0x000063     0x1  main.o [1]
                            - 0x000064    0x54

"P2", part 2 of 3:                       0x114
  .near.bss          zero     0x000064    0x50  xfiles.o [4]
  .near.bss          zero     0x0000b4    0x28  main.o [1]
  .near.bss          zero     0x0000dc    0x16  main.o [1]
  .near.bss          zero     0x0000f2    0x16  xttotm.o [4]
  .near.bss          zero     0x000108     0xe  setlocale.o [4]
  .near.bss          zero     0x000116     0xa  main.o [1]
  .near.bss          zero     0x000120     0xa  main.o [1]
  .near.bss          zero     0x00012a     0x4  localtim.o [4]
  .near.bss          zero     0x00012e     0x4  xxmemxmalloc.o [4]
  .near.bss          zero     0x000132     0x3  localtim.o [4]
  .near.bss          zero     0x000135     0x3  localtim.o [4]
  .near.bss          zero     0x000138     0x3  xttotm.o [4]
  .near.bss          zero     0x00013b     0x3  setlocale.o [4]
  .near.bss          zero     0x00013e     0x3  setlocale.o [4]
  .near.bss          zero     0x000141     0x3  setlocale.o [4]
  .near.bss          zero     0x000144     0x3  xisdst.o [4]
  .near.bss          zero     0x000147     0x2  main.o [1]
  .near.bss          zero     0x000149     0x2  main.o [1]
  .near.bss          zero     0x00014b     0x2  main.o [1]
  .near.bss          zero     0x00014d     0x2  main.o [1]
  .near.bss          zero     0x00014f     0x2  main.o [1]
  .near.bss          zero     0x000151     0x2  main.o [1]
  .near.bss          zero     0x000153     0x2  main.o [1]
  .near.bss          zero     0x000155     0x2  localtim.o [4]
  .near.bss          zero     0x000157     0x2  xisdst.o [4]
  .near.bss          zero     0x000159     0x2  xisdst.o [4]
  .near.bss          zero     0x00015b     0x2  errno.o [4]
  .near.bss          zero     0x00015d     0x2  xgetmemchunk.o [4]
  .near.bss          zero     0x00015f     0x1  main.o [1]
  .near.bss          zero     0x000160     0x1  main.o [1]
  .near.bss          zero     0x000161     0x1  main.o [1]
  .near.bss          zero     0x000162     0x1  main.o [1]
  .near.bss          zero     0x000163     0x1  main.o [1]
  .near.bss          zero     0x000164     0x1  main.o [1]
  .near.bss          zero     0x000165     0x1  main.o [1]
  .near.bss          zero     0x000166     0x1  main.o [1]
  .near.bss          zero     0x000167     0x1  main.o [1]
  .near.bss          zero     0x000168     0x1  main.o [1]
  .near.bss          zero     0x000169     0x1  main.o [1]
  .near.bss          zero     0x00016a     0x1  main.o [1]
  .near.bss          zero     0x00016b     0x1  main.o [1]
  .near.bss          zero     0x00016c     0x1  main.o [1]
  .near.bss          zero     0x00016d     0x1  main.o [1]
  .near.bss          zero     0x00016e     0x1  main.o [1]
  .near.bss          zero     0x00016f     0x1  main.o [1]
  .near.bss          zero     0x000170     0x1  main.o [1]
  .near.bss          zero     0x000171     0x1  main.o [1]
  .near.bss          zero     0x000172     0x1  main.o [1]
  .near.bss          zero     0x000173     0x1  main.o [1]
  .near.bss          zero     0x000174     0x1  main.o [1]
  .near.bss          zero     0x000175     0x1  main.o [1]
  .near.bss          zero     0x000176     0x1  stm8s_it.o [1]
  .near.bss          zero     0x000177     0x1  xisdst.o [4]
                            - 0x000178   0x114

"P2", part 3 of 3:                       0x2e7
  HEAP                        0x000178   0x200  <Block>
    HEAP             uninit   0x000178   0x200  <Block tail>
  .iar.dynexit                0x000378    0xe7  <Block>
    .iar.dynexit     uninit   0x000378     0x7  cppinit.o [4]
    .iar.dynexit     uninit   0x00037f    0xe0  <Block tail>
                            - 0x00045f   0x2e7

"A2":                                    0x200
  CSTACK                      0x000600   0x200  <Block>
    CSTACK           uninit   0x000600   0x200  <Block tail>
                            - 0x000800   0x200

"A3":                                     0x80
  INTVEC                      0x008000    0x80  <Block>
    .intvec          const    0x008000    0x80  interrupt.o [4]
                            - 0x008080    0x80

"P3":                                    0x649
  .near.rodata       const    0x008080    0x78  stm8s_flash.o [1]
  .near.rodata       const    0x0080f8    0x78  stm8s_uart2.o [1]
  .near.rodata       const    0x008170    0x77  stm8s_beep.o [1]
  .near.rodata       const    0x0081e7    0x77  stm8s_gpio.o [1]
  .near.rodata       const    0x00825e    0x77  stm8s_tim2.o [1]
  .near.rodata       const    0x0082d5    0x77  stm8s_tim3.o [1]
  .near.rodata       const    0x00834c    0x76  stm8s_clk.o [1]
  .near.rodata       const    0x0083c2    0x76  stm8s_i2c.o [1]
  .near.rodata       const    0x008438    0x25  xstoul.o [4]
  .near.rodata       const    0x00845d    0x25  xstoul.o [4]
  .near.rodata       const    0x008482     0xe  main.o [1]
  .iar.init_table    const    0x008490    0x14  - Linker created -
  .near.rodata       const    0x0084a4    0x18  xttotm.o [4]
  .near.rodata       const    0x0084bc    0x18  xttotm.o [4]
  .near.rodata       const    0x0084d4    0x10  main.o [1]
  .near.rodata       const    0x0084e4     0xe  main.o [1]
  .near.rodata       const    0x0084f2     0xe  main.o [1]
  .near.rodata       const    0x008500     0xe  main.o [1]
  .near.rodata       const    0x00850e     0xb  main.o [1]
  .near.rodata       const    0x008519     0xa  main.o [1]
  .near.rodata       const    0x008523     0xa  main.o [1]
  .near.rodata       const    0x00852d     0xa  main.o [1]
  .near.rodata       const    0x008537     0xa  main.o [1]
  .near.rodata       const    0x008541     0xa  main.o [1]
  .near.rodata       const    0x00854b     0xa  main.o [1]
  .near.rodata       const    0x008555     0xa  main.o [1]
  .near.rodata       const    0x00855f     0xa  main.o [1]
  .near.rodata       const    0x008569     0x9  main.o [1]
  .near.rodata       const    0x008572     0x9  main.o [1]
  .near.rodata       const    0x00857b     0x9  main.o [1]
  .near.rodata       const    0x008584     0x9  main.o [1]
  .near.rodata       const    0x00858d     0x9  main.o [1]
  .near.rodata       const    0x008596     0x8  main.o [1]
  .near.rodata       const    0x00859e     0x8  main.o [1]
  .near.rodata       const    0x0085a6     0x8  main.o [1]
  .near.rodata       const    0x0085ae     0x8  main.o [1]
  .near.rodata       const    0x0085b6     0x8  main.o [1]
  .near.rodata       const    0x0085be     0x8  xprintfsmall.o [4]
  .near.rodata       const    0x0085c6     0x8  xprintfsmall.o [4]
  .near.rodata       const    0x0085ce     0x8  xencoding_sb.o [4]
  .near.rodata       const    0x0085d6     0x8  xencoding_sb.o [4]
  .near.rodata       const    0x0085de     0x7  main.o [1]
  .near.rodata       const    0x0085e5     0x7  main.o [1]
  .near.rodata       const    0x0085ec     0x7  main.o [1]
  .near.rodata       const    0x0085f3     0x7  main.o [1]
  .near.rodata       const    0x0085fa     0x7  main.o [1]
  .near.rodata       const    0x008601     0x7  main.o [1]
  .near.rodata       const    0x008608     0x7  main.o [1]
  .near.rodata       const    0x00860f     0x7  main.o [1]
  .near.rodata       const    0x008616     0x7  main.o [1]
  .near.rodata       const    0x00861d     0x7  main.o [1]
  .near.rodata       const    0x008624     0x7  main.o [1]
  .near.rodata       const    0x00862b     0x7  main.o [1]
  .near.rodata       const    0x008632     0x7  xprintfsmall.o [4]
  .near.rodata       const    0x008639     0x6  main.o [1]
  .near.rodata       const    0x00863f     0x6  main.o [1]
  .near.rodata       const    0x008645     0x6  main.o [1]
  .near.rodata       const    0x00864b     0x6  main.o [1]
  .near.rodata       const    0x008651     0x5  main.o [1]
  .near.rodata       const    0x008656     0x5  main.o [1]
  .near.rodata       const    0x00865b     0x5  main.o [1]
  .near.rodata       const    0x008660     0x5  main.o [1]
  .near.rodata       const    0x008665     0x5  main.o [1]
  .near.rodata       const    0x00866a     0x4  main.o [1]
  .near.rodata       const    0x00866e     0x4  main.o [1]
  .near.rodata       const    0x008672     0x2  getzone.o [4]
  .near.rodata       const    0x008674     0x1  setlocale.o [4]
  Initializer bytes  ro data  0x008675    0x54  <for P2 s0>
                            - 0x0086c9   0x649

"P4":                                   0x4261
  .far_func.text     ro code  0x0086c9  0x1477  main.o [1]
  .far_func.text     ro code  0x009b40   0x4aa  xprintfsmall.o [4]
  .far_func.text     ro code  0x009fea   0x212  long.o [4]
  .far_func.text     ro code  0x00a1fc   0x1e8  xisdst.o [4]
  .far_func.text     ro code  0x00a3e4   0x1e7  xprintfsmall.o [4]
  .far_func.text     ro code  0x00a5cb   0x1dc  mktime.o [4]
  .far_func.text     ro code  0x00a7a7   0x1d8  xstoul.o [4]
  .far_func.text     ro code  0x00a97f   0x197  xttotm.o [4]
  .far_func.text     ro code  0x00ab16   0x17f  xprintfsmall.o [4]
  .far_func.text     ro code  0x00ac95   0x173  vreg_util.o [4]
  .far_func.text     ro code  0x00ae08   0x16e  main.o [1]
  .far_func.text     ro code  0x00af76   0x16d  stm8s_i2c.o [1]
  .far_func.text     ro code  0x00b0e3   0x163  xgetdst.o [4]
  .far_func.text     ro code  0x00b246    0xee  localtim.o [4]
  .far_func.text     ro code  0x00b334    0xe6  xxmemxfree.o [4]
  .far_func.text     ro code  0x00b41a    0xda  main.o [1]
  .far_func.text     ro code  0x00b4f4    0xd5  stm8s_clk.o [1]
  .far_func.text     ro code  0x00b5c9    0xce  xstol.o [4]
  .far_func.text     ro code  0x00b697    0xb4  stm8s_gpio.o [1]
  .far_func.text     ro code  0x00b74b    0xa6  stm8s_i2c.o [1]
  .far_func.text     ro code  0x00b7f1    0x9a  xxmemxmalloc.o [4]
  .far_func.text     ro code  0x00b88b    0x93  stm8s_i2c.o [1]
  .far_func.text     ro code  0x00b91e    0x91  stm8s_clk.o [1]
  .far_func.text     ro code  0x00b9af    0x91  stm8s_it.o [1]
  .far_func.text     ro code  0x00ba40    0x7c  long_util.o [4]
  .far_func.text     ro code  0x00babc    0x79  stm8s_it.o [1]
  .far_func.text     ro code  0x00bb35    0x70  xxmemxmalloc.o [4]
  .far_func.text     ro code  0x00bba5    0x6e  xgettime.o [4]
  .far_func.text     ro code  0x00bc13    0x68  cppinit.o [4]
  .far_func.text     ro code  0x00bc7b    0x60  stm8s_tim2.o [1]
  .far_func.text     ro code  0x00bcdb    0x60  stm8s_tim3.o [1]
  .far_func.text     ro code  0x00bd3b    0x5e  stm8s_clk.o [1]
  .far_func.text     ro code  0x00bd99    0x59  stm8s_tim2.o [1]
  .far_func.text     ro code  0x00bdf2    0x53  xttotm.o [4]
  .far_func.text     ro code  0x00be45    0x4f  short.o [4]
  .far_func.text     ro code  0x00be94    0x47  xprintfsmall.o [4]
  .far_func.text     ro code  0x00bedb    0x46  xgetdst.o [4]
  .far_func.text     ro code  0x00bf21    0x45  stm8s_tim3.o [1]
  .far_func.text     ro code  0x00bf66    0x45  sprintf.o [4]
  .far_func.text     ro code  0x00bfab    0x43  stm8s_beep.o [1]
  .far_func.text     ro code  0x00bfee    0x43  cppinit.o [4]
  .far_func.text     ro code  0x00c031    0x42  far_util.o [4]
  .far_func.text     ro code  0x00c073    0x3a  stm8s_flash.o [1]
  .far_func.text     ro code  0x00c0ad    0x39  xprintfsmall.o [4]
  .far_func.text     ro code  0x00c0e6    0x36  stm8s_clk.o [1]
  .far_func.text     ro code  0x00c11c    0x35  xprintfsmall.o [4]
  .far_func.text     ro code  0x00c151    0x35  xprintfsmall.o [4]
  .far_func.text     ro code  0x00c186    0x34  stm8s_i2c.o [1]
  .far_func.text     ro code  0x00c1ba    0x32  stm8s_i2c.o [1]
  .far_func.text     ro code  0x00c1ec    0x30  xencoding_sb.o [4]
  .far_func.text     ro code  0x00c21c    0x2c  stm8s_flash.o [1]
  .far_func.text     ro code  0x00c248    0x2c  dc_util.o [4]
  .far_func.text     ro code  0x00c274    0x29  xmbtowc.o [4]
  .far_func.text     ro code  0x00c29d    0x28  printf.o [4]
  .far_func.text     ro code  0x00c2c5    0x28  init_small.o [4]
  .far_func.text     ro code  0x00c2ed    0x26  memcpy.o [4]
  .far_func.text     ro code  0x00c313    0x25  stm8s_i2c.o [1]
  .far_func.text     ro code  0x00c338    0x25  stm8s_it.o [1]
  .far_func.text     ro code  0x00c35d    0x25  stm8s_uart2.o [1]
  .far_func.text     ro code  0x00c382    0x22  stm8s_flash.o [1]
  .far_func.text     ro code  0x00c3a4    0x22  xwctomb.o [4]
  .far_func.text     ro code  0x00c3c6    0x22  xgetmemchunk.o [4]
  .far_func.text     ro code  0x00c3e8    0x21  stm8s_flash.o [1]
  .far_func.text     ro code  0x00c409    0x20  stm8s_flash.o [1]
  .far_func.text     ro code  0x00c429    0x1e  init.o [4]
  .far_func.text     ro code  0x00c447    0x1e  init_small.o [4]
  .far_func.text     ro code  0x00c465    0x1d  stm8s_tim2.o [1]
  .far_func.text     ro code  0x00c482    0x1d  stm8s_tim3.o [1]
  .far_func.text     ro code  0x00c49f    0x1d  xprout.o [4]
  .far_func.text     ro code  0x00c4bc    0x1c  xisdst.o [4]
  .far_func.text     ro code  0x00c4d8    0x1a  stm8s_flash.o [1]
  .far_func.text     ro code  0x00c4f2    0x1a  xprintfsmall.o [4]
  .far_func.text     ro code  0x00c50c    0x1a  setlocale.o [4]
  .far_func.text     ro code  0x00c526    0x19  xlocale_c.o [4]
  .far_func.text     ro code  0x00c53f    0x19  xencoding_sb.o [4]
  .far_func.text     ro code  0x00c558    0x18  stm8s_flash.o [1]
  .far_func.text     ro code  0x00c570    0x18  stm8s_i2c.o [1]
  .far_func.text     ro code  0x00c588    0x18  stm8s_i2c.o [1]
  .far_func.text     ro code  0x00c5a0    0x18  stm8s_i2c.o [1]
  .far_func.text     ro code  0x00c5b8    0x17  cstartup.o [4]
  .far_func.text     ro code  0x00c5cf    0x16  xprintfsmall.o [4]
  .far_func.text     ro code  0x00c5e5    0x16  __dbg_xxexit.o [3]
  .far_func.text     ro code  0x00c5fb    0x16  tolower.o [4]
  .far_func.text     ro code  0x00c611    0x15  memchr.o [4]
  .far_func.text     ro code  0x00c626    0x15  strchr.o [4]
  .far_func.text     ro code  0x00c63b    0x13  stm8s_flash.o [1]
  .far_func.text     ro code  0x00c64e    0x13  xprintfsmall.o [4]
  .far_func.text     ro code  0x00c661    0x12  stm8s_i2c.o [1]
  .far_func.text     ro code  0x00c673    0x12  strlen.o [4]
  .far_func.text     ro code  0x00c685    0x10  main.o [1]
  .far_func.text     ro code  0x00c695    0x10  xprintfsmall.o [4]
  .far_func.text     ro code  0x00c6a5    0x10  xlocale_c.o [4]
  .far_func.text     ro code  0x00c6b5    0x10  isxxx.o [4]
  .far_func.text     ro code  0x00c6c5     0xf  main.o [1]
  .far_func.text     ro code  0x00c6d4     0xe  xsprout.o [4]
  .far_func.text     ro code  0x00c6e2     0xe  setlocale.o [4]
  .far_func.text     ro code  0x00c6f0     0xd  stm8s_beep.o [1]
  .far_func.text     ro code  0x00c6fd     0xd  mktime.o [4]
  .far_func.text     ro code  0x00c70a     0xd  move.o [4]
  .far_func.text     ro code  0x00c717     0xc  stm8s_beep.o [1]
  .far_func.text     ro code  0x00c723     0xc  stm8s_clk.o [1]
  .far_func.text     ro code  0x00c72f     0xc  stm8s_flash.o [1]
  .far_func.text     ro code  0x00c73b     0xc  stm8s_gpio.o [1]
  .far_func.text     ro code  0x00c747     0xc  stm8s_i2c.o [1]
  .far_func.text     ro code  0x00c753     0xc  stm8s_i2c.o [1]
  .far_func.text     ro code  0x00c75f     0xc  stm8s_tim2.o [1]
  .far_func.text     ro code  0x00c76b     0xc  stm8s_tim3.o [1]
  .far_func.text     ro code  0x00c777     0xc  stm8s_uart2.o [1]
  .far_func.text     ro code  0x00c783     0xc  xttotm.o [4]
  .far_func.text     ro code  0x00c78f     0xc  xprintfsmall.o [4]
  .far_func.text     ro code  0x00c79b     0xc  xprintfsmall.o [4]
  .far_func.text     ro code  0x00c7a7     0xc  xgetdst.o [4]
  .far_func.text     ro code  0x00c7b3     0xb  main.o [1]
  .far_func.text     ro code  0x00c7be     0xb  main.o [1]
  .far_func.text     ro code  0x00c7c9     0xb  stm8s_clk.o [1]
  .far_func.text     ro code  0x00c7d4     0xb  xprintfsmall.o [4]
  .far_func.text     ro code  0x00c7df     0xb  setlocale.o [4]
  .far_func.text     ro code  0x00c7ea     0xb  isxxx.o [4]
  .far_func.text     ro code  0x00c7f5     0xa  stm8s_tim2.o [1]
  .far_func.text     ro code  0x00c7ff     0xa  stm8s_tim3.o [1]
  .far_func.text     ro code  0x00c809     0xa  localtim.o [4]
  .far_func.text     ro code  0x00c813     0xa  xprintfsmall.o [4]
  .far_func.text     ro code  0x00c81d     0xa  far.o [4]
  .far_func.text     ro code  0x00c827     0xa  cexit.o [4]
  .far_func.text     ro code  0x00c831     0xa  setlocale.o [4]
  .far_func.text     ro code  0x00c83b     0xa  setlocale.o [4]
  .far_func.text     ro code  0x00c845     0xa  xisdst.o [4]
  .far_func.text     ro code  0x00c84f     0x9  main.o [1]
  .far_func.text     ro code  0x00c858     0x9  main.o [1]
  .far_func.text     ro code  0x00c861     0x9  mktime.o [4]
  .far_func.text     ro code  0x00c86a     0x9  mktime.o [4]
  .far_func.text     ro code  0x00c873     0x9  xprintfsmall.o [4]
  .far_func.text     ro code  0x00c87c     0x9  xprintfsmall.o [4]
  .far_func.text     ro code  0x00c885     0x9  setlocale.o [4]
  .far_func.text     ro code  0x00c88e     0x9  xgetdst.o [4]
  .far_func.text     ro code  0x00c897     0x8  localtim.o [4]
  .far_func.text     ro code  0x00c89f     0x8  xprintfsmall.o [4]
  .far_func.text     ro code  0x00c8a7     0x8  xisdst.o [4]
  .far_func.text     ro code  0x00c8af     0x8  xxmemxmalloc.o [4]
  .far_func.text     ro code  0x00c8b7     0x8  putchar.o [4]
  .far_func.text     ro code  0x00c8bf     0x7  main.o [1]
  .far_func.text     ro code  0x00c8c6     0x7  xisdst.o [4]
  .far_func.text     ro code  0x00c8cd     0x7  xmbcurmax.o [4]
  .far_func.text     ro code  0x00c8d4     0x7  atexit.o [4]
  .far_func.text     ro code  0x00c8db     0x6  xprintfsmall.o [4]
  .far_func.text     ro code  0x00c8e1     0x5  stm8s_beep.o [1]
  .far_func.text     ro code  0x00c8e6     0x4  stm8s_gpio.o [1]
  .far_func.text     ro code  0x00c8ea     0x4  stm8s_i2c.o [1]
  .far_func.text     ro code  0x00c8ee     0x4  stm8s_i2c.o [1]
  .far_func.text     ro code  0x00c8f2     0x4  stm8s_uart2.o [1]
  .far_func.text     ro code  0x00c8f6     0x4  interrupt.o [4]
  .far_func.text     ro code  0x00c8fa     0x4  exit.o [4]
  .far_func.text     ro code  0x00c8fe     0x4  getzone.o [4]
  .far_func.text     ro code  0x00c902     0x3  stm8s_gpio.o [1]
  .far_func.text     ro code  0x00c905     0x3  stm8s_gpio.o [1]
  .far_func.text     ro code  0x00c908     0x3  stm8s_gpio.o [1]
  .far_func.text     ro code  0x00c90b     0x3  stm8s_gpio.o [1]
  .far_func.text     ro code  0x00c90e     0x3  low_level_init.o [4]
  .far_func.text     ro code  0x00c911     0x3  unhandled_exception.o [4]
  .far_func.text     ro code  0x00c914     0x2  main.o [1]
  .far_func.text     ro code  0x00c916     0x1  stm8s_it.o [1]
  .far_func.text     ro code  0x00c917     0x1  stm8s_it.o [1]
  .far_func.text     ro code  0x00c918     0x1  stm8s_it.o [1]
  .far_func.text     ro code  0x00c919     0x1  stm8s_it.o [1]
  .far_func.text     ro code  0x00c91a     0x1  stm8s_it.o [1]
  .far_func.text     ro code  0x00c91b     0x1  stm8s_it.o [1]
  .far_func.text     ro code  0x00c91c     0x1  stm8s_it.o [1]
  .far_func.text     ro code  0x00c91d     0x1  stm8s_it.o [1]
  .far_func.text     ro code  0x00c91e     0x1  stm8s_it.o [1]
  .far_func.text     ro code  0x00c91f     0x1  stm8s_it.o [1]
  .far_func.text     ro code  0x00c920     0x1  stm8s_it.o [1]
  .far_func.text     ro code  0x00c921     0x1  stm8s_it.o [1]
  .far_func.text     ro code  0x00c922     0x1  stm8s_it.o [1]
  .far_func.text     ro code  0x00c923     0x1  stm8s_it.o [1]
  .far_func.text     ro code  0x00c924     0x1  stm8s_it.o [1]
  .far_func.text     ro code  0x00c925     0x1  stm8s_it.o [1]
  .far_func.text     ro code  0x00c926     0x1  stm8s_it.o [1]
  .far_func.text     ro code  0x00c927     0x1  stm8s_it.o [1]
  .far_func.text     ro code  0x00c928     0x1  stm8s_it.o [1]
  .far_func.text     ro code  0x00c929     0x1  __dbg_break.o [3]
                            - 0x00c92a  0x4261


*******************************************************************************
*** INIT TABLE
***

          Address   Size
          -------   ----
Zero (__iar_zero_init2)
    1 destination range, total size 0x114:
          0x000064  0x114

Copy (__iar_copy_init2)
    1 source range, total size 0x54:
          0x008675   0x54
    1 destination range, total size 0x54:
          0x000010   0x54


*******************************************************************************
*** MODULE SUMMARY
***

    Module                 ro code  ro data  rw data
    ------                 -------  -------  -------
C:\Documents and Settings\Administrator\Desktop\stm8s105k-controller\Project\STM8S_StdPeriph_Template\EWSTM8\STM8S105\Obj: [1]
    main.o                   5 903      424      154
    stm8s_beep.o                97      119
    stm8s_clk.o                529      118
    stm8s_flash.o              282      120
    stm8s_gpio.o               208      119
    stm8s_i2c.o                939      118
    stm8s_it.o                 322                 1
    stm8s_tim2.o               236      119
    stm8s_tim3.o               216      119
    stm8s_uart2.o               53      120
    ------------------------------------------------
    Total:                   8 785    1 376      155

command line: [2]
    ------------------------------------------------
    Total:

dbgstm8mmd.a: [3]
    __dbg_break.o                1
    __dbg_xxexit.o              22
    ------------------------------------------------
    Total:                      23

dlstm8mmf.a: [4]
    atexit.o                     7
    cexit.o                     10
    cppinit.o                  171        2        9
    cstartup.o                  23
    dc_util.o                   44
    errno.o                                        2
    exit.o                       4
    far.o                       10
    far_util.o                  66
    getzone.o                    4        2
    init.o                      30
    init_small.o                70
    interrupt.o                  4      128
    isxxx.o                     27
    localtim.o                 256                12
    long.o                     530
    long_util.o                124
    low_level_init.o             3
    memchr.o                    21
    memcpy.o                    38
    mktime.o                   507
    move.o                      13
    printf.o                    40
    putchar.o                    8
    setlocale.o                 80        5       27
    short.o                     79
    sprintf.o                   69
    strchr.o                    21
    strlen.o                    18
    tolower.o                   22
    unhandled_exception.o        3
    vreg_util.o                371
    vregs.o                                       16
    xencoding_sb.o              73       16
    xfiles.o                             40      120
    xgetdst.o                  446
    xgetmemchunk.o              34                 2
    xgettime.o                 110
    xisdst.o                   541        3       11
    xlocale_c.o                 41
    xmbcurmax.o                  7
    xmbtowc.o                   41
    xprintfsmall.o           2 458       23
    xprout.o                    29
    xsprout.o                   14
    xstol.o                    206
    xstoul.o                   472       74
    xttotm.o                   502       48       25
    xwctomb.o                   34
    xxmemxfree.o               230
    xxmemxmalloc.o             274                 4
    ------------------------------------------------
    Total:                   8 185      341      228

    Linker created                       20    1 248
----------------------------------------------------
    Grand Total:            16 993    1 737    1 631


*******************************************************************************
*** ENTRY LIST
***

Entry                    Address   Size  Type      Object
-----                    -------   ----  ----      ------
.iar.dynexit$$Base      0x000378          --   Gb  - Linker created -
.iar.dynexit$$Limit     0x00045f          --   Gb  - Linker created -
?add32_l0_l0_0x         0x00a010         Code  Gb  long.o [4]
?add32_l0_l0_l1         0x00a00d         Code  Gb  long.o [4]
?and32_l0_l0_0x         0x00a1bb         Code  Gb  long.o [4]
?and32_l0_l0_l1         0x00a1b8         Code  Gb  long.o [4]
?b0                     0x000000         Data  Gb  vregs.o [4]
?b1                     0x000001         Data  Gb  vregs.o [4]
?b10                    0x00000a         Data  Gb  vregs.o [4]
?b11                    0x00000b         Data  Gb  vregs.o [4]
?b12                    0x00000c         Data  Gb  vregs.o [4]
?b13                    0x00000d         Data  Gb  vregs.o [4]
?b14                    0x00000e         Data  Gb  vregs.o [4]
?b15                    0x00000f         Data  Gb  vregs.o [4]
?b2                     0x000002         Data  Gb  vregs.o [4]
?b3                     0x000003         Data  Gb  vregs.o [4]
?b4                     0x000004         Data  Gb  vregs.o [4]
?b5                     0x000005         Data  Gb  vregs.o [4]
?b6                     0x000006         Data  Gb  vregs.o [4]
?b7                     0x000007         Data  Gb  vregs.o [4]
?b8                     0x000008         Data  Gb  vregs.o [4]
?b9                     0x000009         Data  Gb  vregs.o [4]
?dc32_l1                0x00c248         Code  Gb  dc_util.o [4]
?e0                     0x000001         Data  Gb  vregs.o [4]
?e1                     0x000005         Data  Gb  vregs.o [4]
?e2                     0x000009         Data  Gb  vregs.o [4]
?e3                     0x00000d         Data  Gb  vregs.o [4]
?epilogue_l2            0x00ad55         Code  Gb  vreg_util.o [4]
?epilogue_l2_l3         0x00ad51         Code  Gb  vreg_util.o [4]
?epilogue_l2_w6         0x00ad5a         Code  Gb  vreg_util.o [4]
?epilogue_w4            0x00ad63         Code  Gb  vreg_util.o [4]
?inc32_0x_0x            0x009fff         Code  Gb  long.o [4]
?inc32_l0_l0            0x009ffa         Code  Gb  long.o [4]
?l0                     0x000000         Data  Gb  vregs.o [4]
?l1                     0x000004         Data  Gb  vregs.o [4]
?l2                     0x000008         Data  Gb  vregs.o [4]
?l3                     0x00000c         Data  Gb  vregs.o [4]
?load24_0x_e0           0x00c057         Code  Gb  far_util.o [4]
?load24_0x_e1           0x00c065         Code  Gb  far_util.o [4]
?load24_e0_0x           0x00c031         Code  Gb  far_util.o [4]
?load24_e1_0x           0x00c03f         Code  Gb  far_util.o [4]
?load24_xsp_e0          0x00c04d         Code  Gb  far_util.o [4]
?load32_0x_l0           0x00ba96         Code  Gb  long_util.o [4]
?load32_0x_l2           0x00baae         Code  Gb  long_util.o [4]
?load32_l0_0x           0x00ba5a         Code  Gb  long_util.o [4]
?load32_l0_asp          0x00ba4e         Code  Gb  long_util.o [4]
?load32_l0_dbsp         0x00ba40         Code  Gb  long_util.o [4]
?load32_l0_xsp          0x00ba50         Code  Gb  long_util.o [4]
?load32_l1_0x           0x00ba80         Code  Gb  long_util.o [4]
?load32_l1_asp          0x00ba74         Code  Gb  long_util.o [4]
?load32_l1_dbsp         0x00ba66         Code  Gb  long_util.o [4]
?load32_l1_xsp          0x00ba76         Code  Gb  long_util.o [4]
?load32_xsp_l0          0x00ba8c         Code  Gb  long_util.o [4]
?load32_xsp_l2          0x00baa4         Code  Gb  long_util.o [4]
?mov_e0_e1              0x00ada3         Code  Gb  vreg_util.o [4]
?mov_e0_e2              0x00adb0         Code  Gb  vreg_util.o [4]
?mov_e0_e3              0x00adbd         Code  Gb  vreg_util.o [4]
?mov_e1_e0              0x00adca         Code  Gb  vreg_util.o [4]
?mov_e1_e2              0x00add7         Code  Gb  vreg_util.o [4]
?mov_e2_e0              0x00ade4         Code  Gb  vreg_util.o [4]
?mov_e2_e1              0x00adf1         Code  Gb  vreg_util.o [4]
?mov_e3_e0              0x00adfe         Code  Gb  vreg_util.o [4]
?mov_l0_l1              0x00ada0         Code  Gb  vreg_util.o [4]
?mov_l0_l2              0x00adad         Code  Gb  vreg_util.o [4]
?mov_l0_l3              0x00adba         Code  Gb  vreg_util.o [4]
?mov_l1_l0              0x00adc7         Code  Gb  vreg_util.o [4]
?mov_l1_l2              0x00add4         Code  Gb  vreg_util.o [4]
?mov_l2_l0              0x00ade1         Code  Gb  vreg_util.o [4]
?mov_l2_l1              0x00adee         Code  Gb  vreg_util.o [4]
?mov_l3_l0              0x00adfb         Code  Gb  vreg_util.o [4]
?mov_w0_w4              0x00ad68         Code  Gb  vreg_util.o [4]
?mov_w0_w5              0x00ad6f         Code  Gb  vreg_util.o [4]
?mov_w1_w3              0x00ada6         Code  Gb  vreg_util.o [4]
?mov_w1_w4              0x00ad76         Code  Gb  vreg_util.o [4]
?mov_w1_w5              0x00adb3         Code  Gb  vreg_util.o [4]
?mov_w1_w7              0x00adc0         Code  Gb  vreg_util.o [4]
?mov_w2_w0              0x00ad7d         Code  Gb  vreg_util.o [4]
?mov_w2_w1              0x00ad84         Code  Gb  vreg_util.o [4]
?mov_w3_w1              0x00adcd         Code  Gb  vreg_util.o [4]
?mov_w3_w5              0x00adda         Code  Gb  vreg_util.o [4]
?mov_w4_w0              0x00ad8b         Code  Gb  vreg_util.o [4]
?mov_w4_w1              0x00ad92         Code  Gb  vreg_util.o [4]
?mov_w5_w0              0x00ad99         Code  Gb  vreg_util.o [4]
?mov_w5_w1              0x00ade7         Code  Gb  vreg_util.o [4]
?mov_w5_w3              0x00adf4         Code  Gb  vreg_util.o [4]
?mov_w7_w1              0x00ae01         Code  Gb  vreg_util.o [4]
?move1616_v_x_y_a       0x00c70a         Code  Gb  move.o [4]
?mul16_x_x_w0           0x00be45         Code  Gb  short.o [4]
?mul32_l0_l0_0x         0x00a043         Code  Gb  long.o [4]
?mul32_l0_l0_l1         0x00a04c         Code  Gb  long.o [4]
?neg32_l0_l0            0x009fea         Code  Gb  long.o [4]
?pop_l0                 0x00ad19         Code  Gb  vreg_util.o [4]
?pop_l1                 0x00ad24         Code  Gb  vreg_util.o [4]
?pop_l2                 0x00ad2f         Code  Gb  vreg_util.o [4]
?pop_l3                 0x00ad3a         Code  Gb  vreg_util.o [4]
?pop_w4                 0x00acca         Code  Gb  vreg_util.o [4]
?pop_w6                 0x00acd1         Code  Gb  vreg_util.o [4]
?push_l0                0x00ace4         Code  Gb  vreg_util.o [4]
?push_l1                0x00ace9         Code  Gb  vreg_util.o [4]
?push_l2                0x00acee         Code  Gb  vreg_util.o [4]
?push_l3                0x00acf3         Code  Gb  vreg_util.o [4]
?push_w0                0x00ac95         Code  Gb  vreg_util.o [4]
?push_w1                0x00ac9a         Code  Gb  vreg_util.o [4]
?push_w2                0x00ac9f         Code  Gb  vreg_util.o [4]
?push_w4                0x00aca4         Code  Gb  vreg_util.o [4]
?push_w6                0x00aca9         Code  Gb  vreg_util.o [4]
?push_w7                0x00acae         Code  Gb  vreg_util.o [4]
?scmp32_c_l0_l1         0x00a1a1         Code  Gb  long.o [4]
?sdiv16_x_x_y           0x00be63         Code  Gb  short.o [4]
?sdiv32_l0_l0_dl        0x00a147         Code  Gb  long.o [4]
?sdiv32_l0_l0_l1        0x00a14b         Code  Gb  long.o [4]
?sext32_l0_a            0x00a1ef         Code  Gb  long.o [4]
?sext32_l0_x            0x00a1e4         Code  Gb  long.o [4]
?sll16_x_x_a            0x00be8c         Code  Gb  short.o [4]
?sll32_0x_0x_a          0x00a1d6         Code  Gb  long.o [4]
?sll32_l0_l0_a          0x00a1d3         Code  Gb  long.o [4]
?smod16_y_x_y           0x00be7c         Code  Gb  short.o [4]
?smod32_l1_l0_dl        0x00a141         Code  Gb  long.o [4]
?smod32_l1_l0_l1        0x00a14b         Code  Gb  long.o [4]
?sub32_l0_l0_0x         0x00a02b         Code  Gb  long.o [4]
?sub32_l0_l0_l1         0x00a028         Code  Gb  long.o [4]
?ucmp24_c_0x_e0         0x00c81d         Code  Gb  far.o [4]
?ucmp32_c_l0_l1         0x00a196         Code  Gb  long.o [4]
?udiv32_l0_l0_dl        0x00a0d0         Code  Gb  long.o [4]
?udiv32_l0_l0_l1        0x00a0d4         Code  Gb  long.o [4]
?umod32_l1_l0_dl        0x00a0ca         Code  Gb  long.o [4]
?umod32_l1_l0_l1        0x00a0d4         Code  Gb  long.o [4]
?w0                     0x000000         Data  Gb  vregs.o [4]
?w1                     0x000002         Data  Gb  vregs.o [4]
?w2                     0x000004         Data  Gb  vregs.o [4]
?w3                     0x000006         Data  Gb  vregs.o [4]
?w4                     0x000008         Data  Gb  vregs.o [4]
?w5                     0x00000a         Data  Gb  vregs.o [4]
?w6                     0x00000c         Data  Gb  vregs.o [4]
?w7                     0x00000e         Data  Gb  vregs.o [4]
ADC1_IRQHandler         0x00c926    0x1  Code  Gb  stm8s_it.o [1]
AWU_IRQHandler          0x00c918    0x1  Code  Gb  stm8s_it.o [1]
BEEP_Cmd                0x00c6f0    0xd  Code  Gb  stm8s_beep.o [1]
BEEP_DeInit             0x00c8e1    0x5  Code  Gb  stm8s_beep.o [1]
BEEP_Init               0x00bfab   0x43  Code  Gb  stm8s_beep.o [1]
CLK_ClockSwitchConfig   0x00b4f4   0xd5  Code  Gb  stm8s_clk.o [1]
CLK_DeInit              0x00c0e6   0x36  Code  Gb  stm8s_clk.o [1]
CLK_IRQHandler          0x00c919    0x1  Code  Gb  stm8s_it.o [1]
CLK_PeripheralClockConfig
                        0x00b91e   0x91  Code  Gb  stm8s_clk.o [1]
CLK_SYSCLKConfig        0x00bd3b   0x5e  Code  Gb  stm8s_clk.o [1]
CSTACK$$Base            0x000600          --   Gb  - Linker created -
CSTACK$$Limit           0x000800          --   Gb  - Linker created -
CheckProgramPoint       0x0093bf   0xc6  Code  Gb  main.o [1]
Check_DS1307            0x0099f1   0x4e  Code  Gb  main.o [1]
ClearLine1              0x008c49   0x13  Code  Gb  main.o [1]
ClearLine2              0x008c5c   0x13  Code  Gb  main.o [1]
DS18Set                 0x009047   0x37  Code  Gb  main.o [1]
DS18_Read               0x00907e   0x4a  Code  Gb  main.o [1]
DS18_Reset              0x008ff6   0x48  Code  Gb  main.o [1]
DS18_Write              0x008fb8   0x36  Code  Gb  main.o [1]
Delay1                  0x0086c9    0xe  Code  Gb  main.o [1]
Delay_us                0x008fb2    0x6  Code  Gb  main.o [1]
Display                 0x00b41a   0xda  Code  Gb  main.o [1]
DtorRecArray            0x000378    0x7  Data  Lc  cppinit.o [4]
EEPROM_EEC_IRQHandler   0x00c928    0x1  Code  Gb  stm8s_it.o [1]
EEPROM_INIT             0x008c19    0xf  Code  Gb  main.o [1]
EXTI_PORTA_IRQHandler   0x00c91a    0x1  Code  Gb  stm8s_it.o [1]
EXTI_PORTB_IRQHandler   0x00c91b    0x1  Code  Gb  stm8s_it.o [1]
EXTI_PORTC_IRQHandler   0x00c91c    0x1  Code  Gb  stm8s_it.o [1]
EXTI_PORTD_IRQHandler   0x00c91d    0x1  Code  Gb  stm8s_it.o [1]
EXTI_PORTE_IRQHandler   0x00c91e    0x1  Code  Gb  stm8s_it.o [1]
FLASH_DeInit            0x00c558   0x18  Code  Gb  stm8s_flash.o [1]
FLASH_Lock              0x00c409   0x20  Code  Gb  stm8s_flash.o [1]
FLASH_ProgramByte       0x00c073   0x3a  Code  Gb  stm8s_flash.o [1]
FLASH_ReadByte          0x00c21c   0x2c  Code  Gb  stm8s_flash.o [1]
FLASH_SetProgrammingTime
                        0x00c382   0x22  Code  Gb  stm8s_flash.o [1]
FLASH_Unlock            0x00c3e8   0x21  Code  Gb  stm8s_flash.o [1]
FirstMenu               0x008f20   0x73  Code  Gb  main.o [1]
GPIO_Init               0x00b697   0xb4  Code  Gb  stm8s_gpio.o [1]
GPIO_ReadInputData      0x00c908    0x3  Code  Gb  stm8s_gpio.o [1]
GPIO_ReadInputPin       0x00c90b    0x3  Code  Gb  stm8s_gpio.o [1]
GPIO_WriteHigh          0x00c902    0x3  Code  Gb  stm8s_gpio.o [1]
GPIO_WriteLow           0x00c8e6    0x4  Code  Gb  stm8s_gpio.o [1]
GPIO_WriteReverse       0x00c905    0x3  Code  Gb  stm8s_gpio.o [1]
GpioConfiguration       0x009337   0x78  Code  Gb  main.o [1]
HEAP$$Base              0x000178          --   Gb  - Linker created -
HEAP$$Limit             0x000378          --   Gb  - Linker created -
I2C_AcknowledgeConfig   0x00c186   0x34  Code  Gb  stm8s_i2c.o [1]
I2C_CheckEvent          0x00b74b   0xa6  Code  Gb  stm8s_i2c.o [1]
I2C_Cmd                 0x00c570   0x18  Code  Gb  stm8s_i2c.o [1]
I2C_DeInit              0x00c313   0x25  Code  Gb  stm8s_i2c.o [1]
I2C_GenerateSTART       0x00c588   0x18  Code  Gb  stm8s_i2c.o [1]
I2C_GenerateSTOP        0x00c5a0   0x18  Code  Gb  stm8s_i2c.o [1]
I2C_GetFlagStatus       0x00b88b   0x93  Code  Gb  stm8s_i2c.o [1]
I2C_IRQHandler          0x00c924    0x1  Code  Gb  stm8s_it.o [1]
I2C_Init                0x00af76  0x16d  Code  Gb  stm8s_i2c.o [1]
I2C_RA                  0x0099c9   0x28  Code  Gb  main.o [1]
I2C_RD                  0x0099a6   0x23  Code  Gb  main.o [1]
I2C_ReceiveData         0x00c8ea    0x4  Code  Gb  stm8s_i2c.o [1]
I2C_Send7bitAddress     0x00c1ba   0x32  Code  Gb  stm8s_i2c.o [1]
I2C_SendData            0x00c8ee    0x4  Code  Gb  stm8s_i2c.o [1]
I2C_Start               0x009567   0x26  Code  Gb  main.o [1]
I2C_WA                  0x009541   0x26  Code  Gb  main.o [1]
I2C_WD                  0x00951d   0x24  Code  Gb  main.o [1]
INTVEC$$Base            0x008000          --   Gb  - Linker created -
INTVEC$$Limit           0x008080          --   Gb  - Linker created -
InitClk                 0x0092f0   0x3e  Code  Gb  main.o [1]
InitDelayTimer2         0x009211   0x1d  Code  Gb  main.o [1]
InitDelayTimer3         0x0091fa   0x17  Code  Gb  main.o [1]
InitI2C                 0x009afe   0x26  Code  Gb  main.o [1]
InitLcd                 0x009266   0x59  Code  Gb  main.o [1]
InputDataProgram        0x0089e5  0x1da  Code  Gb  main.o [1]
LCD                     0x00877c   0xd0  Code  Gb  main.o [1]
LCDData                 0x00873e    0xb  Code  Gb  main.o [1]
LCDDataOut              0x0086e7   0x57  Code  Gb  main.o [1]
LCDInstr                0x008771    0xb  Code  Gb  main.o [1]
LCDInstrNibble          0x009257    0xf  Code  Gb  main.o [1]
LoadInt                 0x00be94   0x47  Code  Lc  xprintfsmall.o [4]
Power_Off               0x009b24    0xe  Code  Gb  main.o [1]
Power_On                0x009b32    0xe  Code  Gb  main.o [1]
ProgramMenu             0x008c91  0x234  Code  Gb  main.o [1]
PulseEnable             0x0086d7   0x10  Code  Gb  main.o [1]
ReadDS1307              0x009a50   0x78  Code  Gb  main.o [1]
ReadProgram             0x009497   0x30  Code  Gb  main.o [1]
Read_DS18               0x0090e7   0x79  Code  Gb  main.o [1]
Region$$Table$$Base     0x008490          --   Gb  - Linker created -
Region$$Table$$Limit    0x0084a4          --   Gb  - Linker created -
ResetProgram            0x0094c7   0x21  Code  Gb  main.o [1]
SPI_IRQHandler          0x00c91f    0x1  Code  Gb  stm8s_it.o [1]
SaveProgram             0x008c28   0x21  Code  Gb  main.o [1]
SaveStatus              0x008ef5   0x22  Code  Gb  main.o [1]
SelectMenu              0x0097ef   0xe5  Code  Gb  main.o [1]
SetClock                0x00960c   0xff  Code  Gb  main.o [1]
SetData                 0x009716   0xc7  Code  Gb  main.o [1]
Set_DS1307              0x009594   0x6d  Code  Gb  main.o [1]
SetupMenu               0x0098dc   0x8d  Code  Gb  main.o [1]
TIM1_CAP_COM_IRQHandler
                        0x00c921    0x1  Code  Gb  stm8s_it.o [1]
TIM1_UPD_OVF_TRG_BRK_IRQHandler
                        0x00c920    0x1  Code  Gb  stm8s_it.o [1]
TIM2_CAP_COM_IRQHandler
                        0x00c922    0x1  Code  Gb  stm8s_it.o [1]
TIM2_ClearITPendingBit  0x00c465   0x1d  Code  Gb  stm8s_tim2.o [1]
TIM2_Cmd                0x00bcc3   0x18  Code  Gb  stm8s_tim2.o [1]
TIM2_DeInit             0x00bd99   0x59  Code  Gb  stm8s_tim2.o [1]
TIM2_ITConfig           0x00bc87   0x3c  Code  Gb  stm8s_tim2.o [1]
TIM2_TimeBaseInit       0x00c7f5    0xa  Code  Gb  stm8s_tim2.o [1]
TIM2_UPD_OVF_BRK_IRQHandler
                        0x00babc   0x79  Code  Gb  stm8s_it.o [1]
TIM3_CAP_COM_IRQHandler
                        0x00c923    0x1  Code  Gb  stm8s_it.o [1]
TIM3_ClearITPendingBit  0x00c482   0x1d  Code  Gb  stm8s_tim3.o [1]
TIM3_Cmd                0x00bd23   0x18  Code  Gb  stm8s_tim3.o [1]
TIM3_DeInit             0x00bf21   0x45  Code  Gb  stm8s_tim3.o [1]
TIM3_ITConfig           0x00bce7   0x3c  Code  Gb  stm8s_tim3.o [1]
TIM3_TimeBaseInit       0x00c7ff    0xa  Code  Gb  stm8s_tim3.o [1]
TIM3_UPD_OVF_BRK_IRQHandler
                        0x00b9af   0x91  Code  Gb  stm8s_it.o [1]
TIM4_UPD_OVF_IRQHandler
                        0x00c927    0x1  Code  Gb  stm8s_it.o [1]
TLI_IRQHandler          0x00c917    0x1  Code  Gb  stm8s_it.o [1]
TRAP_IRQHandler         0x00c916    0x1  Code  Gb  stm8s_it.o [1]
Time_Display            0x000175    0x1  Data  Gb  main.o [1]
UART2_ClearITPendingBit
                        0x00c35d   0x25  Code  Gb  stm8s_uart2.o [1]
UART2_RX_IRQHandler     0x00c338   0x25  Code  Gb  stm8s_it.o [1]
UART2_ReceiveData8      0x00c8f2    0x4  Code  Gb  stm8s_uart2.o [1]
UART2_TX_IRQHandler     0x00c925    0x1  Code  Gb  stm8s_it.o [1]
_EncodingSb_Mbtowc      0x00c1ec   0x30  Code  Gb  xencoding_sb.o [4]
_EncodingSb_Wctomb      0x00c53f   0x19  Code  Gb  xencoding_sb.o [4]
_Getdst                 0x00b0e3  0x163  Code  Gb  xgetdst.o [4]
_Gettime                0x00bba5   0x6e  Code  Gb  xgettime.o [4]
_IsdstStr               0x00005f    0x2  Data  Gb  setlocale.o [4]
_Isdst_olddst           0x000157    0x2  Data  Lc  xisdst.o [4]
_Isdst_rules            0x000159    0x2  Data  Lc  xisdst.o [4]
_LitobSmall             0x00ab16  0x17f  Code  Lc  xprintfsmall.o [4]
_LocaleC_isspace        0x00c526   0x19  Code  Gb  xlocale_c.o [4]
_LocaleC_tolower        0x00c6a5   0x10  Code  Gb  xlocale_c.o [4]
_LocaleEncoding         0x00c6e2    0xe  Code  Gb  setlocale.o [4]
_LocaleForCat           0x00c50c   0x1a  Code  Gb  setlocale.o [4]
_Locale_Profile         0x000108    0xe  Data  Gb  setlocale.o [4]
_Localtime_oldzone      0x000155    0x2  Data  Lc  localtim.o [4]
_Localtime_tzoff        0x00012a    0x4  Data  Lc  localtim.o [4]
_Mbtowc                 0x00c274   0x29  Code  Gb  xmbtowc.o [4]
_PrintfSmall            0x009b40  0x4aa  Code  Gb  xprintfsmall.o [4]
_Prout                  0x00c49f   0x1d  Code  Gb  xprout.o [4]
_PutcharSmall           0x00c0ad   0x39  Code  Lc  xprintfsmall.o [4]
_PutcharsSmall          0x00c151   0x35  Code  Lc  xprintfsmall.o [4]
_PutstrSmall            0x00a3e4  0x1e7  Code  Lc  xprintfsmall.o [4]
_SProut                 0x00c6d4    0xe  Code  Gb  xsprout.o [4]
_Ttotm_ts               0x0000f2   0x16  Data  Lc  xttotm.o [4]
_Tzoff                  0x00b246   0xee  Code  Gb  localtim.o [4]
_TzoneStr               0x00005d    0x2  Data  Gb  setlocale.o [4]
_Wctomb                 0x00c3a4   0x22  Code  Gb  xwctomb.o [4]
__DebugBreak            0x00c929    0x1  Code  Gb  __dbg_break.o [3]
__call_dtors            0x00bc76    0x5  Code  Gb  cppinit.o [4]
__cstart_call_dtors     0x00c828         Code  Gb  cexit.o [4]
__cxa_atexit            0x00bfee   0x43  Code  Gb  cppinit.o [4]
__cxa_finalize          0x00bc13   0x63  Code  Gb  cppinit.o [4]
__exit                  0x00c5e5   0x16  Code  Gb  __dbg_xxexit.o [3]
__getzone               0x00c8fe    0x4  Code  Gb  getzone.o [4]
__iar_Atexit            0x00c8d4    0x7  Code  Gb  atexit.o [4]
__iar_Daysto32          0x00bdf2   0x53  Code  Gb  xttotm.o [4]
__iar_Errno             0x00015b    0x2  Data  Gb  errno.o [4]
__iar_Isdst32           0x00a1fc  0x1e8  Code  Gb  xisdst.o [4]
__iar_Mbcurmax          0x00c8cd    0x7  Code  Gb  xmbcurmax.o [4]
__iar_Memchr            0x00c611   0x15  Code  Gb  memchr.o [4]
__iar_Stdout            0x000010   0x28  Data  Gb  xfiles.o [4]
__iar_Stolx             0x00b5c9   0xce  Code  Gb  xstol.o [4]
__iar_Stoulx            0x00a7a7  0x1d8  Code  Gb  xstoul.o [4]
__iar_Strchr            0x00c626   0x15  Code  Gb  strchr.o [4]
__iar_Tls_dtor__Isdst_rules
                        0x00c8c6    0x7  Code  Lc  xisdst.o [4]
__iar_Tls_once__Isdst_rules
                        0x000177    0x1  Data  Lc  xisdst.o [4]
__iar_Tls_setup__IsdstStr
                        0x00013e    0x3  Data  Gb  setlocale.o [4]
__iar_Tls_setup__Isdst_olddst
                        0x000144    0x3  Data  Lc  xisdst.o [4]
__iar_Tls_setup__Isdst_rules
                        0x000058    0x3  Data  Lc  xisdst.o [4]
__iar_Tls_setup__Locale_Profile
                        0x000141    0x3  Data  Gb  setlocale.o [4]
__iar_Tls_setup__Localtime_oldzone
                        0x000132    0x3  Data  Lc  localtim.o [4]
__iar_Tls_setup__Localtime_tzoff
                        0x000135    0x3  Data  Lc  localtim.o [4]
__iar_Tls_setup__Ttotm_ts
                        0x000138    0x3  Data  Lc  xttotm.o [4]
__iar_Tls_setup__TzoneStr
                        0x00013b    0x3  Data  Gb  setlocale.o [4]
__iar_Tls_setupx__Isdst_rules
                        0x00c4bc   0x1c  Code  Lc  xisdst.o [4]
__iar_Ttotm32           0x00a97f  0x197  Code  Gb  xttotm.o [4]
__iar_copy_init2        0x00c2c5         Code  Gb  init_small.o [4]
__iar_data_init2        0x00c429   0x1e  Code  Gb  init.o [4]
__iar_program_start     0x00c5b8         Code  Gb  cstartup.o [4]
__iar_unhandled_exception
                        0x00c911         Code  Gb  unhandled_exception.o [4]
__iar_zero_init2        0x00c447         Code  Gb  init_small.o [4]
__intvec                0x008000         Data  Gb  interrupt.o [4]
__low_level_init        0x00c90e    0x3  Code  Gb  low_level_init.o [4]
__mktime32              0x00a5cb  0x1dc  Code  Gb  mktime.o [4]
__near_Aldata           0x00012e    0x4  Data  Gb  xxmemxmalloc.o [4]
__near_GetMemChunk      0x00c3c6   0x22  Code  Gb  xgetmemchunk.o [4]
__near_findmem          0x00bb35   0x70  Code  Lc  xxmemxmalloc.o [4]
_exit                   0x00c827         Code  Gb  cexit.o [4]
_interrupt_1            0x00c916         Code  Gb  stm8s_it.o [1]
_interrupt_10           0x00c8f6         Code  Wk  interrupt.o [4]
_interrupt_11           0x00c8f6         Code  Wk  interrupt.o [4]
_interrupt_12           0x00c91f         Code  Gb  stm8s_it.o [1]
_interrupt_13           0x00c920         Code  Gb  stm8s_it.o [1]
_interrupt_14           0x00c921         Code  Gb  stm8s_it.o [1]
_interrupt_15           0x00babc         Code  Gb  stm8s_it.o [1]
_interrupt_16           0x00c922         Code  Gb  stm8s_it.o [1]
_interrupt_17           0x00b9af         Code  Gb  stm8s_it.o [1]
_interrupt_18           0x00c923         Code  Gb  stm8s_it.o [1]
_interrupt_19           0x00c8f6         Code  Wk  interrupt.o [4]
_interrupt_2            0x00c917         Code  Gb  stm8s_it.o [1]
_interrupt_20           0x00c8f6         Code  Wk  interrupt.o [4]
_interrupt_21           0x00c924         Code  Gb  stm8s_it.o [1]
_interrupt_22           0x00c925         Code  Gb  stm8s_it.o [1]
_interrupt_23           0x00c338         Code  Gb  stm8s_it.o [1]
_interrupt_24           0x00c926         Code  Gb  stm8s_it.o [1]
_interrupt_25           0x00c927         Code  Gb  stm8s_it.o [1]
_interrupt_26           0x00c928         Code  Gb  stm8s_it.o [1]
_interrupt_27           0x00c8f6         Code  Wk  interrupt.o [4]
_interrupt_28           0x00c8f6         Code  Wk  interrupt.o [4]
_interrupt_29           0x00c8f6         Code  Wk  interrupt.o [4]
_interrupt_3            0x00c918         Code  Gb  stm8s_it.o [1]
_interrupt_30           0x00c8f6         Code  Wk  interrupt.o [4]
_interrupt_31           0x00c8f6         Code  Wk  interrupt.o [4]
_interrupt_4            0x00c919         Code  Gb  stm8s_it.o [1]
_interrupt_5            0x00c91a         Code  Gb  stm8s_it.o [1]
_interrupt_6            0x00c91b         Code  Gb  stm8s_it.o [1]
_interrupt_7            0x00c91c         Code  Gb  stm8s_it.o [1]
_interrupt_8            0x00c91d         Code  Gb  stm8s_it.o [1]
_interrupt_9            0x00c91e         Code  Gb  stm8s_it.o [1]
adj                     0x008990   0x55  Code  Gb  main.o [1]
assert_failed           0x00c914    0x2  Code  Gb  main.o [1]
bcd2hex                 0x00998f   0x17  Code  Gb  main.o [1]
beep                    0x00885e   0x1b  Code  Gb  main.o [1]
blink_flag              0x000173    0x1  Data  Gb  main.o [1]
blink_time              0x00014f    0x2  Data  Gb  main.o [1]
button                  0x000171    0x1  Data  Gb  main.o [1]
convert_tobcd           0x009506   0x17  Code  Gb  main.o [1]
count                   0x000162    0x1  Data  Gb  main.o [1]
d                       0x00016a    0x1  Data  Gb  main.o [1]
date                    0x000062    0x1  Data  Gb  main.o [1]
day_week                0x000038   0x16  Data  Gb  main.o [1]
days                    0x000061    0x1  Data  Gb  main.o [1]
digits                  0x008438   0x25  Data  Lc  xstoul.o [4]
error                   0x000167    0x1  Data  Gb  main.o [1]
exit                    0x00c8fa    0x4  Code  Gb  exit.o [4]
fputc                   0x00884c   0x12  Code  Gb  main.o [1]
free                    0x00b334   0xe6  Code  Gb  xxmemxfree.o [4]
getint                  0x00bedb   0x46  Code  Lc  xgetdst.o [4]
hardware                0x000153    0x2  Data  Gb  main.o [1]
hours                   0x000165    0x1  Data  Gb  main.o [1]
initBeep                0x008879   0x1c  Code  Gb  main.o [1]
isspace                 0x00c6b5   0x10  Code  Gb  isxxx.o [4]
key_minus_on            0x0088e6   0x3b  Code  Gb  main.o [1]
key_ok_hold             0x000174    0x1  Data  Gb  main.o [1]
key_ok_on               0x008895   0x51  Code  Gb  main.o [1]
key_plus_on             0x008939   0x3b  Code  Gb  main.o [1]
lcdLedTimer             0x000170    0x1  Data  Gb  main.o [1]
line1                   0x000116    0xa  Data  Gb  main.o [1]
line2                   0x000120    0xa  Data  Gb  main.o [1]
line_lcd                0x000161    0x1  Data  Gb  main.o [1]
lmos                    0x0084a4   0x18  Data  Lc  xttotm.o [4]
m                       0x000169    0x1  Data  Gb  main.o [1]
main                    0x00ae08  0x16e  Code  Gb  main.o [1]
malloc                  0x00b7f1   0x9a  Code  Gb  xxmemxmalloc.o [4]
manu_display            0x00016d    0x1  Data  Gb  main.o [1]
memcpy                  0x00c2ed   0x26  Code  Gb  memcpy.o [4]
minutes                 0x000164    0x1  Data  Gb  main.o [1]
month                   0x000063    0x1  Data  Gb  main.o [1]
mos                     0x0084bc   0x18  Data  Lc  xttotm.o [4]
ndigs                   0x00845d   0x25  Data  Lc  xstoul.o [4]
next_abi_dtor_rec       0x00005b    0x2  Data  Lc  cppinit.o [4]
obuf                    0x000064   0x50  Data  Lc  xfiles.o [4]
pad                     0x00c11c   0x35  Code  Lc  xprintfsmall.o [4]
power                   0x000172    0x1  Data  Gb  main.o [1]
pressKey                0x008bcf   0x4a  Code  Gb  main.o [1]
printf                  0x00c29d   0x28  Code  Gb  printf.o [4]
program_display         0x00016e    0x1  Data  Gb  main.o [1]
programpoint            0x0000b4   0x28  Data  Gb  main.o [1]
ptim                    0x0000dc   0x16  Data  Gb  main.o [1]
putchar                 0x00c8b7    0x8  Code  Gb  putchar.o [4]
result1                 0x00016b    0x1  Data  Gb  main.o [1]
result2                 0x00016c    0x1  Data  Gb  main.o [1]
rx_data                 0x000160    0x1  Data  Gb  main.o [1]
seconds                 0x000163    0x1  Data  Gb  main.o [1]
setup_menu              0x00004e    0xa  Data  Gb  main.o [1]
sprintf                 0x00bf66   0x45  Code  Gb  sprintf.o [4]
status                  0x000151    0x2  Data  Gb  main.o [1]
status_check            0x00014d    0x2  Data  Gb  main.o [1]
strlen                  0x00c673   0x12  Code  Gb  strlen.o [4]
sync                    0x000176    0x1  Data  Gb  stm8s_it.o [1]
sync_time_ds1307        0x00016f    0x1  Data  Gb  main.o [1]
temperature             0x00917a   0x3f  Code  Gb  main.o [1]
timeout                 0x00015f    0x1  Data  Gb  main.o [1]
timer1                  0x000147    0x2  Data  Gb  main.o [1]
timer2                  0x000149    0x2  Data  Gb  main.o [1]
timer3                  0x00014b    0x2  Data  Gb  main.o [1]
tolower                 0x00c5fb   0x16  Code  Gb  tolower.o [4]
y                       0x000168    0x1  Data  Gb  main.o [1]
year                    0x000166    0x1  Data  Gb  main.o [1]


[1] = C:\Documents and Settings\Administrator\Desktop\stm8s105k-controller\Project\STM8S_StdPeriph_Template\EWSTM8\STM8S105\Obj
[2] = command line
[3] = dbgstm8mmd.a
[4] = dlstm8mmf.a

  16 993 bytes of readonly  code memory
   1 737 bytes of readonly  data memory
   1 631 bytes of readwrite data memory

Errors: none
Warnings: none
