###############################################################################
#                                                                             #
# IAR ELF Linker V1.30.1.50036 for STM8                 15/Aug/2013  17:17:07 #
# Copyright 2010-2011 IAR Systems AB.                                         #
#                                                                             #
#    Output file  =  C:\Documents and Settings\Administrator\Desktop\stm8s105 #
#                    k-controller\Project\STM8S_StdPeriph_Template\EWSTM8\STM #
#                    8S105\Exe\Project.out                                    #
#    Map file     =  C:\Documents and Settings\Administrator\Desktop\stm8s105 #
#                    k-controller\Project\STM8S_StdPeriph_Template\EWSTM8\STM #
#                    8S105\List\Project.map                                   #
#    Command line =  "C:\Documents and Settings\Administrator\Desktop\stm8s10 #
#                    5k-controller\Project\STM8S_StdPeriph_Template\EWSTM8\ST #
#                    M8S105\Obj\main.o" "C:\Documents and                     #
#                    Settings\Administrator\Desktop\stm8s105k-controller\Proj #
#                    ect\STM8S_StdPeriph_Template\EWSTM8\STM8S105\Obj\stm8s_a #
#                    dc1.o" "C:\Documents and Settings\Administrator\Desktop\ #
#                    stm8s105k-controller\Project\STM8S_StdPeriph_Template\EW #
#                    STM8\STM8S105\Obj\stm8s_awu.o" "C:\Documents and         #
#                    Settings\Administrator\Desktop\stm8s105k-controller\Proj #
#                    ect\STM8S_StdPeriph_Template\EWSTM8\STM8S105\Obj\stm8s_b #
#                    eep.o" "C:\Documents and Settings\Administrator\Desktop\ #
#                    stm8s105k-controller\Project\STM8S_StdPeriph_Template\EW #
#                    STM8\STM8S105\Obj\stm8s_clk.o" "C:\Documents and         #
#                    Settings\Administrator\Desktop\stm8s105k-controller\Proj #
#                    ect\STM8S_StdPeriph_Template\EWSTM8\STM8S105\Obj\stm8s_e #
#                    xti.o" "C:\Documents and Settings\Administrator\Desktop\ #
#                    stm8s105k-controller\Project\STM8S_StdPeriph_Template\EW #
#                    STM8\STM8S105\Obj\stm8s_flash.o" "C:\Documents and       #
#                    Settings\Administrator\Desktop\stm8s105k-controller\Proj #
#                    ect\STM8S_StdPeriph_Template\EWSTM8\STM8S105\Obj\stm8s_g #
#                    pio.o" "C:\Documents and Settings\Administrator\Desktop\ #
#                    stm8s105k-controller\Project\STM8S_StdPeriph_Template\EW #
#                    STM8\STM8S105\Obj\stm8s_i2c.o" "C:\Documents and         #
#                    Settings\Administrator\Desktop\stm8s105k-controller\Proj #
#                    ect\STM8S_StdPeriph_Template\EWSTM8\STM8S105\Obj\stm8s_i #
#                    t.o" "C:\Documents and Settings\Administrator\Desktop\st #
#                    m8s105k-controller\Project\STM8S_StdPeriph_Template\EWST #
#                    M8\STM8S105\Obj\stm8s_itc.o" "C:\Documents and           #
#                    Settings\Administrator\Desktop\stm8s105k-controller\Proj #
#                    ect\STM8S_StdPeriph_Template\EWSTM8\STM8S105\Obj\stm8s_i #
#                    wdg.o" "C:\Documents and Settings\Administrator\Desktop\ #
#                    stm8s105k-controller\Project\STM8S_StdPeriph_Template\EW #
#                    STM8\STM8S105\Obj\stm8s_rst.o" "C:\Documents and         #
#                    Settings\Administrator\Desktop\stm8s105k-controller\Proj #
#                    ect\STM8S_StdPeriph_Template\EWSTM8\STM8S105\Obj\stm8s_s #
#                    pi.o" "C:\Documents and Settings\Administrator\Desktop\s #
#                    tm8s105k-controller\Project\STM8S_StdPeriph_Template\EWS #
#                    TM8\STM8S105\Obj\stm8s_tim1.o" "C:\Documents and         #
#                    Settings\Administrator\Desktop\stm8s105k-controller\Proj #
#                    ect\STM8S_StdPeriph_Template\EWSTM8\STM8S105\Obj\stm8s_t #
#                    im2.o" "C:\Documents and Settings\Administrator\Desktop\ #
#                    stm8s105k-controller\Project\STM8S_StdPeriph_Template\EW #
#                    STM8\STM8S105\Obj\stm8s_tim3.o" "C:\Documents and        #
#                    Settings\Administrator\Desktop\stm8s105k-controller\Proj #
#                    ect\STM8S_StdPeriph_Template\EWSTM8\STM8S105\Obj\stm8s_t #
#                    im4.o" "C:\Documents and Settings\Administrator\Desktop\ #
#                    stm8s105k-controller\Project\STM8S_StdPeriph_Template\EW #
#                    STM8\STM8S105\Obj\stm8s_uart2.o" "C:\Documents and       #
#                    Settings\Administrator\Desktop\stm8s105k-controller\Proj #
#                    ect\STM8S_StdPeriph_Template\EWSTM8\STM8S105\Obj\stm8s_w #
#                    wdg.o" --redirect _Printf=_PrintfLarge --redirect        #
#                    _Scanf=_ScanfSmall -o "C:\Documents and                  #
#                    Settings\Administrator\Desktop\stm8s105k-controller\Proj #
#                    ect\STM8S_StdPeriph_Template\EWSTM8\STM8S105\Exe\Project #
#                    .out" --map "C:\Documents and                            #
#                    Settings\Administrator\Desktop\stm8s105k-controller\Proj #
#                    ect\STM8S_StdPeriph_Template\EWSTM8\STM8S105\List\Projec #
#                    t.map" --config "C:\Program Files\IAR Systems\Embedded   #
#                    Workbench 6.0\stm8\config\lnkstm8s105k4.icf"             #
#                    --config_def _CSTACK_SIZE=0x200 --config_def             #
#                    _HEAP_SIZE=0x200 --entry __iar_program_start --debug_lib #
#                                                                             #
#                                                                             #
###############################################################################

*******************************************************************************
*** RUNTIME MODEL ATTRIBUTES
***

__Heap_Handler             = Basic
__SystemLibrary            = DLib
__code_model               = medium_or_large
__core                     = stm8
__data_model               = medium
__dlib_file_descriptor     = 1
__dlib_full_locale_support = 1
__rt_version               = 4


*******************************************************************************
*** PLACEMENT SUMMARY
***

"A1":  place at start of [0x000000-0x0000ff] { rw section .vregs };
"A2":  place at end of [0x000000-0x0007ff] { block CSTACK };
"P2":  place in [from 0x000000 to 0x0007ff] {
          block HEAP, rw section .far.bss, rw section .far.data,
          rw section .far.noinit, rw section .far_func.textrw,
          rw section .huge.bss, rw section .huge.data, rw section .huge.noinit,
          rw section .huge_func.textrw, rw section .iar.dynexit,
          rw section .near.bss, rw section .near.data, rw section .near.noinit,
          rw section .near_func.textrw };
"A3":  place at start of [0x008000-0x00bfff] { block INTVEC };
"P3":  place in [from 0x008000 to 0x00bfff] {
          ro section .far.data_init, ro section .far_func.textrw_init,
          ro section .huge.data_init, ro section .huge_func.textrw_init,
          ro section .iar.init_table, ro section .init_array,
          ro section .near.data_init, ro section .near.rodata,
          ro section .near_func.text, ro section .near_func.textrw_init,
          ro section .tiny.data_init, ro section .tiny.rodata_init };
"P4":  place in [from 0x008000 to 0x00bfff] {
          ro section .far.rodata, ro section .far_func.text };

  Section            Kind      Address    Size  Object
  -------            ----      -------    ----  ------
"A1":                                     0x10
  .vregs             uninit   0x000000    0x10  vregs.o [4]
                            - 0x000010    0x10

"P2", part 1 of 3:                        0x59
  P2 s0                       0x000010    0x59  <Init block>
    .near.data       inited   0x000010    0x2e  localeconv.o [4]
    .near.data       inited   0x00003e    0x28  xfiles.o [4]
    .near.data       inited   0x000066     0x1  main.o [1]
    .near.data       inited   0x000067     0x1  main.o [1]
    .near.data       inited   0x000068     0x1  main.o [1]
                            - 0x000069    0x59

"P2", part 2 of 3:                        0x93
  .near.bss          zero     0x000069    0x50  xfiles.o [4]
  .near.bss          zero     0x0000b9     0xe  setlocale.o [4]
  .near.bss          zero     0x0000c7     0xa  main.o [1]
  .near.bss          zero     0x0000d1     0x4  xxmemxmalloc.o [4]
  .near.bss          zero     0x0000d5     0x3  localeconv.o [4]
  .near.bss          zero     0x0000d8     0x3  setlocale.o [4]
  .near.bss          zero     0x0000db     0x2  main.o [1]
  .near.bss          zero     0x0000dd     0x2  main.o [1]
  .near.bss          zero     0x0000df     0x2  main.o [1]
  .near.bss          zero     0x0000e1     0x2  main.o [1]
  .near.bss          zero     0x0000e3     0x2  main.o [1]
  .near.bss          zero     0x0000e5     0x2  main.o [1]
  .near.bss          zero     0x0000e7     0x2  main.o [1]
  .near.bss          zero     0x0000e9     0x2  xgetmemchunk.o [4]
  .near.bss          zero     0x0000eb     0x1  main.o [1]
  .near.bss          zero     0x0000ec     0x1  main.o [1]
  .near.bss          zero     0x0000ed     0x1  main.o [1]
  .near.bss          zero     0x0000ee     0x1  main.o [1]
  .near.bss          zero     0x0000ef     0x1  main.o [1]
  .near.bss          zero     0x0000f0     0x1  main.o [1]
  .near.bss          zero     0x0000f1     0x1  main.o [1]
  .near.bss          zero     0x0000f2     0x1  main.o [1]
  .near.bss          zero     0x0000f3     0x1  main.o [1]
  .near.bss          zero     0x0000f4     0x1  main.o [1]
  .near.bss          zero     0x0000f5     0x1  main.o [1]
  .near.bss          zero     0x0000f6     0x1  main.o [1]
  .near.bss          zero     0x0000f7     0x1  main.o [1]
  .near.bss          zero     0x0000f8     0x1  main.o [1]
  .near.bss          zero     0x0000f9     0x1  main.o [1]
  .near.bss          zero     0x0000fa     0x1  main.o [1]
  .near.bss          zero     0x0000fb     0x1  main.o [1]
                            - 0x0000fc    0x93

"P2", part 3 of 3:                       0x200
  HEAP                        0x0000fc   0x200  <Block>
    HEAP             uninit   0x0000fc   0x200  <Block tail>
                            - 0x0002fc   0x200

"A2":                                    0x200
  CSTACK                      0x000600   0x200  <Block>
    CSTACK           uninit   0x000600   0x200  <Block tail>
                            - 0x000800   0x200

"A3":                                     0x80
  INTVEC                      0x008000    0x80  <Block>
    .intvec          const    0x008000    0x80  interrupt.o [4]
                            - 0x008080    0x80

"P3":                                    0x4c8
  .near.rodata       const    0x008080    0x78  stm8s_flash.o [1]
  .near.rodata       const    0x0080f8    0x78  stm8s_uart2.o [1]
  .near.rodata       const    0x008170    0x77  stm8s_adc1.o [1]
  .near.rodata       const    0x0081e7    0x77  stm8s_gpio.o [1]
  .near.rodata       const    0x00825e    0x77  stm8s_tim2.o [1]
  .near.rodata       const    0x0082d5    0x76  stm8s_clk.o [1]
  .near.rodata       const    0x00834b    0x76  stm8s_i2c.o [1]
  .near.rodata       const    0x0083c1     0xb  main.o [1]
  .iar.init_table    const    0x0083cc    0x14  - Linker created -
  .near.rodata       const    0x0083e0    0x10  main.o [1]
  .near.rodata       const    0x0083f0     0xc  main.o [1]
  .near.rodata       const    0x0083fc     0xa  main.o [1]
  .near.rodata       const    0x008406     0xa  main.o [1]
  .near.rodata       const    0x008410     0xa  main.o [1]
  .near.rodata       const    0x00841a     0xa  main.o [1]
  .near.rodata       const    0x008424     0xa  main.o [1]
  .near.rodata       const    0x00842e     0xa  main.o [1]
  .near.rodata       const    0x008438     0x9  main.o [1]
  .near.rodata       const    0x008441     0x9  main.o [1]
  .near.rodata       const    0x00844a     0x9  main.o [1]
  .near.rodata       const    0x008453     0x8  main.o [1]
  .near.rodata       const    0x00845b     0x8  main.o [1]
  .near.rodata       const    0x008463     0x8  main.o [1]
  .near.rodata       const    0x00846b     0x8  main.o [1]
  .near.rodata       const    0x008473     0x8  main.o [1]
  .near.rodata       const    0x00847b     0x8  xprintflarge.o [4]
  .near.rodata       const    0x008483     0x8  xprintflarge.o [4]
  .near.rodata       const    0x00848b     0x8  xencoding_sb.o [4]
  .near.rodata       const    0x008493     0x8  xencoding_sb.o [4]
  .near.rodata       const    0x00849b     0x7  main.o [1]
  .near.rodata       const    0x0084a2     0x7  main.o [1]
  .near.rodata       const    0x0084a9     0x7  main.o [1]
  .near.rodata       const    0x0084b0     0x7  main.o [1]
  .near.rodata       const    0x0084b7     0x7  main.o [1]
  .near.rodata       const    0x0084be     0x7  xprintflarge.o [4]
  .near.rodata       const    0x0084c5     0x6  main.o [1]
  .near.rodata       const    0x0084cb     0x6  localeconv.o [4]
  .near.rodata       const    0x0084d1     0x5  localeconv.o [4]
  .near.rodata       const    0x0084d6     0x4  main.o [1]
  .near.rodata       const    0x0084da     0x4  xprintflarge.o [4]
  .near.rodata       const    0x0084de     0x4  xprintflarge.o [4]
  .near.rodata       const    0x0084e2     0x4  xprintflarge.o [4]
  .near.rodata       const    0x0084e6     0x4  xprintflarge.o [4]
  .near.rodata       const    0x0084ea     0x2  xprintflarge.o [4]
  .near.rodata       const    0x0084ec     0x2  localeconv.o [4]
  .near.rodata       const    0x0084ee     0x1  localeconv.o [4]
  Initializer bytes  ro data  0x0084ef    0x59  <for P2 s0>
                            - 0x008548   0x4c8

"P4":                                   0x38f6
  .far_func.text     ro code  0x008548   0xfbf  main.o [1]
  .far_func.text     ro code  0x009507   0x57e  xprintflarge.o [4]
  .far_func.text     ro code  0x009a85   0x429  float.o [4]
  .far_func.text     ro code  0x009eae   0x3b9  xprintflarge.o [4]
  .far_func.text     ro code  0x00a267   0x2a3  xprintflarge.o [4]
  .far_func.text     ro code  0x00a50a   0x247  xprintflarge.o [4]
  .far_func.text     ro code  0x00a751   0x1b3  long.o [4]
  .far_func.text     ro code  0x00a904   0x17f  xprintflarge.o [4]
  .far_func.text     ro code  0x00aa83   0x16d  stm8s_i2c.o [1]
  .far_func.text     ro code  0x00abf0   0x16a  vreg_util.o [4]
  .far_func.text     ro code  0x00ad5a    0xe6  xxmemxfree.o [4]
  .far_func.text     ro code  0x00ae40    0xd5  stm8s_clk.o [1]
  .far_func.text     ro code  0x00af15    0xb4  stm8s_gpio.o [1]
  .far_func.text     ro code  0x00afc9    0xa6  stm8s_i2c.o [1]
  .far_func.text     ro code  0x00b06f    0x9a  xxmemxmalloc.o [4]
  .far_func.text     ro code  0x00b109    0x93  stm8s_i2c.o [1]
  .far_func.text     ro code  0x00b19c    0x91  stm8s_clk.o [1]
  .far_func.text     ro code  0x00b22d    0x70  xxmemxmalloc.o [4]
  .far_func.text     ro code  0x00b29d    0x64  long_util.o [4]
  .far_func.text     ro code  0x00b301    0x60  stm8s_tim2.o [1]
  .far_func.text     ro code  0x00b361    0x5e  stm8s_clk.o [1]
  .far_func.text     ro code  0x00b3bf    0x59  stm8s_tim2.o [1]
  .far_func.text     ro code  0x00b418    0x52  float_libsup.o [4]
  .far_func.text     ro code  0x00b46a    0x51  xprintflarge.o [4]
  .far_func.text     ro code  0x00b4bb    0x4b  xprintflarge.o [4]
  .far_func.text     ro code  0x00b506    0x45  sprintf.o [4]
  .far_func.text     ro code  0x00b54b    0x3f  short.o [4]
  .far_func.text     ro code  0x00b58a    0x3b  stm8s_it.o [1]
  .far_func.text     ro code  0x00b5c5    0x3a  stm8s_flash.o [1]
  .far_func.text     ro code  0x00b5ff    0x39  xprintflarge.o [4]
  .far_func.text     ro code  0x00b638    0x36  stm8s_clk.o [1]
  .far_func.text     ro code  0x00b66e    0x36  xprintflarge.o [4]
  .far_func.text     ro code  0x00b6a4    0x35  xprintflarge.o [4]
  .far_func.text     ro code  0x00b6d9    0x34  stm8s_i2c.o [1]
  .far_func.text     ro code  0x00b70d    0x34  far_util.o [4]
  .far_func.text     ro code  0x00b741    0x34  div.o [4]
  .far_func.text     ro code  0x00b775    0x32  stm8s_i2c.o [1]
  .far_func.text     ro code  0x00b7a7    0x30  xencoding_sb.o [4]
  .far_func.text     ro code  0x00b7d7    0x2c  stm8s_flash.o [1]
  .far_func.text     ro code  0x00b803    0x2c  dc_util.o [4]
  .far_func.text     ro code  0x00b82f    0x29  xmbtowc.o [4]
  .far_func.text     ro code  0x00b858    0x28  printf.o [4]
  .far_func.text     ro code  0x00b880    0x28  init_small.o [4]
  .far_func.text     ro code  0x00b8a8    0x26  memcpy.o [4]
  .far_func.text     ro code  0x00b8ce    0x25  stm8s_i2c.o [1]
  .far_func.text     ro code  0x00b8f3    0x25  stm8s_it.o [1]
  .far_func.text     ro code  0x00b918    0x25  stm8s_uart2.o [1]
  .far_func.text     ro code  0x00b93d    0x23  main.o [1]
  .far_func.text     ro code  0x00b960    0x22  stm8s_flash.o [1]
  .far_func.text     ro code  0x00b982    0x22  xwctomb.o [4]
  .far_func.text     ro code  0x00b9a4    0x22  xgetmemchunk.o [4]
  .far_func.text     ro code  0x00b9c6    0x21  stm8s_flash.o [1]
  .far_func.text     ro code  0x00b9e7    0x21  xprintflarge.o [4]
  .far_func.text     ro code  0x00ba08    0x21  xprintflarge.o [4]
  .far_func.text     ro code  0x00ba29    0x20  stm8s_flash.o [1]
  .far_func.text     ro code  0x00ba49    0x1e  init.o [4]
  .far_func.text     ro code  0x00ba67    0x1e  init_small.o [4]
  .far_func.text     ro code  0x00ba85    0x1d  stm8s_tim2.o [1]
  .far_func.text     ro code  0x00baa2    0x1d  xprout.o [4]
  .far_func.text     ro code  0x00babf    0x1a  stm8s_flash.o [1]
  .far_func.text     ro code  0x00bad9    0x1a  xprintflarge.o [4]
  .far_func.text     ro code  0x00baf3    0x19  localeconv.o [4]
  .far_func.text     ro code  0x00bb0c    0x19  xencoding_sb.o [4]
  .far_func.text     ro code  0x00bb25    0x18  stm8s_adc1.o [1]
  .far_func.text     ro code  0x00bb3d    0x18  stm8s_flash.o [1]
  .far_func.text     ro code  0x00bb55    0x18  stm8s_i2c.o [1]
  .far_func.text     ro code  0x00bb6d    0x18  stm8s_i2c.o [1]
  .far_func.text     ro code  0x00bb85    0x18  stm8s_i2c.o [1]
  .far_func.text     ro code  0x00bb9d    0x17  cstartup.o [4]
  .far_func.text     ro code  0x00bbb4    0x16  xprintflarge.o [4]
  .far_func.text     ro code  0x00bbca    0x16  __dbg_xxexit.o [3]
  .far_func.text     ro code  0x00bbe0    0x15  memchr.o [4]
  .far_func.text     ro code  0x00bbf5    0x15  strchr.o [4]
  .far_func.text     ro code  0x00bc0a    0x13  stm8s_flash.o [1]
  .far_func.text     ro code  0x00bc1d    0x13  xprintflarge.o [4]
  .far_func.text     ro code  0x00bc30    0x12  stm8s_i2c.o [1]
  .far_func.text     ro code  0x00bc42    0x12  strlen.o [4]
  .far_func.text     ro code  0x00bc54    0x10  xprintflarge.o [4]
  .far_func.text     ro code  0x00bc64     0xe  xsprout.o [4]
  .far_func.text     ro code  0x00bc72     0xe  setlocale.o [4]
  .far_func.text     ro code  0x00bc80     0xd  xprintflarge.o [4]
  .far_func.text     ro code  0x00bc8d     0xd  move.o [4]
  .far_func.text     ro code  0x00bc9a     0xc  stm8s_adc1.o [1]
  .far_func.text     ro code  0x00bca6     0xc  stm8s_clk.o [1]
  .far_func.text     ro code  0x00bcb2     0xc  stm8s_flash.o [1]
  .far_func.text     ro code  0x00bcbe     0xc  stm8s_gpio.o [1]
  .far_func.text     ro code  0x00bcca     0xc  stm8s_i2c.o [1]
  .far_func.text     ro code  0x00bcd6     0xc  stm8s_i2c.o [1]
  .far_func.text     ro code  0x00bce2     0xc  stm8s_tim2.o [1]
  .far_func.text     ro code  0x00bcee     0xc  stm8s_uart2.o [1]
  .far_func.text     ro code  0x00bcfa     0xc  xprintflarge.o [4]
  .far_func.text     ro code  0x00bd06     0xb  stm8s_clk.o [1]
  .far_func.text     ro code  0x00bd11     0xb  xprintflarge.o [4]
  .far_func.text     ro code  0x00bd1c     0xb  xprintflarge.o [4]
  .far_func.text     ro code  0x00bd27     0xb  xprintflarge.o [4]
  .far_func.text     ro code  0x00bd32     0xb  setlocale.o [4]
  .far_func.text     ro code  0x00bd3d     0xa  main.o [1]
  .far_func.text     ro code  0x00bd47     0xa  stm8s_tim2.o [1]
  .far_func.text     ro code  0x00bd51     0xa  xprintflarge.o [4]
  .far_func.text     ro code  0x00bd5b     0xa  xprintflarge.o [4]
  .far_func.text     ro code  0x00bd65     0xa  far.o [4]
  .far_func.text     ro code  0x00bd6f     0xa  localeconv.o [4]
  .far_func.text     ro code  0x00bd79     0xa  setlocale.o [4]
  .far_func.text     ro code  0x00bd83     0x9  main.o [1]
  .far_func.text     ro code  0x00bd8c     0x9  xprintflarge.o [4]
  .far_func.text     ro code  0x00bd95     0x9  xprintflarge.o [4]
  .far_func.text     ro code  0x00bd9e     0x9  xprintflarge.o [4]
  .far_func.text     ro code  0x00bda7     0x9  xprintflarge.o [4]
  .far_func.text     ro code  0x00bdb0     0x9  setlocale.o [4]
  .far_func.text     ro code  0x00bdb9     0x8  xprintflarge.o [4]
  .far_func.text     ro code  0x00bdc1     0x8  xxmemxmalloc.o [4]
  .far_func.text     ro code  0x00bdc9     0x8  putchar.o [4]
  .far_func.text     ro code  0x00bdd1     0x7  main.o [1]
  .far_func.text     ro code  0x00bdd8     0x7  main.o [1]
  .far_func.text     ro code  0x00bddf     0x7  xprintflarge.o [4]
  .far_func.text     ro code  0x00bde6     0x7  xprintflarge.o [4]
  .far_func.text     ro code  0x00bded     0x7  xmbcurmax.o [4]
  .far_func.text     ro code  0x00bdf4     0x6  cexit.o [4]
  .far_func.text     ro code  0x00bdfa     0x5  stm8s_adc1.o [1]
  .far_func.text     ro code  0x00bdff     0x4  stm8s_gpio.o [1]
  .far_func.text     ro code  0x00be03     0x4  stm8s_i2c.o [1]
  .far_func.text     ro code  0x00be07     0x4  stm8s_i2c.o [1]
  .far_func.text     ro code  0x00be0b     0x4  stm8s_uart2.o [1]
  .far_func.text     ro code  0x00be0f     0x4  interrupt.o [4]
  .far_func.text     ro code  0x00be13     0x4  exit.o [4]
  .far_func.text     ro code  0x00be17     0x3  stm8s_gpio.o [1]
  .far_func.text     ro code  0x00be1a     0x3  stm8s_gpio.o [1]
  .far_func.text     ro code  0x00be1d     0x3  stm8s_gpio.o [1]
  .far_func.text     ro code  0x00be20     0x3  stm8s_gpio.o [1]
  .far_func.text     ro code  0x00be23     0x3  low_level_init.o [4]
  .far_func.text     ro code  0x00be26     0x3  unhandled_exception.o [4]
  .far_func.text     ro code  0x00be29     0x1  stm8s_it.o [1]
  .far_func.text     ro code  0x00be2a     0x1  stm8s_it.o [1]
  .far_func.text     ro code  0x00be2b     0x1  stm8s_it.o [1]
  .far_func.text     ro code  0x00be2c     0x1  stm8s_it.o [1]
  .far_func.text     ro code  0x00be2d     0x1  stm8s_it.o [1]
  .far_func.text     ro code  0x00be2e     0x1  stm8s_it.o [1]
  .far_func.text     ro code  0x00be2f     0x1  stm8s_it.o [1]
  .far_func.text     ro code  0x00be30     0x1  stm8s_it.o [1]
  .far_func.text     ro code  0x00be31     0x1  stm8s_it.o [1]
  .far_func.text     ro code  0x00be32     0x1  stm8s_it.o [1]
  .far_func.text     ro code  0x00be33     0x1  stm8s_it.o [1]
  .far_func.text     ro code  0x00be34     0x1  stm8s_it.o [1]
  .far_func.text     ro code  0x00be35     0x1  stm8s_it.o [1]
  .far_func.text     ro code  0x00be36     0x1  stm8s_it.o [1]
  .far_func.text     ro code  0x00be37     0x1  stm8s_it.o [1]
  .far_func.text     ro code  0x00be38     0x1  stm8s_it.o [1]
  .far_func.text     ro code  0x00be39     0x1  stm8s_it.o [1]
  .far_func.text     ro code  0x00be3a     0x1  stm8s_it.o [1]
  .far_func.text     ro code  0x00be3b     0x1  stm8s_it.o [1]
  .far_func.text     ro code  0x00be3c     0x1  stm8s_it.o [1]
  .far_func.text     ro code  0x00be3d     0x1  __dbg_break.o [3]
                            - 0x00be3e  0x38f6


*******************************************************************************
*** INIT TABLE
***

          Address   Size
          -------   ----
Zero (__iar_zero_init2)
    1 destination range, total size 0x93:
          0x000069  0x93

Copy (__iar_copy_init2)
    1 source range, total size 0x59:
          0x0084ef  0x59
    1 destination range, total size 0x59:
          0x000010  0x59


*******************************************************************************
*** MODULE SUMMARY
***

    Module                 ro code  ro data  rw data
    ------                 -------  -------  -------
C:\Documents and Settings\Administrator\Desktop\stm8s105k-controller\Project\STM8S_StdPeriph_Template\EWSTM8\STM8S105\Obj: [1]
    main.o                   4 099      214       44
    stm8s_adc1.o                41      119
    stm8s_clk.o                529      118
    stm8s_flash.o              282      120
    stm8s_gpio.o               208      119
    stm8s_i2c.o                939      118
    stm8s_it.o                 116
    stm8s_tim2.o               236      119
    stm8s_uart2.o               53      120
    ------------------------------------------------
    Total:                   6 503    1 047       44

command line: [2]
    ------------------------------------------------
    Total:

dbgstm8mmd.a: [3]
    __dbg_break.o                1
    __dbg_xxexit.o              22
    ------------------------------------------------
    Total:                      23

dlstm8mmf.a: [4]
    cexit.o                      6
    cstartup.o                  23
    dc_util.o                   44
    div.o                       52
    exit.o                       4
    far.o                       10
    far_util.o                  52
    float.o                  1 065
    float_libsup.o              82
    init.o                      30
    init_small.o                70
    interrupt.o                  4      128
    localeconv.o                35       60       49
    long.o                     435
    long_util.o                100
    low_level_init.o             3
    memchr.o                    21
    memcpy.o                    38
    move.o                      13
    printf.o                    40
    putchar.o                    8
    setlocale.o                 44                17
    short.o                     63
    sprintf.o                   69
    strchr.o                    21
    strlen.o                    18
    unhandled_exception.o        3
    vreg_util.o                362
    vregs.o                                       16
    xencoding_sb.o              73       16
    xfiles.o                             40      120
    xgetmemchunk.o              34                 2
    xmbcurmax.o                  7
    xmbtowc.o                   41
    xprintflarge.o           4 605       41
    xprout.o                    29
    xsprout.o                   14
    xwctomb.o                   34
    xxmemxfree.o               230
    xxmemxmalloc.o             274                 4
    ------------------------------------------------
    Total:                   8 056      285      208

    Linker created                       20    1 024
----------------------------------------------------
    Grand Total:            14 582    1 352    1 276


*******************************************************************************
*** ENTRY LIST
***

Entry                    Address   Size  Type      Object
-----                    -------   ----  ----      ------
?add32_l0_l0_0x         0x00a764         Code  Gb  long.o [4]
?add32_l0_l0_l1         0x00a761         Code  Gb  long.o [4]
?and32_l0_l0_0x         0x00a8c3         Code  Gb  long.o [4]
?and32_l0_l0_l1         0x00a8c0         Code  Gb  long.o [4]
?b0                     0x000000         Data  Gb  vregs.o [4]
?b1                     0x000001         Data  Gb  vregs.o [4]
?b10                    0x00000a         Data  Gb  vregs.o [4]
?b11                    0x00000b         Data  Gb  vregs.o [4]
?b12                    0x00000c         Data  Gb  vregs.o [4]
?b13                    0x00000d         Data  Gb  vregs.o [4]
?b14                    0x00000e         Data  Gb  vregs.o [4]
?b15                    0x00000f         Data  Gb  vregs.o [4]
?b2                     0x000002         Data  Gb  vregs.o [4]
?b3                     0x000003         Data  Gb  vregs.o [4]
?b4                     0x000004         Data  Gb  vregs.o [4]
?b5                     0x000005         Data  Gb  vregs.o [4]
?b6                     0x000006         Data  Gb  vregs.o [4]
?b7                     0x000007         Data  Gb  vregs.o [4]
?b8                     0x000008         Data  Gb  vregs.o [4]
?b9                     0x000009         Data  Gb  vregs.o [4]
?dc32_l1                0x00b803         Code  Gb  dc_util.o [4]
?e0                     0x000001         Data  Gb  vregs.o [4]
?e1                     0x000005         Data  Gb  vregs.o [4]
?e2                     0x000009         Data  Gb  vregs.o [4]
?e3                     0x00000d         Data  Gb  vregs.o [4]
?epilogue_l2            0x00aca6         Code  Gb  vreg_util.o [4]
?epilogue_l2_l3         0x00aca2         Code  Gb  vreg_util.o [4]
?epilogue_l2_w6         0x00acab         Code  Gb  vreg_util.o [4]
?epilogue_w4            0x00acb4         Code  Gb  vreg_util.o [4]
?fadd32_l0_l0_l1        0x009aa9         Code  Gb  float.o [4]
?fcastf32u32_l0_l0      0x009d73         Code  Gb  float.o [4]
?fcastu32f32_l0_l0      0x009d23         Code  Gb  float.o [4]
?fcmplt32_c_l0_0x       0x009ccd         Code  Gb  float.o [4]
?fcmplt32_c_l0_dc32     0x009cc6         Code  Gb  float.o [4]
?fcmplt32_c_l0_l1       0x009cca         Code  Gb  float.o [4]
?fdiv32_l0_l0_l1        0x009c18         Code  Gb  float.o [4]
?fmul32_l0_l0_dc32      0x009b77         Code  Gb  float.o [4]
?fmul32_l0_l0_l1        0x009b7d         Code  Gb  float.o [4]
?fsub32_l0_l0_l1        0x009aa3         Code  Gb  float.o [4]
?l0                     0x000000         Data  Gb  vregs.o [4]
?l1                     0x000004         Data  Gb  vregs.o [4]
?l2                     0x000008         Data  Gb  vregs.o [4]
?l3                     0x00000c         Data  Gb  vregs.o [4]
?load24_0x_e0           0x00b733         Code  Gb  far_util.o [4]
?load24_e0_0x           0x00b70d         Code  Gb  far_util.o [4]
?load24_e1_0x           0x00b71b         Code  Gb  far_util.o [4]
?load24_xsp_e0          0x00b729         Code  Gb  far_util.o [4]
?load32_0x_l0           0x00b2f3         Code  Gb  long_util.o [4]
?load32_l0_0x           0x00b2b7         Code  Gb  long_util.o [4]
?load32_l0_asp          0x00b2ab         Code  Gb  long_util.o [4]
?load32_l0_dbsp         0x00b29d         Code  Gb  long_util.o [4]
?load32_l0_xsp          0x00b2ad         Code  Gb  long_util.o [4]
?load32_l2_0x           0x00b2dd         Code  Gb  long_util.o [4]
?load32_l2_asp          0x00b2d1         Code  Gb  long_util.o [4]
?load32_l2_dbsp         0x00b2c3         Code  Gb  long_util.o [4]
?load32_l2_xsp          0x00b2d3         Code  Gb  long_util.o [4]
?load32_xsp_l0          0x00b2e9         Code  Gb  long_util.o [4]
?mov_e0_e1              0x00ad02         Code  Gb  vreg_util.o [4]
?mov_e0_e2              0x00ad0f         Code  Gb  vreg_util.o [4]
?mov_e0_e3              0x00ad1c         Code  Gb  vreg_util.o [4]
?mov_e1_e0              0x00ad29         Code  Gb  vreg_util.o [4]
?mov_e1_e2              0x00ad36         Code  Gb  vreg_util.o [4]
?mov_e2_e0              0x00ad43         Code  Gb  vreg_util.o [4]
?mov_e3_e0              0x00ad50         Code  Gb  vreg_util.o [4]
?mov_l0_l1              0x00acff         Code  Gb  vreg_util.o [4]
?mov_l0_l2              0x00ad0c         Code  Gb  vreg_util.o [4]
?mov_l0_l3              0x00ad19         Code  Gb  vreg_util.o [4]
?mov_l1_l0              0x00ad26         Code  Gb  vreg_util.o [4]
?mov_l1_l2              0x00ad33         Code  Gb  vreg_util.o [4]
?mov_l2_l0              0x00ad40         Code  Gb  vreg_util.o [4]
?mov_l3_l0              0x00ad4d         Code  Gb  vreg_util.o [4]
?mov_w0_w1              0x00acb9         Code  Gb  vreg_util.o [4]
?mov_w0_w4              0x00acc0         Code  Gb  vreg_util.o [4]
?mov_w0_w5              0x00acc7         Code  Gb  vreg_util.o [4]
?mov_w1_w3              0x00ad05         Code  Gb  vreg_util.o [4]
?mov_w1_w4              0x00acce         Code  Gb  vreg_util.o [4]
?mov_w1_w5              0x00ad12         Code  Gb  vreg_util.o [4]
?mov_w1_w7              0x00ad1f         Code  Gb  vreg_util.o [4]
?mov_w2_w0              0x00acd5         Code  Gb  vreg_util.o [4]
?mov_w2_w1              0x00acdc         Code  Gb  vreg_util.o [4]
?mov_w3_w1              0x00ad2c         Code  Gb  vreg_util.o [4]
?mov_w3_w5              0x00ad39         Code  Gb  vreg_util.o [4]
?mov_w4_w0              0x00ace3         Code  Gb  vreg_util.o [4]
?mov_w4_w1              0x00acea         Code  Gb  vreg_util.o [4]
?mov_w4_w2              0x00acf1         Code  Gb  vreg_util.o [4]
?mov_w5_w0              0x00acf8         Code  Gb  vreg_util.o [4]
?mov_w5_w1              0x00ad46         Code  Gb  vreg_util.o [4]
?mov_w7_w1              0x00ad53         Code  Gb  vreg_util.o [4]
?move1616_v_x_y_a       0x00bc8d         Code  Gb  move.o [4]
?mul16_x_x_w0           0x00b54b         Code  Gb  short.o [4]
?mul32_l0_l0_l1         0x00a77c         Code  Gb  long.o [4]
?neg32_l0_l0            0x00a751         Code  Gb  long.o [4]
?pop_l0                 0x00ac6a         Code  Gb  vreg_util.o [4]
?pop_l1                 0x00ac75         Code  Gb  vreg_util.o [4]
?pop_l2                 0x00ac80         Code  Gb  vreg_util.o [4]
?pop_l3                 0x00ac8b         Code  Gb  vreg_util.o [4]
?pop_w4                 0x00ac1b         Code  Gb  vreg_util.o [4]
?pop_w6                 0x00ac22         Code  Gb  vreg_util.o [4]
?push_l0                0x00ac35         Code  Gb  vreg_util.o [4]
?push_l1                0x00ac3a         Code  Gb  vreg_util.o [4]
?push_l2                0x00ac3f         Code  Gb  vreg_util.o [4]
?push_l3                0x00ac44         Code  Gb  vreg_util.o [4]
?push_w0                0x00abf0         Code  Gb  vreg_util.o [4]
?push_w1                0x00abf5         Code  Gb  vreg_util.o [4]
?push_w4                0x00abfa         Code  Gb  vreg_util.o [4]
?push_w6                0x00abff         Code  Gb  vreg_util.o [4]
?sdiv16_x_x_y           0x00b569         Code  Gb  short.o [4]
?sdiv32_l0_l0_dl        0x00a871         Code  Gb  long.o [4]
?sdiv32_l0_l0_l1        0x00a875         Code  Gb  long.o [4]
?sext32_l0_a            0x00a8f7         Code  Gb  long.o [4]
?sext32_l0_x            0x00a8ec         Code  Gb  long.o [4]
?sll16_x_x_a            0x00b582         Code  Gb  short.o [4]
?sll32_0x_0x_a          0x00a8de         Code  Gb  long.o [4]
?sll32_l0_l0_a          0x00a8db         Code  Gb  long.o [4]
?smod32_l1_l0_l1        0x00a875         Code  Gb  long.o [4]
?ucmp24_c_0x_e0         0x00bd65         Code  Gb  far.o [4]
?udiv32_l0_l0_dl        0x00a800         Code  Gb  long.o [4]
?udiv32_l0_l0_l1        0x00a804         Code  Gb  long.o [4]
?umod32_l1_l0_dl        0x00a7fa         Code  Gb  long.o [4]
?umod32_l1_l0_l1        0x00a804         Code  Gb  long.o [4]
?w0                     0x000000         Data  Gb  vregs.o [4]
?w1                     0x000002         Data  Gb  vregs.o [4]
?w2                     0x000004         Data  Gb  vregs.o [4]
?w3                     0x000006         Data  Gb  vregs.o [4]
?w4                     0x000008         Data  Gb  vregs.o [4]
?w5                     0x00000a         Data  Gb  vregs.o [4]
?w6                     0x00000c         Data  Gb  vregs.o [4]
?w7                     0x00000e         Data  Gb  vregs.o [4]
ADC1_Cmd                0x00bb25   0x18  Code  Gb  stm8s_adc1.o [1]
ADC1_IRQHandler         0x00be3a    0x1  Code  Gb  stm8s_it.o [1]
AWU_IRQHandler          0x00be2b    0x1  Code  Gb  stm8s_it.o [1]
CLK_ClockSwitchConfig   0x00ae40   0xd5  Code  Gb  stm8s_clk.o [1]
CLK_DeInit              0x00b638   0x36  Code  Gb  stm8s_clk.o [1]
CLK_IRQHandler          0x00be2c    0x1  Code  Gb  stm8s_it.o [1]
CLK_PeripheralClockConfig
                        0x00b19c   0x91  Code  Gb  stm8s_clk.o [1]
CLK_SYSCLKConfig        0x00b361   0x5e  Code  Gb  stm8s_clk.o [1]
CSTACK$$Base            0x000600          --   Gb  - Linker created -
CSTACK$$Limit           0x000800          --   Gb  - Linker created -
Check_DS1307            0x009169   0x40  Code  Gb  main.o [1]
Clear_Line1             0x0085fb   0x20  Code  Gb  main.o [1]
DS18Set                 0x0087ce   0x29  Code  Gb  main.o [1]
DS18_Read               0x0087f7   0x4d  Code  Gb  main.o [1]
DS18_Reset              0x008794   0x31  Code  Gb  main.o [1]
DS18_Write              0x00875b   0x39  Code  Gb  main.o [1]
Delay1                  0x008548    0xe  Code  Gb  main.o [1]
Delay2                  0x00868f    0xe  Code  Gb  main.o [1]
Delay_us                0x008689    0x6  Code  Gb  main.o [1]
Display_Line            0x008639   0x44  Code  Gb  main.o [1]
EEPROM_EEC_IRQHandler   0x00be3c    0x1  Code  Gb  stm8s_it.o [1]
EEPROM_INIT             0x008b0b    0xf  Code  Gb  main.o [1]
EXTI_PORTA_IRQHandler   0x00be2d    0x1  Code  Gb  stm8s_it.o [1]
EXTI_PORTB_IRQHandler   0x00be2e    0x1  Code  Gb  stm8s_it.o [1]
EXTI_PORTC_IRQHandler   0x00be2f    0x1  Code  Gb  stm8s_it.o [1]
EXTI_PORTD_IRQHandler   0x00be30    0x1  Code  Gb  stm8s_it.o [1]
EXTI_PORTE_IRQHandler   0x00be31    0x1  Code  Gb  stm8s_it.o [1]
FLASH_DeInit            0x00bb3d   0x18  Code  Gb  stm8s_flash.o [1]
FLASH_Lock              0x00ba29   0x20  Code  Gb  stm8s_flash.o [1]
FLASH_ProgramByte       0x00b5c5   0x3a  Code  Gb  stm8s_flash.o [1]
FLASH_ReadByte          0x00b7d7   0x2c  Code  Gb  stm8s_flash.o [1]
FLASH_SetProgrammingTime
                        0x00b960   0x22  Code  Gb  stm8s_flash.o [1]
FLASH_Unlock            0x00b9c6   0x21  Code  Gb  stm8s_flash.o [1]
GPIO_Init               0x00af15   0xb4  Code  Gb  stm8s_gpio.o [1]
GPIO_ReadInputData      0x00be1d    0x3  Code  Gb  stm8s_gpio.o [1]
GPIO_ReadInputPin       0x00be20    0x3  Code  Gb  stm8s_gpio.o [1]
GPIO_WriteHigh          0x00be17    0x3  Code  Gb  stm8s_gpio.o [1]
GPIO_WriteLow           0x00bdff    0x4  Code  Gb  stm8s_gpio.o [1]
GPIO_WriteReverse       0x00be1a    0x3  Code  Gb  stm8s_gpio.o [1]
GpioConfiguration       0x008a86   0x67  Code  Gb  main.o [1]
HEAP$$Base              0x0000fc          --   Gb  - Linker created -
HEAP$$Limit             0x0002fc          --   Gb  - Linker created -
I2C_AcknowledgeConfig   0x00b6d9   0x34  Code  Gb  stm8s_i2c.o [1]
I2C_CheckEvent          0x00afc9   0xa6  Code  Gb  stm8s_i2c.o [1]
I2C_Cmd                 0x00bb55   0x18  Code  Gb  stm8s_i2c.o [1]
I2C_DeInit              0x00b8ce   0x25  Code  Gb  stm8s_i2c.o [1]
I2C_GenerateSTART       0x00bb6d   0x18  Code  Gb  stm8s_i2c.o [1]
I2C_GenerateSTOP        0x00bb85   0x18  Code  Gb  stm8s_i2c.o [1]
I2C_GetFlagStatus       0x00b109   0x93  Code  Gb  stm8s_i2c.o [1]
I2C_IRQHandler          0x00be38    0x1  Code  Gb  stm8s_it.o [1]
I2C_Init                0x00aa83  0x16d  Code  Gb  stm8s_i2c.o [1]
I2C_RA                  0x009141   0x28  Code  Gb  main.o [1]
I2C_RD                  0x00911e   0x23  Code  Gb  main.o [1]
I2C_ReceiveData         0x00be03    0x4  Code  Gb  stm8s_i2c.o [1]
I2C_Send7bitAddress     0x00b775   0x32  Code  Gb  stm8s_i2c.o [1]
I2C_SendData            0x00be07    0x4  Code  Gb  stm8s_i2c.o [1]
I2C_Start               0x008eac   0x26  Code  Gb  main.o [1]
I2C_WA                  0x008e86   0x26  Code  Gb  main.o [1]
I2C_WD                  0x008e62   0x24  Code  Gb  main.o [1]
INTVEC$$Base            0x008000          --   Gb  - Linker created -
INTVEC$$Limit           0x008080          --   Gb  - Linker created -
InitClk                 0x008a45   0x38  Code  Gb  main.o [1]
InitDelayTimer          0x008972   0x1d  Code  Gb  main.o [1]
InitI2C                 0x00925c   0x26  Code  Gb  main.o [1]
InitLcd                 0x0089c0   0x5c  Code  Gb  main.o [1]
LCD                     0x00869d   0xac  Code  Gb  main.o [1]
LCDData                 0x0085bd    0xb  Code  Gb  main.o [1]
LCDDataOut              0x008566   0x57  Code  Gb  main.o [1]
LCDInstr                0x0085f0    0xb  Code  Gb  main.o [1]
LCDInstrNibble          0x0089b1    0xf  Code  Gb  main.o [1]
LoadInt                 0x00b4bb   0x4b  Code  Lc  xprintflarge.o [4]
Power_Off               0x009282    0xe  Code  Gb  main.o [1]
Power_On                0x009290    0xe  Code  Gb  main.o [1]
PulseEnable             0x008556   0x10  Code  Gb  main.o [1]
ReadDS1307              0x0091c5   0x6d  Code  Gb  main.o [1]
Read_Allarm             0x008b1a   0x67  Code  Gb  main.o [1]
Read_DS18               0x008861   0x79  Code  Gb  main.o [1]
Region$$Table$$Base     0x0083cc          --   Gb  - Linker created -
Region$$Table$$Limit    0x0083e0          --   Gb  - Linker created -
Rotate_Line             0x008626   0x13  Code  Gb  main.o [1]
SPI_IRQHandler          0x00be32    0x1  Code  Gb  stm8s_it.o [1]
Save_Status             0x008b81    0xa  Code  Gb  main.o [1]
Set_Clock               0x008f50  0x18b  Code  Gb  main.o [1]
Set_DS1307              0x008ed9   0x6c  Code  Gb  main.o [1]
Set_Delay_Allarm        0x008c59  0x160  Code  Gb  main.o [1]
TIM1_CAP_COM_IRQHandler
                        0x00be34    0x1  Code  Gb  stm8s_it.o [1]
TIM1_UPD_OVF_TRG_BRK_IRQHandler
                        0x00be33    0x1  Code  Gb  stm8s_it.o [1]
TIM2_CAP_COM_IRQHandler
                        0x00be35    0x1  Code  Gb  stm8s_it.o [1]
TIM2_ClearITPendingBit  0x00ba85   0x1d  Code  Gb  stm8s_tim2.o [1]
TIM2_Cmd                0x00b349   0x18  Code  Gb  stm8s_tim2.o [1]
TIM2_DeInit             0x00b3bf   0x59  Code  Gb  stm8s_tim2.o [1]
TIM2_ITConfig           0x00b30d   0x3c  Code  Gb  stm8s_tim2.o [1]
TIM2_TimeBaseInit       0x00bd47    0xa  Code  Gb  stm8s_tim2.o [1]
TIM2_UPD_OVF_BRK_IRQHandler
                        0x00b58a   0x3b  Code  Gb  stm8s_it.o [1]
TIM3_CAP_COM_IRQHandler
                        0x00be37    0x1  Code  Gb  stm8s_it.o [1]
TIM3_UPD_OVF_BRK_IRQHandler
                        0x00be36    0x1  Code  Gb  stm8s_it.o [1]
TIM4_UPD_OVF_IRQHandler
                        0x00be3b    0x1  Code  Gb  stm8s_it.o [1]
TLI_IRQHandler          0x00be2a    0x1  Code  Gb  stm8s_it.o [1]
TRAP_IRQHandler         0x00be29    0x1  Code  Gb  stm8s_it.o [1]
UART2_ClearITPendingBit
                        0x00b918   0x25  Code  Gb  stm8s_uart2.o [1]
UART2_RX_IRQHandler     0x00b8f3   0x25  Code  Gb  stm8s_it.o [1]
UART2_ReceiveData8      0x00be0b    0x4  Code  Gb  stm8s_uart2.o [1]
UART2_TX_IRQHandler     0x00be39    0x1  Code  Gb  stm8s_it.o [1]
_EncodingSb_Mbtowc      0x00b7a7   0x30  Code  Gb  xencoding_sb.o [4]
_EncodingSb_Wctomb      0x00bb0c   0x19  Code  Gb  xencoding_sb.o [4]
_GenldLarge             0x009eae  0x3b9  Code  Lc  xprintflarge.o [4]
_LdtobLarge             0x00a267  0x2a3  Code  Lc  xprintflarge.o [4]
_LitobLarge             0x00a904  0x17f  Code  Lc  xprintflarge.o [4]
_LocaleEncoding         0x00bc72    0xe  Code  Gb  setlocale.o [4]
_Locale_Profile         0x0000b9    0xe  Data  Gb  setlocale.o [4]
_Locale_lconv           0x000010   0x2e  Data  Gb  localeconv.o [4]
_Mbtowc                 0x00b82f   0x29  Code  Gb  xmbtowc.o [4]
_PrintfLarge            0x009507  0x57e  Code  Gb  xprintflarge.o [4]
_Prout                  0x00baa2   0x1d  Code  Gb  xprout.o [4]
_PutcharLarge           0x00b5ff   0x39  Code  Lc  xprintflarge.o [4]
_PutcharsLarge          0x00b6a4   0x35  Code  Lc  xprintflarge.o [4]
_PutstrLarge            0x00a50a  0x247  Code  Lc  xprintflarge.o [4]
_SProut                 0x00bc64    0xe  Code  Gb  xsprout.o [4]
_Wctomb                 0x00b982   0x22  Code  Gb  xwctomb.o [4]
__DebugBreak            0x00be3d    0x1  Code  Gb  __dbg_break.o [3]
__exit                  0x00bbca   0x16  Code  Gb  __dbg_xxexit.o [3]
__iar_Dunscale          0x00b418         Code  Gb  float_libsup.o [4]
__iar_Mbcurmax          0x00bded    0x7  Code  Gb  xmbcurmax.o [4]
__iar_Memchr            0x00bbe0   0x15  Code  Gb  memchr.o [4]
__iar_Stdout            0x00003e   0x28  Data  Gb  xfiles.o [4]
__iar_Strchr            0x00bbf5   0x15  Code  Gb  strchr.o [4]
__iar_Tls_setup__Locale_Profile
                        0x0000d8    0x3  Data  Gb  setlocale.o [4]
__iar_Tls_setup__Locale_lconv
                        0x0000d5    0x3  Data  Gb  localeconv.o [4]
__iar_copy_init2        0x00b880         Code  Gb  init_small.o [4]
__iar_data_init2        0x00ba49   0x1e  Code  Gb  init.o [4]
__iar_program_start     0x00bb9d         Code  Gb  cstartup.o [4]
__iar_unhandled_exception
                        0x00be26         Code  Gb  unhandled_exception.o [4]
__iar_zero_init2        0x00ba67         Code  Gb  init_small.o [4]
__intvec                0x008000         Data  Gb  interrupt.o [4]
__low_level_init        0x00be23    0x3  Code  Gb  low_level_init.o [4]
__near_Aldata           0x0000d1    0x4  Data  Gb  xxmemxmalloc.o [4]
__near_GetMemChunk      0x00b9a4   0x22  Code  Gb  xgetmemchunk.o [4]
__near_findmem          0x00b22d   0x70  Code  Lc  xxmemxmalloc.o [4]
_exit                   0x00bdf4         Code  Gb  cexit.o [4]
_interrupt_1            0x00be29         Code  Gb  stm8s_it.o [1]
_interrupt_10           0x00be0f         Code  Wk  interrupt.o [4]
_interrupt_11           0x00be0f         Code  Wk  interrupt.o [4]
_interrupt_12           0x00be32         Code  Gb  stm8s_it.o [1]
_interrupt_13           0x00be33         Code  Gb  stm8s_it.o [1]
_interrupt_14           0x00be34         Code  Gb  stm8s_it.o [1]
_interrupt_15           0x00b58a         Code  Gb  stm8s_it.o [1]
_interrupt_16           0x00be35         Code  Gb  stm8s_it.o [1]
_interrupt_17           0x00be36         Code  Gb  stm8s_it.o [1]
_interrupt_18           0x00be37         Code  Gb  stm8s_it.o [1]
_interrupt_19           0x00be0f         Code  Wk  interrupt.o [4]
_interrupt_2            0x00be2a         Code  Gb  stm8s_it.o [1]
_interrupt_20           0x00be0f         Code  Wk  interrupt.o [4]
_interrupt_21           0x00be38         Code  Gb  stm8s_it.o [1]
_interrupt_22           0x00be39         Code  Gb  stm8s_it.o [1]
_interrupt_23           0x00b8f3         Code  Gb  stm8s_it.o [1]
_interrupt_24           0x00be3a         Code  Gb  stm8s_it.o [1]
_interrupt_25           0x00be3b         Code  Gb  stm8s_it.o [1]
_interrupt_26           0x00be3c         Code  Gb  stm8s_it.o [1]
_interrupt_27           0x00be0f         Code  Wk  interrupt.o [4]
_interrupt_28           0x00be0f         Code  Wk  interrupt.o [4]
_interrupt_29           0x00be0f         Code  Wk  interrupt.o [4]
_interrupt_3            0x00be2b         Code  Gb  stm8s_it.o [1]
_interrupt_30           0x00be0f         Code  Wk  interrupt.o [4]
_interrupt_31           0x00be0f         Code  Wk  interrupt.o [4]
_interrupt_4            0x00be2c         Code  Gb  stm8s_it.o [1]
_interrupt_5            0x00be2d         Code  Gb  stm8s_it.o [1]
_interrupt_6            0x00be2e         Code  Gb  stm8s_it.o [1]
_interrupt_7            0x00be2f         Code  Gb  stm8s_it.o [1]
_interrupt_8            0x00be30         Code  Gb  stm8s_it.o [1]
_interrupt_9            0x00be31         Code  Gb  stm8s_it.o [1]
adj                     0x008c0c   0x4d  Code  Gb  main.o [1]
assert_failed           0x008687    0x2  Code  Gb  main.o [1]
bcd2hex                 0x009107   0x17  Code  Gb  main.o [1]
convert_tobcd           0x008e4b   0x17  Code  Gb  main.o [1]
count                   0x0000ee    0x1  Data  Gb  main.o [1]
daily_hour_off          0x0000f6    0x1  Data  Gb  main.o [1]
daily_hour_on           0x0000f4    0x1  Data  Gb  main.o [1]
daily_long_on           0x0000df    0x2  Data  Gb  main.o [1]
daily_minute_off        0x0000f7    0x1  Data  Gb  main.o [1]
daily_minute_on         0x0000f5    0x1  Data  Gb  main.o [1]
date                    0x000067    0x1  Data  Gb  main.o [1]
days                    0x000066    0x1  Data  Gb  main.o [1]
div                     0x00b741   0x34  Code  Gb  div.o [4]
error                   0x0000f3    0x1  Data  Gb  main.o [1]
exit                    0x00be13    0x4  Code  Gb  exit.o [4]
fputc                   0x008749   0x12  Code  Gb  main.o [1]
free                    0x00ad5a   0xe6  Code  Gb  xxmemxfree.o [4]
hours                   0x0000f1    0x1  Data  Gb  main.o [1]
key_minus_on            0x008bb4   0x25  Code  Gb  main.o [1]
key_ok_on               0x008b8b   0x29  Code  Gb  main.o [1]
key_ok_plus             0x008e02   0x28  Code  Gb  main.o [1]
key_plus_on             0x008bd9   0x25  Code  Gb  main.o [1]
line1                   0x0000fb    0x1  Data  Gb  main.o [1]
line_lcd                0x0000ed    0x1  Data  Gb  main.o [1]
localeconv              0x00baf3   0x19  Code  Gb  localeconv.o [4]
main                    0x0092ad  0x227  Code  Gb  main.o [1]
malloc                  0x00b06f   0x9a  Code  Gb  xxmemxmalloc.o [4]
memcpy                  0x00b8a8   0x26  Code  Gb  memcpy.o [4]
minutes                 0x0000f0    0x1  Data  Gb  main.o [1]
mounts                  0x000068    0x1  Data  Gb  main.o [1]
obuf                    0x000069   0x50  Data  Lc  xfiles.o [4]
pad                     0x00b66e   0x36  Code  Lc  xprintflarge.o [4]
printf                  0x00b858   0x28  Code  Gb  printf.o [4]
putchar                 0x00bdc9    0x8  Code  Gb  putchar.o [4]
result1                 0x0000f9    0x1  Data  Gb  main.o [1]
result2                 0x0000fa    0x1  Data  Gb  main.o [1]
rx_data                 0x0000ec    0x1  Data  Gb  main.o [1]
scale                   0x00b46a   0x51  Code  Lc  xprintflarge.o [4]
seconds                 0x0000ef    0x1  Data  Gb  main.o [1]
sprintf                 0x00b506   0x45  Code  Gb  sprintf.o [4]
status                  0x0000e7    0x2  Data  Gb  main.o [1]
status_check            0x0000e5    0x2  Data  Gb  main.o [1]
string1                 0x0000c7    0xa  Data  Gb  main.o [1]
strlen                  0x00bc42   0x12  Code  Gb  strlen.o [4]
temperature             0x0088f4   0x3f  Code  Gb  main.o [1]
time_off                0x0000e3    0x2  Data  Gb  main.o [1]
time_on                 0x0000e1    0x2  Data  Gb  main.o [1]
timeout                 0x0000eb    0x1  Data  Gb  main.o [1]
timer1                  0x0000db    0x2  Data  Gb  main.o [1]
timer2                  0x0000dd    0x2  Data  Gb  main.o [1]
ttimer                  0x0000f8    0x1  Data  Gb  main.o [1]
years                   0x0000f2    0x1  Data  Gb  main.o [1]


[1] = C:\Documents and Settings\Administrator\Desktop\stm8s105k-controller\Project\STM8S_StdPeriph_Template\EWSTM8\STM8S105\Obj
[2] = command line
[3] = dbgstm8mmd.a
[4] = dlstm8mmf.a

  14 582 bytes of readonly  code memory
   1 352 bytes of readonly  data memory
   1 276 bytes of readwrite data memory

Errors: none
Warnings: none
