###############################################################################
#                                                                             #
# IAR ELF Linker V1.30.1.50036 for STM8                 11/Jul/2013  22:08:39 #
# Copyright 2010-2011 IAR Systems AB.                                         #
#                                                                             #
#    Output file  =  C:\Documents and Settings\Administrator\Desktop\stm8s105 #
#                    k-controller\Project\STM8S_StdPeriph_Template\EWSTM8\STM #
#                    8S105\Exe\Project.out                                    #
#    Map file     =  C:\Documents and Settings\Administrator\Desktop\stm8s105 #
#                    k-controller\Project\STM8S_StdPeriph_Template\EWSTM8\STM #
#                    8S105\List\Project.map                                   #
#    Command line =  "C:\Documents and Settings\Administrator\Desktop\stm8s10 #
#                    5k-controller\Project\STM8S_StdPeriph_Template\EWSTM8\ST #
#                    M8S105\Obj\main.o" "C:\Documents and                     #
#                    Settings\Administrator\Desktop\stm8s105k-controller\Proj #
#                    ect\STM8S_StdPeriph_Template\EWSTM8\STM8S105\Obj\stm8s_a #
#                    dc1.o" "C:\Documents and Settings\Administrator\Desktop\ #
#                    stm8s105k-controller\Project\STM8S_StdPeriph_Template\EW #
#                    STM8\STM8S105\Obj\stm8s_awu.o" "C:\Documents and         #
#                    Settings\Administrator\Desktop\stm8s105k-controller\Proj #
#                    ect\STM8S_StdPeriph_Template\EWSTM8\STM8S105\Obj\stm8s_b #
#                    eep.o" "C:\Documents and Settings\Administrator\Desktop\ #
#                    stm8s105k-controller\Project\STM8S_StdPeriph_Template\EW #
#                    STM8\STM8S105\Obj\stm8s_clk.o" "C:\Documents and         #
#                    Settings\Administrator\Desktop\stm8s105k-controller\Proj #
#                    ect\STM8S_StdPeriph_Template\EWSTM8\STM8S105\Obj\stm8s_e #
#                    xti.o" "C:\Documents and Settings\Administrator\Desktop\ #
#                    stm8s105k-controller\Project\STM8S_StdPeriph_Template\EW #
#                    STM8\STM8S105\Obj\stm8s_flash.o" "C:\Documents and       #
#                    Settings\Administrator\Desktop\stm8s105k-controller\Proj #
#                    ect\STM8S_StdPeriph_Template\EWSTM8\STM8S105\Obj\stm8s_g #
#                    pio.o" "C:\Documents and Settings\Administrator\Desktop\ #
#                    stm8s105k-controller\Project\STM8S_StdPeriph_Template\EW #
#                    STM8\STM8S105\Obj\stm8s_i2c.o" "C:\Documents and         #
#                    Settings\Administrator\Desktop\stm8s105k-controller\Proj #
#                    ect\STM8S_StdPeriph_Template\EWSTM8\STM8S105\Obj\stm8s_i #
#                    t.o" "C:\Documents and Settings\Administrator\Desktop\st #
#                    m8s105k-controller\Project\STM8S_StdPeriph_Template\EWST #
#                    M8\STM8S105\Obj\stm8s_itc.o" "C:\Documents and           #
#                    Settings\Administrator\Desktop\stm8s105k-controller\Proj #
#                    ect\STM8S_StdPeriph_Template\EWSTM8\STM8S105\Obj\stm8s_i #
#                    wdg.o" "C:\Documents and Settings\Administrator\Desktop\ #
#                    stm8s105k-controller\Project\STM8S_StdPeriph_Template\EW #
#                    STM8\STM8S105\Obj\stm8s_rst.o" "C:\Documents and         #
#                    Settings\Administrator\Desktop\stm8s105k-controller\Proj #
#                    ect\STM8S_StdPeriph_Template\EWSTM8\STM8S105\Obj\stm8s_s #
#                    pi.o" "C:\Documents and Settings\Administrator\Desktop\s #
#                    tm8s105k-controller\Project\STM8S_StdPeriph_Template\EWS #
#                    TM8\STM8S105\Obj\stm8s_tim1.o" "C:\Documents and         #
#                    Settings\Administrator\Desktop\stm8s105k-controller\Proj #
#                    ect\STM8S_StdPeriph_Template\EWSTM8\STM8S105\Obj\stm8s_t #
#                    im2.o" "C:\Documents and Settings\Administrator\Desktop\ #
#                    stm8s105k-controller\Project\STM8S_StdPeriph_Template\EW #
#                    STM8\STM8S105\Obj\stm8s_tim3.o" "C:\Documents and        #
#                    Settings\Administrator\Desktop\stm8s105k-controller\Proj #
#                    ect\STM8S_StdPeriph_Template\EWSTM8\STM8S105\Obj\stm8s_t #
#                    im4.o" "C:\Documents and Settings\Administrator\Desktop\ #
#                    stm8s105k-controller\Project\STM8S_StdPeriph_Template\EW #
#                    STM8\STM8S105\Obj\stm8s_uart2.o" "C:\Documents and       #
#                    Settings\Administrator\Desktop\stm8s105k-controller\Proj #
#                    ect\STM8S_StdPeriph_Template\EWSTM8\STM8S105\Obj\stm8s_w #
#                    wdg.o" --redirect _Scanf=_ScanfSmall -o "C:\Documents    #
#                    and Settings\Administrator\Desktop\stm8s105k-controller\ #
#                    Project\STM8S_StdPeriph_Template\EWSTM8\STM8S105\Exe\Pro #
#                    ject.out" --map "C:\Documents and                        #
#                    Settings\Administrator\Desktop\stm8s105k-controller\Proj #
#                    ect\STM8S_StdPeriph_Template\EWSTM8\STM8S105\List\Projec #
#                    t.map" --config "C:\Program Files\IAR Systems\Embedded   #
#                    Workbench 6.0\stm8\config\lnkstm8s105k4.icf"             #
#                    --config_def _CSTACK_SIZE=0x100 --config_def             #
#                    _HEAP_SIZE=0x100 --entry __iar_program_start --debug_lib #
#                                                                             #
#                                                                             #
###############################################################################

*******************************************************************************
*** RUNTIME MODEL ATTRIBUTES
***

__Heap_Handler             = Basic
__SystemLibrary            = DLib
__code_model               = medium_or_large
__core                     = stm8
__data_model               = medium
__dlib_file_descriptor     = 1
__dlib_full_locale_support = 1
__rt_version               = 4


*******************************************************************************
*** PLACEMENT SUMMARY
***

"A1":  place at start of [0x000000-0x0000ff] { rw section .vregs };
"A2":  place at end of [0x000000-0x0007ff] { block CSTACK };
"P2":  place in [from 0x000000 to 0x0007ff] {
          block HEAP, rw section .far.bss, rw section .far.data,
          rw section .far.noinit, rw section .far_func.textrw,
          rw section .huge.bss, rw section .huge.data, rw section .huge.noinit,
          rw section .huge_func.textrw, rw section .iar.dynexit,
          rw section .near.bss, rw section .near.data, rw section .near.noinit,
          rw section .near_func.textrw };
"A3":  place at start of [0x008000-0x00bfff] { block INTVEC };
"P3":  place in [from 0x008000 to 0x00bfff] {
          ro section .far.data_init, ro section .far_func.textrw_init,
          ro section .huge.data_init, ro section .huge_func.textrw_init,
          ro section .iar.init_table, ro section .init_array,
          ro section .near.data_init, ro section .near.rodata,
          ro section .near_func.text, ro section .near_func.textrw_init,
          ro section .tiny.data_init, ro section .tiny.rodata_init };
"P4":  place in [from 0x008000 to 0x00bfff] {
          ro section .far.rodata, ro section .far_func.text };

  Section            Kind      Address    Size  Object
  -------            ----      -------    ----  ------
"A1":                                     0x10
  .vregs             uninit   0x000000    0x10  vregs.o [4]
                            - 0x000010    0x10

"P2", part 1 of 3:                        0x56
  P2 s0                       0x000010    0x56  <Init block>
    .near.data       inited   0x000010    0x2e  localeconv.o [4]
    .near.data       inited   0x00003e    0x28  xfiles.o [4]
                            - 0x000066    0x56

"P2", part 2 of 3:                        0xb5
  .near.bss          zero     0x000066    0x50  xfiles.o [4]
  .near.bss          zero     0x0000b6    0x28  main.o [1]
  .near.bss          zero     0x0000de    0x14  main.o [1]
  .near.bss          zero     0x0000f2     0xe  setlocale.o [4]
  .near.bss          zero     0x000100     0x4  xxmemxmalloc.o [4]
  .near.bss          zero     0x000104     0x3  localeconv.o [4]
  .near.bss          zero     0x000107     0x3  setlocale.o [4]
  .near.bss          zero     0x00010a     0x2  main.o [1]
  .near.bss          zero     0x00010c     0x2  main.o [1]
  .near.bss          zero     0x00010e     0x2  main.o [1]
  .near.bss          zero     0x000110     0x2  xgetmemchunk.o [4]
  .near.bss          zero     0x000112     0x1  main.o [1]
  .near.bss          zero     0x000113     0x1  main.o [1]
  .near.bss          zero     0x000114     0x1  main.o [1]
  .near.bss          zero     0x000115     0x1  main.o [1]
  .near.bss          zero     0x000116     0x1  main.o [1]
  .near.bss          zero     0x000117     0x1  main.o [1]
  .near.bss          zero     0x000118     0x1  main.o [1]
  .near.bss          zero     0x000119     0x1  main.o [1]
  .near.bss          zero     0x00011a     0x1  stm8s_it.o [1]
                            - 0x00011b    0xb5

"P2", part 3 of 3:                       0x100
  HEAP                        0x00011b   0x100  <Block>
    HEAP             uninit   0x00011b   0x100  <Block tail>
                            - 0x00021b   0x100

"A2":                                    0x100
  CSTACK                      0x000700   0x100  <Block>
    CSTACK           uninit   0x000700   0x100  <Block tail>
                            - 0x000800   0x100

"A3":                                     0x80
  INTVEC                      0x008000    0x80  <Block>
    .intvec          const    0x008000    0x80  interrupt.o [4]
                            - 0x008080    0x80

"P3":                                    0x3b0
  .near.rodata       const    0x008080    0x6f  stm8s_uart2.o [1]
  .near.rodata       const    0x0080ef    0x6e  stm8s_adc1.o [1]
  .near.rodata       const    0x00815d    0x6e  stm8s_gpio.o [1]
  .near.rodata       const    0x0081cb    0x6e  stm8s_tim2.o [1]
  .near.rodata       const    0x008239    0x6d  stm8s_clk.o [1]
  .near.rodata       const    0x0082a6    0x6d  stm8s_i2c.o [1]
  .near_func.text    const    0x008313    0x3c  xprintffull.o [4]
  .near.rodata       const    0x00834f     0x5  localeconv.o [4]
  .iar.init_table    const    0x008354    0x14  - Linker created -
  .near.rodata       const    0x008368    0x10  main.o [1]
  .near.rodata       const    0x008378     0x8  main.o [1]
  .near.rodata       const    0x008380     0x8  main.o [1]
  .near.rodata       const    0x008388     0x8  xprintffull.o [4]
  .near.rodata       const    0x008390     0x8  xprintffull.o [4]
  .near.rodata       const    0x008398     0x8  xencoding_sb.o [4]
  .near.rodata       const    0x0083a0     0x8  xencoding_sb.o [4]
  .near.rodata       const    0x0083a8     0x7  xprintffull.o [4]
  .near.rodata       const    0x0083af     0x6  main.o [1]
  .near.rodata       const    0x0083b5     0x6  main.o [1]
  .near.rodata       const    0x0083bb     0x6  localeconv.o [4]
  .near.rodata       const    0x0083c1     0x4  stm8s_clk.o [1]
  .near.rodata       const    0x0083c5     0x4  xprintffull.o [4]
  .near.rodata       const    0x0083c9     0x4  xprintffull.o [4]
  .near.rodata       const    0x0083cd     0x4  xprintffull.o [4]
  .near.rodata       const    0x0083d1     0x4  xprintffull.o [4]
  .near.rodata       const    0x0083d5     0x2  xprintffull.o [4]
  .near.rodata       const    0x0083d7     0x2  localeconv.o [4]
  .near.rodata       const    0x0083d9     0x1  localeconv.o [4]
  Initializer bytes  ro data  0x0083da    0x56  <for P2 s0>
                            - 0x008430   0x3b0

"P4":                                   0x384b
  .far_func.text     ro code  0x008430   0x5f0  main.o [1]
  .far_func.text     ro code  0x008a20   0x51a  xprintffull.o [4]
  .far_func.text     ro code  0x008f3a   0x497  xprintffull.o [4]
  .far_func.text     ro code  0x0093d1   0x46a  float.o [4]
  .far_func.text     ro code  0x00983b   0x3cf  xprintffull.o [4]
  .far_func.text     ro code  0x009c0a   0x247  xprintffull.o [4]
  .far_func.text     ro code  0x009e51   0x1e1  long.o [4]
  .far_func.text     ro code  0x00a032   0x1ba  stm8s_uart2.o [1]
  .far_func.text     ro code  0x00a1ec   0x17f  xprintffull.o [4]
  .far_func.text     ro code  0x00a36b   0x16d  stm8s_i2c.o [1]
  .far_func.text     ro code  0x00a4d8   0x163  vreg_util.o [4]
  .far_func.text     ro code  0x00a63b   0x162  float_libsup.o [4]
  .far_func.text     ro code  0x00a79d    0xe6  xxmemxfree.o [4]
  .far_func.text     ro code  0x00a883    0xd5  stm8s_clk.o [1]
  .far_func.text     ro code  0x00a958    0xbd  stm8s_uart2.o [1]
  .far_func.text     ro code  0x00aa15    0xb4  stm8s_gpio.o [1]
  .far_func.text     ro code  0x00aac9    0xad  stm8s_adc1.o [1]
  .far_func.text     ro code  0x00ab76    0xa6  stm8s_i2c.o [1]
  .far_func.text     ro code  0x00ac1c    0x9a  xxmemxmalloc.o [4]
  .far_func.text     ro code  0x00acb6    0x95  stm8s_adc1.o [1]
  .far_func.text     ro code  0x00ad4b    0x93  stm8s_i2c.o [1]
  .far_func.text     ro code  0x00adde    0x91  stm8s_clk.o [1]
  .far_func.text     ro code  0x00ae6f    0x7b  stm8s_adc1.o [1]
  .far_func.text     ro code  0x00aeea    0x78  stm8s_adc1.o [1]
  .far_func.text     ro code  0x00af62    0x70  stm8s_uart2.o [1]
  .far_func.text     ro code  0x00afd2    0x70  xxmemxmalloc.o [4]
  .far_func.text     ro code  0x00b042    0x62  long_util.o [4]
  .far_func.text     ro code  0x00b0a4    0x60  stm8s_tim2.o [1]
  .far_func.text     ro code  0x00b104    0x5e  stm8s_clk.o [1]
  .far_func.text     ro code  0x00b162    0x59  stm8s_tim2.o [1]
  .far_func.text     ro code  0x00b1bb    0x58  dc_util.o [4]
  .far_func.text     ro code  0x00b213    0x57  stm8s_it.o [1]
  .far_func.text     ro code  0x00b26a    0x51  xprintffull.o [4]
  .far_func.text     ro code  0x00b2bb    0x4b  xprintffull.o [4]
  .far_func.text     ro code  0x00b306    0x46  short.o [4]
  .far_func.text     ro code  0x00b34c    0x45  sprintf.o [4]
  .far_func.text     ro code  0x00b391    0x44  stm8s_adc1.o [1]
  .far_func.text     ro code  0x00b3d5    0x3e  stm8s_adc1.o [1]
  .far_func.text     ro code  0x00b413    0x3e  stm8s_adc1.o [1]
  .far_func.text     ro code  0x00b451    0x3c  stm8s_clk.o [1]
  .far_func.text     ro code  0x00b48d    0x3b  stm8s_it.o [1]
  .far_func.text     ro code  0x00b4c8    0x39  xprintffull.o [4]
  .far_func.text     ro code  0x00b501    0x36  stm8s_clk.o [1]
  .far_func.text     ro code  0x00b537    0x36  xprintffull.o [4]
  .far_func.text     ro code  0x00b56d    0x35  xprintffull.o [4]
  .far_func.text     ro code  0x00b5a2    0x34  stm8s_i2c.o [1]
  .far_func.text     ro code  0x00b5d6    0x34  far_util.o [4]
  .far_func.text     ro code  0x00b60a    0x34  div.o [4]
  .far_func.text     ro code  0x00b63e    0x32  stm8s_i2c.o [1]
  .far_func.text     ro code  0x00b670    0x31  stm8s_adc1.o [1]
  .far_func.text     ro code  0x00b6a1    0x30  xencoding_sb.o [4]
  .far_func.text     ro code  0x00b6d1    0x29  xmbtowc.o [4]
  .far_func.text     ro code  0x00b6fa    0x28  printf.o [4]
  .far_func.text     ro code  0x00b722    0x28  init_small.o [4]
  .far_func.text     ro code  0x00b74a    0x27  stm8s_uart2.o [1]
  .far_func.text     ro code  0x00b771    0x26  memcpy.o [4]
  .far_func.text     ro code  0x00b797    0x25  stm8s_i2c.o [1]
  .far_func.text     ro code  0x00b7bc    0x25  stm8s_it.o [1]
  .far_func.text     ro code  0x00b7e1    0x25  stm8s_uart2.o [1]
  .far_func.text     ro code  0x00b806    0x22  xwctomb.o [4]
  .far_func.text     ro code  0x00b828    0x22  xgetmemchunk.o [4]
  .far_func.text     ro code  0x00b84a    0x21  xprintffull.o [4]
  .far_func.text     ro code  0x00b86b    0x21  xprintffull.o [4]
  .far_func.text     ro code  0x00b88c    0x1e  init.o [4]
  .far_func.text     ro code  0x00b8aa    0x1e  init_small.o [4]
  .far_func.text     ro code  0x00b8c8    0x1d  stm8s_tim2.o [1]
  .far_func.text     ro code  0x00b8e5    0x1d  xprout.o [4]
  .far_func.text     ro code  0x00b902    0x1a  xprintffull.o [4]
  .far_func.text     ro code  0x00b91c    0x19  localeconv.o [4]
  .far_func.text     ro code  0x00b935    0x19  xencoding_sb.o [4]
  .far_func.text     ro code  0x00b94e    0x18  stm8s_adc1.o [1]
  .far_func.text     ro code  0x00b966    0x18  stm8s_i2c.o [1]
  .far_func.text     ro code  0x00b97e    0x18  stm8s_i2c.o [1]
  .far_func.text     ro code  0x00b996    0x18  stm8s_i2c.o [1]
  .far_func.text     ro code  0x00b9ae    0x17  cstartup.o [4]
  .far_func.text     ro code  0x00b9c5    0x16  xprintffull.o [4]
  .far_func.text     ro code  0x00b9db    0x16  __dbg_xxexit.o [3]
  .far_func.text     ro code  0x00b9f1    0x15  memchr.o [4]
  .far_func.text     ro code  0x00ba06    0x15  strchr.o [4]
  .far_func.text     ro code  0x00ba1b    0x13  xprintffull.o [4]
  .far_func.text     ro code  0x00ba2e    0x12  stm8s_i2c.o [1]
  .far_func.text     ro code  0x00ba40    0x12  strlen.o [4]
  .far_func.text     ro code  0x00ba52    0x10  xprintffull.o [4]
  .far_func.text     ro code  0x00ba62     0xe  xsprout.o [4]
  .far_func.text     ro code  0x00ba70     0xe  setlocale.o [4]
  .far_func.text     ro code  0x00ba7e     0xd  stm8s_uart2.o [1]
  .far_func.text     ro code  0x00ba8b     0xd  xprintffull.o [4]
  .far_func.text     ro code  0x00ba98     0xd  move.o [4]
  .far_func.text     ro code  0x00baa5     0xc  stm8s_adc1.o [1]
  .far_func.text     ro code  0x00bab1     0xc  stm8s_adc1.o [1]
  .far_func.text     ro code  0x00babd     0xc  stm8s_adc1.o [1]
  .far_func.text     ro code  0x00bac9     0xc  stm8s_clk.o [1]
  .far_func.text     ro code  0x00bad5     0xc  stm8s_gpio.o [1]
  .far_func.text     ro code  0x00bae1     0xc  stm8s_i2c.o [1]
  .far_func.text     ro code  0x00baed     0xc  stm8s_i2c.o [1]
  .far_func.text     ro code  0x00baf9     0xc  stm8s_tim2.o [1]
  .far_func.text     ro code  0x00bb05     0xc  stm8s_uart2.o [1]
  .far_func.text     ro code  0x00bb11     0xc  stm8s_uart2.o [1]
  .far_func.text     ro code  0x00bb1d     0xc  stm8s_uart2.o [1]
  .far_func.text     ro code  0x00bb29     0xc  xprintffull.o [4]
  .far_func.text     ro code  0x00bb35     0xc  switch.o [4]
  .far_func.text     ro code  0x00bb41     0xb  stm8s_clk.o [1]
  .far_func.text     ro code  0x00bb4c     0xb  xprintffull.o [4]
  .far_func.text     ro code  0x00bb57     0xb  xprintffull.o [4]
  .far_func.text     ro code  0x00bb62     0xb  xprintffull.o [4]
  .far_func.text     ro code  0x00bb6d     0xb  setlocale.o [4]
  .far_func.text     ro code  0x00bb78     0xa  stm8s_adc1.o [1]
  .far_func.text     ro code  0x00bb82     0xa  stm8s_tim2.o [1]
  .far_func.text     ro code  0x00bb8c     0xa  xprintffull.o [4]
  .far_func.text     ro code  0x00bb96     0xa  xprintffull.o [4]
  .far_func.text     ro code  0x00bba0     0xa  far.o [4]
  .far_func.text     ro code  0x00bbaa     0xa  localeconv.o [4]
  .far_func.text     ro code  0x00bbb4     0xa  setlocale.o [4]
  .far_func.text     ro code  0x00bbbe     0x9  stm8s_adc1.o [1]
  .far_func.text     ro code  0x00bbc7     0x9  xprintffull.o [4]
  .far_func.text     ro code  0x00bbd0     0x9  xprintffull.o [4]
  .far_func.text     ro code  0x00bbd9     0x9  xprintffull.o [4]
  .far_func.text     ro code  0x00bbe2     0x9  xprintffull.o [4]
  .far_func.text     ro code  0x00bbeb     0x9  xprintffull.o [4]
  .far_func.text     ro code  0x00bbf4     0x9  setlocale.o [4]
  .far_func.text     ro code  0x00bbfd     0x8  xprintffull.o [4]
  .far_func.text     ro code  0x00bc05     0x8  xxmemxmalloc.o [4]
  .far_func.text     ro code  0x00bc0d     0x8  putchar.o [4]
  .far_func.text     ro code  0x00bc15     0x7  stm8s_uart2.o [1]
  .far_func.text     ro code  0x00bc1c     0x7  xprintffull.o [4]
  .far_func.text     ro code  0x00bc23     0x7  xprintffull.o [4]
  .far_func.text     ro code  0x00bc2a     0x7  xmbcurmax.o [4]
  .far_func.text     ro code  0x00bc31     0x6  cexit.o [4]
  .far_func.text     ro code  0x00bc37     0x5  stm8s_adc1.o [1]
  .far_func.text     ro code  0x00bc3c     0x5  stm8s_adc1.o [1]
  .far_func.text     ro code  0x00bc41     0x4  stm8s_gpio.o [1]
  .far_func.text     ro code  0x00bc45     0x4  stm8s_i2c.o [1]
  .far_func.text     ro code  0x00bc49     0x4  stm8s_i2c.o [1]
  .far_func.text     ro code  0x00bc4d     0x4  stm8s_uart2.o [1]
  .far_func.text     ro code  0x00bc51     0x4  interrupt.o [4]
  .far_func.text     ro code  0x00bc55     0x4  exit.o [4]
  .far_func.text     ro code  0x00bc59     0x3  stm8s_gpio.o [1]
  .far_func.text     ro code  0x00bc5c     0x3  stm8s_gpio.o [1]
  .far_func.text     ro code  0x00bc5f     0x3  low_level_init.o [4]
  .far_func.text     ro code  0x00bc62     0x3  unhandled_exception.o [4]
  .far_func.text     ro code  0x00bc65     0x2  main.o [1]
  .far_func.text     ro code  0x00bc67     0x1  stm8s_it.o [1]
  .far_func.text     ro code  0x00bc68     0x1  stm8s_it.o [1]
  .far_func.text     ro code  0x00bc69     0x1  stm8s_it.o [1]
  .far_func.text     ro code  0x00bc6a     0x1  stm8s_it.o [1]
  .far_func.text     ro code  0x00bc6b     0x1  stm8s_it.o [1]
  .far_func.text     ro code  0x00bc6c     0x1  stm8s_it.o [1]
  .far_func.text     ro code  0x00bc6d     0x1  stm8s_it.o [1]
  .far_func.text     ro code  0x00bc6e     0x1  stm8s_it.o [1]
  .far_func.text     ro code  0x00bc6f     0x1  stm8s_it.o [1]
  .far_func.text     ro code  0x00bc70     0x1  stm8s_it.o [1]
  .far_func.text     ro code  0x00bc71     0x1  stm8s_it.o [1]
  .far_func.text     ro code  0x00bc72     0x1  stm8s_it.o [1]
  .far_func.text     ro code  0x00bc73     0x1  stm8s_it.o [1]
  .far_func.text     ro code  0x00bc74     0x1  stm8s_it.o [1]
  .far_func.text     ro code  0x00bc75     0x1  stm8s_it.o [1]
  .far_func.text     ro code  0x00bc76     0x1  stm8s_it.o [1]
  .far_func.text     ro code  0x00bc77     0x1  stm8s_it.o [1]
  .far_func.text     ro code  0x00bc78     0x1  stm8s_it.o [1]
  .far_func.text     ro code  0x00bc79     0x1  stm8s_it.o [1]
  .far_func.text     ro code  0x00bc7a     0x1  __dbg_break.o [3]
                            - 0x00bc7b  0x384b


*******************************************************************************
*** INIT TABLE
***

          Address   Size
          -------   ----
Zero (__iar_zero_init2)
    1 destination range, total size 0xb5:
          0x000066  0xb5

Copy (__iar_copy_init2)
    1 source range, total size 0x56:
          0x0083da  0x56
    1 destination range, total size 0x56:
          0x000010  0x56


*******************************************************************************
*** MODULE SUMMARY
***

    Module                 ro code  ro data  rw data
    ------                 -------  -------  -------
C:\Documents and Settings\Administrator\Desktop\stm8s105k-controller\Project\STM8S_StdPeriph_Template\EWSTM8\STM8S105\Obj: [1]
    main.o                   1 522       44       74
    stm8s_adc1.o               895      110
    stm8s_clk.o                589      113
    stm8s_gpio.o               202      110
    stm8s_i2c.o                939      109
    stm8s_it.o                 202                 1
    stm8s_tim2.o               236      110
    stm8s_uart2.o              879      111
    ------------------------------------------------
    Total:                   5 464      707       75

command line: [2]
    ------------------------------------------------
    Total:

dbgstm8mmd.a: [3]
    __dbg_break.o                1
    __dbg_xxexit.o              22
    ------------------------------------------------
    Total:                      23

dlstm8mmf.a: [4]
    cexit.o                      6
    cstartup.o                  23
    dc_util.o                   88
    div.o                       52
    exit.o                       4
    far.o                       10
    far_util.o                  52
    float.o                  1 130
    float_libsup.o             354
    init.o                      30
    init_small.o                70
    interrupt.o                  4      128
    localeconv.o                35       60       49
    long.o                     481
    long_util.o                 98
    low_level_init.o             3
    memchr.o                    21
    memcpy.o                    38
    move.o                      13
    printf.o                    40
    putchar.o                    8
    setlocale.o                 44                17
    short.o                     70
    sprintf.o                   69
    strchr.o                    21
    strlen.o                    18
    switch.o                    12
    unhandled_exception.o        3
    vreg_util.o                355
    vregs.o                                       16
    xencoding_sb.o              73       16
    xfiles.o                             40      120
    xgetmemchunk.o              34                 2
    xmbcurmax.o                  7
    xmbtowc.o                   41
    xprintffull.o            5 036      101
    xprout.o                    29
    xsprout.o                   14
    xwctomb.o                   34
    xxmemxfree.o               230
    xxmemxmalloc.o             274                 4
    ------------------------------------------------
    Total:                   8 924      345      208

    Linker created                       20      512
----------------------------------------------------
    Grand Total:            14 411    1 072      795


*******************************************************************************
*** ENTRY LIST
***

Entry                    Address   Size  Type      Object
-----                    -------   ----  ----      ------
?and32_l0_l0_0x         0x009fe0         Code  Gb  long.o [4]
?and32_l0_l0_l1         0x009fdd         Code  Gb  long.o [4]
?b0                     0x000000         Data  Gb  vregs.o [4]
?b1                     0x000001         Data  Gb  vregs.o [4]
?b10                    0x00000a         Data  Gb  vregs.o [4]
?b11                    0x00000b         Data  Gb  vregs.o [4]
?b12                    0x00000c         Data  Gb  vregs.o [4]
?b13                    0x00000d         Data  Gb  vregs.o [4]
?b14                    0x00000e         Data  Gb  vregs.o [4]
?b15                    0x00000f         Data  Gb  vregs.o [4]
?b2                     0x000002         Data  Gb  vregs.o [4]
?b3                     0x000003         Data  Gb  vregs.o [4]
?b4                     0x000004         Data  Gb  vregs.o [4]
?b5                     0x000005         Data  Gb  vregs.o [4]
?b6                     0x000006         Data  Gb  vregs.o [4]
?b7                     0x000007         Data  Gb  vregs.o [4]
?b8                     0x000008         Data  Gb  vregs.o [4]
?b9                     0x000009         Data  Gb  vregs.o [4]
?dc32_l0                0x00b1bb         Code  Gb  dc_util.o [4]
?dc32_l1                0x00b1e7         Code  Gb  dc_util.o [4]
?e0                     0x000001         Data  Gb  vregs.o [4]
?e1                     0x000005         Data  Gb  vregs.o [4]
?e2                     0x000009         Data  Gb  vregs.o [4]
?e3                     0x00000d         Data  Gb  vregs.o [4]
?epilogue_l2            0x00a58e         Code  Gb  vreg_util.o [4]
?epilogue_l2_l3         0x00a58a         Code  Gb  vreg_util.o [4]
?epilogue_l2_w6         0x00a593         Code  Gb  vreg_util.o [4]
?epilogue_w4            0x00a59c         Code  Gb  vreg_util.o [4]
?fadd32_l0_l0_l1        0x0093f5         Code  Gb  float.o [4]
?fcastf32s32_l0_l0      0x0096f4         Code  Gb  float.o [4]
?fcastf32u32_l0_l0      0x009700         Code  Gb  float.o [4]
?fcasts32f32_l0_l0      0x009691         Code  Gb  float.o [4]
?fcastu32f32_l0_l0      0x00967a         Code  Gb  float.o [4]
?fcmpge32_c_l0_0x       0x009619         Code  Gb  float.o [4]
?fcmpge32_c_l0_dc32     0x009612         Code  Gb  float.o [4]
?fcmpge32_c_l0_l1       0x009616         Code  Gb  float.o [4]
?fcmplt32_c_l0_0x       0x009624         Code  Gb  float.o [4]
?fcmplt32_c_l0_dc32     0x00961d         Code  Gb  float.o [4]
?fcmplt32_c_l0_l1       0x009621         Code  Gb  float.o [4]
?fdiv32_l0_l0_l1        0x009564         Code  Gb  float.o [4]
?fmul32_l0_l0_dc32      0x0094c3         Code  Gb  float.o [4]
?fmul32_l0_l0_l1        0x0094c9         Code  Gb  float.o [4]
?fsub32_l0_l0_l1        0x0093ef         Code  Gb  float.o [4]
?l0                     0x000000         Data  Gb  vregs.o [4]
?l1                     0x000004         Data  Gb  vregs.o [4]
?l2                     0x000008         Data  Gb  vregs.o [4]
?l3                     0x00000c         Data  Gb  vregs.o [4]
?load24_0x_e0           0x00b5fc         Code  Gb  far_util.o [4]
?load24_e0_0x           0x00b5d6         Code  Gb  far_util.o [4]
?load24_e1_0x           0x00b5e4         Code  Gb  far_util.o [4]
?load24_xsp_e0          0x00b5f2         Code  Gb  far_util.o [4]
?load32_0x_l0           0x00b07e         Code  Gb  long_util.o [4]
?load32_0x_l2           0x00b096         Code  Gb  long_util.o [4]
?load32_l0_0x           0x00b05c         Code  Gb  long_util.o [4]
?load32_l0_asp          0x00b050         Code  Gb  long_util.o [4]
?load32_l0_dbsp         0x00b042         Code  Gb  long_util.o [4]
?load32_l0_xsp          0x00b052         Code  Gb  long_util.o [4]
?load32_l2_0x           0x00b068         Code  Gb  long_util.o [4]
?load32_xsp_l0          0x00b074         Code  Gb  long_util.o [4]
?load32_xsp_l2          0x00b08c         Code  Gb  long_util.o [4]
?mov_e0_e1              0x00a5e3         Code  Gb  vreg_util.o [4]
?mov_e0_e2              0x00a5f0         Code  Gb  vreg_util.o [4]
?mov_e0_e3              0x00a5fd         Code  Gb  vreg_util.o [4]
?mov_e1_e0              0x00a60a         Code  Gb  vreg_util.o [4]
?mov_e1_e2              0x00a617         Code  Gb  vreg_util.o [4]
?mov_e2_e0              0x00a624         Code  Gb  vreg_util.o [4]
?mov_e3_e0              0x00a631         Code  Gb  vreg_util.o [4]
?mov_l0_l1              0x00a5e0         Code  Gb  vreg_util.o [4]
?mov_l0_l2              0x00a5ed         Code  Gb  vreg_util.o [4]
?mov_l0_l3              0x00a5fa         Code  Gb  vreg_util.o [4]
?mov_l1_l0              0x00a607         Code  Gb  vreg_util.o [4]
?mov_l1_l2              0x00a614         Code  Gb  vreg_util.o [4]
?mov_l2_l0              0x00a621         Code  Gb  vreg_util.o [4]
?mov_l3_l0              0x00a62e         Code  Gb  vreg_util.o [4]
?mov_w0_w4              0x00a5a1         Code  Gb  vreg_util.o [4]
?mov_w0_w5              0x00a5a8         Code  Gb  vreg_util.o [4]
?mov_w1_w3              0x00a5e6         Code  Gb  vreg_util.o [4]
?mov_w1_w4              0x00a5af         Code  Gb  vreg_util.o [4]
?mov_w1_w5              0x00a5f3         Code  Gb  vreg_util.o [4]
?mov_w1_w7              0x00a600         Code  Gb  vreg_util.o [4]
?mov_w2_w0              0x00a5b6         Code  Gb  vreg_util.o [4]
?mov_w2_w1              0x00a5bd         Code  Gb  vreg_util.o [4]
?mov_w3_w1              0x00a60d         Code  Gb  vreg_util.o [4]
?mov_w3_w5              0x00a61a         Code  Gb  vreg_util.o [4]
?mov_w4_w0              0x00a5c4         Code  Gb  vreg_util.o [4]
?mov_w4_w1              0x00a5cb         Code  Gb  vreg_util.o [4]
?mov_w4_w2              0x00a5d2         Code  Gb  vreg_util.o [4]
?mov_w5_w0              0x00a5d9         Code  Gb  vreg_util.o [4]
?mov_w5_w1              0x00a627         Code  Gb  vreg_util.o [4]
?mov_w7_w1              0x00a634         Code  Gb  vreg_util.o [4]
?move1616_v_x_y_a       0x00ba98         Code  Gb  move.o [4]
?mul16_x_x_w0           0x00b306         Code  Gb  short.o [4]
?mul32_l0_l0_l1         0x009e7c         Code  Gb  long.o [4]
?neg32_l0_l0            0x009e51         Code  Gb  long.o [4]
?pop_l0                 0x00a552         Code  Gb  vreg_util.o [4]
?pop_l1                 0x00a55d         Code  Gb  vreg_util.o [4]
?pop_l2                 0x00a568         Code  Gb  vreg_util.o [4]
?pop_l3                 0x00a573         Code  Gb  vreg_util.o [4]
?pop_w4                 0x00a503         Code  Gb  vreg_util.o [4]
?pop_w6                 0x00a50a         Code  Gb  vreg_util.o [4]
?push_l0                0x00a51d         Code  Gb  vreg_util.o [4]
?push_l1                0x00a522         Code  Gb  vreg_util.o [4]
?push_l2                0x00a527         Code  Gb  vreg_util.o [4]
?push_l3                0x00a52c         Code  Gb  vreg_util.o [4]
?push_w0                0x00a4d8         Code  Gb  vreg_util.o [4]
?push_w1                0x00a4dd         Code  Gb  vreg_util.o [4]
?push_w4                0x00a4e2         Code  Gb  vreg_util.o [4]
?push_w6                0x00a4e7         Code  Gb  vreg_util.o [4]
?scmp32_c_l0_l1         0x009fc6         Code  Gb  long.o [4]
?sdiv16_x_x_y           0x00b324         Code  Gb  short.o [4]
?sdiv32_l0_l0_dl        0x009f77         Code  Gb  long.o [4]
?sdiv32_l0_l0_l1        0x009f7b         Code  Gb  long.o [4]
?sext32_l0_a            0x00a025         Code  Gb  long.o [4]
?sext32_l0_x            0x00a01a         Code  Gb  long.o [4]
?sll16_x_x_4            0x00b347         Code  Gb  short.o [4]
?sll16_x_x_5            0x00b346         Code  Gb  short.o [4]
?sll16_x_x_6            0x00b345         Code  Gb  short.o [4]
?sll16_x_x_a            0x00b33d         Code  Gb  short.o [4]
?sll32_0x_0x_a          0x009ffb         Code  Gb  long.o [4]
?sll32_l0_l0_a          0x009ff8         Code  Gb  long.o [4]
?smod32_l1_l0_l1        0x009f7b         Code  Gb  long.o [4]
?sra32_0x_0x_a          0x00a00c         Code  Gb  long.o [4]
?sra32_l0_l0_a          0x00a009         Code  Gb  long.o [4]
?sub32_l0_l0_0x         0x009e64         Code  Gb  long.o [4]
?sub32_l0_l0_l1         0x009e61         Code  Gb  long.o [4]
?switch8vlt_0x_a_0x     0x00bb35         Code  Gb  switch.o [4]
?ucmp24_c_0x_e0         0x00bba0         Code  Gb  far.o [4]
?udiv32_l0_dl_l1        0x009f00         Code  Gb  long.o [4]
?udiv32_l0_l0_dl        0x009f06         Code  Gb  long.o [4]
?udiv32_l0_l0_l1        0x009f0a         Code  Gb  long.o [4]
?umod32_l1_l0_dl        0x009efa         Code  Gb  long.o [4]
?umod32_l1_l0_l1        0x009f0a         Code  Gb  long.o [4]
?w0                     0x000000         Data  Gb  vregs.o [4]
?w1                     0x000002         Data  Gb  vregs.o [4]
?w2                     0x000004         Data  Gb  vregs.o [4]
?w3                     0x000006         Data  Gb  vregs.o [4]
?w4                     0x000008         Data  Gb  vregs.o [4]
?w5                     0x00000a         Data  Gb  vregs.o [4]
?w6                     0x00000c         Data  Gb  vregs.o [4]
?w7                     0x00000e         Data  Gb  vregs.o [4]
ADC1_ClearFlag          0x00aeea   0x78  Code  Gb  stm8s_adc1.o [1]
ADC1_ClearITPendingBit  0x00ae6f   0x7b  Code  Gb  stm8s_adc1.o [1]
ADC1_Cmd                0x00b94e   0x18  Code  Gb  stm8s_adc1.o [1]
ADC1_ConversionConfig   0x00acb6   0x95  Code  Gb  stm8s_adc1.o [1]
ADC1_DeInit             0x00b670   0x31  Code  Gb  stm8s_adc1.o [1]
ADC1_GetConversionValue
                        0x00b413   0x3e  Code  Gb  stm8s_adc1.o [1]
ADC1_IRQHandler         0x00b213   0x57  Code  Gb  stm8s_it.o [1]
ADC1_ITConfig           0x00b391   0x44  Code  Gb  stm8s_adc1.o [1]
ADC1_PrescalerConfig    0x00b3d5   0x3e  Code  Gb  stm8s_adc1.o [1]
ADC1_SchmittTriggerConfig
                        0x00aac9   0xad  Code  Gb  stm8s_adc1.o [1]
ADC1_StartConversion    0x00bc3c    0x5  Code  Gb  stm8s_adc1.o [1]
AWU_IRQHandler          0x00bc69    0x1  Code  Gb  stm8s_it.o [1]
CLK_ClockSwitchConfig   0x00a883   0xd5  Code  Gb  stm8s_clk.o [1]
CLK_DeInit              0x00b501   0x36  Code  Gb  stm8s_clk.o [1]
CLK_GetClockFreq        0x00b451   0x3c  Code  Gb  stm8s_clk.o [1]
CLK_IRQHandler          0x00bc6a    0x1  Code  Gb  stm8s_it.o [1]
CLK_PeripheralClockConfig
                        0x00adde   0x91  Code  Gb  stm8s_clk.o [1]
CLK_SYSCLKConfig        0x00b104   0x5e  Code  Gb  stm8s_clk.o [1]
CSTACK$$Base            0x000700          --   Gb  - Linker created -
CSTACK$$Limit           0x000800          --   Gb  - Linker created -
Delay1                  0x00843e    0xe  Code  Gb  main.o [1]
Delay2                  0x008430    0xe  Code  Gb  main.o [1]
EEPROM_EEC_IRQHandler   0x00bc79    0x1  Code  Gb  stm8s_it.o [1]
EXTI_PORTA_IRQHandler   0x00bc6b    0x1  Code  Gb  stm8s_it.o [1]
EXTI_PORTB_IRQHandler   0x00bc6c    0x1  Code  Gb  stm8s_it.o [1]
EXTI_PORTC_IRQHandler   0x00bc6d    0x1  Code  Gb  stm8s_it.o [1]
EXTI_PORTD_IRQHandler   0x00bc6e    0x1  Code  Gb  stm8s_it.o [1]
EXTI_PORTE_IRQHandler   0x00bc6f    0x1  Code  Gb  stm8s_it.o [1]
GPIO_Init               0x00aa15   0xb4  Code  Gb  stm8s_gpio.o [1]
GPIO_WriteHigh          0x00bc59    0x3  Code  Gb  stm8s_gpio.o [1]
GPIO_WriteLow           0x00bc41    0x4  Code  Gb  stm8s_gpio.o [1]
GPIO_WriteReverse       0x00bc5c    0x3  Code  Gb  stm8s_gpio.o [1]
GpioConfiguration       0x0087d9   0x4c  Code  Gb  main.o [1]
HEAP$$Base              0x00011b          --   Gb  - Linker created -
HEAP$$Limit             0x00021b          --   Gb  - Linker created -
HSIDivFactor            0x0083c1    0x4  Data  Gb  stm8s_clk.o [1]
I2C_AcknowledgeConfig   0x00b5a2   0x34  Code  Gb  stm8s_i2c.o [1]
I2C_CheckEvent          0x00ab76   0xa6  Code  Gb  stm8s_i2c.o [1]
I2C_Cmd                 0x00b966   0x18  Code  Gb  stm8s_i2c.o [1]
I2C_DeInit              0x00b797   0x25  Code  Gb  stm8s_i2c.o [1]
I2C_GenerateSTART       0x00b97e   0x18  Code  Gb  stm8s_i2c.o [1]
I2C_GenerateSTOP        0x00b996   0x18  Code  Gb  stm8s_i2c.o [1]
I2C_GetFlagStatus       0x00ad4b   0x93  Code  Gb  stm8s_i2c.o [1]
I2C_IRQHandler          0x00bc76    0x1  Code  Gb  stm8s_it.o [1]
I2C_Init                0x00a36b  0x16d  Code  Gb  stm8s_i2c.o [1]
I2C_RA                  0x008844   0x24  Code  Gb  main.o [1]
I2C_RD                  0x008825   0x1f  Code  Gb  main.o [1]
I2C_ReceiveData         0x00bc45    0x4  Code  Gb  stm8s_i2c.o [1]
I2C_Send7bitAddress     0x00b63e   0x32  Code  Gb  stm8s_i2c.o [1]
I2C_SendData            0x00bc49    0x4  Code  Gb  stm8s_i2c.o [1]
I2C_Start               0x0088b1   0x22  Code  Gb  main.o [1]
I2C_WA                  0x008888   0x22  Code  Gb  main.o [1]
I2C_WD                  0x008868   0x20  Code  Gb  main.o [1]
INTVEC$$Base            0x008000          --   Gb  - Linker created -
INTVEC$$Limit           0x008080          --   Gb  - Linker created -
InitAdc                 0x00876b   0x2d  Code  Gb  main.o [1]
InitClk                 0x008798   0x38  Code  Gb  main.o [1]
InitDelayTimer          0x0085c1   0x1d  Code  Gb  main.o [1]
InitI2C                 0x008969   0x26  Code  Gb  main.o [1]
InitLcd                 0x008612   0x5b  Code  Gb  main.o [1]
InitUart                0x00873f   0x2c  Code  Gb  main.o [1]
LCD                     0x0084f1   0xbe  Code  Gb  main.o [1]
LCDData                 0x0084b3    0xb  Code  Gb  main.o [1]
LCDDataOut              0x00845c   0x57  Code  Gb  main.o [1]
LCDInstr                0x0084e6    0xb  Code  Gb  main.o [1]
LCDInstrNibble          0x008603    0xf  Code  Gb  main.o [1]
LoadInt                 0x00b2bb   0x4b  Code  Lc  xprintffull.o [4]
PulseEnable             0x00844c   0x10  Code  Gb  main.o [1]
ReadDS1307              0x0088d3   0x5b  Code  Gb  main.o [1]
Region$$Table$$Base     0x008354          --   Gb  - Linker created -
Region$$Table$$Limit    0x008368          --   Gb  - Linker created -
SPI_IRQHandler          0x00bc70    0x1  Code  Gb  stm8s_it.o [1]
SendChar                0x00868e    0xf  Code  Gb  main.o [1]
SendData                0x00869d   0x3d  Code  Gb  main.o [1]
Send_Hello              0x0086da   0x2d  Code  Gb  main.o [1]
TIM1_CAP_COM_IRQHandler
                        0x00bc72    0x1  Code  Gb  stm8s_it.o [1]
TIM1_UPD_OVF_TRG_BRK_IRQHandler
                        0x00bc71    0x1  Code  Gb  stm8s_it.o [1]
TIM2_CAP_COM_IRQHandler
                        0x00bc73    0x1  Code  Gb  stm8s_it.o [1]
TIM2_ClearITPendingBit  0x00b8c8   0x1d  Code  Gb  stm8s_tim2.o [1]
TIM2_Cmd                0x00b0ec   0x18  Code  Gb  stm8s_tim2.o [1]
TIM2_DeInit             0x00b162   0x59  Code  Gb  stm8s_tim2.o [1]
TIM2_ITConfig           0x00b0b0   0x3c  Code  Gb  stm8s_tim2.o [1]
TIM2_TimeBaseInit       0x00bb82    0xa  Code  Gb  stm8s_tim2.o [1]
TIM2_UPD_OVF_BRK_IRQHandler
                        0x00b48d   0x3b  Code  Gb  stm8s_it.o [1]
TIM3_CAP_COM_IRQHandler
                        0x00bc75    0x1  Code  Gb  stm8s_it.o [1]
TIM3_UPD_OVF_BRK_IRQHandler
                        0x00bc74    0x1  Code  Gb  stm8s_it.o [1]
TIM4_UPD_OVF_IRQHandler
                        0x00bc78    0x1  Code  Gb  stm8s_it.o [1]
TLI_IRQHandler          0x00bc68    0x1  Code  Gb  stm8s_it.o [1]
TRAP_IRQHandler         0x00bc67    0x1  Code  Gb  stm8s_it.o [1]
UART2_ClearITPendingBit
                        0x00b7e1   0x25  Code  Gb  stm8s_uart2.o [1]
UART2_Cmd               0x00ba7e    0xd  Code  Gb  stm8s_uart2.o [1]
UART2_DeInit            0x00b74a   0x27  Code  Gb  stm8s_uart2.o [1]
UART2_GetFlagStatus     0x00af62   0x70  Code  Gb  stm8s_uart2.o [1]
UART2_ITConfig          0x00a958   0xbd  Code  Gb  stm8s_uart2.o [1]
UART2_Init              0x00a032  0x1ba  Code  Gb  stm8s_uart2.o [1]
UART2_RX_IRQHandler     0x00b7bc   0x25  Code  Gb  stm8s_it.o [1]
UART2_ReceiveData8      0x00bc4d    0x4  Code  Gb  stm8s_uart2.o [1]
UART2_TX_IRQHandler     0x00bc77    0x1  Code  Gb  stm8s_it.o [1]
_EncodingSb_Mbtowc      0x00b6a1   0x30  Code  Gb  xencoding_sb.o [4]
_EncodingSb_Wctomb      0x00b935   0x19  Code  Gb  xencoding_sb.o [4]
_GenldDefault           0x00983b  0x3cf  Code  Lc  xprintffull.o [4]
_LdtobDefault           0x008f3a  0x497  Code  Lc  xprintffull.o [4]
_LitobDefault           0x00a1ec  0x17f  Code  Lc  xprintffull.o [4]
_LocaleEncoding         0x00ba70    0xe  Code  Gb  setlocale.o [4]
_Locale_Profile         0x0000f2    0xe  Data  Gb  setlocale.o [4]
_Locale_lconv           0x000010   0x2e  Data  Gb  localeconv.o [4]
_Mbtowc                 0x00b6d1   0x29  Code  Gb  xmbtowc.o [4]
_Printf                 0x008a20  0x51a  Code  Gb  xprintffull.o [4]
_Prout                  0x00b8e5   0x1d  Code  Gb  xprout.o [4]
_PutcharDefault         0x00b4c8   0x39  Code  Lc  xprintffull.o [4]
_PutcharsDefault        0x00b56d   0x35  Code  Lc  xprintffull.o [4]
_PutstrDefault          0x009c0a  0x247  Code  Lc  xprintffull.o [4]
_SProut                 0x00ba62    0xe  Code  Gb  xsprout.o [4]
_Wctomb                 0x00b806   0x22  Code  Gb  xwctomb.o [4]
__DebugBreak            0x00bc7a    0x1  Code  Gb  __dbg_break.o [3]
__exit                  0x00b9db   0x16  Code  Gb  __dbg_xxexit.o [3]
__iar_Dnorm             0x00a63b         Code  Gb  float_libsup.o [4]
__iar_Dscale            0x00a6c9         Code  Gb  float_libsup.o [4]
__iar_Dunscale          0x00a677         Code  Gb  float_libsup.o [4]
__iar_Mbcurmax          0x00bc2a    0x7  Code  Gb  xmbcurmax.o [4]
__iar_Memchr            0x00b9f1   0x15  Code  Gb  memchr.o [4]
__iar_Stdout            0x00003e   0x28  Data  Gb  xfiles.o [4]
__iar_Strchr            0x00ba06   0x15  Code  Gb  strchr.o [4]
__iar_Tls_setup__Locale_Profile
                        0x000107    0x3  Data  Gb  setlocale.o [4]
__iar_Tls_setup__Locale_lconv
                        0x000104    0x3  Data  Gb  localeconv.o [4]
__iar_copy_init2        0x00b722         Code  Gb  init_small.o [4]
__iar_data_init2        0x00b88c   0x1e  Code  Gb  init.o [4]
__iar_program_start     0x00b9ae         Code  Gb  cstartup.o [4]
__iar_unhandled_exception
                        0x00bc62         Code  Gb  unhandled_exception.o [4]
__iar_zero_init2        0x00b8aa         Code  Gb  init_small.o [4]
__intvec                0x008000         Data  Gb  interrupt.o [4]
__low_level_init        0x00bc5f    0x3  Code  Gb  low_level_init.o [4]
__near_Aldata           0x000100    0x4  Data  Gb  xxmemxmalloc.o [4]
__near_GetMemChunk      0x00b828   0x22  Code  Gb  xgetmemchunk.o [4]
__near_findmem          0x00afd2   0x70  Code  Lc  xxmemxmalloc.o [4]
_exit                   0x00bc31         Code  Gb  cexit.o [4]
_interrupt_1            0x00bc67         Code  Gb  stm8s_it.o [1]
_interrupt_10           0x00bc51         Code  Wk  interrupt.o [4]
_interrupt_11           0x00bc51         Code  Wk  interrupt.o [4]
_interrupt_12           0x00bc70         Code  Gb  stm8s_it.o [1]
_interrupt_13           0x00bc71         Code  Gb  stm8s_it.o [1]
_interrupt_14           0x00bc72         Code  Gb  stm8s_it.o [1]
_interrupt_15           0x00b48d         Code  Gb  stm8s_it.o [1]
_interrupt_16           0x00bc73         Code  Gb  stm8s_it.o [1]
_interrupt_17           0x00bc74         Code  Gb  stm8s_it.o [1]
_interrupt_18           0x00bc75         Code  Gb  stm8s_it.o [1]
_interrupt_19           0x00bc51         Code  Wk  interrupt.o [4]
_interrupt_2            0x00bc68         Code  Gb  stm8s_it.o [1]
_interrupt_20           0x00bc51         Code  Wk  interrupt.o [4]
_interrupt_21           0x00bc76         Code  Gb  stm8s_it.o [1]
_interrupt_22           0x00bc77         Code  Gb  stm8s_it.o [1]
_interrupt_23           0x00b7bc         Code  Gb  stm8s_it.o [1]
_interrupt_24           0x00b213         Code  Gb  stm8s_it.o [1]
_interrupt_25           0x00bc78         Code  Gb  stm8s_it.o [1]
_interrupt_26           0x00bc79         Code  Gb  stm8s_it.o [1]
_interrupt_27           0x00bc51         Code  Wk  interrupt.o [4]
_interrupt_28           0x00bc51         Code  Wk  interrupt.o [4]
_interrupt_29           0x00bc51         Code  Wk  interrupt.o [4]
_interrupt_3            0x00bc69         Code  Gb  stm8s_it.o [1]
_interrupt_30           0x00bc51         Code  Wk  interrupt.o [4]
_interrupt_31           0x00bc51         Code  Wk  interrupt.o [4]
_interrupt_4            0x00bc6a         Code  Gb  stm8s_it.o [1]
_interrupt_5            0x00bc6b         Code  Gb  stm8s_it.o [1]
_interrupt_6            0x00bc6c         Code  Gb  stm8s_it.o [1]
_interrupt_7            0x00bc6d         Code  Gb  stm8s_it.o [1]
_interrupt_8            0x00bc6e         Code  Gb  stm8s_it.o [1]
_interrupt_9            0x00bc6f         Code  Gb  stm8s_it.o [1]
adcdata                 0x00010e    0x2  Data  Gb  main.o [1]
assert_failed           0x00bc65    0x2  Code  Gb  main.o [1]
count                   0x000115    0x1  Data  Gb  main.o [1]
data                    0x0000de   0x14  Data  Gb  main.o [1]
div                     0x00b60a   0x34  Code  Gb  div.o [4]
error                   0x000119    0x1  Data  Gb  main.o [1]
exit                    0x00bc55    0x4  Code  Gb  exit.o [4]
fputc                   0x0085af   0x12  Code  Gb  main.o [1]
free                    0x00a79d   0xe6  Code  Gb  xxmemxfree.o [4]
hours                   0x000118    0x1  Data  Gb  main.o [1]
index                   0x00011a    0x1  Data  Gb  stm8s_it.o [1]
line_lcd                0x000114    0x1  Data  Gb  main.o [1]
localeconv              0x00b91c   0x19  Code  Gb  localeconv.o [4]
main                    0x00898f   0x81  Code  Gb  main.o [1]
malloc                  0x00ac1c   0x9a  Code  Gb  xxmemxmalloc.o [4]
measure                 0x0000b6   0x28  Data  Gb  main.o [1]
memcpy                  0x00b771   0x26  Code  Gb  memcpy.o [4]
minutes                 0x000117    0x1  Data  Gb  main.o [1]
obuf                    0x000066   0x50  Data  Lc  xfiles.o [4]
pad                     0x00b537   0x36  Code  Lc  xprintffull.o [4]
printf                  0x00b6fa   0x28  Code  Gb  printf.o [4]
putchar                 0x00bc0d    0x8  Code  Gb  putchar.o [4]
rx_data                 0x000113    0x1  Data  Gb  main.o [1]
scale                   0x00b26a   0x51  Code  Lc  xprintffull.o [4]
seconds                 0x000116    0x1  Data  Gb  main.o [1]
sprintf                 0x00b34c   0x45  Code  Gb  sprintf.o [4]
strlen                  0x00ba40   0x12  Code  Gb  strlen.o [4]
timeout                 0x000112    0x1  Data  Gb  main.o [1]
timer1                  0x00010a    0x2  Data  Gb  main.o [1]
timer2                  0x00010c    0x2  Data  Gb  main.o [1]


[1] = C:\Documents and Settings\Administrator\Desktop\stm8s105k-controller\Project\STM8S_StdPeriph_Template\EWSTM8\STM8S105\Obj
[2] = command line
[3] = dbgstm8mmd.a
[4] = dlstm8mmf.a

  14 411 bytes of readonly  code memory
   1 072 bytes of readonly  data memory
     795 bytes of readwrite data memory

Errors: none
Warnings: none
