###############################################################################
#                                                                             #
# IAR ELF Linker V1.30.1.50036 for STM8                 21/Sep/2013  20:24:54 #
# Copyright 2010-2011 IAR Systems AB.                                         #
#                                                                             #
#    Output file  =  C:\Documents and Settings\Administrator\Desktop\stm8s105 #
#                    k-controller\Project\STM8S_StdPeriph_Template\EWSTM8\STM #
#                    8S105\Exe\Project.out                                    #
#    Map file     =  C:\Documents and Settings\Administrator\Desktop\stm8s105 #
#                    k-controller\Project\STM8S_StdPeriph_Template\EWSTM8\STM #
#                    8S105\List\Project.map                                   #
#    Command line =  "C:\Documents and Settings\Administrator\Desktop\stm8s10 #
#                    5k-controller\Project\STM8S_StdPeriph_Template\EWSTM8\ST #
#                    M8S105\Obj\main.o" "C:\Documents and                     #
#                    Settings\Administrator\Desktop\stm8s105k-controller\Proj #
#                    ect\STM8S_StdPeriph_Template\EWSTM8\STM8S105\Obj\stm8s_a #
#                    dc1.o" "C:\Documents and Settings\Administrator\Desktop\ #
#                    stm8s105k-controller\Project\STM8S_StdPeriph_Template\EW #
#                    STM8\STM8S105\Obj\stm8s_awu.o" "C:\Documents and         #
#                    Settings\Administrator\Desktop\stm8s105k-controller\Proj #
#                    ect\STM8S_StdPeriph_Template\EWSTM8\STM8S105\Obj\stm8s_b #
#                    eep.o" "C:\Documents and Settings\Administrator\Desktop\ #
#                    stm8s105k-controller\Project\STM8S_StdPeriph_Template\EW #
#                    STM8\STM8S105\Obj\stm8s_clk.o" "C:\Documents and         #
#                    Settings\Administrator\Desktop\stm8s105k-controller\Proj #
#                    ect\STM8S_StdPeriph_Template\EWSTM8\STM8S105\Obj\stm8s_e #
#                    xti.o" "C:\Documents and Settings\Administrator\Desktop\ #
#                    stm8s105k-controller\Project\STM8S_StdPeriph_Template\EW #
#                    STM8\STM8S105\Obj\stm8s_flash.o" "C:\Documents and       #
#                    Settings\Administrator\Desktop\stm8s105k-controller\Proj #
#                    ect\STM8S_StdPeriph_Template\EWSTM8\STM8S105\Obj\stm8s_g #
#                    pio.o" "C:\Documents and Settings\Administrator\Desktop\ #
#                    stm8s105k-controller\Project\STM8S_StdPeriph_Template\EW #
#                    STM8\STM8S105\Obj\stm8s_i2c.o" "C:\Documents and         #
#                    Settings\Administrator\Desktop\stm8s105k-controller\Proj #
#                    ect\STM8S_StdPeriph_Template\EWSTM8\STM8S105\Obj\stm8s_i #
#                    t.o" "C:\Documents and Settings\Administrator\Desktop\st #
#                    m8s105k-controller\Project\STM8S_StdPeriph_Template\EWST #
#                    M8\STM8S105\Obj\stm8s_itc.o" "C:\Documents and           #
#                    Settings\Administrator\Desktop\stm8s105k-controller\Proj #
#                    ect\STM8S_StdPeriph_Template\EWSTM8\STM8S105\Obj\stm8s_i #
#                    wdg.o" "C:\Documents and Settings\Administrator\Desktop\ #
#                    stm8s105k-controller\Project\STM8S_StdPeriph_Template\EW #
#                    STM8\STM8S105\Obj\stm8s_rst.o" "C:\Documents and         #
#                    Settings\Administrator\Desktop\stm8s105k-controller\Proj #
#                    ect\STM8S_StdPeriph_Template\EWSTM8\STM8S105\Obj\stm8s_s #
#                    pi.o" "C:\Documents and Settings\Administrator\Desktop\s #
#                    tm8s105k-controller\Project\STM8S_StdPeriph_Template\EWS #
#                    TM8\STM8S105\Obj\stm8s_tim1.o" "C:\Documents and         #
#                    Settings\Administrator\Desktop\stm8s105k-controller\Proj #
#                    ect\STM8S_StdPeriph_Template\EWSTM8\STM8S105\Obj\stm8s_t #
#                    im2.o" "C:\Documents and Settings\Administrator\Desktop\ #
#                    stm8s105k-controller\Project\STM8S_StdPeriph_Template\EW #
#                    STM8\STM8S105\Obj\stm8s_tim3.o" "C:\Documents and        #
#                    Settings\Administrator\Desktop\stm8s105k-controller\Proj #
#                    ect\STM8S_StdPeriph_Template\EWSTM8\STM8S105\Obj\stm8s_t #
#                    im4.o" "C:\Documents and Settings\Administrator\Desktop\ #
#                    stm8s105k-controller\Project\STM8S_StdPeriph_Template\EW #
#                    STM8\STM8S105\Obj\stm8s_uart2.o" "C:\Documents and       #
#                    Settings\Administrator\Desktop\stm8s105k-controller\Proj #
#                    ect\STM8S_StdPeriph_Template\EWSTM8\STM8S105\Obj\stm8s_w #
#                    wdg.o" --redirect _Printf=_PrintfSmall --redirect        #
#                    _Scanf=_ScanfSmall -o "C:\Documents and                  #
#                    Settings\Administrator\Desktop\stm8s105k-controller\Proj #
#                    ect\STM8S_StdPeriph_Template\EWSTM8\STM8S105\Exe\Project #
#                    .out" --map "C:\Documents and                            #
#                    Settings\Administrator\Desktop\stm8s105k-controller\Proj #
#                    ect\STM8S_StdPeriph_Template\EWSTM8\STM8S105\List\Projec #
#                    t.map" --config "C:\Program Files\IAR Systems\Embedded   #
#                    Workbench 6.0\stm8\config\lnkstm8s105k4.icf"             #
#                    --config_def _CSTACK_SIZE=0x200 --config_def             #
#                    _HEAP_SIZE=0x200 --entry __iar_program_start --debug_lib #
#                                                                             #
#                                                                             #
###############################################################################

*******************************************************************************
*** RUNTIME MODEL ATTRIBUTES
***

__Heap_Handler             = Basic
__SystemLibrary            = DLib
__code_model               = medium_or_large
__core                     = stm8
__data_model               = medium
__dlib_file_descriptor     = 1
__dlib_full_locale_support = 1
__rt_version               = 4


*******************************************************************************
*** PLACEMENT SUMMARY
***

"A1":  place at start of [0x000000-0x0000ff] { rw section .vregs };
"A2":  place at end of [0x000000-0x0007ff] { block CSTACK };
"P2":  place in [from 0x000000 to 0x0007ff] {
          block HEAP, rw section .far.bss, rw section .far.data,
          rw section .far.noinit, rw section .far_func.textrw,
          rw section .huge.bss, rw section .huge.data, rw section .huge.noinit,
          rw section .huge_func.textrw, rw section .iar.dynexit,
          rw section .near.bss, rw section .near.data, rw section .near.noinit,
          rw section .near_func.textrw };
"A3":  place at start of [0x008000-0x00bfff] { block INTVEC };
"P3":  place in [from 0x008000 to 0x00bfff] {
          ro section .far.data_init, ro section .far_func.textrw_init,
          ro section .huge.data_init, ro section .huge_func.textrw_init,
          ro section .iar.init_table, ro section .init_array,
          ro section .near.data_init, ro section .near.rodata,
          ro section .near_func.text, ro section .near_func.textrw_init,
          ro section .tiny.data_init, ro section .tiny.rodata_init };
"P4":  place in [from 0x008000 to 0x00bfff] {
          ro section .far.rodata, ro section .far_func.text };

  Section            Kind      Address    Size  Object
  -------            ----      -------    ----  ------
"A1":                                     0x10
  .vregs             uninit   0x000000    0x10  vregs.o [4]
                            - 0x000010    0x10

"P2", part 1 of 3:                        0x2b
  P2 s0                       0x000010    0x2b  <Init block>
    .near.data       inited   0x000010    0x28  xfiles.o [4]
    .near.data       inited   0x000038     0x1  main.o [1]
    .near.data       inited   0x000039     0x1  main.o [1]
    .near.data       inited   0x00003a     0x1  main.o [1]
                            - 0x00003b    0x2b

"P2", part 2 of 3:                        0x99
  .near.bss          zero     0x00003b    0x50  xfiles.o [4]
  .near.bss          zero     0x00008b     0xe  setlocale.o [4]
  .near.bss          zero     0x000099     0x8  main.o [1]
  .near.bss          zero     0x0000a1     0x4  xxmemxmalloc.o [4]
  .near.bss          zero     0x0000a5     0x3  setlocale.o [4]
  .near.bss          zero     0x0000a8     0x2  main.o [1]
  .near.bss          zero     0x0000aa     0x2  main.o [1]
  .near.bss          zero     0x0000ac     0x2  main.o [1]
  .near.bss          zero     0x0000ae     0x2  main.o [1]
  .near.bss          zero     0x0000b0     0x2  main.o [1]
  .near.bss          zero     0x0000b2     0x2  main.o [1]
  .near.bss          zero     0x0000b4     0x2  main.o [1]
  .near.bss          zero     0x0000b6     0x2  xgetmemchunk.o [4]
  .near.bss          zero     0x0000b8     0x1  main.o [1]
  .near.bss          zero     0x0000b9     0x1  main.o [1]
  .near.bss          zero     0x0000ba     0x1  main.o [1]
  .near.bss          zero     0x0000bb     0x1  main.o [1]
  .near.bss          zero     0x0000bc     0x1  main.o [1]
  .near.bss          zero     0x0000bd     0x1  main.o [1]
  .near.bss          zero     0x0000be     0x1  main.o [1]
  .near.bss          zero     0x0000bf     0x1  main.o [1]
  .near.bss          zero     0x0000c0     0x1  main.o [1]
  .near.bss          zero     0x0000c1     0x1  main.o [1]
  .near.bss          zero     0x0000c2     0x1  main.o [1]
  .near.bss          zero     0x0000c3     0x1  main.o [1]
  .near.bss          zero     0x0000c4     0x1  main.o [1]
  .near.bss          zero     0x0000c5     0x1  main.o [1]
  .near.bss          zero     0x0000c6     0x1  main.o [1]
  .near.bss          zero     0x0000c7     0x1  main.o [1]
  .near.bss          zero     0x0000c8     0x1  main.o [1]
  .near.bss          zero     0x0000c9     0x1  main.o [1]
  .near.bss          zero     0x0000ca     0x1  main.o [1]
  .near.bss          zero     0x0000cb     0x1  main.o [1]
  .near.bss          zero     0x0000cc     0x1  main.o [1]
  .near.bss          zero     0x0000cd     0x1  main.o [1]
  .near.bss          zero     0x0000ce     0x1  main.o [1]
  .near.bss          zero     0x0000cf     0x1  main.o [1]
  .near.bss          zero     0x0000d0     0x1  main.o [1]
  .near.bss          zero     0x0000d1     0x1  main.o [1]
  .near.bss          zero     0x0000d2     0x1  main.o [1]
  .near.bss          zero     0x0000d3     0x1  stm8s_it.o [1]
                            - 0x0000d4    0x99

"P2", part 3 of 3:                       0x200
  HEAP                        0x0000d4   0x200  <Block>
    HEAP             uninit   0x0000d4   0x200  <Block tail>
                            - 0x0002d4   0x200

"A2":                                    0x200
  CSTACK                      0x000600   0x200  <Block>
    CSTACK           uninit   0x000600   0x200  <Block tail>
                            - 0x000800   0x200

"A3":                                     0x80
  INTVEC                      0x008000    0x80  <Block>
    .intvec          const    0x008000    0x80  interrupt.o [4]
                            - 0x008080    0x80

"P3":                                    0x49f
  .near.rodata       const    0x008080    0x78  stm8s_flash.o [1]
  .near.rodata       const    0x0080f8    0x78  stm8s_uart2.o [1]
  .near.rodata       const    0x008170    0x77  stm8s_gpio.o [1]
  .near.rodata       const    0x0081e7    0x77  stm8s_tim2.o [1]
  .near.rodata       const    0x00825e    0x77  stm8s_tim3.o [1]
  .near.rodata       const    0x0082d5    0x76  stm8s_clk.o [1]
  .near.rodata       const    0x00834b    0x76  stm8s_i2c.o [1]
  .near.rodata       const    0x0083c1     0xb  main.o [1]
  .iar.init_table    const    0x0083cc    0x14  - Linker created -
  .near.rodata       const    0x0083e0    0x10  main.o [1]
  .near.rodata       const    0x0083f0     0xe  main.o [1]
  .near.rodata       const    0x0083fe     0xa  main.o [1]
  .near.rodata       const    0x008408     0xa  main.o [1]
  .near.rodata       const    0x008412     0xa  main.o [1]
  .near.rodata       const    0x00841c     0xa  main.o [1]
  .near.rodata       const    0x008426     0xa  main.o [1]
  .near.rodata       const    0x008430     0xa  main.o [1]
  .near.rodata       const    0x00843a     0xa  main.o [1]
  .near.rodata       const    0x008444     0xa  main.o [1]
  .near.rodata       const    0x00844e     0xa  main.o [1]
  .near.rodata       const    0x008458     0xa  main.o [1]
  .near.rodata       const    0x008462     0xa  main.o [1]
  .near.rodata       const    0x00846c     0x9  main.o [1]
  .near.rodata       const    0x008475     0x9  main.o [1]
  .near.rodata       const    0x00847e     0x8  main.o [1]
  .near.rodata       const    0x008486     0x8  main.o [1]
  .near.rodata       const    0x00848e     0x8  main.o [1]
  .near.rodata       const    0x008496     0x8  xprintfsmall.o [4]
  .near.rodata       const    0x00849e     0x8  xprintfsmall.o [4]
  .near.rodata       const    0x0084a6     0x8  xencoding_sb.o [4]
  .near.rodata       const    0x0084ae     0x8  xencoding_sb.o [4]
  .near.rodata       const    0x0084b6     0x7  main.o [1]
  .near.rodata       const    0x0084bd     0x7  main.o [1]
  .near.rodata       const    0x0084c4     0x7  main.o [1]
  .near.rodata       const    0x0084cb     0x7  main.o [1]
  .near.rodata       const    0x0084d2     0x7  main.o [1]
  .near.rodata       const    0x0084d9     0x7  main.o [1]
  .near.rodata       const    0x0084e0     0x7  main.o [1]
  .near.rodata       const    0x0084e7     0x7  xprintfsmall.o [4]
  .near.rodata       const    0x0084ee     0x6  main.o [1]
  Initializer bytes  ro data  0x0084f4    0x2b  <for P2 s0>
                            - 0x00851f   0x49f

"P4":                                   0x2f6d
  .far_func.text     ro code  0x00851f   0xd87  main.o [1]
  .far_func.text     ro code  0x0092a6   0x4aa  xprintfsmall.o [4]
  .far_func.text     ro code  0x009750   0x1e7  xprintfsmall.o [4]
  .far_func.text     ro code  0x009937   0x1a1  main.o [1]
  .far_func.text     ro code  0x009ad8   0x17f  xprintfsmall.o [4]
  .far_func.text     ro code  0x009c57   0x16d  stm8s_i2c.o [1]
  .far_func.text     ro code  0x009dc4   0x15a  long.o [4]
  .far_func.text     ro code  0x009f1e   0x147  main.o [1]
  .far_func.text     ro code  0x00a065   0x143  vreg_util.o [4]
  .far_func.text     ro code  0x00a1a8    0xff  stm8s_it.o [1]
  .far_func.text     ro code  0x00a2a7    0xe6  xxmemxfree.o [4]
  .far_func.text     ro code  0x00a38d    0xd5  stm8s_clk.o [1]
  .far_func.text     ro code  0x00a462    0xb4  stm8s_gpio.o [1]
  .far_func.text     ro code  0x00a516    0xa6  stm8s_i2c.o [1]
  .far_func.text     ro code  0x00a5bc    0xa2  main.o [1]
  .far_func.text     ro code  0x00a65e    0x9a  xxmemxmalloc.o [4]
  .far_func.text     ro code  0x00a6f8    0x93  stm8s_i2c.o [1]
  .far_func.text     ro code  0x00a78b    0x91  stm8s_clk.o [1]
  .far_func.text     ro code  0x00a81c    0x70  xxmemxmalloc.o [4]
  .far_func.text     ro code  0x00a88c    0x6a  main.o [1]
  .far_func.text     ro code  0x00a8f6    0x67  main.o [1]
  .far_func.text     ro code  0x00a95d    0x60  stm8s_tim2.o [1]
  .far_func.text     ro code  0x00a9bd    0x60  stm8s_tim3.o [1]
  .far_func.text     ro code  0x00aa1d    0x5e  stm8s_clk.o [1]
  .far_func.text     ro code  0x00aa7b    0x59  stm8s_tim2.o [1]
  .far_func.text     ro code  0x00aad4    0x4f  short.o [4]
  .far_func.text     ro code  0x00ab23    0x47  xprintfsmall.o [4]
  .far_func.text     ro code  0x00ab6a    0x45  stm8s_tim3.o [1]
  .far_func.text     ro code  0x00abaf    0x45  sprintf.o [4]
  .far_func.text     ro code  0x00abf4    0x3e  main.o [1]
  .far_func.text     ro code  0x00ac32    0x3e  long_util.o [4]
  .far_func.text     ro code  0x00ac70    0x3b  stm8s_it.o [1]
  .far_func.text     ro code  0x00acab    0x3a  stm8s_flash.o [1]
  .far_func.text     ro code  0x00ace5    0x39  xprintfsmall.o [4]
  .far_func.text     ro code  0x00ad1e    0x36  stm8s_clk.o [1]
  .far_func.text     ro code  0x00ad54    0x35  xprintfsmall.o [4]
  .far_func.text     ro code  0x00ad89    0x35  xprintfsmall.o [4]
  .far_func.text     ro code  0x00adbe    0x34  stm8s_i2c.o [1]
  .far_func.text     ro code  0x00adf2    0x34  far_util.o [4]
  .far_func.text     ro code  0x00ae26    0x32  stm8s_i2c.o [1]
  .far_func.text     ro code  0x00ae58    0x30  xencoding_sb.o [4]
  .far_func.text     ro code  0x00ae88    0x2c  stm8s_flash.o [1]
  .far_func.text     ro code  0x00aeb4    0x29  xmbtowc.o [4]
  .far_func.text     ro code  0x00aedd    0x28  printf.o [4]
  .far_func.text     ro code  0x00af05    0x28  init_small.o [4]
  .far_func.text     ro code  0x00af2d    0x26  memcpy.o [4]
  .far_func.text     ro code  0x00af53    0x25  stm8s_i2c.o [1]
  .far_func.text     ro code  0x00af78    0x25  stm8s_it.o [1]
  .far_func.text     ro code  0x00af9d    0x25  stm8s_uart2.o [1]
  .far_func.text     ro code  0x00afc2    0x22  stm8s_flash.o [1]
  .far_func.text     ro code  0x00afe4    0x22  xwctomb.o [4]
  .far_func.text     ro code  0x00b006    0x22  xgetmemchunk.o [4]
  .far_func.text     ro code  0x00b028    0x21  stm8s_flash.o [1]
  .far_func.text     ro code  0x00b049    0x20  stm8s_flash.o [1]
  .far_func.text     ro code  0x00b069    0x1e  init.o [4]
  .far_func.text     ro code  0x00b087    0x1e  init_small.o [4]
  .far_func.text     ro code  0x00b0a5    0x1d  stm8s_tim2.o [1]
  .far_func.text     ro code  0x00b0c2    0x1d  stm8s_tim3.o [1]
  .far_func.text     ro code  0x00b0df    0x1d  xprout.o [4]
  .far_func.text     ro code  0x00b0fc    0x1a  stm8s_flash.o [1]
  .far_func.text     ro code  0x00b116    0x1a  xprintfsmall.o [4]
  .far_func.text     ro code  0x00b130    0x19  xencoding_sb.o [4]
  .far_func.text     ro code  0x00b149    0x18  stm8s_flash.o [1]
  .far_func.text     ro code  0x00b161    0x18  stm8s_i2c.o [1]
  .far_func.text     ro code  0x00b179    0x18  stm8s_i2c.o [1]
  .far_func.text     ro code  0x00b191    0x18  stm8s_i2c.o [1]
  .far_func.text     ro code  0x00b1a9    0x17  cstartup.o [4]
  .far_func.text     ro code  0x00b1c0    0x16  xprintfsmall.o [4]
  .far_func.text     ro code  0x00b1d6    0x16  __dbg_xxexit.o [3]
  .far_func.text     ro code  0x00b1ec    0x15  memchr.o [4]
  .far_func.text     ro code  0x00b201    0x15  strchr.o [4]
  .far_func.text     ro code  0x00b216    0x14  main.o [1]
  .far_func.text     ro code  0x00b22a    0x13  main.o [1]
  .far_func.text     ro code  0x00b23d    0x13  stm8s_flash.o [1]
  .far_func.text     ro code  0x00b250    0x13  xprintfsmall.o [4]
  .far_func.text     ro code  0x00b263    0x12  stm8s_i2c.o [1]
  .far_func.text     ro code  0x00b275    0x12  strlen.o [4]
  .far_func.text     ro code  0x00b287    0x10  xprintfsmall.o [4]
  .far_func.text     ro code  0x00b297     0xf  main.o [1]
  .far_func.text     ro code  0x00b2a6     0xe  xsprout.o [4]
  .far_func.text     ro code  0x00b2b4     0xe  setlocale.o [4]
  .far_func.text     ro code  0x00b2c2     0xd  move.o [4]
  .far_func.text     ro code  0x00b2cf     0xc  main.o [1]
  .far_func.text     ro code  0x00b2db     0xc  main.o [1]
  .far_func.text     ro code  0x00b2e7     0xc  stm8s_clk.o [1]
  .far_func.text     ro code  0x00b2f3     0xc  stm8s_flash.o [1]
  .far_func.text     ro code  0x00b2ff     0xc  stm8s_gpio.o [1]
  .far_func.text     ro code  0x00b30b     0xc  stm8s_i2c.o [1]
  .far_func.text     ro code  0x00b317     0xc  stm8s_i2c.o [1]
  .far_func.text     ro code  0x00b323     0xc  stm8s_tim2.o [1]
  .far_func.text     ro code  0x00b32f     0xc  stm8s_tim3.o [1]
  .far_func.text     ro code  0x00b33b     0xc  stm8s_uart2.o [1]
  .far_func.text     ro code  0x00b347     0xc  xprintfsmall.o [4]
  .far_func.text     ro code  0x00b353     0xc  xprintfsmall.o [4]
  .far_func.text     ro code  0x00b35f     0xb  main.o [1]
  .far_func.text     ro code  0x00b36a     0xb  main.o [1]
  .far_func.text     ro code  0x00b375     0xb  stm8s_clk.o [1]
  .far_func.text     ro code  0x00b380     0xb  xprintfsmall.o [4]
  .far_func.text     ro code  0x00b38b     0xb  setlocale.o [4]
  .far_func.text     ro code  0x00b396     0xa  main.o [1]
  .far_func.text     ro code  0x00b3a0     0xa  stm8s_tim2.o [1]
  .far_func.text     ro code  0x00b3aa     0xa  stm8s_tim3.o [1]
  .far_func.text     ro code  0x00b3b4     0xa  xprintfsmall.o [4]
  .far_func.text     ro code  0x00b3be     0xa  far.o [4]
  .far_func.text     ro code  0x00b3c8     0xa  setlocale.o [4]
  .far_func.text     ro code  0x00b3d2     0x9  main.o [1]
  .far_func.text     ro code  0x00b3db     0x9  main.o [1]
  .far_func.text     ro code  0x00b3e4     0x9  main.o [1]
  .far_func.text     ro code  0x00b3ed     0x9  main.o [1]
  .far_func.text     ro code  0x00b3f6     0x9  main.o [1]
  .far_func.text     ro code  0x00b3ff     0x9  xprintfsmall.o [4]
  .far_func.text     ro code  0x00b408     0x9  xprintfsmall.o [4]
  .far_func.text     ro code  0x00b411     0x9  setlocale.o [4]
  .far_func.text     ro code  0x00b41a     0x8  xprintfsmall.o [4]
  .far_func.text     ro code  0x00b422     0x8  xxmemxmalloc.o [4]
  .far_func.text     ro code  0x00b42a     0x8  putchar.o [4]
  .far_func.text     ro code  0x00b432     0x7  main.o [1]
  .far_func.text     ro code  0x00b439     0x7  xmbcurmax.o [4]
  .far_func.text     ro code  0x00b440     0x6  xprintfsmall.o [4]
  .far_func.text     ro code  0x00b446     0x6  cexit.o [4]
  .far_func.text     ro code  0x00b44c     0x4  stm8s_gpio.o [1]
  .far_func.text     ro code  0x00b450     0x4  stm8s_i2c.o [1]
  .far_func.text     ro code  0x00b454     0x4  stm8s_i2c.o [1]
  .far_func.text     ro code  0x00b458     0x4  stm8s_uart2.o [1]
  .far_func.text     ro code  0x00b45c     0x4  interrupt.o [4]
  .far_func.text     ro code  0x00b460     0x4  exit.o [4]
  .far_func.text     ro code  0x00b464     0x3  stm8s_gpio.o [1]
  .far_func.text     ro code  0x00b467     0x3  stm8s_gpio.o [1]
  .far_func.text     ro code  0x00b46a     0x3  stm8s_gpio.o [1]
  .far_func.text     ro code  0x00b46d     0x3  stm8s_gpio.o [1]
  .far_func.text     ro code  0x00b470     0x3  low_level_init.o [4]
  .far_func.text     ro code  0x00b473     0x3  unhandled_exception.o [4]
  .far_func.text     ro code  0x00b476     0x2  main.o [1]
  .far_func.text     ro code  0x00b478     0x1  stm8s_it.o [1]
  .far_func.text     ro code  0x00b479     0x1  stm8s_it.o [1]
  .far_func.text     ro code  0x00b47a     0x1  stm8s_it.o [1]
  .far_func.text     ro code  0x00b47b     0x1  stm8s_it.o [1]
  .far_func.text     ro code  0x00b47c     0x1  stm8s_it.o [1]
  .far_func.text     ro code  0x00b47d     0x1  stm8s_it.o [1]
  .far_func.text     ro code  0x00b47e     0x1  stm8s_it.o [1]
  .far_func.text     ro code  0x00b47f     0x1  stm8s_it.o [1]
  .far_func.text     ro code  0x00b480     0x1  stm8s_it.o [1]
  .far_func.text     ro code  0x00b481     0x1  stm8s_it.o [1]
  .far_func.text     ro code  0x00b482     0x1  stm8s_it.o [1]
  .far_func.text     ro code  0x00b483     0x1  stm8s_it.o [1]
  .far_func.text     ro code  0x00b484     0x1  stm8s_it.o [1]
  .far_func.text     ro code  0x00b485     0x1  stm8s_it.o [1]
  .far_func.text     ro code  0x00b486     0x1  stm8s_it.o [1]
  .far_func.text     ro code  0x00b487     0x1  stm8s_it.o [1]
  .far_func.text     ro code  0x00b488     0x1  stm8s_it.o [1]
  .far_func.text     ro code  0x00b489     0x1  stm8s_it.o [1]
  .far_func.text     ro code  0x00b48a     0x1  stm8s_it.o [1]
  .far_func.text     ro code  0x00b48b     0x1  __dbg_break.o [3]
                            - 0x00b48c  0x2f6d


*******************************************************************************
*** INIT TABLE
***

          Address   Size
          -------   ----
Zero (__iar_zero_init2)
    1 destination range, total size 0x99:
          0x00003b  0x99

Copy (__iar_copy_init2)
    1 source range, total size 0x2b:
          0x0084f4  0x2b
    1 destination range, total size 0x2b:
          0x000010  0x2b


*******************************************************************************
*** MODULE SUMMARY
***

    Module                 ro code  ro data  rw data
    ------                 -------  -------  -------
C:\Documents and Settings\Administrator\Desktop\stm8s105k-controller\Project\STM8S_StdPeriph_Template\EWSTM8\STM8S105\Obj: [1]
    main.o                   4 804      251       52
    stm8s_clk.o                529      118
    stm8s_flash.o              282      120
    stm8s_gpio.o               208      119
    stm8s_i2c.o                939      118
    stm8s_it.o                 370                 1
    stm8s_tim2.o               236      119
    stm8s_tim3.o               216      119
    stm8s_uart2.o               53      120
    ------------------------------------------------
    Total:                   7 637    1 084       53

command line: [2]
    ------------------------------------------------
    Total:

dbgstm8mmd.a: [3]
    __dbg_break.o                1
    __dbg_xxexit.o              22
    ------------------------------------------------
    Total:                      23

dlstm8mmf.a: [4]
    cexit.o                      6
    cstartup.o                  23
    exit.o                       4
    far.o                       10
    far_util.o                  52
    init.o                      30
    init_small.o                70
    interrupt.o                  4      128
    long.o                     346
    long_util.o                 62
    low_level_init.o             3
    memchr.o                    21
    memcpy.o                    38
    move.o                      13
    printf.o                    40
    putchar.o                    8
    setlocale.o                 44                17
    short.o                     79
    sprintf.o                   69
    strchr.o                    21
    strlen.o                    18
    unhandled_exception.o        3
    vreg_util.o                323
    vregs.o                                       16
    xencoding_sb.o              73       16
    xfiles.o                             40      120
    xgetmemchunk.o              34                 2
    xmbcurmax.o                  7
    xmbtowc.o                   41
    xprintfsmall.o           2 458       23
    xprout.o                    29
    xsprout.o                   14
    xwctomb.o                   34
    xxmemxfree.o               230
    xxmemxmalloc.o             274                 4
    ------------------------------------------------
    Total:                   4 481      207      159

    Linker created                       20    1 024
----------------------------------------------------
    Grand Total:            12 141    1 311    1 236


*******************************************************************************
*** ENTRY LIST
***

Entry                    Address   Size  Type      Object
-----                    -------   ----  ----      ------
?add32_l0_l0_0x         0x009dd7         Code  Gb  long.o [4]
?add32_l0_l0_l1         0x009dd4         Code  Gb  long.o [4]
?and32_l0_l0_0x         0x009edd         Code  Gb  long.o [4]
?and32_l0_l0_l1         0x009eda         Code  Gb  long.o [4]
?b0                     0x000000         Data  Gb  vregs.o [4]
?b1                     0x000001         Data  Gb  vregs.o [4]
?b10                    0x00000a         Data  Gb  vregs.o [4]
?b11                    0x00000b         Data  Gb  vregs.o [4]
?b12                    0x00000c         Data  Gb  vregs.o [4]
?b13                    0x00000d         Data  Gb  vregs.o [4]
?b14                    0x00000e         Data  Gb  vregs.o [4]
?b15                    0x00000f         Data  Gb  vregs.o [4]
?b2                     0x000002         Data  Gb  vregs.o [4]
?b3                     0x000003         Data  Gb  vregs.o [4]
?b4                     0x000004         Data  Gb  vregs.o [4]
?b5                     0x000005         Data  Gb  vregs.o [4]
?b6                     0x000006         Data  Gb  vregs.o [4]
?b7                     0x000007         Data  Gb  vregs.o [4]
?b8                     0x000008         Data  Gb  vregs.o [4]
?b9                     0x000009         Data  Gb  vregs.o [4]
?e0                     0x000001         Data  Gb  vregs.o [4]
?e1                     0x000005         Data  Gb  vregs.o [4]
?e2                     0x000009         Data  Gb  vregs.o [4]
?e3                     0x00000d         Data  Gb  vregs.o [4]
?epilogue_l2            0x00a116         Code  Gb  vreg_util.o [4]
?epilogue_l2_l3         0x00a112         Code  Gb  vreg_util.o [4]
?epilogue_l2_w6         0x00a11b         Code  Gb  vreg_util.o [4]
?epilogue_w4            0x00a124         Code  Gb  vreg_util.o [4]
?l0                     0x000000         Data  Gb  vregs.o [4]
?l1                     0x000004         Data  Gb  vregs.o [4]
?l2                     0x000008         Data  Gb  vregs.o [4]
?l3                     0x00000c         Data  Gb  vregs.o [4]
?load24_0x_e0           0x00ae18         Code  Gb  far_util.o [4]
?load24_e0_0x           0x00adf2         Code  Gb  far_util.o [4]
?load24_e1_0x           0x00ae00         Code  Gb  far_util.o [4]
?load24_xsp_e0          0x00ae0e         Code  Gb  far_util.o [4]
?load32_0x_l0           0x00ac62         Code  Gb  long_util.o [4]
?load32_l0_0x           0x00ac4c         Code  Gb  long_util.o [4]
?load32_l0_asp          0x00ac40         Code  Gb  long_util.o [4]
?load32_l0_dbsp         0x00ac32         Code  Gb  long_util.o [4]
?load32_l0_xsp          0x00ac42         Code  Gb  long_util.o [4]
?load32_xsp_l0          0x00ac58         Code  Gb  long_util.o [4]
?mov_e0_e2              0x00a15d         Code  Gb  vreg_util.o [4]
?mov_e0_e3              0x00a16a         Code  Gb  vreg_util.o [4]
?mov_e1_e0              0x00a177         Code  Gb  vreg_util.o [4]
?mov_e1_e2              0x00a184         Code  Gb  vreg_util.o [4]
?mov_e2_e0              0x00a191         Code  Gb  vreg_util.o [4]
?mov_e3_e0              0x00a19e         Code  Gb  vreg_util.o [4]
?mov_l0_l2              0x00a15a         Code  Gb  vreg_util.o [4]
?mov_l0_l3              0x00a167         Code  Gb  vreg_util.o [4]
?mov_l1_l0              0x00a174         Code  Gb  vreg_util.o [4]
?mov_l1_l2              0x00a181         Code  Gb  vreg_util.o [4]
?mov_l2_l0              0x00a18e         Code  Gb  vreg_util.o [4]
?mov_l3_l0              0x00a19b         Code  Gb  vreg_util.o [4]
?mov_w0_w4              0x00a129         Code  Gb  vreg_util.o [4]
?mov_w0_w5              0x00a130         Code  Gb  vreg_util.o [4]
?mov_w1_w4              0x00a137         Code  Gb  vreg_util.o [4]
?mov_w1_w5              0x00a160         Code  Gb  vreg_util.o [4]
?mov_w1_w7              0x00a16d         Code  Gb  vreg_util.o [4]
?mov_w2_w1              0x00a13e         Code  Gb  vreg_util.o [4]
?mov_w3_w1              0x00a17a         Code  Gb  vreg_util.o [4]
?mov_w3_w5              0x00a187         Code  Gb  vreg_util.o [4]
?mov_w4_w0              0x00a145         Code  Gb  vreg_util.o [4]
?mov_w4_w1              0x00a14c         Code  Gb  vreg_util.o [4]
?mov_w5_w0              0x00a153         Code  Gb  vreg_util.o [4]
?mov_w5_w1              0x00a194         Code  Gb  vreg_util.o [4]
?mov_w7_w1              0x00a1a1         Code  Gb  vreg_util.o [4]
?move1616_v_x_y_a       0x00b2c2         Code  Gb  move.o [4]
?mul16_x_x_w0           0x00aad4         Code  Gb  short.o [4]
?mul32_l0_l0_l1         0x009def         Code  Gb  long.o [4]
?neg32_l0_l0            0x009dc4         Code  Gb  long.o [4]
?pop_l0                 0x00a0da         Code  Gb  vreg_util.o [4]
?pop_l1                 0x00a0e5         Code  Gb  vreg_util.o [4]
?pop_l2                 0x00a0f0         Code  Gb  vreg_util.o [4]
?pop_l3                 0x00a0fb         Code  Gb  vreg_util.o [4]
?pop_w4                 0x00a08b         Code  Gb  vreg_util.o [4]
?pop_w6                 0x00a092         Code  Gb  vreg_util.o [4]
?push_l0                0x00a0a5         Code  Gb  vreg_util.o [4]
?push_l1                0x00a0aa         Code  Gb  vreg_util.o [4]
?push_l2                0x00a0af         Code  Gb  vreg_util.o [4]
?push_l3                0x00a0b4         Code  Gb  vreg_util.o [4]
?push_w2                0x00a065         Code  Gb  vreg_util.o [4]
?push_w4                0x00a06a         Code  Gb  vreg_util.o [4]
?push_w6                0x00a06f         Code  Gb  vreg_util.o [4]
?sdiv16_x_x_y           0x00aaf2         Code  Gb  short.o [4]
?sext32_l0_a            0x009f11         Code  Gb  long.o [4]
?sext32_l0_x            0x009f06         Code  Gb  long.o [4]
?sll16_x_x_a            0x00ab1b         Code  Gb  short.o [4]
?sll32_0x_0x_a          0x009ef8         Code  Gb  long.o [4]
?sll32_l0_l0_a          0x009ef5         Code  Gb  long.o [4]
?smod16_y_x_y           0x00ab0b         Code  Gb  short.o [4]
?ucmp24_c_0x_e0         0x00b3be         Code  Gb  far.o [4]
?udiv32_l0_l0_l1        0x009e6d         Code  Gb  long.o [4]
?umod32_l1_l0_l1        0x009e6d         Code  Gb  long.o [4]
?w0                     0x000000         Data  Gb  vregs.o [4]
?w1                     0x000002         Data  Gb  vregs.o [4]
?w2                     0x000004         Data  Gb  vregs.o [4]
?w3                     0x000006         Data  Gb  vregs.o [4]
?w4                     0x000008         Data  Gb  vregs.o [4]
?w5                     0x00000a         Data  Gb  vregs.o [4]
?w6                     0x00000c         Data  Gb  vregs.o [4]
?w7                     0x00000e         Data  Gb  vregs.o [4]
ADC1_IRQHandler         0x00b488    0x1  Code  Gb  stm8s_it.o [1]
AWU_IRQHandler          0x00b47a    0x1  Code  Gb  stm8s_it.o [1]
CLK_ClockSwitchConfig   0x00a38d   0xd5  Code  Gb  stm8s_clk.o [1]
CLK_DeInit              0x00ad1e   0x36  Code  Gb  stm8s_clk.o [1]
CLK_IRQHandler          0x00b47b    0x1  Code  Gb  stm8s_it.o [1]
CLK_PeripheralClockConfig
                        0x00a78b   0x91  Code  Gb  stm8s_clk.o [1]
CLK_SYSCLKConfig        0x00aa1d   0x5e  Code  Gb  stm8s_clk.o [1]
CSTACK$$Base            0x000600          --   Gb  - Linker created -
CSTACK$$Limit           0x000800          --   Gb  - Linker created -
Check_DS1307            0x0099a3   0x40  Code  Gb  main.o [1]
Clear_Line1             0x008941   0x13  Code  Gb  main.o [1]
Clear_Line2             0x00892e   0x13  Code  Gb  main.o [1]
DS18Set                 0x009027   0x29  Code  Gb  main.o [1]
DS18_Read               0x009050   0x4d  Code  Gb  main.o [1]
DS18_Reset              0x008fed   0x31  Code  Gb  main.o [1]
DS18_Write              0x008fb4   0x39  Code  Gb  main.o [1]
Delay1                  0x00851f    0xe  Code  Gb  main.o [1]
Delay_us                0x008fae    0x6  Code  Gb  main.o [1]
Display                 0x00a5bc   0xa2  Code  Gb  main.o [1]
EEPROM_EEC_IRQHandler   0x00b48a    0x1  Code  Gb  stm8s_it.o [1]
EEPROM_INIT             0x008c16    0xf  Code  Gb  main.o [1]
EXTI_PORTA_IRQHandler   0x00b47c    0x1  Code  Gb  stm8s_it.o [1]
EXTI_PORTB_IRQHandler   0x00b47d    0x1  Code  Gb  stm8s_it.o [1]
EXTI_PORTC_IRQHandler   0x00b47e    0x1  Code  Gb  stm8s_it.o [1]
EXTI_PORTD_IRQHandler   0x00b47f    0x1  Code  Gb  stm8s_it.o [1]
EXTI_PORTE_IRQHandler   0x00b480    0x1  Code  Gb  stm8s_it.o [1]
FLASH_DeInit            0x00b149   0x18  Code  Gb  stm8s_flash.o [1]
FLASH_Lock              0x00b049   0x20  Code  Gb  stm8s_flash.o [1]
FLASH_ProgramByte       0x00acab   0x3a  Code  Gb  stm8s_flash.o [1]
FLASH_ReadByte          0x00ae88   0x2c  Code  Gb  stm8s_flash.o [1]
FLASH_SetProgrammingTime
                        0x00afc2   0x22  Code  Gb  stm8s_flash.o [1]
FLASH_Unlock            0x00b028   0x21  Code  Gb  stm8s_flash.o [1]
GPIO_Init               0x00a462   0xb4  Code  Gb  stm8s_gpio.o [1]
GPIO_ReadInputData      0x00b46a    0x3  Code  Gb  stm8s_gpio.o [1]
GPIO_ReadInputPin       0x00b46d    0x3  Code  Gb  stm8s_gpio.o [1]
GPIO_WriteHigh          0x00b464    0x3  Code  Gb  stm8s_gpio.o [1]
GPIO_WriteLow           0x00b44c    0x4  Code  Gb  stm8s_gpio.o [1]
GPIO_WriteReverse       0x00b467    0x3  Code  Gb  stm8s_gpio.o [1]
GpioConfiguration       0x00a8f6   0x67  Code  Gb  main.o [1]
HEAP$$Base              0x0000d4          --   Gb  - Linker created -
HEAP$$Limit             0x0002d4          --   Gb  - Linker created -
I2C_AcknowledgeConfig   0x00adbe   0x34  Code  Gb  stm8s_i2c.o [1]
I2C_CheckEvent          0x00a516   0xa6  Code  Gb  stm8s_i2c.o [1]
I2C_Cmd                 0x00b161   0x18  Code  Gb  stm8s_i2c.o [1]
I2C_DeInit              0x00af53   0x25  Code  Gb  stm8s_i2c.o [1]
I2C_GenerateSTART       0x00b179   0x18  Code  Gb  stm8s_i2c.o [1]
I2C_GenerateSTOP        0x00b191   0x18  Code  Gb  stm8s_i2c.o [1]
I2C_GetFlagStatus       0x00a6f8   0x93  Code  Gb  stm8s_i2c.o [1]
I2C_IRQHandler          0x00b486    0x1  Code  Gb  stm8s_it.o [1]
I2C_Init                0x009c57  0x16d  Code  Gb  stm8s_i2c.o [1]
I2C_RA                  0x00997b   0x28  Code  Gb  main.o [1]
I2C_RD                  0x009958   0x23  Code  Gb  main.o [1]
I2C_ReceiveData         0x00b450    0x4  Code  Gb  stm8s_i2c.o [1]
I2C_Send7bitAddress     0x00ae26   0x32  Code  Gb  stm8s_i2c.o [1]
I2C_SendData            0x00b454    0x4  Code  Gb  stm8s_i2c.o [1]
I2C_Start               0x0089db   0x26  Code  Gb  main.o [1]
I2C_WA                  0x0089b5   0x26  Code  Gb  main.o [1]
I2C_WD                  0x008991   0x24  Code  Gb  main.o [1]
INTVEC$$Base            0x008000          --   Gb  - Linker created -
INTVEC$$Limit           0x008080          --   Gb  - Linker created -
InitClk                 0x00abf4   0x3e  Code  Gb  main.o [1]
InitDelayTimer2         0x0091e4   0x1d  Code  Gb  main.o [1]
InitDelayTimer3         0x0091cd   0x17  Code  Gb  main.o [1]
InitI2C                 0x009a96   0x26  Code  Gb  main.o [1]
InitLcd                 0x009235   0x55  Code  Gb  main.o [1]
Key_Press               0x0088ef   0x3f  Code  Gb  main.o [1]
LCD                     0x0085d2   0xae  Code  Gb  main.o [1]
LCDData                 0x008594    0xb  Code  Gb  main.o [1]
LCDDataOut              0x00853d   0x57  Code  Gb  main.o [1]
LCDInstr                0x0085c7    0xb  Code  Gb  main.o [1]
LCDInstrNibble          0x009226    0xf  Code  Gb  main.o [1]
LoadInt                 0x00ab23   0x47  Code  Lc  xprintfsmall.o [4]
Menu                    0x008dee  0x18b  Code  Gb  main.o [1]
Power_Off               0x009abc    0xe  Code  Gb  main.o [1]
Power_On                0x009aca    0xe  Code  Gb  main.o [1]
PulseEnable             0x00852d   0x10  Code  Gb  main.o [1]
ReadDS1307              0x0099ff   0x6d  Code  Gb  main.o [1]
Read_Allarm             0x00a88c   0x6a  Code  Gb  main.o [1]
Read_DS18               0x0090bc   0x79  Code  Gb  main.o [1]
Region$$Table$$Base     0x0083cc          --   Gb  - Linker created -
Region$$Table$$Limit    0x0083e0          --   Gb  - Linker created -
SPI_IRQHandler          0x00b481    0x1  Code  Gb  stm8s_it.o [1]
Save_Status             0x009937    0xa  Code  Gb  main.o [1]
Set_Clock               0x008a7f  0x176  Code  Gb  main.o [1]
Set_DS1307              0x008a08   0x6c  Code  Gb  main.o [1]
Set_Date                0x008788  0x15d  Code  Gb  main.o [1]
Set_Timer_Off           0x008c25   0xac  Code  Gb  main.o [1]
Set_Timer_On            0x008d05   0xa7  Code  Gb  main.o [1]
TIM1_CAP_COM_IRQHandler
                        0x00b483    0x1  Code  Gb  stm8s_it.o [1]
TIM1_UPD_OVF_TRG_BRK_IRQHandler
                        0x00b482    0x1  Code  Gb  stm8s_it.o [1]
TIM2_CAP_COM_IRQHandler
                        0x00b484    0x1  Code  Gb  stm8s_it.o [1]
TIM2_ClearITPendingBit  0x00b0a5   0x1d  Code  Gb  stm8s_tim2.o [1]
TIM2_Cmd                0x00a9a5   0x18  Code  Gb  stm8s_tim2.o [1]
TIM2_DeInit             0x00aa7b   0x59  Code  Gb  stm8s_tim2.o [1]
TIM2_ITConfig           0x00a969   0x3c  Code  Gb  stm8s_tim2.o [1]
TIM2_TimeBaseInit       0x00b3a0    0xa  Code  Gb  stm8s_tim2.o [1]
TIM2_UPD_OVF_BRK_IRQHandler
                        0x00ac70   0x3b  Code  Gb  stm8s_it.o [1]
TIM3_CAP_COM_IRQHandler
                        0x00b485    0x1  Code  Gb  stm8s_it.o [1]
TIM3_ClearITPendingBit  0x00b0c2   0x1d  Code  Gb  stm8s_tim3.o [1]
TIM3_Cmd                0x00aa05   0x18  Code  Gb  stm8s_tim3.o [1]
TIM3_DeInit             0x00ab6a   0x45  Code  Gb  stm8s_tim3.o [1]
TIM3_ITConfig           0x00a9c9   0x3c  Code  Gb  stm8s_tim3.o [1]
TIM3_TimeBaseInit       0x00b3aa    0xa  Code  Gb  stm8s_tim3.o [1]
TIM3_UPD_OVF_BRK_IRQHandler
                        0x00a1a8   0xff  Code  Gb  stm8s_it.o [1]
TIM4_UPD_OVF_IRQHandler
                        0x00b489    0x1  Code  Gb  stm8s_it.o [1]
TLI_IRQHandler          0x00b479    0x1  Code  Gb  stm8s_it.o [1]
TRAP_IRQHandler         0x00b478    0x1  Code  Gb  stm8s_it.o [1]
Time_Display            0x0000d2    0x1  Data  Gb  main.o [1]
UART2_ClearITPendingBit
                        0x00af9d   0x25  Code  Gb  stm8s_uart2.o [1]
UART2_RX_IRQHandler     0x00af78   0x25  Code  Gb  stm8s_it.o [1]
UART2_ReceiveData8      0x00b458    0x4  Code  Gb  stm8s_uart2.o [1]
UART2_TX_IRQHandler     0x00b487    0x1  Code  Gb  stm8s_it.o [1]
_EncodingSb_Mbtowc      0x00ae58   0x30  Code  Gb  xencoding_sb.o [4]
_EncodingSb_Wctomb      0x00b130   0x19  Code  Gb  xencoding_sb.o [4]
_LitobSmall             0x009ad8  0x17f  Code  Lc  xprintfsmall.o [4]
_LocaleEncoding         0x00b2b4    0xe  Code  Gb  setlocale.o [4]
_Locale_Profile         0x00008b    0xe  Data  Gb  setlocale.o [4]
_Mbtowc                 0x00aeb4   0x29  Code  Gb  xmbtowc.o [4]
_PrintfSmall            0x0092a6  0x4aa  Code  Gb  xprintfsmall.o [4]
_Prout                  0x00b0df   0x1d  Code  Gb  xprout.o [4]
_PutcharSmall           0x00ace5   0x39  Code  Lc  xprintfsmall.o [4]
_PutcharsSmall          0x00ad89   0x35  Code  Lc  xprintfsmall.o [4]
_PutstrSmall            0x009750  0x1e7  Code  Lc  xprintfsmall.o [4]
_SProut                 0x00b2a6    0xe  Code  Gb  xsprout.o [4]
_Wctomb                 0x00afe4   0x22  Code  Gb  xwctomb.o [4]
__DebugBreak            0x00b48b    0x1  Code  Gb  __dbg_break.o [3]
__exit                  0x00b1d6   0x16  Code  Gb  __dbg_xxexit.o [3]
__iar_Mbcurmax          0x00b439    0x7  Code  Gb  xmbcurmax.o [4]
__iar_Memchr            0x00b1ec   0x15  Code  Gb  memchr.o [4]
__iar_Stdout            0x000010   0x28  Data  Gb  xfiles.o [4]
__iar_Strchr            0x00b201   0x15  Code  Gb  strchr.o [4]
__iar_Tls_setup__Locale_Profile
                        0x0000a5    0x3  Data  Gb  setlocale.o [4]
__iar_copy_init2        0x00af05         Code  Gb  init_small.o [4]
__iar_data_init2        0x00b069   0x1e  Code  Gb  init.o [4]
__iar_program_start     0x00b1a9         Code  Gb  cstartup.o [4]
__iar_unhandled_exception
                        0x00b473         Code  Gb  unhandled_exception.o [4]
__iar_zero_init2        0x00b087         Code  Gb  init_small.o [4]
__intvec                0x008000         Data  Gb  interrupt.o [4]
__low_level_init        0x00b470    0x3  Code  Gb  low_level_init.o [4]
__near_Aldata           0x0000a1    0x4  Data  Gb  xxmemxmalloc.o [4]
__near_GetMemChunk      0x00b006   0x22  Code  Gb  xgetmemchunk.o [4]
__near_findmem          0x00a81c   0x70  Code  Lc  xxmemxmalloc.o [4]
_exit                   0x00b446         Code  Gb  cexit.o [4]
_interrupt_1            0x00b478         Code  Gb  stm8s_it.o [1]
_interrupt_10           0x00b45c         Code  Wk  interrupt.o [4]
_interrupt_11           0x00b45c         Code  Wk  interrupt.o [4]
_interrupt_12           0x00b481         Code  Gb  stm8s_it.o [1]
_interrupt_13           0x00b482         Code  Gb  stm8s_it.o [1]
_interrupt_14           0x00b483         Code  Gb  stm8s_it.o [1]
_interrupt_15           0x00ac70         Code  Gb  stm8s_it.o [1]
_interrupt_16           0x00b484         Code  Gb  stm8s_it.o [1]
_interrupt_17           0x00a1a8         Code  Gb  stm8s_it.o [1]
_interrupt_18           0x00b485         Code  Gb  stm8s_it.o [1]
_interrupt_19           0x00b45c         Code  Wk  interrupt.o [4]
_interrupt_2            0x00b479         Code  Gb  stm8s_it.o [1]
_interrupt_20           0x00b45c         Code  Wk  interrupt.o [4]
_interrupt_21           0x00b486         Code  Gb  stm8s_it.o [1]
_interrupt_22           0x00b487         Code  Gb  stm8s_it.o [1]
_interrupt_23           0x00af78         Code  Gb  stm8s_it.o [1]
_interrupt_24           0x00b488         Code  Gb  stm8s_it.o [1]
_interrupt_25           0x00b489         Code  Gb  stm8s_it.o [1]
_interrupt_26           0x00b48a         Code  Gb  stm8s_it.o [1]
_interrupt_27           0x00b45c         Code  Wk  interrupt.o [4]
_interrupt_28           0x00b45c         Code  Wk  interrupt.o [4]
_interrupt_29           0x00b45c         Code  Wk  interrupt.o [4]
_interrupt_3            0x00b47a         Code  Gb  stm8s_it.o [1]
_interrupt_30           0x00b45c         Code  Wk  interrupt.o [4]
_interrupt_31           0x00b45c         Code  Wk  interrupt.o [4]
_interrupt_4            0x00b47b         Code  Gb  stm8s_it.o [1]
_interrupt_5            0x00b47c         Code  Gb  stm8s_it.o [1]
_interrupt_6            0x00b47d         Code  Gb  stm8s_it.o [1]
_interrupt_7            0x00b47e         Code  Gb  stm8s_it.o [1]
_interrupt_8            0x00b47f         Code  Gb  stm8s_it.o [1]
_interrupt_9            0x00b480         Code  Gb  stm8s_it.o [1]
adj                     0x008733   0x55  Code  Gb  main.o [1]
assert_failed           0x00b476    0x2  Code  Gb  main.o [1]
bcd2hex                 0x009941   0x17  Code  Gb  main.o [1]
change                  0x0000d1    0x1  Data  Gb  main.o [1]
convert_tobcd           0x00897a   0x17  Code  Gb  main.o [1]
count                   0x0000bb    0x1  Data  Gb  main.o [1]
d                       0x0000c3    0x1  Data  Gb  main.o [1]
daily_dispaly           0x0000cd    0x1  Data  Gb  main.o [1]
daily_hour_off          0x0000c6    0x1  Data  Gb  main.o [1]
daily_hour_on           0x0000c4    0x1  Data  Gb  main.o [1]
daily_minute_off        0x0000c7    0x1  Data  Gb  main.o [1]
daily_minute_on         0x0000c5    0x1  Data  Gb  main.o [1]
date                    0x000039    0x1  Data  Gb  main.o [1]
days                    0x000038    0x1  Data  Gb  main.o [1]
error                   0x0000c0    0x1  Data  Gb  main.o [1]
exit                    0x00b460    0x4  Code  Gb  exit.o [4]
fputc                   0x008680   0x12  Code  Gb  main.o [1]
free                    0x00a2a7   0xe6  Code  Gb  xxmemxfree.o [4]
hours                   0x0000be    0x1  Data  Gb  main.o [1]
key_minus_on            0x0086c1   0x2d  Code  Gb  main.o [1]
key_ok_on               0x008692   0x2f  Code  Gb  main.o [1]
key_plus_on             0x0086f8   0x2d  Code  Gb  main.o [1]
line1                   0x000099    0x8  Data  Gb  main.o [1]
line_lcd                0x0000ba    0x1  Data  Gb  main.o [1]
m                       0x0000c2    0x1  Data  Gb  main.o [1]
main                    0x009f1e  0x147  Code  Gb  main.o [1]
malloc                  0x00a65e   0x9a  Code  Gb  xxmemxmalloc.o [4]
memcpy                  0x00af2d   0x26  Code  Gb  memcpy.o [4]
minutes                 0x0000bd    0x1  Data  Gb  main.o [1]
month                   0x00003a    0x1  Data  Gb  main.o [1]
month_display           0x0000ce    0x1  Data  Gb  main.o [1]
monthly_date            0x0000ca    0x1  Data  Gb  main.o [1]
monthly_month           0x0000c9    0x1  Data  Gb  main.o [1]
monthly_year            0x0000c8    0x1  Data  Gb  main.o [1]
obuf                    0x00003b   0x50  Data  Lc  xfiles.o [4]
pad                     0x00ad54   0x35  Code  Lc  xprintfsmall.o [4]
printf                  0x00aedd   0x28  Code  Gb  printf.o [4]
putchar                 0x00b42a    0x8  Code  Gb  putchar.o [4]
result1                 0x0000cb    0x1  Data  Gb  main.o [1]
result2                 0x0000cc    0x1  Data  Gb  main.o [1]
rx_data                 0x0000b9    0x1  Data  Gb  main.o [1]
seconds                 0x0000bc    0x1  Data  Gb  main.o [1]
sprintf                 0x00abaf   0x45  Code  Gb  sprintf.o [4]
status                  0x0000b4    0x2  Data  Gb  main.o [1]
status_check            0x0000b2    0x2  Data  Gb  main.o [1]
strlen                  0x00b275   0x12  Code  Gb  strlen.o [4]
sync                    0x0000d3    0x1  Data  Gb  stm8s_it.o [1]
sync_display            0x0000cf    0x1  Data  Gb  main.o [1]
sync_time_ds1307        0x0000d0    0x1  Data  Gb  main.o [1]
temperature             0x00914f   0x3f  Code  Gb  main.o [1]
time_off                0x0000b0    0x2  Data  Gb  main.o [1]
time_on                 0x0000ae    0x2  Data  Gb  main.o [1]
timeout                 0x0000b8    0x1  Data  Gb  main.o [1]
timer1                  0x0000a8    0x2  Data  Gb  main.o [1]
timer2                  0x0000aa    0x2  Data  Gb  main.o [1]
timer3                  0x0000ac    0x2  Data  Gb  main.o [1]
y                       0x0000c1    0x1  Data  Gb  main.o [1]
year                    0x0000bf    0x1  Data  Gb  main.o [1]


[1] = C:\Documents and Settings\Administrator\Desktop\stm8s105k-controller\Project\STM8S_StdPeriph_Template\EWSTM8\STM8S105\Obj
[2] = command line
[3] = dbgstm8mmd.a
[4] = dlstm8mmf.a

  12 141 bytes of readonly  code memory
   1 311 bytes of readonly  data memory
   1 236 bytes of readwrite data memory

Errors: none
Warnings: none
