###############################################################################
#                                                                             #
# IAR ELF Linker V1.30.1.50036 for STM8                 07/Dec/2013  22:17:48 #
# Copyright 2010-2011 IAR Systems AB.                                         #
#                                                                             #
#    Output file  =  C:\Documents and Settings\Administrator\Desktop\stm8s105 #
#                    k-controller\Project\STM8S_StdPeriph_Template\EWSTM8\STM #
#                    8S105\Exe\Project.out                                    #
#    Map file     =  C:\Documents and Settings\Administrator\Desktop\stm8s105 #
#                    k-controller\Project\STM8S_StdPeriph_Template\EWSTM8\STM #
#                    8S105\List\Project.map                                   #
#    Command line =  "C:\Documents and Settings\Administrator\Desktop\stm8s10 #
#                    5k-controller\Project\STM8S_StdPeriph_Template\EWSTM8\ST #
#                    M8S105\Obj\main.o" "C:\Documents and                     #
#                    Settings\Administrator\Desktop\stm8s105k-controller\Proj #
#                    ect\STM8S_StdPeriph_Template\EWSTM8\STM8S105\Obj\stm8s_a #
#                    dc1.o" "C:\Documents and Settings\Administrator\Desktop\ #
#                    stm8s105k-controller\Project\STM8S_StdPeriph_Template\EW #
#                    STM8\STM8S105\Obj\stm8s_awu.o" "C:\Documents and         #
#                    Settings\Administrator\Desktop\stm8s105k-controller\Proj #
#                    ect\STM8S_StdPeriph_Template\EWSTM8\STM8S105\Obj\stm8s_b #
#                    eep.o" "C:\Documents and Settings\Administrator\Desktop\ #
#                    stm8s105k-controller\Project\STM8S_StdPeriph_Template\EW #
#                    STM8\STM8S105\Obj\stm8s_clk.o" "C:\Documents and         #
#                    Settings\Administrator\Desktop\stm8s105k-controller\Proj #
#                    ect\STM8S_StdPeriph_Template\EWSTM8\STM8S105\Obj\stm8s_e #
#                    xti.o" "C:\Documents and Settings\Administrator\Desktop\ #
#                    stm8s105k-controller\Project\STM8S_StdPeriph_Template\EW #
#                    STM8\STM8S105\Obj\stm8s_flash.o" "C:\Documents and       #
#                    Settings\Administrator\Desktop\stm8s105k-controller\Proj #
#                    ect\STM8S_StdPeriph_Template\EWSTM8\STM8S105\Obj\stm8s_g #
#                    pio.o" "C:\Documents and Settings\Administrator\Desktop\ #
#                    stm8s105k-controller\Project\STM8S_StdPeriph_Template\EW #
#                    STM8\STM8S105\Obj\stm8s_i2c.o" "C:\Documents and         #
#                    Settings\Administrator\Desktop\stm8s105k-controller\Proj #
#                    ect\STM8S_StdPeriph_Template\EWSTM8\STM8S105\Obj\stm8s_i #
#                    t.o" "C:\Documents and Settings\Administrator\Desktop\st #
#                    m8s105k-controller\Project\STM8S_StdPeriph_Template\EWST #
#                    M8\STM8S105\Obj\stm8s_itc.o" "C:\Documents and           #
#                    Settings\Administrator\Desktop\stm8s105k-controller\Proj #
#                    ect\STM8S_StdPeriph_Template\EWSTM8\STM8S105\Obj\stm8s_i #
#                    wdg.o" "C:\Documents and Settings\Administrator\Desktop\ #
#                    stm8s105k-controller\Project\STM8S_StdPeriph_Template\EW #
#                    STM8\STM8S105\Obj\stm8s_rst.o" "C:\Documents and         #
#                    Settings\Administrator\Desktop\stm8s105k-controller\Proj #
#                    ect\STM8S_StdPeriph_Template\EWSTM8\STM8S105\Obj\stm8s_s #
#                    pi.o" "C:\Documents and Settings\Administrator\Desktop\s #
#                    tm8s105k-controller\Project\STM8S_StdPeriph_Template\EWS #
#                    TM8\STM8S105\Obj\stm8s_tim1.o" "C:\Documents and         #
#                    Settings\Administrator\Desktop\stm8s105k-controller\Proj #
#                    ect\STM8S_StdPeriph_Template\EWSTM8\STM8S105\Obj\stm8s_t #
#                    im2.o" "C:\Documents and Settings\Administrator\Desktop\ #
#                    stm8s105k-controller\Project\STM8S_StdPeriph_Template\EW #
#                    STM8\STM8S105\Obj\stm8s_tim3.o" "C:\Documents and        #
#                    Settings\Administrator\Desktop\stm8s105k-controller\Proj #
#                    ect\STM8S_StdPeriph_Template\EWSTM8\STM8S105\Obj\stm8s_t #
#                    im4.o" "C:\Documents and Settings\Administrator\Desktop\ #
#                    stm8s105k-controller\Project\STM8S_StdPeriph_Template\EW #
#                    STM8\STM8S105\Obj\stm8s_uart2.o" "C:\Documents and       #
#                    Settings\Administrator\Desktop\stm8s105k-controller\Proj #
#                    ect\STM8S_StdPeriph_Template\EWSTM8\STM8S105\Obj\stm8s_w #
#                    wdg.o" --redirect _Printf=_PrintfSmall --redirect        #
#                    _Scanf=_ScanfSmall -o "C:\Documents and                  #
#                    Settings\Administrator\Desktop\stm8s105k-controller\Proj #
#                    ect\STM8S_StdPeriph_Template\EWSTM8\STM8S105\Exe\Project #
#                    .out" --map "C:\Documents and                            #
#                    Settings\Administrator\Desktop\stm8s105k-controller\Proj #
#                    ect\STM8S_StdPeriph_Template\EWSTM8\STM8S105\List\Projec #
#                    t.map" --config "C:\Program Files\IAR Systems\Embedded   #
#                    Workbench 6.0\stm8\config\lnkstm8s105k6.icf"             #
#                    --config_def _CSTACK_SIZE=0x200 --config_def             #
#                    _HEAP_SIZE=0x200 --entry __iar_program_start --debug_lib #
#                                                                             #
#                                                                             #
###############################################################################

*******************************************************************************
*** RUNTIME MODEL ATTRIBUTES
***

__Heap_Handler             = Basic
__SystemLibrary            = DLib
__code_model               = medium_or_large
__core                     = stm8
__data_model               = medium
__dlib_file_descriptor     = 1
__dlib_full_locale_support = 1
__rt_version               = 4


*******************************************************************************
*** PLACEMENT SUMMARY
***

"A1":  place at start of [0x000000-0x0000ff] { rw section .vregs };
"A2":  place at end of [0x000000-0x0007ff] { block CSTACK };
"P2":  place in [from 0x000000 to 0x0007ff] {
          block HEAP, rw section .far.bss, rw section .far.data,
          rw section .far.noinit, rw section .far_func.textrw,
          rw section .huge.bss, rw section .huge.data, rw section .huge.noinit,
          rw section .huge_func.textrw, rw section .iar.dynexit,
          rw section .near.bss, rw section .near.data, rw section .near.noinit,
          rw section .near_func.textrw };
"A3":  place at start of [0x008000-0x00ffff] { block INTVEC };
"P3":  place in [from 0x008000 to 0x00ffff] {
          ro section .far.data_init, ro section .far_func.textrw_init,
          ro section .huge.data_init, ro section .huge_func.textrw_init,
          ro section .iar.init_table, ro section .init_array,
          ro section .near.data_init, ro section .near.rodata,
          ro section .near_func.text, ro section .near_func.textrw_init,
          ro section .tiny.data_init, ro section .tiny.rodata_init };
"P4":  place in [from 0x008000 to 0x00ffff] {
          ro section .far.rodata, ro section .far_func.text };

  Section            Kind      Address    Size  Object
  -------            ----      -------    ----  ------
"A1":                                     0x10
  .vregs             uninit   0x000000    0x10  vregs.o [4]
                            - 0x000010    0x10

"P2", part 1 of 3:                        0x47
  P2 s0                       0x000010    0x47  <Init block>
    .near.data       inited   0x000010    0x28  xfiles.o [4]
    .near.data       inited   0x000038    0x16  main.o [1]
    .near.data       inited   0x00004e     0x6  main.o [1]
    .near.data       inited   0x000054     0x1  main.o [1]
    .near.data       inited   0x000055     0x1  main.o [1]
    .near.data       inited   0x000056     0x1  main.o [1]
                            - 0x000057    0x47

"P2", part 2 of 3:                        0xc7
  .near.bss          zero     0x000057    0x50  xfiles.o [4]
  .near.bss          zero     0x0000a7    0x28  main.o [1]
  .near.bss          zero     0x0000cf     0xe  setlocale.o [4]
  .near.bss          zero     0x0000dd     0xa  main.o [1]
  .near.bss          zero     0x0000e7     0xa  main.o [1]
  .near.bss          zero     0x0000f1     0x4  xxmemxmalloc.o [4]
  .near.bss          zero     0x0000f5     0x3  setlocale.o [4]
  .near.bss          zero     0x0000f8     0x2  main.o [1]
  .near.bss          zero     0x0000fa     0x2  main.o [1]
  .near.bss          zero     0x0000fc     0x2  main.o [1]
  .near.bss          zero     0x0000fe     0x2  main.o [1]
  .near.bss          zero     0x000100     0x2  main.o [1]
  .near.bss          zero     0x000102     0x2  main.o [1]
  .near.bss          zero     0x000104     0x2  main.o [1]
  .near.bss          zero     0x000106     0x2  xgetmemchunk.o [4]
  .near.bss          zero     0x000108     0x1  main.o [1]
  .near.bss          zero     0x000109     0x1  main.o [1]
  .near.bss          zero     0x00010a     0x1  main.o [1]
  .near.bss          zero     0x00010b     0x1  main.o [1]
  .near.bss          zero     0x00010c     0x1  main.o [1]
  .near.bss          zero     0x00010d     0x1  main.o [1]
  .near.bss          zero     0x00010e     0x1  main.o [1]
  .near.bss          zero     0x00010f     0x1  main.o [1]
  .near.bss          zero     0x000110     0x1  main.o [1]
  .near.bss          zero     0x000111     0x1  main.o [1]
  .near.bss          zero     0x000112     0x1  main.o [1]
  .near.bss          zero     0x000113     0x1  main.o [1]
  .near.bss          zero     0x000114     0x1  main.o [1]
  .near.bss          zero     0x000115     0x1  main.o [1]
  .near.bss          zero     0x000116     0x1  main.o [1]
  .near.bss          zero     0x000117     0x1  main.o [1]
  .near.bss          zero     0x000118     0x1  main.o [1]
  .near.bss          zero     0x000119     0x1  main.o [1]
  .near.bss          zero     0x00011a     0x1  main.o [1]
  .near.bss          zero     0x00011b     0x1  main.o [1]
  .near.bss          zero     0x00011c     0x1  main.o [1]
  .near.bss          zero     0x00011d     0x1  stm8s_it.o [1]
                            - 0x00011e    0xc7

"P2", part 3 of 3:                       0x200
  HEAP                        0x00011e   0x200  <Block>
    HEAP             uninit   0x00011e   0x200  <Block tail>
                            - 0x00031e   0x200

"A2":                                    0x200
  CSTACK                      0x000600   0x200  <Block>
    CSTACK           uninit   0x000600   0x200  <Block tail>
                            - 0x000800   0x200

"A3":                                     0x80
  INTVEC                      0x008000    0x80  <Block>
    .intvec          const    0x008000    0x80  interrupt.o [4]
                            - 0x008080    0x80

"P3":                                    0x572
  .near.rodata       const    0x008080    0x78  stm8s_flash.o [1]
  .near.rodata       const    0x0080f8    0x78  stm8s_uart2.o [1]
  .near.rodata       const    0x008170    0x77  stm8s_beep.o [1]
  .near.rodata       const    0x0081e7    0x77  stm8s_gpio.o [1]
  .near.rodata       const    0x00825e    0x77  stm8s_tim2.o [1]
  .near.rodata       const    0x0082d5    0x77  stm8s_tim3.o [1]
  .near.rodata       const    0x00834c    0x76  stm8s_clk.o [1]
  .near.rodata       const    0x0083c2    0x76  stm8s_i2c.o [1]
  .iar.init_table    const    0x008438    0x14  - Linker created -
  .near.rodata       const    0x00844c    0x10  main.o [1]
  .near.rodata       const    0x00845c    0x10  main.o [1]
  .near.rodata       const    0x00846c     0xb  main.o [1]
  .near.rodata       const    0x008477     0xa  main.o [1]
  .near.rodata       const    0x008481     0xa  main.o [1]
  .near.rodata       const    0x00848b     0xa  main.o [1]
  .near.rodata       const    0x008495     0xa  main.o [1]
  .near.rodata       const    0x00849f     0xa  main.o [1]
  .near.rodata       const    0x0084a9     0xa  main.o [1]
  .near.rodata       const    0x0084b3     0xa  main.o [1]
  .near.rodata       const    0x0084bd     0xa  main.o [1]
  .near.rodata       const    0x0084c7     0x9  main.o [1]
  .near.rodata       const    0x0084d0     0x9  main.o [1]
  .near.rodata       const    0x0084d9     0x9  main.o [1]
  .near.rodata       const    0x0084e2     0x9  main.o [1]
  .near.rodata       const    0x0084eb     0x8  main.o [1]
  .near.rodata       const    0x0084f3     0x8  main.o [1]
  .near.rodata       const    0x0084fb     0x8  main.o [1]
  .near.rodata       const    0x008503     0x8  xprintfsmall.o [4]
  .near.rodata       const    0x00850b     0x8  xprintfsmall.o [4]
  .near.rodata       const    0x008513     0x8  xencoding_sb.o [4]
  .near.rodata       const    0x00851b     0x8  xencoding_sb.o [4]
  .near.rodata       const    0x008523     0x7  main.o [1]
  .near.rodata       const    0x00852a     0x7  main.o [1]
  .near.rodata       const    0x008531     0x7  main.o [1]
  .near.rodata       const    0x008538     0x7  main.o [1]
  .near.rodata       const    0x00853f     0x7  main.o [1]
  .near.rodata       const    0x008546     0x7  main.o [1]
  .near.rodata       const    0x00854d     0x7  main.o [1]
  .near.rodata       const    0x008554     0x7  main.o [1]
  .near.rodata       const    0x00855b     0x7  main.o [1]
  .near.rodata       const    0x008562     0x7  main.o [1]
  .near.rodata       const    0x008569     0x7  main.o [1]
  .near.rodata       const    0x008570     0x7  xprintfsmall.o [4]
  .near.rodata       const    0x008577     0x6  main.o [1]
  .near.rodata       const    0x00857d     0x6  main.o [1]
  .near.rodata       const    0x008583     0x6  main.o [1]
  .near.rodata       const    0x008589     0x6  main.o [1]
  .near.rodata       const    0x00858f     0x5  main.o [1]
  .near.rodata       const    0x008594     0x5  main.o [1]
  .near.rodata       const    0x008599     0x5  main.o [1]
  .near.rodata       const    0x00859e     0x5  main.o [1]
  .near.rodata       const    0x0085a3     0x4  main.o [1]
  .near.rodata       const    0x0085a7     0x4  main.o [1]
  Initializer bytes  ro data  0x0085ab    0x47  <for P2 s0>
                            - 0x0085f2   0x572

"P4":                                   0x30d4
  .far_func.text     ro code  0x0085f2  0x1151  main.o [1]
  .far_func.text     ro code  0x009743   0x4aa  xprintfsmall.o [4]
  .far_func.text     ro code  0x009bed   0x1e7  xprintfsmall.o [4]
  .far_func.text     ro code  0x009dd4   0x17f  xprintfsmall.o [4]
  .far_func.text     ro code  0x009f53   0x17c  main.o [1]
  .far_func.text     ro code  0x00a0cf   0x16d  stm8s_i2c.o [1]
  .far_func.text     ro code  0x00a23c   0x15a  long.o [4]
  .far_func.text     ro code  0x00a396   0x152  vreg_util.o [4]
  .far_func.text     ro code  0x00a4e8    0xee  main.o [1]
  .far_func.text     ro code  0x00a5d6    0xe6  xxmemxfree.o [4]
  .far_func.text     ro code  0x00a6bc    0xd5  stm8s_clk.o [1]
  .far_func.text     ro code  0x00a791    0xb4  stm8s_gpio.o [1]
  .far_func.text     ro code  0x00a845    0xa6  stm8s_i2c.o [1]
  .far_func.text     ro code  0x00a8eb    0x9a  xxmemxmalloc.o [4]
  .far_func.text     ro code  0x00a985    0x93  stm8s_i2c.o [1]
  .far_func.text     ro code  0x00aa18    0x91  stm8s_clk.o [1]
  .far_func.text     ro code  0x00aaa9    0x91  stm8s_it.o [1]
  .far_func.text     ro code  0x00ab3a    0x79  stm8s_it.o [1]
  .far_func.text     ro code  0x00abb3    0x70  xxmemxmalloc.o [4]
  .far_func.text     ro code  0x00ac23    0x60  stm8s_tim2.o [1]
  .far_func.text     ro code  0x00ac83    0x60  stm8s_tim3.o [1]
  .far_func.text     ro code  0x00ace3    0x5e  stm8s_clk.o [1]
  .far_func.text     ro code  0x00ad41    0x59  stm8s_tim2.o [1]
  .far_func.text     ro code  0x00ad9a    0x47  xprintfsmall.o [4]
  .far_func.text     ro code  0x00ade1    0x45  stm8s_tim3.o [1]
  .far_func.text     ro code  0x00ae26    0x45  sprintf.o [4]
  .far_func.text     ro code  0x00ae6b    0x43  stm8s_beep.o [1]
  .far_func.text     ro code  0x00aeae    0x3f  short.o [4]
  .far_func.text     ro code  0x00aeed    0x3e  long_util.o [4]
  .far_func.text     ro code  0x00af2b    0x3a  stm8s_flash.o [1]
  .far_func.text     ro code  0x00af65    0x39  xprintfsmall.o [4]
  .far_func.text     ro code  0x00af9e    0x36  stm8s_clk.o [1]
  .far_func.text     ro code  0x00afd4    0x35  xprintfsmall.o [4]
  .far_func.text     ro code  0x00b009    0x35  xprintfsmall.o [4]
  .far_func.text     ro code  0x00b03e    0x34  stm8s_i2c.o [1]
  .far_func.text     ro code  0x00b072    0x34  far_util.o [4]
  .far_func.text     ro code  0x00b0a6    0x32  stm8s_i2c.o [1]
  .far_func.text     ro code  0x00b0d8    0x30  xencoding_sb.o [4]
  .far_func.text     ro code  0x00b108    0x2c  stm8s_flash.o [1]
  .far_func.text     ro code  0x00b134    0x29  xmbtowc.o [4]
  .far_func.text     ro code  0x00b15d    0x28  printf.o [4]
  .far_func.text     ro code  0x00b185    0x28  init_small.o [4]
  .far_func.text     ro code  0x00b1ad    0x26  memcpy.o [4]
  .far_func.text     ro code  0x00b1d3    0x25  stm8s_i2c.o [1]
  .far_func.text     ro code  0x00b1f8    0x25  stm8s_it.o [1]
  .far_func.text     ro code  0x00b21d    0x25  stm8s_uart2.o [1]
  .far_func.text     ro code  0x00b242    0x22  stm8s_flash.o [1]
  .far_func.text     ro code  0x00b264    0x22  xwctomb.o [4]
  .far_func.text     ro code  0x00b286    0x22  xgetmemchunk.o [4]
  .far_func.text     ro code  0x00b2a8    0x21  stm8s_flash.o [1]
  .far_func.text     ro code  0x00b2c9    0x20  stm8s_flash.o [1]
  .far_func.text     ro code  0x00b2e9    0x1e  init.o [4]
  .far_func.text     ro code  0x00b307    0x1e  init_small.o [4]
  .far_func.text     ro code  0x00b325    0x1d  stm8s_tim2.o [1]
  .far_func.text     ro code  0x00b342    0x1d  stm8s_tim3.o [1]
  .far_func.text     ro code  0x00b35f    0x1d  xprout.o [4]
  .far_func.text     ro code  0x00b37c    0x1a  stm8s_flash.o [1]
  .far_func.text     ro code  0x00b396    0x1a  xprintfsmall.o [4]
  .far_func.text     ro code  0x00b3b0    0x19  xencoding_sb.o [4]
  .far_func.text     ro code  0x00b3c9    0x18  stm8s_flash.o [1]
  .far_func.text     ro code  0x00b3e1    0x18  stm8s_i2c.o [1]
  .far_func.text     ro code  0x00b3f9    0x18  stm8s_i2c.o [1]
  .far_func.text     ro code  0x00b411    0x18  stm8s_i2c.o [1]
  .far_func.text     ro code  0x00b429    0x17  cstartup.o [4]
  .far_func.text     ro code  0x00b440    0x16  xprintfsmall.o [4]
  .far_func.text     ro code  0x00b456    0x16  __dbg_xxexit.o [3]
  .far_func.text     ro code  0x00b46c    0x15  memchr.o [4]
  .far_func.text     ro code  0x00b481    0x15  strchr.o [4]
  .far_func.text     ro code  0x00b496    0x13  stm8s_flash.o [1]
  .far_func.text     ro code  0x00b4a9    0x13  xprintfsmall.o [4]
  .far_func.text     ro code  0x00b4bc    0x12  stm8s_i2c.o [1]
  .far_func.text     ro code  0x00b4ce    0x12  strlen.o [4]
  .far_func.text     ro code  0x00b4e0    0x10  xprintfsmall.o [4]
  .far_func.text     ro code  0x00b4f0     0xf  main.o [1]
  .far_func.text     ro code  0x00b4ff     0xe  xsprout.o [4]
  .far_func.text     ro code  0x00b50d     0xe  setlocale.o [4]
  .far_func.text     ro code  0x00b51b     0xd  stm8s_beep.o [1]
  .far_func.text     ro code  0x00b528     0xd  move.o [4]
  .far_func.text     ro code  0x00b535     0xc  stm8s_beep.o [1]
  .far_func.text     ro code  0x00b541     0xc  stm8s_clk.o [1]
  .far_func.text     ro code  0x00b54d     0xc  stm8s_flash.o [1]
  .far_func.text     ro code  0x00b559     0xc  stm8s_gpio.o [1]
  .far_func.text     ro code  0x00b565     0xc  stm8s_i2c.o [1]
  .far_func.text     ro code  0x00b571     0xc  stm8s_i2c.o [1]
  .far_func.text     ro code  0x00b57d     0xc  stm8s_tim2.o [1]
  .far_func.text     ro code  0x00b589     0xc  stm8s_tim3.o [1]
  .far_func.text     ro code  0x00b595     0xc  stm8s_uart2.o [1]
  .far_func.text     ro code  0x00b5a1     0xc  xprintfsmall.o [4]
  .far_func.text     ro code  0x00b5ad     0xc  xprintfsmall.o [4]
  .far_func.text     ro code  0x00b5b9     0xb  main.o [1]
  .far_func.text     ro code  0x00b5c4     0xb  main.o [1]
  .far_func.text     ro code  0x00b5cf     0xb  stm8s_clk.o [1]
  .far_func.text     ro code  0x00b5da     0xb  xprintfsmall.o [4]
  .far_func.text     ro code  0x00b5e5     0xb  setlocale.o [4]
  .far_func.text     ro code  0x00b5f0     0xa  stm8s_tim2.o [1]
  .far_func.text     ro code  0x00b5fa     0xa  stm8s_tim3.o [1]
  .far_func.text     ro code  0x00b604     0xa  xprintfsmall.o [4]
  .far_func.text     ro code  0x00b60e     0xa  far.o [4]
  .far_func.text     ro code  0x00b618     0xa  setlocale.o [4]
  .far_func.text     ro code  0x00b622     0x9  main.o [1]
  .far_func.text     ro code  0x00b62b     0x9  main.o [1]
  .far_func.text     ro code  0x00b634     0x9  xprintfsmall.o [4]
  .far_func.text     ro code  0x00b63d     0x9  xprintfsmall.o [4]
  .far_func.text     ro code  0x00b646     0x9  setlocale.o [4]
  .far_func.text     ro code  0x00b64f     0x8  xprintfsmall.o [4]
  .far_func.text     ro code  0x00b657     0x8  xxmemxmalloc.o [4]
  .far_func.text     ro code  0x00b65f     0x8  putchar.o [4]
  .far_func.text     ro code  0x00b667     0x7  main.o [1]
  .far_func.text     ro code  0x00b66e     0x7  xmbcurmax.o [4]
  .far_func.text     ro code  0x00b675     0x6  xprintfsmall.o [4]
  .far_func.text     ro code  0x00b67b     0x6  cexit.o [4]
  .far_func.text     ro code  0x00b681     0x5  stm8s_beep.o [1]
  .far_func.text     ro code  0x00b686     0x4  stm8s_gpio.o [1]
  .far_func.text     ro code  0x00b68a     0x4  stm8s_i2c.o [1]
  .far_func.text     ro code  0x00b68e     0x4  stm8s_i2c.o [1]
  .far_func.text     ro code  0x00b692     0x4  stm8s_uart2.o [1]
  .far_func.text     ro code  0x00b696     0x4  interrupt.o [4]
  .far_func.text     ro code  0x00b69a     0x4  exit.o [4]
  .far_func.text     ro code  0x00b69e     0x3  stm8s_gpio.o [1]
  .far_func.text     ro code  0x00b6a1     0x3  stm8s_gpio.o [1]
  .far_func.text     ro code  0x00b6a4     0x3  stm8s_gpio.o [1]
  .far_func.text     ro code  0x00b6a7     0x3  stm8s_gpio.o [1]
  .far_func.text     ro code  0x00b6aa     0x3  low_level_init.o [4]
  .far_func.text     ro code  0x00b6ad     0x3  unhandled_exception.o [4]
  .far_func.text     ro code  0x00b6b0     0x2  main.o [1]
  .far_func.text     ro code  0x00b6b2     0x1  stm8s_it.o [1]
  .far_func.text     ro code  0x00b6b3     0x1  stm8s_it.o [1]
  .far_func.text     ro code  0x00b6b4     0x1  stm8s_it.o [1]
  .far_func.text     ro code  0x00b6b5     0x1  stm8s_it.o [1]
  .far_func.text     ro code  0x00b6b6     0x1  stm8s_it.o [1]
  .far_func.text     ro code  0x00b6b7     0x1  stm8s_it.o [1]
  .far_func.text     ro code  0x00b6b8     0x1  stm8s_it.o [1]
  .far_func.text     ro code  0x00b6b9     0x1  stm8s_it.o [1]
  .far_func.text     ro code  0x00b6ba     0x1  stm8s_it.o [1]
  .far_func.text     ro code  0x00b6bb     0x1  stm8s_it.o [1]
  .far_func.text     ro code  0x00b6bc     0x1  stm8s_it.o [1]
  .far_func.text     ro code  0x00b6bd     0x1  stm8s_it.o [1]
  .far_func.text     ro code  0x00b6be     0x1  stm8s_it.o [1]
  .far_func.text     ro code  0x00b6bf     0x1  stm8s_it.o [1]
  .far_func.text     ro code  0x00b6c0     0x1  stm8s_it.o [1]
  .far_func.text     ro code  0x00b6c1     0x1  stm8s_it.o [1]
  .far_func.text     ro code  0x00b6c2     0x1  stm8s_it.o [1]
  .far_func.text     ro code  0x00b6c3     0x1  stm8s_it.o [1]
  .far_func.text     ro code  0x00b6c4     0x1  stm8s_it.o [1]
  .far_func.text     ro code  0x00b6c5     0x1  __dbg_break.o [3]
                            - 0x00b6c6  0x30d4


*******************************************************************************
*** INIT TABLE
***

          Address   Size
          -------   ----
Zero (__iar_zero_init2)
    1 destination range, total size 0xc7:
          0x000057  0xc7

Copy (__iar_copy_init2)
    1 source range, total size 0x47:
          0x0085ab  0x47
    1 destination range, total size 0x47:
          0x000010  0x47


*******************************************************************************
*** MODULE SUMMARY
***

    Module                 ro code  ro data  rw data
    ------                 -------  -------  -------
C:\Documents and Settings\Administrator\Desktop\stm8s105k-controller\Project\STM8S_StdPeriph_Template\EWSTM8\STM8S105\Obj: [1]
    main.o                   5 115      343      126
    stm8s_beep.o                97      119
    stm8s_clk.o                529      118
    stm8s_flash.o              282      120
    stm8s_gpio.o               208      119
    stm8s_i2c.o                939      118
    stm8s_it.o                 322                 1
    stm8s_tim2.o               236      119
    stm8s_tim3.o               216      119
    stm8s_uart2.o               53      120
    ------------------------------------------------
    Total:                   7 997    1 295      127

command line: [2]
    ------------------------------------------------
    Total:

dbgstm8mmd.a: [3]
    __dbg_break.o                1
    __dbg_xxexit.o              22
    ------------------------------------------------
    Total:                      23

dlstm8mmf.a: [4]
    cexit.o                      6
    cstartup.o                  23
    exit.o                       4
    far.o                       10
    far_util.o                  52
    init.o                      30
    init_small.o                70
    interrupt.o                  4      128
    long.o                     346
    long_util.o                 62
    low_level_init.o             3
    memchr.o                    21
    memcpy.o                    38
    move.o                      13
    printf.o                    40
    putchar.o                    8
    setlocale.o                 44                17
    short.o                     63
    sprintf.o                   69
    strchr.o                    21
    strlen.o                    18
    unhandled_exception.o        3
    vreg_util.o                338
    vregs.o                                       16
    xencoding_sb.o              73       16
    xfiles.o                             40      120
    xgetmemchunk.o              34                 2
    xmbcurmax.o                  7
    xmbtowc.o                   41
    xprintfsmall.o           2 458       23
    xprout.o                    29
    xsprout.o                   14
    xwctomb.o                   34
    xxmemxfree.o               230
    xxmemxmalloc.o             274                 4
    ------------------------------------------------
    Total:                   4 480      207      159

    Linker created                       20    1 024
----------------------------------------------------
    Grand Total:            12 500    1 522    1 310


*******************************************************************************
*** ENTRY LIST
***

Entry                    Address   Size  Type      Object
-----                    -------   ----  ----      ------
?add32_l0_l0_0x         0x00a24f         Code  Gb  long.o [4]
?add32_l0_l0_l1         0x00a24c         Code  Gb  long.o [4]
?and32_l0_l0_0x         0x00a355         Code  Gb  long.o [4]
?and32_l0_l0_l1         0x00a352         Code  Gb  long.o [4]
?b0                     0x000000         Data  Gb  vregs.o [4]
?b1                     0x000001         Data  Gb  vregs.o [4]
?b10                    0x00000a         Data  Gb  vregs.o [4]
?b11                    0x00000b         Data  Gb  vregs.o [4]
?b12                    0x00000c         Data  Gb  vregs.o [4]
?b13                    0x00000d         Data  Gb  vregs.o [4]
?b14                    0x00000e         Data  Gb  vregs.o [4]
?b15                    0x00000f         Data  Gb  vregs.o [4]
?b2                     0x000002         Data  Gb  vregs.o [4]
?b3                     0x000003         Data  Gb  vregs.o [4]
?b4                     0x000004         Data  Gb  vregs.o [4]
?b5                     0x000005         Data  Gb  vregs.o [4]
?b6                     0x000006         Data  Gb  vregs.o [4]
?b7                     0x000007         Data  Gb  vregs.o [4]
?b8                     0x000008         Data  Gb  vregs.o [4]
?b9                     0x000009         Data  Gb  vregs.o [4]
?e0                     0x000001         Data  Gb  vregs.o [4]
?e1                     0x000005         Data  Gb  vregs.o [4]
?e2                     0x000009         Data  Gb  vregs.o [4]
?e3                     0x00000d         Data  Gb  vregs.o [4]
?epilogue_l2            0x00a456         Code  Gb  vreg_util.o [4]
?epilogue_l2_l3         0x00a452         Code  Gb  vreg_util.o [4]
?epilogue_l2_w6         0x00a45b         Code  Gb  vreg_util.o [4]
?epilogue_w4            0x00a464         Code  Gb  vreg_util.o [4]
?l0                     0x000000         Data  Gb  vregs.o [4]
?l1                     0x000004         Data  Gb  vregs.o [4]
?l2                     0x000008         Data  Gb  vregs.o [4]
?l3                     0x00000c         Data  Gb  vregs.o [4]
?load24_0x_e0           0x00b098         Code  Gb  far_util.o [4]
?load24_e0_0x           0x00b072         Code  Gb  far_util.o [4]
?load24_e1_0x           0x00b080         Code  Gb  far_util.o [4]
?load24_xsp_e0          0x00b08e         Code  Gb  far_util.o [4]
?load32_0x_l0           0x00af1d         Code  Gb  long_util.o [4]
?load32_l0_0x           0x00af07         Code  Gb  long_util.o [4]
?load32_l0_asp          0x00aefb         Code  Gb  long_util.o [4]
?load32_l0_dbsp         0x00aeed         Code  Gb  long_util.o [4]
?load32_l0_xsp          0x00aefd         Code  Gb  long_util.o [4]
?load32_xsp_l0          0x00af13         Code  Gb  long_util.o [4]
?mov_e0_e2              0x00a49d         Code  Gb  vreg_util.o [4]
?mov_e0_e3              0x00a4aa         Code  Gb  vreg_util.o [4]
?mov_e1_e0              0x00a4b7         Code  Gb  vreg_util.o [4]
?mov_e1_e2              0x00a4c4         Code  Gb  vreg_util.o [4]
?mov_e2_e0              0x00a4d1         Code  Gb  vreg_util.o [4]
?mov_e3_e0              0x00a4de         Code  Gb  vreg_util.o [4]
?mov_l0_l2              0x00a49a         Code  Gb  vreg_util.o [4]
?mov_l0_l3              0x00a4a7         Code  Gb  vreg_util.o [4]
?mov_l1_l0              0x00a4b4         Code  Gb  vreg_util.o [4]
?mov_l1_l2              0x00a4c1         Code  Gb  vreg_util.o [4]
?mov_l2_l0              0x00a4ce         Code  Gb  vreg_util.o [4]
?mov_l3_l0              0x00a4db         Code  Gb  vreg_util.o [4]
?mov_w0_w4              0x00a469         Code  Gb  vreg_util.o [4]
?mov_w0_w5              0x00a470         Code  Gb  vreg_util.o [4]
?mov_w1_w4              0x00a477         Code  Gb  vreg_util.o [4]
?mov_w1_w5              0x00a4a0         Code  Gb  vreg_util.o [4]
?mov_w1_w7              0x00a4ad         Code  Gb  vreg_util.o [4]
?mov_w2_w1              0x00a47e         Code  Gb  vreg_util.o [4]
?mov_w3_w1              0x00a4ba         Code  Gb  vreg_util.o [4]
?mov_w3_w5              0x00a4c7         Code  Gb  vreg_util.o [4]
?mov_w4_w0              0x00a485         Code  Gb  vreg_util.o [4]
?mov_w4_w1              0x00a48c         Code  Gb  vreg_util.o [4]
?mov_w5_w0              0x00a493         Code  Gb  vreg_util.o [4]
?mov_w5_w1              0x00a4d4         Code  Gb  vreg_util.o [4]
?mov_w7_w1              0x00a4e1         Code  Gb  vreg_util.o [4]
?move1616_v_x_y_a       0x00b528         Code  Gb  move.o [4]
?mul16_x_x_w0           0x00aeae         Code  Gb  short.o [4]
?mul32_l0_l0_l1         0x00a267         Code  Gb  long.o [4]
?neg32_l0_l0            0x00a23c         Code  Gb  long.o [4]
?pop_l0                 0x00a41a         Code  Gb  vreg_util.o [4]
?pop_l1                 0x00a425         Code  Gb  vreg_util.o [4]
?pop_l2                 0x00a430         Code  Gb  vreg_util.o [4]
?pop_l3                 0x00a43b         Code  Gb  vreg_util.o [4]
?pop_w4                 0x00a3cb         Code  Gb  vreg_util.o [4]
?pop_w6                 0x00a3d2         Code  Gb  vreg_util.o [4]
?push_l0                0x00a3e5         Code  Gb  vreg_util.o [4]
?push_l1                0x00a3ea         Code  Gb  vreg_util.o [4]
?push_l2                0x00a3ef         Code  Gb  vreg_util.o [4]
?push_l3                0x00a3f4         Code  Gb  vreg_util.o [4]
?push_w0                0x00a396         Code  Gb  vreg_util.o [4]
?push_w1                0x00a39b         Code  Gb  vreg_util.o [4]
?push_w2                0x00a3a0         Code  Gb  vreg_util.o [4]
?push_w4                0x00a3a5         Code  Gb  vreg_util.o [4]
?push_w6                0x00a3aa         Code  Gb  vreg_util.o [4]
?push_w7                0x00a3af         Code  Gb  vreg_util.o [4]
?sdiv16_x_x_y           0x00aecc         Code  Gb  short.o [4]
?sext32_l0_a            0x00a389         Code  Gb  long.o [4]
?sext32_l0_x            0x00a37e         Code  Gb  long.o [4]
?sll16_x_x_a            0x00aee5         Code  Gb  short.o [4]
?sll32_0x_0x_a          0x00a370         Code  Gb  long.o [4]
?sll32_l0_l0_a          0x00a36d         Code  Gb  long.o [4]
?ucmp24_c_0x_e0         0x00b60e         Code  Gb  far.o [4]
?udiv32_l0_l0_l1        0x00a2e5         Code  Gb  long.o [4]
?umod32_l1_l0_l1        0x00a2e5         Code  Gb  long.o [4]
?w0                     0x000000         Data  Gb  vregs.o [4]
?w1                     0x000002         Data  Gb  vregs.o [4]
?w2                     0x000004         Data  Gb  vregs.o [4]
?w3                     0x000006         Data  Gb  vregs.o [4]
?w4                     0x000008         Data  Gb  vregs.o [4]
?w5                     0x00000a         Data  Gb  vregs.o [4]
?w6                     0x00000c         Data  Gb  vregs.o [4]
?w7                     0x00000e         Data  Gb  vregs.o [4]
ADC1_IRQHandler         0x00b6c2    0x1  Code  Gb  stm8s_it.o [1]
AWU_IRQHandler          0x00b6b4    0x1  Code  Gb  stm8s_it.o [1]
BEEP_Cmd                0x00b51b    0xd  Code  Gb  stm8s_beep.o [1]
BEEP_DeInit             0x00b681    0x5  Code  Gb  stm8s_beep.o [1]
BEEP_Init               0x00ae6b   0x43  Code  Gb  stm8s_beep.o [1]
CLK_ClockSwitchConfig   0x00a6bc   0xd5  Code  Gb  stm8s_clk.o [1]
CLK_DeInit              0x00af9e   0x36  Code  Gb  stm8s_clk.o [1]
CLK_IRQHandler          0x00b6b5    0x1  Code  Gb  stm8s_it.o [1]
CLK_PeripheralClockConfig
                        0x00aa18   0x91  Code  Gb  stm8s_clk.o [1]
CLK_SYSCLKConfig        0x00ace3   0x5e  Code  Gb  stm8s_clk.o [1]
CSTACK$$Base            0x000600          --   Gb  - Linker created -
CSTACK$$Limit           0x000800          --   Gb  - Linker created -
CheckProgramPoint       0x0093f4   0xc0  Code  Gb  main.o [1]
Check_DS1307            0x0095f4   0x4e  Code  Gb  main.o [1]
Clear_Line1             0x008972   0x13  Code  Gb  main.o [1]
Clear_Line2             0x00895f   0x13  Code  Gb  main.o [1]
DS18Set                 0x00907d   0x37  Code  Gb  main.o [1]
DS18_Read               0x0090b4   0x4a  Code  Gb  main.o [1]
DS18_Reset              0x00902c   0x48  Code  Gb  main.o [1]
DS18_Write              0x008fee   0x36  Code  Gb  main.o [1]
Delay1                  0x0085f2    0xe  Code  Gb  main.o [1]
Delay_us                0x008fe8    0x6  Code  Gb  main.o [1]
Display                 0x00a4e8   0xee  Code  Gb  main.o [1]
EEPROM_EEC_IRQHandler   0x00b6c4    0x1  Code  Gb  stm8s_it.o [1]
EEPROM_INIT             0x008c6b    0xf  Code  Gb  main.o [1]
EXTI_PORTA_IRQHandler   0x00b6b6    0x1  Code  Gb  stm8s_it.o [1]
EXTI_PORTB_IRQHandler   0x00b6b7    0x1  Code  Gb  stm8s_it.o [1]
EXTI_PORTC_IRQHandler   0x00b6b8    0x1  Code  Gb  stm8s_it.o [1]
EXTI_PORTD_IRQHandler   0x00b6b9    0x1  Code  Gb  stm8s_it.o [1]
EXTI_PORTE_IRQHandler   0x00b6ba    0x1  Code  Gb  stm8s_it.o [1]
FLASH_DeInit            0x00b3c9   0x18  Code  Gb  stm8s_flash.o [1]
FLASH_Lock              0x00b2c9   0x20  Code  Gb  stm8s_flash.o [1]
FLASH_ProgramByte       0x00af2b   0x3a  Code  Gb  stm8s_flash.o [1]
FLASH_ReadByte          0x00b108   0x2c  Code  Gb  stm8s_flash.o [1]
FLASH_SetProgrammingTime
                        0x00b242   0x22  Code  Gb  stm8s_flash.o [1]
FLASH_Unlock            0x00b2a8   0x21  Code  Gb  stm8s_flash.o [1]
FirstMenu               0x008f4e   0x73  Code  Gb  main.o [1]
GPIO_Init               0x00a791   0xb4  Code  Gb  stm8s_gpio.o [1]
GPIO_ReadInputData      0x00b6a4    0x3  Code  Gb  stm8s_gpio.o [1]
GPIO_ReadInputPin       0x00b6a7    0x3  Code  Gb  stm8s_gpio.o [1]
GPIO_WriteHigh          0x00b69e    0x3  Code  Gb  stm8s_gpio.o [1]
GPIO_WriteLow           0x00b686    0x4  Code  Gb  stm8s_gpio.o [1]
GPIO_WriteReverse       0x00b6a1    0x3  Code  Gb  stm8s_gpio.o [1]
GpioConfiguration       0x00936c   0x78  Code  Gb  main.o [1]
HEAP$$Base              0x00011e          --   Gb  - Linker created -
HEAP$$Limit             0x00031e          --   Gb  - Linker created -
I2C_AcknowledgeConfig   0x00b03e   0x34  Code  Gb  stm8s_i2c.o [1]
I2C_CheckEvent          0x00a845   0xa6  Code  Gb  stm8s_i2c.o [1]
I2C_Cmd                 0x00b3e1   0x18  Code  Gb  stm8s_i2c.o [1]
I2C_DeInit              0x00b1d3   0x25  Code  Gb  stm8s_i2c.o [1]
I2C_GenerateSTART       0x00b3f9   0x18  Code  Gb  stm8s_i2c.o [1]
I2C_GenerateSTOP        0x00b411   0x18  Code  Gb  stm8s_i2c.o [1]
I2C_GetFlagStatus       0x00a985   0x93  Code  Gb  stm8s_i2c.o [1]
I2C_IRQHandler          0x00b6c0    0x1  Code  Gb  stm8s_it.o [1]
I2C_Init                0x00a0cf  0x16d  Code  Gb  stm8s_i2c.o [1]
I2C_RA                  0x0095cc   0x28  Code  Gb  main.o [1]
I2C_RD                  0x0095a9   0x23  Code  Gb  main.o [1]
I2C_ReceiveData         0x00b68a    0x4  Code  Gb  stm8s_i2c.o [1]
I2C_Send7bitAddress     0x00b0a6   0x32  Code  Gb  stm8s_i2c.o [1]
I2C_SendData            0x00b68e    0x4  Code  Gb  stm8s_i2c.o [1]
I2C_Start               0x008a08   0x26  Code  Gb  main.o [1]
I2C_WA                  0x0089e2   0x26  Code  Gb  main.o [1]
I2C_WD                  0x0089be   0x24  Code  Gb  main.o [1]
INTVEC$$Base            0x008000          --   Gb  - Linker created -
INTVEC$$Limit           0x008080          --   Gb  - Linker created -
InitClk                 0x009325   0x3e  Code  Gb  main.o [1]
InitDelayTimer2         0x009247   0x1d  Code  Gb  main.o [1]
InitDelayTimer3         0x009230   0x17  Code  Gb  main.o [1]
InitI2C                 0x009701   0x26  Code  Gb  main.o [1]
InitLcd                 0x00929c   0x55  Code  Gb  main.o [1]
LCD                     0x0086a5   0xd0  Code  Gb  main.o [1]
LCDData                 0x008667    0xb  Code  Gb  main.o [1]
LCDDataOut              0x008610   0x57  Code  Gb  main.o [1]
LCDInstr                0x00869a    0xb  Code  Gb  main.o [1]
LCDInstrNibble          0x00928d    0xf  Code  Gb  main.o [1]
LoadInt                 0x00ad9a   0x47  Code  Lc  xprintfsmall.o [4]
Power_Off               0x009727    0xe  Code  Gb  main.o [1]
Power_On                0x009735    0xe  Code  Gb  main.o [1]
ProgramMenu             0x008cb3  0x23b  Code  Gb  main.o [1]
PulseEnable             0x008600   0x10  Code  Gb  main.o [1]
ReadDS1307              0x009653   0x78  Code  Gb  main.o [1]
ReadProgram             0x0094d1   0x30  Code  Gb  main.o [1]
Read_DS18               0x00911d   0x79  Code  Gb  main.o [1]
Region$$Table$$Base     0x008438          --   Gb  - Linker created -
Region$$Table$$Limit    0x00844c          --   Gb  - Linker created -
SPI_IRQHandler          0x00b6bb    0x1  Code  Gb  stm8s_it.o [1]
SaveProgram             0x008c92   0x21  Code  Gb  main.o [1]
SaveStatus              0x008f1e    0x8  Code  Gb  main.o [1]
Set_Clock               0x008ab0  0x176  Code  Gb  main.o [1]
Set_DS1307              0x008a35   0x70  Code  Gb  main.o [1]
SetupMenu               0x00951f   0x4e  Code  Gb  main.o [1]
TIM1_CAP_COM_IRQHandler
                        0x00b6bd    0x1  Code  Gb  stm8s_it.o [1]
TIM1_UPD_OVF_TRG_BRK_IRQHandler
                        0x00b6bc    0x1  Code  Gb  stm8s_it.o [1]
TIM2_CAP_COM_IRQHandler
                        0x00b6be    0x1  Code  Gb  stm8s_it.o [1]
TIM2_ClearITPendingBit  0x00b325   0x1d  Code  Gb  stm8s_tim2.o [1]
TIM2_Cmd                0x00ac6b   0x18  Code  Gb  stm8s_tim2.o [1]
TIM2_DeInit             0x00ad41   0x59  Code  Gb  stm8s_tim2.o [1]
TIM2_ITConfig           0x00ac2f   0x3c  Code  Gb  stm8s_tim2.o [1]
TIM2_TimeBaseInit       0x00b5f0    0xa  Code  Gb  stm8s_tim2.o [1]
TIM2_UPD_OVF_BRK_IRQHandler
                        0x00ab3a   0x79  Code  Gb  stm8s_it.o [1]
TIM3_CAP_COM_IRQHandler
                        0x00b6bf    0x1  Code  Gb  stm8s_it.o [1]
TIM3_ClearITPendingBit  0x00b342   0x1d  Code  Gb  stm8s_tim3.o [1]
TIM3_Cmd                0x00accb   0x18  Code  Gb  stm8s_tim3.o [1]
TIM3_DeInit             0x00ade1   0x45  Code  Gb  stm8s_tim3.o [1]
TIM3_ITConfig           0x00ac8f   0x3c  Code  Gb  stm8s_tim3.o [1]
TIM3_TimeBaseInit       0x00b5fa    0xa  Code  Gb  stm8s_tim3.o [1]
TIM3_UPD_OVF_BRK_IRQHandler
                        0x00aaa9   0x91  Code  Gb  stm8s_it.o [1]
TIM4_UPD_OVF_IRQHandler
                        0x00b6c3    0x1  Code  Gb  stm8s_it.o [1]
TLI_IRQHandler          0x00b6b3    0x1  Code  Gb  stm8s_it.o [1]
TRAP_IRQHandler         0x00b6b2    0x1  Code  Gb  stm8s_it.o [1]
Time_Display            0x00011c    0x1  Data  Gb  main.o [1]
UART2_ClearITPendingBit
                        0x00b21d   0x25  Code  Gb  stm8s_uart2.o [1]
UART2_RX_IRQHandler     0x00b1f8   0x25  Code  Gb  stm8s_it.o [1]
UART2_ReceiveData8      0x00b692    0x4  Code  Gb  stm8s_uart2.o [1]
UART2_TX_IRQHandler     0x00b6c1    0x1  Code  Gb  stm8s_it.o [1]
_EncodingSb_Mbtowc      0x00b0d8   0x30  Code  Gb  xencoding_sb.o [4]
_EncodingSb_Wctomb      0x00b3b0   0x19  Code  Gb  xencoding_sb.o [4]
_LitobSmall             0x009dd4  0x17f  Code  Lc  xprintfsmall.o [4]
_LocaleEncoding         0x00b50d    0xe  Code  Gb  setlocale.o [4]
_Locale_Profile         0x0000cf    0xe  Data  Gb  setlocale.o [4]
_Mbtowc                 0x00b134   0x29  Code  Gb  xmbtowc.o [4]
_PrintfSmall            0x009743  0x4aa  Code  Gb  xprintfsmall.o [4]
_Prout                  0x00b35f   0x1d  Code  Gb  xprout.o [4]
_PutcharSmall           0x00af65   0x39  Code  Lc  xprintfsmall.o [4]
_PutcharsSmall          0x00b009   0x35  Code  Lc  xprintfsmall.o [4]
_PutstrSmall            0x009bed  0x1e7  Code  Lc  xprintfsmall.o [4]
_SProut                 0x00b4ff    0xe  Code  Gb  xsprout.o [4]
_Wctomb                 0x00b264   0x22  Code  Gb  xwctomb.o [4]
__DebugBreak            0x00b6c5    0x1  Code  Gb  __dbg_break.o [3]
__exit                  0x00b456   0x16  Code  Gb  __dbg_xxexit.o [3]
__iar_Mbcurmax          0x00b66e    0x7  Code  Gb  xmbcurmax.o [4]
__iar_Memchr            0x00b46c   0x15  Code  Gb  memchr.o [4]
__iar_Stdout            0x000010   0x28  Data  Gb  xfiles.o [4]
__iar_Strchr            0x00b481   0x15  Code  Gb  strchr.o [4]
__iar_Tls_setup__Locale_Profile
                        0x0000f5    0x3  Data  Gb  setlocale.o [4]
__iar_copy_init2        0x00b185         Code  Gb  init_small.o [4]
__iar_data_init2        0x00b2e9   0x1e  Code  Gb  init.o [4]
__iar_program_start     0x00b429         Code  Gb  cstartup.o [4]
__iar_unhandled_exception
                        0x00b6ad         Code  Gb  unhandled_exception.o [4]
__iar_zero_init2        0x00b307         Code  Gb  init_small.o [4]
__intvec                0x008000         Data  Gb  interrupt.o [4]
__low_level_init        0x00b6aa    0x3  Code  Gb  low_level_init.o [4]
__near_Aldata           0x0000f1    0x4  Data  Gb  xxmemxmalloc.o [4]
__near_GetMemChunk      0x00b286   0x22  Code  Gb  xgetmemchunk.o [4]
__near_findmem          0x00abb3   0x70  Code  Lc  xxmemxmalloc.o [4]
_exit                   0x00b67b         Code  Gb  cexit.o [4]
_interrupt_1            0x00b6b2         Code  Gb  stm8s_it.o [1]
_interrupt_10           0x00b696         Code  Wk  interrupt.o [4]
_interrupt_11           0x00b696         Code  Wk  interrupt.o [4]
_interrupt_12           0x00b6bb         Code  Gb  stm8s_it.o [1]
_interrupt_13           0x00b6bc         Code  Gb  stm8s_it.o [1]
_interrupt_14           0x00b6bd         Code  Gb  stm8s_it.o [1]
_interrupt_15           0x00ab3a         Code  Gb  stm8s_it.o [1]
_interrupt_16           0x00b6be         Code  Gb  stm8s_it.o [1]
_interrupt_17           0x00aaa9         Code  Gb  stm8s_it.o [1]
_interrupt_18           0x00b6bf         Code  Gb  stm8s_it.o [1]
_interrupt_19           0x00b696         Code  Wk  interrupt.o [4]
_interrupt_2            0x00b6b3         Code  Gb  stm8s_it.o [1]
_interrupt_20           0x00b696         Code  Wk  interrupt.o [4]
_interrupt_21           0x00b6c0         Code  Gb  stm8s_it.o [1]
_interrupt_22           0x00b6c1         Code  Gb  stm8s_it.o [1]
_interrupt_23           0x00b1f8         Code  Gb  stm8s_it.o [1]
_interrupt_24           0x00b6c2         Code  Gb  stm8s_it.o [1]
_interrupt_25           0x00b6c3         Code  Gb  stm8s_it.o [1]
_interrupt_26           0x00b6c4         Code  Gb  stm8s_it.o [1]
_interrupt_27           0x00b696         Code  Wk  interrupt.o [4]
_interrupt_28           0x00b696         Code  Wk  interrupt.o [4]
_interrupt_29           0x00b696         Code  Wk  interrupt.o [4]
_interrupt_3            0x00b6b4         Code  Gb  stm8s_it.o [1]
_interrupt_30           0x00b696         Code  Wk  interrupt.o [4]
_interrupt_31           0x00b696         Code  Wk  interrupt.o [4]
_interrupt_4            0x00b6b5         Code  Gb  stm8s_it.o [1]
_interrupt_5            0x00b6b6         Code  Gb  stm8s_it.o [1]
_interrupt_6            0x00b6b7         Code  Gb  stm8s_it.o [1]
_interrupt_7            0x00b6b8         Code  Gb  stm8s_it.o [1]
_interrupt_8            0x00b6b9         Code  Gb  stm8s_it.o [1]
_interrupt_9            0x00b6ba         Code  Gb  stm8s_it.o [1]
adj                     0x0088c0   0x55  Code  Gb  main.o [1]
assert_failed           0x00b6b0    0x2  Code  Gb  main.o [1]
bcd2hex                 0x009592   0x17  Code  Gb  main.o [1]
beep                    0x008787   0x1b  Code  Gb  main.o [1]
blink_flag              0x00011a    0x1  Data  Gb  main.o [1]
blink_time              0x000100    0x2  Data  Gb  main.o [1]
button                  0x000118    0x1  Data  Gb  main.o [1]
convert_tobcd           0x0089a7   0x17  Code  Gb  main.o [1]
count                   0x00010b    0x1  Data  Gb  main.o [1]
date                    0x000055    0x1  Data  Gb  main.o [1]
day_week                0x000038   0x16  Data  Gb  main.o [1]
days                    0x000054    0x1  Data  Gb  main.o [1]
error                   0x000110    0x1  Data  Gb  main.o [1]
exit                    0x00b69a    0x4  Code  Gb  exit.o [4]
fputc                   0x008775   0x12  Code  Gb  main.o [1]
free                    0x00a5d6   0xe6  Code  Gb  xxmemxfree.o [4]
hardware                0x000104    0x2  Data  Gb  main.o [1]
hours                   0x00010e    0x1  Data  Gb  main.o [1]
initBeep                0x0087a2   0x1c  Code  Gb  main.o [1]
key_minus_on            0x00880f   0x3b  Code  Gb  main.o [1]
key_ok_hold             0x00011b    0x1  Data  Gb  main.o [1]
key_ok_on               0x0087be   0x51  Code  Gb  main.o [1]
key_plus_on             0x008862   0x3b  Code  Gb  main.o [1]
lcdLedTimer             0x000117    0x1  Data  Gb  main.o [1]
line1                   0x0000dd    0xa  Data  Gb  main.o [1]
line2                   0x0000e7    0xa  Data  Gb  main.o [1]
line_lcd                0x00010a    0x1  Data  Gb  main.o [1]
main                    0x009f53  0x17c  Code  Gb  main.o [1]
malloc                  0x00a8eb   0x9a  Code  Gb  xxmemxmalloc.o [4]
manu_display            0x000113    0x1  Data  Gb  main.o [1]
memcpy                  0x00b1ad   0x26  Code  Gb  memcpy.o [4]
minutes                 0x00010d    0x1  Data  Gb  main.o [1]
month                   0x000056    0x1  Data  Gb  main.o [1]
obuf                    0x000057   0x50  Data  Lc  xfiles.o [4]
pad                     0x00afd4   0x35  Code  Lc  xprintfsmall.o [4]
power                   0x000119    0x1  Data  Gb  main.o [1]
pressKey                0x008915   0x4a  Code  Gb  main.o [1]
printf                  0x00b15d   0x28  Code  Gb  printf.o [4]
program_display         0x000115    0x1  Data  Gb  main.o [1]
programpoint            0x0000a7   0x28  Data  Gb  main.o [1]
putchar                 0x00b65f    0x8  Code  Gb  putchar.o [4]
result1                 0x000111    0x1  Data  Gb  main.o [1]
result2                 0x000112    0x1  Data  Gb  main.o [1]
rx_data                 0x000109    0x1  Data  Gb  main.o [1]
seconds                 0x00010c    0x1  Data  Gb  main.o [1]
setup_menu              0x00004e    0x6  Data  Gb  main.o [1]
sprintf                 0x00ae26   0x45  Code  Gb  sprintf.o [4]
status                  0x000102    0x2  Data  Gb  main.o [1]
status_check            0x0000fe    0x2  Data  Gb  main.o [1]
strlen                  0x00b4ce   0x12  Code  Gb  strlen.o [4]
sync                    0x00011d    0x1  Data  Gb  stm8s_it.o [1]
sync_display            0x000114    0x1  Data  Gb  main.o [1]
sync_time_ds1307        0x000116    0x1  Data  Gb  main.o [1]
temperature             0x0091b0   0x3f  Code  Gb  main.o [1]
timeout                 0x000108    0x1  Data  Gb  main.o [1]
timer1                  0x0000f8    0x2  Data  Gb  main.o [1]
timer2                  0x0000fa    0x2  Data  Gb  main.o [1]
timer3                  0x0000fc    0x2  Data  Gb  main.o [1]
year                    0x00010f    0x1  Data  Gb  main.o [1]


[1] = C:\Documents and Settings\Administrator\Desktop\stm8s105k-controller\Project\STM8S_StdPeriph_Template\EWSTM8\STM8S105\Obj
[2] = command line
[3] = dbgstm8mmd.a
[4] = dlstm8mmf.a

  12 500 bytes of readonly  code memory
   1 522 bytes of readonly  data memory
   1 310 bytes of readwrite data memory

Errors: none
Warnings: none
