###############################################################################
#                                                                             #
# IAR ELF Linker V1.30.1.50036 for STM8                 04/Dec/2013  20:21:36 #
# Copyright 2010-2011 IAR Systems AB.                                         #
#                                                                             #
#    Output file  =  C:\Documents and Settings\Administrator\Desktop\stm8s105 #
#                    k-controller\Project\STM8S_StdPeriph_Template\EWSTM8\STM #
#                    8S105\Exe\Project.out                                    #
#    Map file     =  C:\Documents and Settings\Administrator\Desktop\stm8s105 #
#                    k-controller\Project\STM8S_StdPeriph_Template\EWSTM8\STM #
#                    8S105\List\Project.map                                   #
#    Command line =  "C:\Documents and Settings\Administrator\Desktop\stm8s10 #
#                    5k-controller\Project\STM8S_StdPeriph_Template\EWSTM8\ST #
#                    M8S105\Obj\main.o" "C:\Documents and                     #
#                    Settings\Administrator\Desktop\stm8s105k-controller\Proj #
#                    ect\STM8S_StdPeriph_Template\EWSTM8\STM8S105\Obj\stm8s_a #
#                    dc1.o" "C:\Documents and Settings\Administrator\Desktop\ #
#                    stm8s105k-controller\Project\STM8S_StdPeriph_Template\EW #
#                    STM8\STM8S105\Obj\stm8s_awu.o" "C:\Documents and         #
#                    Settings\Administrator\Desktop\stm8s105k-controller\Proj #
#                    ect\STM8S_StdPeriph_Template\EWSTM8\STM8S105\Obj\stm8s_b #
#                    eep.o" "C:\Documents and Settings\Administrator\Desktop\ #
#                    stm8s105k-controller\Project\STM8S_StdPeriph_Template\EW #
#                    STM8\STM8S105\Obj\stm8s_clk.o" "C:\Documents and         #
#                    Settings\Administrator\Desktop\stm8s105k-controller\Proj #
#                    ect\STM8S_StdPeriph_Template\EWSTM8\STM8S105\Obj\stm8s_e #
#                    xti.o" "C:\Documents and Settings\Administrator\Desktop\ #
#                    stm8s105k-controller\Project\STM8S_StdPeriph_Template\EW #
#                    STM8\STM8S105\Obj\stm8s_flash.o" "C:\Documents and       #
#                    Settings\Administrator\Desktop\stm8s105k-controller\Proj #
#                    ect\STM8S_StdPeriph_Template\EWSTM8\STM8S105\Obj\stm8s_g #
#                    pio.o" "C:\Documents and Settings\Administrator\Desktop\ #
#                    stm8s105k-controller\Project\STM8S_StdPeriph_Template\EW #
#                    STM8\STM8S105\Obj\stm8s_i2c.o" "C:\Documents and         #
#                    Settings\Administrator\Desktop\stm8s105k-controller\Proj #
#                    ect\STM8S_StdPeriph_Template\EWSTM8\STM8S105\Obj\stm8s_i #
#                    t.o" "C:\Documents and Settings\Administrator\Desktop\st #
#                    m8s105k-controller\Project\STM8S_StdPeriph_Template\EWST #
#                    M8\STM8S105\Obj\stm8s_itc.o" "C:\Documents and           #
#                    Settings\Administrator\Desktop\stm8s105k-controller\Proj #
#                    ect\STM8S_StdPeriph_Template\EWSTM8\STM8S105\Obj\stm8s_i #
#                    wdg.o" "C:\Documents and Settings\Administrator\Desktop\ #
#                    stm8s105k-controller\Project\STM8S_StdPeriph_Template\EW #
#                    STM8\STM8S105\Obj\stm8s_rst.o" "C:\Documents and         #
#                    Settings\Administrator\Desktop\stm8s105k-controller\Proj #
#                    ect\STM8S_StdPeriph_Template\EWSTM8\STM8S105\Obj\stm8s_s #
#                    pi.o" "C:\Documents and Settings\Administrator\Desktop\s #
#                    tm8s105k-controller\Project\STM8S_StdPeriph_Template\EWS #
#                    TM8\STM8S105\Obj\stm8s_tim1.o" "C:\Documents and         #
#                    Settings\Administrator\Desktop\stm8s105k-controller\Proj #
#                    ect\STM8S_StdPeriph_Template\EWSTM8\STM8S105\Obj\stm8s_t #
#                    im2.o" "C:\Documents and Settings\Administrator\Desktop\ #
#                    stm8s105k-controller\Project\STM8S_StdPeriph_Template\EW #
#                    STM8\STM8S105\Obj\stm8s_tim3.o" "C:\Documents and        #
#                    Settings\Administrator\Desktop\stm8s105k-controller\Proj #
#                    ect\STM8S_StdPeriph_Template\EWSTM8\STM8S105\Obj\stm8s_t #
#                    im4.o" "C:\Documents and Settings\Administrator\Desktop\ #
#                    stm8s105k-controller\Project\STM8S_StdPeriph_Template\EW #
#                    STM8\STM8S105\Obj\stm8s_uart2.o" "C:\Documents and       #
#                    Settings\Administrator\Desktop\stm8s105k-controller\Proj #
#                    ect\STM8S_StdPeriph_Template\EWSTM8\STM8S105\Obj\stm8s_w #
#                    wdg.o" --redirect _Printf=_PrintfSmall --redirect        #
#                    _Scanf=_ScanfSmall -o "C:\Documents and                  #
#                    Settings\Administrator\Desktop\stm8s105k-controller\Proj #
#                    ect\STM8S_StdPeriph_Template\EWSTM8\STM8S105\Exe\Project #
#                    .out" --map "C:\Documents and                            #
#                    Settings\Administrator\Desktop\stm8s105k-controller\Proj #
#                    ect\STM8S_StdPeriph_Template\EWSTM8\STM8S105\List\Projec #
#                    t.map" --config "C:\Program Files\IAR Systems\Embedded   #
#                    Workbench 6.0\stm8\config\lnkstm8s105k6.icf"             #
#                    --config_def _CSTACK_SIZE=0x200 --config_def             #
#                    _HEAP_SIZE=0x200 --entry __iar_program_start --debug_lib #
#                                                                             #
#                                                                             #
###############################################################################

*******************************************************************************
*** RUNTIME MODEL ATTRIBUTES
***

__Heap_Handler             = Basic
__SystemLibrary            = DLib
__code_model               = medium_or_large
__core                     = stm8
__data_model               = medium
__dlib_file_descriptor     = 1
__dlib_full_locale_support = 1
__rt_version               = 4


*******************************************************************************
*** PLACEMENT SUMMARY
***

"A1":  place at start of [0x000000-0x0000ff] { rw section .vregs };
"A2":  place at end of [0x000000-0x0007ff] { block CSTACK };
"P2":  place in [from 0x000000 to 0x0007ff] {
          block HEAP, rw section .far.bss, rw section .far.data,
          rw section .far.noinit, rw section .far_func.textrw,
          rw section .huge.bss, rw section .huge.data, rw section .huge.noinit,
          rw section .huge_func.textrw, rw section .iar.dynexit,
          rw section .near.bss, rw section .near.data, rw section .near.noinit,
          rw section .near_func.textrw };
"A3":  place at start of [0x008000-0x00ffff] { block INTVEC };
"P3":  place in [from 0x008000 to 0x00ffff] {
          ro section .far.data_init, ro section .far_func.textrw_init,
          ro section .huge.data_init, ro section .huge_func.textrw_init,
          ro section .iar.init_table, ro section .init_array,
          ro section .near.data_init, ro section .near.rodata,
          ro section .near_func.text, ro section .near_func.textrw_init,
          ro section .tiny.data_init, ro section .tiny.rodata_init };
"P4":  place in [from 0x008000 to 0x00ffff] {
          ro section .far.rodata, ro section .far_func.text };

  Section            Kind      Address    Size  Object
  -------            ----      -------    ----  ------
"A1":                                     0x10
  .vregs             uninit   0x000000    0x10  vregs.o [4]
                            - 0x000010    0x10

"P2", part 1 of 3:                        0x2b
  P2 s0                       0x000010    0x2b  <Init block>
    .near.data       inited   0x000010    0x28  xfiles.o [4]
    .near.data       inited   0x000038     0x1  main.o [1]
    .near.data       inited   0x000039     0x1  main.o [1]
    .near.data       inited   0x00003a     0x1  main.o [1]
                            - 0x00003b    0x2b

"P2", part 2 of 3:                        0xb7
  .near.bss          zero     0x00003b    0x50  xfiles.o [4]
  .near.bss          zero     0x00008b    0x28  main.o [1]
  .near.bss          zero     0x0000b3     0xe  setlocale.o [4]
  .near.bss          zero     0x0000c1     0x8  main.o [1]
  .near.bss          zero     0x0000c9     0x4  xxmemxmalloc.o [4]
  .near.bss          zero     0x0000cd     0x3  setlocale.o [4]
  .near.bss          zero     0x0000d0     0x2  main.o [1]
  .near.bss          zero     0x0000d2     0x2  main.o [1]
  .near.bss          zero     0x0000d4     0x2  main.o [1]
  .near.bss          zero     0x0000d6     0x2  main.o [1]
  .near.bss          zero     0x0000d8     0x2  main.o [1]
  .near.bss          zero     0x0000da     0x2  main.o [1]
  .near.bss          zero     0x0000dc     0x2  xgetmemchunk.o [4]
  .near.bss          zero     0x0000de     0x1  main.o [1]
  .near.bss          zero     0x0000df     0x1  main.o [1]
  .near.bss          zero     0x0000e0     0x1  main.o [1]
  .near.bss          zero     0x0000e1     0x1  main.o [1]
  .near.bss          zero     0x0000e2     0x1  main.o [1]
  .near.bss          zero     0x0000e3     0x1  main.o [1]
  .near.bss          zero     0x0000e4     0x1  main.o [1]
  .near.bss          zero     0x0000e5     0x1  main.o [1]
  .near.bss          zero     0x0000e6     0x1  main.o [1]
  .near.bss          zero     0x0000e7     0x1  main.o [1]
  .near.bss          zero     0x0000e8     0x1  main.o [1]
  .near.bss          zero     0x0000e9     0x1  main.o [1]
  .near.bss          zero     0x0000ea     0x1  main.o [1]
  .near.bss          zero     0x0000eb     0x1  main.o [1]
  .near.bss          zero     0x0000ec     0x1  main.o [1]
  .near.bss          zero     0x0000ed     0x1  main.o [1]
  .near.bss          zero     0x0000ee     0x1  main.o [1]
  .near.bss          zero     0x0000ef     0x1  main.o [1]
  .near.bss          zero     0x0000f0     0x1  main.o [1]
  .near.bss          zero     0x0000f1     0x1  stm8s_it.o [1]
                            - 0x0000f2    0xb7

"P2", part 3 of 3:                       0x200
  HEAP                        0x0000f2   0x200  <Block>
    HEAP             uninit   0x0000f2   0x200  <Block tail>
                            - 0x0002f2   0x200

"A2":                                    0x200
  CSTACK                      0x000600   0x200  <Block>
    CSTACK           uninit   0x000600   0x200  <Block tail>
                            - 0x000800   0x200

"A3":                                     0x80
  INTVEC                      0x008000    0x80  <Block>
    .intvec          const    0x008000    0x80  interrupt.o [4]
                            - 0x008080    0x80

"P3":                                    0x4cb
  .near.rodata       const    0x008080    0x78  stm8s_flash.o [1]
  .near.rodata       const    0x0080f8    0x78  stm8s_uart2.o [1]
  .near.rodata       const    0x008170    0x77  stm8s_beep.o [1]
  .near.rodata       const    0x0081e7    0x77  stm8s_gpio.o [1]
  .near.rodata       const    0x00825e    0x77  stm8s_tim2.o [1]
  .near.rodata       const    0x0082d5    0x77  stm8s_tim3.o [1]
  .near.rodata       const    0x00834c    0x76  stm8s_clk.o [1]
  .near.rodata       const    0x0083c2    0x76  stm8s_i2c.o [1]
  .iar.init_table    const    0x008438    0x14  - Linker created -
  .near.rodata       const    0x00844c    0x10  main.o [1]
  .near.rodata       const    0x00845c     0xe  main.o [1]
  .near.rodata       const    0x00846a     0xa  main.o [1]
  .near.rodata       const    0x008474     0xa  main.o [1]
  .near.rodata       const    0x00847e     0xa  main.o [1]
  .near.rodata       const    0x008488     0xa  main.o [1]
  .near.rodata       const    0x008492     0xa  main.o [1]
  .near.rodata       const    0x00849c     0x9  main.o [1]
  .near.rodata       const    0x0084a5     0x8  main.o [1]
  .near.rodata       const    0x0084ad     0x8  main.o [1]
  .near.rodata       const    0x0084b5     0x8  main.o [1]
  .near.rodata       const    0x0084bd     0x8  xprintfsmall.o [4]
  .near.rodata       const    0x0084c5     0x8  xprintfsmall.o [4]
  .near.rodata       const    0x0084cd     0x8  xencoding_sb.o [4]
  .near.rodata       const    0x0084d5     0x8  xencoding_sb.o [4]
  .near.rodata       const    0x0084dd     0x7  main.o [1]
  .near.rodata       const    0x0084e4     0x7  main.o [1]
  .near.rodata       const    0x0084eb     0x7  main.o [1]
  .near.rodata       const    0x0084f2     0x7  main.o [1]
  .near.rodata       const    0x0084f9     0x7  main.o [1]
  .near.rodata       const    0x008500     0x7  main.o [1]
  .near.rodata       const    0x008507     0x7  xprintfsmall.o [4]
  .near.rodata       const    0x00850e     0x6  main.o [1]
  .near.rodata       const    0x008514     0x6  main.o [1]
  .near.rodata       const    0x00851a     0x6  main.o [1]
  Initializer bytes  ro data  0x008520    0x2b  <for P2 s0>
                            - 0x00854b   0x4cb

"P4":                                   0x2d23
  .far_func.text     ro code  0x00854b   0xe01  main.o [1]
  .far_func.text     ro code  0x00934c   0x4aa  xprintfsmall.o [4]
  .far_func.text     ro code  0x0097f6   0x1e7  xprintfsmall.o [4]
  .far_func.text     ro code  0x0099dd   0x17f  xprintfsmall.o [4]
  .far_func.text     ro code  0x009b5c   0x171  main.o [1]
  .far_func.text     ro code  0x009ccd   0x16d  stm8s_i2c.o [1]
  .far_func.text     ro code  0x009e3a   0x15a  long.o [4]
  .far_func.text     ro code  0x009f94   0x14d  vreg_util.o [4]
  .far_func.text     ro code  0x00a0e1    0xe6  xxmemxfree.o [4]
  .far_func.text     ro code  0x00a1c7    0xd5  stm8s_clk.o [1]
  .far_func.text     ro code  0x00a29c    0xc1  main.o [1]
  .far_func.text     ro code  0x00a35d    0xb4  stm8s_gpio.o [1]
  .far_func.text     ro code  0x00a411    0xa6  stm8s_i2c.o [1]
  .far_func.text     ro code  0x00a4b7    0x9a  xxmemxmalloc.o [4]
  .far_func.text     ro code  0x00a551    0x93  stm8s_i2c.o [1]
  .far_func.text     ro code  0x00a5e4    0x91  stm8s_clk.o [1]
  .far_func.text     ro code  0x00a675    0x91  stm8s_it.o [1]
  .far_func.text     ro code  0x00a706    0x70  xxmemxmalloc.o [4]
  .far_func.text     ro code  0x00a776    0x60  stm8s_tim2.o [1]
  .far_func.text     ro code  0x00a7d6    0x60  stm8s_tim3.o [1]
  .far_func.text     ro code  0x00a836    0x5e  stm8s_clk.o [1]
  .far_func.text     ro code  0x00a894    0x59  stm8s_tim2.o [1]
  .far_func.text     ro code  0x00a8ed    0x57  stm8s_it.o [1]
  .far_func.text     ro code  0x00a944    0x47  xprintfsmall.o [4]
  .far_func.text     ro code  0x00a98b    0x45  stm8s_tim3.o [1]
  .far_func.text     ro code  0x00a9d0    0x45  sprintf.o [4]
  .far_func.text     ro code  0x00aa15    0x43  stm8s_beep.o [1]
  .far_func.text     ro code  0x00aa58    0x3f  short.o [4]
  .far_func.text     ro code  0x00aa97    0x3e  long_util.o [4]
  .far_func.text     ro code  0x00aad5    0x3a  stm8s_flash.o [1]
  .far_func.text     ro code  0x00ab0f    0x39  xprintfsmall.o [4]
  .far_func.text     ro code  0x00ab48    0x36  stm8s_clk.o [1]
  .far_func.text     ro code  0x00ab7e    0x35  xprintfsmall.o [4]
  .far_func.text     ro code  0x00abb3    0x35  xprintfsmall.o [4]
  .far_func.text     ro code  0x00abe8    0x34  stm8s_i2c.o [1]
  .far_func.text     ro code  0x00ac1c    0x34  far_util.o [4]
  .far_func.text     ro code  0x00ac50    0x32  stm8s_i2c.o [1]
  .far_func.text     ro code  0x00ac82    0x30  xencoding_sb.o [4]
  .far_func.text     ro code  0x00acb2    0x2c  stm8s_flash.o [1]
  .far_func.text     ro code  0x00acde    0x29  xmbtowc.o [4]
  .far_func.text     ro code  0x00ad07    0x28  printf.o [4]
  .far_func.text     ro code  0x00ad2f    0x28  init_small.o [4]
  .far_func.text     ro code  0x00ad57    0x26  memcpy.o [4]
  .far_func.text     ro code  0x00ad7d    0x25  stm8s_i2c.o [1]
  .far_func.text     ro code  0x00ada2    0x25  stm8s_it.o [1]
  .far_func.text     ro code  0x00adc7    0x25  stm8s_uart2.o [1]
  .far_func.text     ro code  0x00adec    0x22  stm8s_flash.o [1]
  .far_func.text     ro code  0x00ae0e    0x22  xwctomb.o [4]
  .far_func.text     ro code  0x00ae30    0x22  xgetmemchunk.o [4]
  .far_func.text     ro code  0x00ae52    0x21  stm8s_flash.o [1]
  .far_func.text     ro code  0x00ae73    0x20  stm8s_flash.o [1]
  .far_func.text     ro code  0x00ae93    0x1e  init.o [4]
  .far_func.text     ro code  0x00aeb1    0x1e  init_small.o [4]
  .far_func.text     ro code  0x00aecf    0x1d  stm8s_tim2.o [1]
  .far_func.text     ro code  0x00aeec    0x1d  stm8s_tim3.o [1]
  .far_func.text     ro code  0x00af09    0x1d  xprout.o [4]
  .far_func.text     ro code  0x00af26    0x1a  stm8s_flash.o [1]
  .far_func.text     ro code  0x00af40    0x1a  xprintfsmall.o [4]
  .far_func.text     ro code  0x00af5a    0x19  xencoding_sb.o [4]
  .far_func.text     ro code  0x00af73    0x18  stm8s_flash.o [1]
  .far_func.text     ro code  0x00af8b    0x18  stm8s_i2c.o [1]
  .far_func.text     ro code  0x00afa3    0x18  stm8s_i2c.o [1]
  .far_func.text     ro code  0x00afbb    0x18  stm8s_i2c.o [1]
  .far_func.text     ro code  0x00afd3    0x17  cstartup.o [4]
  .far_func.text     ro code  0x00afea    0x16  xprintfsmall.o [4]
  .far_func.text     ro code  0x00b000    0x16  __dbg_xxexit.o [3]
  .far_func.text     ro code  0x00b016    0x15  memchr.o [4]
  .far_func.text     ro code  0x00b02b    0x15  strchr.o [4]
  .far_func.text     ro code  0x00b040    0x13  stm8s_flash.o [1]
  .far_func.text     ro code  0x00b053    0x13  xprintfsmall.o [4]
  .far_func.text     ro code  0x00b066    0x12  stm8s_i2c.o [1]
  .far_func.text     ro code  0x00b078    0x12  strlen.o [4]
  .far_func.text     ro code  0x00b08a    0x10  xprintfsmall.o [4]
  .far_func.text     ro code  0x00b09a     0xe  xsprout.o [4]
  .far_func.text     ro code  0x00b0a8     0xe  setlocale.o [4]
  .far_func.text     ro code  0x00b0b6     0xd  stm8s_beep.o [1]
  .far_func.text     ro code  0x00b0c3     0xd  move.o [4]
  .far_func.text     ro code  0x00b0d0     0xc  stm8s_beep.o [1]
  .far_func.text     ro code  0x00b0dc     0xc  stm8s_clk.o [1]
  .far_func.text     ro code  0x00b0e8     0xc  stm8s_flash.o [1]
  .far_func.text     ro code  0x00b0f4     0xc  stm8s_gpio.o [1]
  .far_func.text     ro code  0x00b100     0xc  stm8s_i2c.o [1]
  .far_func.text     ro code  0x00b10c     0xc  stm8s_i2c.o [1]
  .far_func.text     ro code  0x00b118     0xc  stm8s_tim2.o [1]
  .far_func.text     ro code  0x00b124     0xc  stm8s_tim3.o [1]
  .far_func.text     ro code  0x00b130     0xc  stm8s_uart2.o [1]
  .far_func.text     ro code  0x00b13c     0xc  xprintfsmall.o [4]
  .far_func.text     ro code  0x00b148     0xc  xprintfsmall.o [4]
  .far_func.text     ro code  0x00b154     0xb  main.o [1]
  .far_func.text     ro code  0x00b15f     0xb  main.o [1]
  .far_func.text     ro code  0x00b16a     0xb  main.o [1]
  .far_func.text     ro code  0x00b175     0xb  stm8s_clk.o [1]
  .far_func.text     ro code  0x00b180     0xb  xprintfsmall.o [4]
  .far_func.text     ro code  0x00b18b     0xb  setlocale.o [4]
  .far_func.text     ro code  0x00b196     0xa  stm8s_tim2.o [1]
  .far_func.text     ro code  0x00b1a0     0xa  stm8s_tim3.o [1]
  .far_func.text     ro code  0x00b1aa     0xa  xprintfsmall.o [4]
  .far_func.text     ro code  0x00b1b4     0xa  far.o [4]
  .far_func.text     ro code  0x00b1be     0xa  setlocale.o [4]
  .far_func.text     ro code  0x00b1c8     0x9  main.o [1]
  .far_func.text     ro code  0x00b1d1     0x9  main.o [1]
  .far_func.text     ro code  0x00b1da     0x9  main.o [1]
  .far_func.text     ro code  0x00b1e3     0x9  xprintfsmall.o [4]
  .far_func.text     ro code  0x00b1ec     0x9  xprintfsmall.o [4]
  .far_func.text     ro code  0x00b1f5     0x9  setlocale.o [4]
  .far_func.text     ro code  0x00b1fe     0x8  xprintfsmall.o [4]
  .far_func.text     ro code  0x00b206     0x8  xxmemxmalloc.o [4]
  .far_func.text     ro code  0x00b20e     0x8  putchar.o [4]
  .far_func.text     ro code  0x00b216     0x7  xmbcurmax.o [4]
  .far_func.text     ro code  0x00b21d     0x6  xprintfsmall.o [4]
  .far_func.text     ro code  0x00b223     0x6  cexit.o [4]
  .far_func.text     ro code  0x00b229     0x5  stm8s_beep.o [1]
  .far_func.text     ro code  0x00b22e     0x4  stm8s_gpio.o [1]
  .far_func.text     ro code  0x00b232     0x4  stm8s_i2c.o [1]
  .far_func.text     ro code  0x00b236     0x4  stm8s_i2c.o [1]
  .far_func.text     ro code  0x00b23a     0x4  stm8s_uart2.o [1]
  .far_func.text     ro code  0x00b23e     0x4  interrupt.o [4]
  .far_func.text     ro code  0x00b242     0x4  exit.o [4]
  .far_func.text     ro code  0x00b246     0x3  stm8s_gpio.o [1]
  .far_func.text     ro code  0x00b249     0x3  stm8s_gpio.o [1]
  .far_func.text     ro code  0x00b24c     0x3  stm8s_gpio.o [1]
  .far_func.text     ro code  0x00b24f     0x3  stm8s_gpio.o [1]
  .far_func.text     ro code  0x00b252     0x3  low_level_init.o [4]
  .far_func.text     ro code  0x00b255     0x3  unhandled_exception.o [4]
  .far_func.text     ro code  0x00b258     0x2  main.o [1]
  .far_func.text     ro code  0x00b25a     0x1  stm8s_it.o [1]
  .far_func.text     ro code  0x00b25b     0x1  stm8s_it.o [1]
  .far_func.text     ro code  0x00b25c     0x1  stm8s_it.o [1]
  .far_func.text     ro code  0x00b25d     0x1  stm8s_it.o [1]
  .far_func.text     ro code  0x00b25e     0x1  stm8s_it.o [1]
  .far_func.text     ro code  0x00b25f     0x1  stm8s_it.o [1]
  .far_func.text     ro code  0x00b260     0x1  stm8s_it.o [1]
  .far_func.text     ro code  0x00b261     0x1  stm8s_it.o [1]
  .far_func.text     ro code  0x00b262     0x1  stm8s_it.o [1]
  .far_func.text     ro code  0x00b263     0x1  stm8s_it.o [1]
  .far_func.text     ro code  0x00b264     0x1  stm8s_it.o [1]
  .far_func.text     ro code  0x00b265     0x1  stm8s_it.o [1]
  .far_func.text     ro code  0x00b266     0x1  stm8s_it.o [1]
  .far_func.text     ro code  0x00b267     0x1  stm8s_it.o [1]
  .far_func.text     ro code  0x00b268     0x1  stm8s_it.o [1]
  .far_func.text     ro code  0x00b269     0x1  stm8s_it.o [1]
  .far_func.text     ro code  0x00b26a     0x1  stm8s_it.o [1]
  .far_func.text     ro code  0x00b26b     0x1  stm8s_it.o [1]
  .far_func.text     ro code  0x00b26c     0x1  stm8s_it.o [1]
  .far_func.text     ro code  0x00b26d     0x1  __dbg_break.o [3]
                            - 0x00b26e  0x2d23


*******************************************************************************
*** INIT TABLE
***

          Address   Size
          -------   ----
Zero (__iar_zero_init2)
    1 destination range, total size 0xb7:
          0x00003b  0xb7

Copy (__iar_copy_init2)
    1 source range, total size 0x2b:
          0x008520  0x2b
    1 destination range, total size 0x2b:
          0x000010  0x2b


*******************************************************************************
*** MODULE SUMMARY
***

    Module                 ro code  ro data  rw data
    ------                 -------  -------  -------
C:\Documents and Settings\Administrator\Desktop\stm8s105k-controller\Project\STM8S_StdPeriph_Template\EWSTM8\STM8S105\Obj: [1]
    main.o                   4 209      176       82
    stm8s_beep.o                97      119
    stm8s_clk.o                529      118
    stm8s_flash.o              282      120
    stm8s_gpio.o               208      119
    stm8s_i2c.o                939      118
    stm8s_it.o                 288                 1
    stm8s_tim2.o               236      119
    stm8s_tim3.o               216      119
    stm8s_uart2.o               53      120
    ------------------------------------------------
    Total:                   7 057    1 128       83

command line: [2]
    ------------------------------------------------
    Total:

dbgstm8mmd.a: [3]
    __dbg_break.o                1
    __dbg_xxexit.o              22
    ------------------------------------------------
    Total:                      23

dlstm8mmf.a: [4]
    cexit.o                      6
    cstartup.o                  23
    exit.o                       4
    far.o                       10
    far_util.o                  52
    init.o                      30
    init_small.o                70
    interrupt.o                  4      128
    long.o                     346
    long_util.o                 62
    low_level_init.o             3
    memchr.o                    21
    memcpy.o                    38
    move.o                      13
    printf.o                    40
    putchar.o                    8
    setlocale.o                 44                17
    short.o                     63
    sprintf.o                   69
    strchr.o                    21
    strlen.o                    18
    unhandled_exception.o        3
    vreg_util.o                333
    vregs.o                                       16
    xencoding_sb.o              73       16
    xfiles.o                             40      120
    xgetmemchunk.o              34                 2
    xmbcurmax.o                  7
    xmbtowc.o                   41
    xprintfsmall.o           2 458       23
    xprout.o                    29
    xsprout.o                   14
    xwctomb.o                   34
    xxmemxfree.o               230
    xxmemxmalloc.o             274                 4
    ------------------------------------------------
    Total:                   4 475      207      159

    Linker created                       20    1 024
----------------------------------------------------
    Grand Total:            11 555    1 355    1 266


*******************************************************************************
*** ENTRY LIST
***

Entry                    Address   Size  Type      Object
-----                    -------   ----  ----      ------
?add32_l0_l0_0x         0x009e4d         Code  Gb  long.o [4]
?add32_l0_l0_l1         0x009e4a         Code  Gb  long.o [4]
?and32_l0_l0_0x         0x009f53         Code  Gb  long.o [4]
?and32_l0_l0_l1         0x009f50         Code  Gb  long.o [4]
?b0                     0x000000         Data  Gb  vregs.o [4]
?b1                     0x000001         Data  Gb  vregs.o [4]
?b10                    0x00000a         Data  Gb  vregs.o [4]
?b11                    0x00000b         Data  Gb  vregs.o [4]
?b12                    0x00000c         Data  Gb  vregs.o [4]
?b13                    0x00000d         Data  Gb  vregs.o [4]
?b14                    0x00000e         Data  Gb  vregs.o [4]
?b15                    0x00000f         Data  Gb  vregs.o [4]
?b2                     0x000002         Data  Gb  vregs.o [4]
?b3                     0x000003         Data  Gb  vregs.o [4]
?b4                     0x000004         Data  Gb  vregs.o [4]
?b5                     0x000005         Data  Gb  vregs.o [4]
?b6                     0x000006         Data  Gb  vregs.o [4]
?b7                     0x000007         Data  Gb  vregs.o [4]
?b8                     0x000008         Data  Gb  vregs.o [4]
?b9                     0x000009         Data  Gb  vregs.o [4]
?e0                     0x000001         Data  Gb  vregs.o [4]
?e1                     0x000005         Data  Gb  vregs.o [4]
?e2                     0x000009         Data  Gb  vregs.o [4]
?e3                     0x00000d         Data  Gb  vregs.o [4]
?epilogue_l2            0x00a04f         Code  Gb  vreg_util.o [4]
?epilogue_l2_l3         0x00a04b         Code  Gb  vreg_util.o [4]
?epilogue_l2_w6         0x00a054         Code  Gb  vreg_util.o [4]
?epilogue_w4            0x00a05d         Code  Gb  vreg_util.o [4]
?l0                     0x000000         Data  Gb  vregs.o [4]
?l1                     0x000004         Data  Gb  vregs.o [4]
?l2                     0x000008         Data  Gb  vregs.o [4]
?l3                     0x00000c         Data  Gb  vregs.o [4]
?load24_0x_e0           0x00ac42         Code  Gb  far_util.o [4]
?load24_e0_0x           0x00ac1c         Code  Gb  far_util.o [4]
?load24_e1_0x           0x00ac2a         Code  Gb  far_util.o [4]
?load24_xsp_e0          0x00ac38         Code  Gb  far_util.o [4]
?load32_0x_l0           0x00aac7         Code  Gb  long_util.o [4]
?load32_l0_0x           0x00aab1         Code  Gb  long_util.o [4]
?load32_l0_asp          0x00aaa5         Code  Gb  long_util.o [4]
?load32_l0_dbsp         0x00aa97         Code  Gb  long_util.o [4]
?load32_l0_xsp          0x00aaa7         Code  Gb  long_util.o [4]
?load32_xsp_l0          0x00aabd         Code  Gb  long_util.o [4]
?mov_e0_e2              0x00a096         Code  Gb  vreg_util.o [4]
?mov_e0_e3              0x00a0a3         Code  Gb  vreg_util.o [4]
?mov_e1_e0              0x00a0b0         Code  Gb  vreg_util.o [4]
?mov_e1_e2              0x00a0bd         Code  Gb  vreg_util.o [4]
?mov_e2_e0              0x00a0ca         Code  Gb  vreg_util.o [4]
?mov_e3_e0              0x00a0d7         Code  Gb  vreg_util.o [4]
?mov_l0_l2              0x00a093         Code  Gb  vreg_util.o [4]
?mov_l0_l3              0x00a0a0         Code  Gb  vreg_util.o [4]
?mov_l1_l0              0x00a0ad         Code  Gb  vreg_util.o [4]
?mov_l1_l2              0x00a0ba         Code  Gb  vreg_util.o [4]
?mov_l2_l0              0x00a0c7         Code  Gb  vreg_util.o [4]
?mov_l3_l0              0x00a0d4         Code  Gb  vreg_util.o [4]
?mov_w0_w4              0x00a062         Code  Gb  vreg_util.o [4]
?mov_w0_w5              0x00a069         Code  Gb  vreg_util.o [4]
?mov_w1_w4              0x00a070         Code  Gb  vreg_util.o [4]
?mov_w1_w5              0x00a099         Code  Gb  vreg_util.o [4]
?mov_w1_w7              0x00a0a6         Code  Gb  vreg_util.o [4]
?mov_w2_w1              0x00a077         Code  Gb  vreg_util.o [4]
?mov_w3_w1              0x00a0b3         Code  Gb  vreg_util.o [4]
?mov_w3_w5              0x00a0c0         Code  Gb  vreg_util.o [4]
?mov_w4_w0              0x00a07e         Code  Gb  vreg_util.o [4]
?mov_w4_w1              0x00a085         Code  Gb  vreg_util.o [4]
?mov_w5_w0              0x00a08c         Code  Gb  vreg_util.o [4]
?mov_w5_w1              0x00a0cd         Code  Gb  vreg_util.o [4]
?mov_w7_w1              0x00a0da         Code  Gb  vreg_util.o [4]
?move1616_v_x_y_a       0x00b0c3         Code  Gb  move.o [4]
?mul16_x_x_w0           0x00aa58         Code  Gb  short.o [4]
?mul32_l0_l0_l1         0x009e65         Code  Gb  long.o [4]
?neg32_l0_l0            0x009e3a         Code  Gb  long.o [4]
?pop_l0                 0x00a013         Code  Gb  vreg_util.o [4]
?pop_l1                 0x00a01e         Code  Gb  vreg_util.o [4]
?pop_l2                 0x00a029         Code  Gb  vreg_util.o [4]
?pop_l3                 0x00a034         Code  Gb  vreg_util.o [4]
?pop_w4                 0x009fc4         Code  Gb  vreg_util.o [4]
?pop_w6                 0x009fcb         Code  Gb  vreg_util.o [4]
?push_l0                0x009fde         Code  Gb  vreg_util.o [4]
?push_l1                0x009fe3         Code  Gb  vreg_util.o [4]
?push_l2                0x009fe8         Code  Gb  vreg_util.o [4]
?push_l3                0x009fed         Code  Gb  vreg_util.o [4]
?push_w0                0x009f94         Code  Gb  vreg_util.o [4]
?push_w1                0x009f99         Code  Gb  vreg_util.o [4]
?push_w2                0x009f9e         Code  Gb  vreg_util.o [4]
?push_w4                0x009fa3         Code  Gb  vreg_util.o [4]
?push_w6                0x009fa8         Code  Gb  vreg_util.o [4]
?sdiv16_x_x_y           0x00aa76         Code  Gb  short.o [4]
?sext32_l0_a            0x009f87         Code  Gb  long.o [4]
?sext32_l0_x            0x009f7c         Code  Gb  long.o [4]
?sll16_x_x_a            0x00aa8f         Code  Gb  short.o [4]
?sll32_0x_0x_a          0x009f6e         Code  Gb  long.o [4]
?sll32_l0_l0_a          0x009f6b         Code  Gb  long.o [4]
?ucmp24_c_0x_e0         0x00b1b4         Code  Gb  far.o [4]
?udiv32_l0_l0_l1        0x009ee3         Code  Gb  long.o [4]
?umod32_l1_l0_l1        0x009ee3         Code  Gb  long.o [4]
?w0                     0x000000         Data  Gb  vregs.o [4]
?w1                     0x000002         Data  Gb  vregs.o [4]
?w2                     0x000004         Data  Gb  vregs.o [4]
?w3                     0x000006         Data  Gb  vregs.o [4]
?w4                     0x000008         Data  Gb  vregs.o [4]
?w5                     0x00000a         Data  Gb  vregs.o [4]
?w6                     0x00000c         Data  Gb  vregs.o [4]
?w7                     0x00000e         Data  Gb  vregs.o [4]
ADC1_IRQHandler         0x00b26a    0x1  Code  Gb  stm8s_it.o [1]
AWU_IRQHandler          0x00b25c    0x1  Code  Gb  stm8s_it.o [1]
BEEP_Cmd                0x00b0b6    0xd  Code  Gb  stm8s_beep.o [1]
BEEP_DeInit             0x00b229    0x5  Code  Gb  stm8s_beep.o [1]
BEEP_Init               0x00aa15   0x43  Code  Gb  stm8s_beep.o [1]
CLK_ClockSwitchConfig   0x00a1c7   0xd5  Code  Gb  stm8s_clk.o [1]
CLK_DeInit              0x00ab48   0x36  Code  Gb  stm8s_clk.o [1]
CLK_IRQHandler          0x00b25d    0x1  Code  Gb  stm8s_it.o [1]
CLK_PeripheralClockConfig
                        0x00a5e4   0x91  Code  Gb  stm8s_clk.o [1]
CLK_SYSCLKConfig        0x00a836   0x5e  Code  Gb  stm8s_clk.o [1]
CSTACK$$Base            0x000600          --   Gb  - Linker created -
CSTACK$$Limit           0x000800          --   Gb  - Linker created -
CheckProgramPoint       0x009097   0xc0  Code  Gb  main.o [1]
Check_DS1307            0x0091f4   0x4e  Code  Gb  main.o [1]
DS18Set                 0x008d2d   0x37  Code  Gb  main.o [1]
DS18_Read               0x008d64   0x4a  Code  Gb  main.o [1]
DS18_Reset              0x008cdc   0x48  Code  Gb  main.o [1]
DS18_Write              0x008c9e   0x36  Code  Gb  main.o [1]
Delay1                  0x00854b    0xe  Code  Gb  main.o [1]
Delay_us                0x008c98    0x6  Code  Gb  main.o [1]
Display                 0x00a29c   0xc1  Code  Gb  main.o [1]
EEPROM_EEC_IRQHandler   0x00b26c    0x1  Code  Gb  stm8s_it.o [1]
EEPROM_INIT             0x008b51    0xf  Code  Gb  main.o [1]
EXTI_PORTA_IRQHandler   0x00b25e    0x1  Code  Gb  stm8s_it.o [1]
EXTI_PORTB_IRQHandler   0x00b25f    0x1  Code  Gb  stm8s_it.o [1]
EXTI_PORTC_IRQHandler   0x00b260    0x1  Code  Gb  stm8s_it.o [1]
EXTI_PORTD_IRQHandler   0x00b261    0x1  Code  Gb  stm8s_it.o [1]
EXTI_PORTE_IRQHandler   0x00b262    0x1  Code  Gb  stm8s_it.o [1]
FLASH_DeInit            0x00af73   0x18  Code  Gb  stm8s_flash.o [1]
FLASH_Lock              0x00ae73   0x20  Code  Gb  stm8s_flash.o [1]
FLASH_ProgramByte       0x00aad5   0x3a  Code  Gb  stm8s_flash.o [1]
FLASH_ReadByte          0x00acb2   0x2c  Code  Gb  stm8s_flash.o [1]
FLASH_SetProgrammingTime
                        0x00adec   0x22  Code  Gb  stm8s_flash.o [1]
FLASH_Unlock            0x00ae52   0x21  Code  Gb  stm8s_flash.o [1]
FirstMenu               0x008c02   0x75  Code  Gb  main.o [1]
GPIO_Init               0x00a35d   0xb4  Code  Gb  stm8s_gpio.o [1]
GPIO_ReadInputData      0x00b24c    0x3  Code  Gb  stm8s_gpio.o [1]
GPIO_ReadInputPin       0x00b24f    0x3  Code  Gb  stm8s_gpio.o [1]
GPIO_WriteHigh          0x00b246    0x3  Code  Gb  stm8s_gpio.o [1]
GPIO_WriteLow           0x00b22e    0x4  Code  Gb  stm8s_gpio.o [1]
GPIO_WriteReverse       0x00b249    0x3  Code  Gb  stm8s_gpio.o [1]
GpioConfiguration       0x00900f   0x78  Code  Gb  main.o [1]
HEAP$$Base              0x0000f2          --   Gb  - Linker created -
HEAP$$Limit             0x0002f2          --   Gb  - Linker created -
I2C_AcknowledgeConfig   0x00abe8   0x34  Code  Gb  stm8s_i2c.o [1]
I2C_CheckEvent          0x00a411   0xa6  Code  Gb  stm8s_i2c.o [1]
I2C_Cmd                 0x00af8b   0x18  Code  Gb  stm8s_i2c.o [1]
I2C_DeInit              0x00ad7d   0x25  Code  Gb  stm8s_i2c.o [1]
I2C_GenerateSTART       0x00afa3   0x18  Code  Gb  stm8s_i2c.o [1]
I2C_GenerateSTOP        0x00afbb   0x18  Code  Gb  stm8s_i2c.o [1]
I2C_GetFlagStatus       0x00a551   0x93  Code  Gb  stm8s_i2c.o [1]
I2C_IRQHandler          0x00b268    0x1  Code  Gb  stm8s_it.o [1]
I2C_Init                0x009ccd  0x16d  Code  Gb  stm8s_i2c.o [1]
I2C_RA                  0x0091cc   0x28  Code  Gb  main.o [1]
I2C_RD                  0x0091a9   0x23  Code  Gb  main.o [1]
I2C_ReceiveData         0x00b232    0x4  Code  Gb  stm8s_i2c.o [1]
I2C_Send7bitAddress     0x00ac50   0x32  Code  Gb  stm8s_i2c.o [1]
I2C_SendData            0x00b236    0x4  Code  Gb  stm8s_i2c.o [1]
I2C_Start               0x008906   0x26  Code  Gb  main.o [1]
I2C_WA                  0x0088e0   0x26  Code  Gb  main.o [1]
I2C_WD                  0x0088bc   0x24  Code  Gb  main.o [1]
INTVEC$$Base            0x008000          --   Gb  - Linker created -
INTVEC$$Limit           0x008080          --   Gb  - Linker created -
InitClk                 0x008fc8   0x3e  Code  Gb  main.o [1]
InitDelayTimer2         0x008ef7   0x1d  Code  Gb  main.o [1]
InitDelayTimer3         0x008ee0   0x17  Code  Gb  main.o [1]
InitI2C                 0x00930a   0x26  Code  Gb  main.o [1]
InitLcd                 0x008f48   0x55  Code  Gb  main.o [1]
LCD                     0x0085fe   0xc8  Code  Gb  main.o [1]
LCDData                 0x0085c0    0xb  Code  Gb  main.o [1]
LCDDataOut              0x008569   0x57  Code  Gb  main.o [1]
LCDInstr                0x0085f3    0xb  Code  Gb  main.o [1]
LCDInstrNibble          0x008f39    0xf  Code  Gb  main.o [1]
LoadInt                 0x00a944   0x47  Code  Lc  xprintfsmall.o [4]
Power_Off               0x009330    0xe  Code  Gb  main.o [1]
Power_On                0x00933e    0xe  Code  Gb  main.o [1]
PulseEnable             0x008559   0x10  Code  Gb  main.o [1]
ReadDS1307              0x009253   0x82  Code  Gb  main.o [1]
ReadProgram             0x009157   0x30  Code  Gb  main.o [1]
Read_DS18               0x008dcd   0x79  Code  Gb  main.o [1]
Region$$Table$$Base     0x008438          --   Gb  - Linker created -
Region$$Table$$Limit    0x00844c          --   Gb  - Linker created -
SPI_IRQHandler          0x00b263    0x1  Code  Gb  stm8s_it.o [1]
SaveStatus              0x008bcd   0x19  Code  Gb  main.o [1]
Set_Clock               0x0089aa  0x176  Code  Gb  main.o [1]
Set_DS1307              0x008933   0x6c  Code  Gb  main.o [1]
TIM1_CAP_COM_IRQHandler
                        0x00b265    0x1  Code  Gb  stm8s_it.o [1]
TIM1_UPD_OVF_TRG_BRK_IRQHandler
                        0x00b264    0x1  Code  Gb  stm8s_it.o [1]
TIM2_CAP_COM_IRQHandler
                        0x00b266    0x1  Code  Gb  stm8s_it.o [1]
TIM2_ClearITPendingBit  0x00aecf   0x1d  Code  Gb  stm8s_tim2.o [1]
TIM2_Cmd                0x00a7be   0x18  Code  Gb  stm8s_tim2.o [1]
TIM2_DeInit             0x00a894   0x59  Code  Gb  stm8s_tim2.o [1]
TIM2_ITConfig           0x00a782   0x3c  Code  Gb  stm8s_tim2.o [1]
TIM2_TimeBaseInit       0x00b196    0xa  Code  Gb  stm8s_tim2.o [1]
TIM2_UPD_OVF_BRK_IRQHandler
                        0x00a8ed   0x57  Code  Gb  stm8s_it.o [1]
TIM3_CAP_COM_IRQHandler
                        0x00b267    0x1  Code  Gb  stm8s_it.o [1]
TIM3_ClearITPendingBit  0x00aeec   0x1d  Code  Gb  stm8s_tim3.o [1]
TIM3_Cmd                0x00a81e   0x18  Code  Gb  stm8s_tim3.o [1]
TIM3_DeInit             0x00a98b   0x45  Code  Gb  stm8s_tim3.o [1]
TIM3_ITConfig           0x00a7e2   0x3c  Code  Gb  stm8s_tim3.o [1]
TIM3_TimeBaseInit       0x00b1a0    0xa  Code  Gb  stm8s_tim3.o [1]
TIM3_UPD_OVF_BRK_IRQHandler
                        0x00a675   0x91  Code  Gb  stm8s_it.o [1]
TIM4_UPD_OVF_IRQHandler
                        0x00b26b    0x1  Code  Gb  stm8s_it.o [1]
TLI_IRQHandler          0x00b25b    0x1  Code  Gb  stm8s_it.o [1]
TRAP_IRQHandler         0x00b25a    0x1  Code  Gb  stm8s_it.o [1]
Time_Display            0x0000f0    0x1  Data  Gb  main.o [1]
UART2_ClearITPendingBit
                        0x00adc7   0x25  Code  Gb  stm8s_uart2.o [1]
UART2_RX_IRQHandler     0x00ada2   0x25  Code  Gb  stm8s_it.o [1]
UART2_ReceiveData8      0x00b23a    0x4  Code  Gb  stm8s_uart2.o [1]
UART2_TX_IRQHandler     0x00b269    0x1  Code  Gb  stm8s_it.o [1]
_EncodingSb_Mbtowc      0x00ac82   0x30  Code  Gb  xencoding_sb.o [4]
_EncodingSb_Wctomb      0x00af5a   0x19  Code  Gb  xencoding_sb.o [4]
_LitobSmall             0x0099dd  0x17f  Code  Lc  xprintfsmall.o [4]
_LocaleEncoding         0x00b0a8    0xe  Code  Gb  setlocale.o [4]
_Locale_Profile         0x0000b3    0xe  Data  Gb  setlocale.o [4]
_Mbtowc                 0x00acde   0x29  Code  Gb  xmbtowc.o [4]
_PrintfSmall            0x00934c  0x4aa  Code  Gb  xprintfsmall.o [4]
_Prout                  0x00af09   0x1d  Code  Gb  xprout.o [4]
_PutcharSmall           0x00ab0f   0x39  Code  Lc  xprintfsmall.o [4]
_PutcharsSmall          0x00abb3   0x35  Code  Lc  xprintfsmall.o [4]
_PutstrSmall            0x0097f6  0x1e7  Code  Lc  xprintfsmall.o [4]
_SProut                 0x00b09a    0xe  Code  Gb  xsprout.o [4]
_Wctomb                 0x00ae0e   0x22  Code  Gb  xwctomb.o [4]
__DebugBreak            0x00b26d    0x1  Code  Gb  __dbg_break.o [3]
__exit                  0x00b000   0x16  Code  Gb  __dbg_xxexit.o [3]
__iar_Mbcurmax          0x00b216    0x7  Code  Gb  xmbcurmax.o [4]
__iar_Memchr            0x00b016   0x15  Code  Gb  memchr.o [4]
__iar_Stdout            0x000010   0x28  Data  Gb  xfiles.o [4]
__iar_Strchr            0x00b02b   0x15  Code  Gb  strchr.o [4]
__iar_Tls_setup__Locale_Profile
                        0x0000cd    0x3  Data  Gb  setlocale.o [4]
__iar_copy_init2        0x00ad2f         Code  Gb  init_small.o [4]
__iar_data_init2        0x00ae93   0x1e  Code  Gb  init.o [4]
__iar_program_start     0x00afd3         Code  Gb  cstartup.o [4]
__iar_unhandled_exception
                        0x00b255         Code  Gb  unhandled_exception.o [4]
__iar_zero_init2        0x00aeb1         Code  Gb  init_small.o [4]
__intvec                0x008000         Data  Gb  interrupt.o [4]
__low_level_init        0x00b252    0x3  Code  Gb  low_level_init.o [4]
__near_Aldata           0x0000c9    0x4  Data  Gb  xxmemxmalloc.o [4]
__near_GetMemChunk      0x00ae30   0x22  Code  Gb  xgetmemchunk.o [4]
__near_findmem          0x00a706   0x70  Code  Lc  xxmemxmalloc.o [4]
_exit                   0x00b223         Code  Gb  cexit.o [4]
_interrupt_1            0x00b25a         Code  Gb  stm8s_it.o [1]
_interrupt_10           0x00b23e         Code  Wk  interrupt.o [4]
_interrupt_11           0x00b23e         Code  Wk  interrupt.o [4]
_interrupt_12           0x00b263         Code  Gb  stm8s_it.o [1]
_interrupt_13           0x00b264         Code  Gb  stm8s_it.o [1]
_interrupt_14           0x00b265         Code  Gb  stm8s_it.o [1]
_interrupt_15           0x00a8ed         Code  Gb  stm8s_it.o [1]
_interrupt_16           0x00b266         Code  Gb  stm8s_it.o [1]
_interrupt_17           0x00a675         Code  Gb  stm8s_it.o [1]
_interrupt_18           0x00b267         Code  Gb  stm8s_it.o [1]
_interrupt_19           0x00b23e         Code  Wk  interrupt.o [4]
_interrupt_2            0x00b25b         Code  Gb  stm8s_it.o [1]
_interrupt_20           0x00b23e         Code  Wk  interrupt.o [4]
_interrupt_21           0x00b268         Code  Gb  stm8s_it.o [1]
_interrupt_22           0x00b269         Code  Gb  stm8s_it.o [1]
_interrupt_23           0x00ada2         Code  Gb  stm8s_it.o [1]
_interrupt_24           0x00b26a         Code  Gb  stm8s_it.o [1]
_interrupt_25           0x00b26b         Code  Gb  stm8s_it.o [1]
_interrupt_26           0x00b26c         Code  Gb  stm8s_it.o [1]
_interrupt_27           0x00b23e         Code  Wk  interrupt.o [4]
_interrupt_28           0x00b23e         Code  Wk  interrupt.o [4]
_interrupt_29           0x00b23e         Code  Wk  interrupt.o [4]
_interrupt_3            0x00b25c         Code  Gb  stm8s_it.o [1]
_interrupt_30           0x00b23e         Code  Wk  interrupt.o [4]
_interrupt_31           0x00b23e         Code  Wk  interrupt.o [4]
_interrupt_4            0x00b25d         Code  Gb  stm8s_it.o [1]
_interrupt_5            0x00b25e         Code  Gb  stm8s_it.o [1]
_interrupt_6            0x00b25f         Code  Gb  stm8s_it.o [1]
_interrupt_7            0x00b260         Code  Gb  stm8s_it.o [1]
_interrupt_8            0x00b261         Code  Gb  stm8s_it.o [1]
_interrupt_9            0x00b262         Code  Gb  stm8s_it.o [1]
adj                     0x0087fd   0x55  Code  Gb  main.o [1]
assert_failed           0x00b258    0x2  Code  Gb  main.o [1]
bcd2hex                 0x009192   0x17  Code  Gb  main.o [1]
beep                    0x0086d8   0x1b  Code  Gb  main.o [1]
button                  0x0000ee    0x1  Data  Gb  main.o [1]
convert_tobcd           0x0088a5   0x17  Code  Gb  main.o [1]
count                   0x0000e1    0x1  Data  Gb  main.o [1]
date                    0x000039    0x1  Data  Gb  main.o [1]
days                    0x000038    0x1  Data  Gb  main.o [1]
error                   0x0000e6    0x1  Data  Gb  main.o [1]
exit                    0x00b242    0x4  Code  Gb  exit.o [4]
fputc                   0x0086c6   0x12  Code  Gb  main.o [1]
free                    0x00a0e1   0xe6  Code  Gb  xxmemxfree.o [4]
hardware                0x0000da    0x2  Data  Gb  main.o [1]
hours                   0x0000e4    0x1  Data  Gb  main.o [1]
initBeep                0x0086f3   0x1c  Code  Gb  main.o [1]
key_minus_on            0x00874c   0x3b  Code  Gb  main.o [1]
key_ok_on               0x00870f   0x3d  Code  Gb  main.o [1]
key_plus_on             0x0087a6   0x3b  Code  Gb  main.o [1]
lcdLedTimer             0x0000ed    0x1  Data  Gb  main.o [1]
line1                   0x0000c1    0x8  Data  Gb  main.o [1]
line_lcd                0x0000e0    0x1  Data  Gb  main.o [1]
main                    0x009b5c  0x171  Code  Gb  main.o [1]
malloc                  0x00a4b7   0x9a  Code  Gb  xxmemxmalloc.o [4]
manu_display            0x0000e9    0x1  Data  Gb  main.o [1]
memcpy                  0x00ad57   0x26  Code  Gb  memcpy.o [4]
minutes                 0x0000e3    0x1  Data  Gb  main.o [1]
month                   0x00003a    0x1  Data  Gb  main.o [1]
obuf                    0x00003b   0x50  Data  Lc  xfiles.o [4]
pad                     0x00ab7e   0x35  Code  Lc  xprintfsmall.o [4]
power                   0x0000ef    0x1  Data  Gb  main.o [1]
pressKey                0x008852   0x4a  Code  Gb  main.o [1]
printf                  0x00ad07   0x28  Code  Gb  printf.o [4]
program_display         0x0000eb    0x1  Data  Gb  main.o [1]
programpoint            0x00008b   0x28  Data  Gb  main.o [1]
putchar                 0x00b20e    0x8  Code  Gb  putchar.o [4]
result1                 0x0000e7    0x1  Data  Gb  main.o [1]
result2                 0x0000e8    0x1  Data  Gb  main.o [1]
rx_data                 0x0000df    0x1  Data  Gb  main.o [1]
seconds                 0x0000e2    0x1  Data  Gb  main.o [1]
sprintf                 0x00a9d0   0x45  Code  Gb  sprintf.o [4]
status                  0x0000d8    0x2  Data  Gb  main.o [1]
status_check            0x0000d6    0x2  Data  Gb  main.o [1]
strlen                  0x00b078   0x12  Code  Gb  strlen.o [4]
sync                    0x0000f1    0x1  Data  Gb  stm8s_it.o [1]
sync_display            0x0000ea    0x1  Data  Gb  main.o [1]
sync_time_ds1307        0x0000ec    0x1  Data  Gb  main.o [1]
temperature             0x008e60   0x3f  Code  Gb  main.o [1]
timeout                 0x0000de    0x1  Data  Gb  main.o [1]
timer1                  0x0000d0    0x2  Data  Gb  main.o [1]
timer2                  0x0000d2    0x2  Data  Gb  main.o [1]
timer3                  0x0000d4    0x2  Data  Gb  main.o [1]
year                    0x0000e5    0x1  Data  Gb  main.o [1]


[1] = C:\Documents and Settings\Administrator\Desktop\stm8s105k-controller\Project\STM8S_StdPeriph_Template\EWSTM8\STM8S105\Obj
[2] = command line
[3] = dbgstm8mmd.a
[4] = dlstm8mmf.a

  11 555 bytes of readonly  code memory
   1 355 bytes of readonly  data memory
   1 266 bytes of readwrite data memory

Errors: none
Warnings: none
