###############################################################################
#                                                                             #
# IAR ELF Linker V1.30.1.50036 for STM8                 22/Jul/2013  23:09:06 #
# Copyright 2010-2011 IAR Systems AB.                                         #
#                                                                             #
#    Output file  =  C:\Documents and Settings\Administrator\Desktop\stm8s105 #
#                    k-controller\Project\STM8S_StdPeriph_Template\EWSTM8\STM #
#                    8S105\Exe\Project.out                                    #
#    Map file     =  C:\Documents and Settings\Administrator\Desktop\stm8s105 #
#                    k-controller\Project\STM8S_StdPeriph_Template\EWSTM8\STM #
#                    8S105\List\Project.map                                   #
#    Command line =  "C:\Documents and Settings\Administrator\Desktop\stm8s10 #
#                    5k-controller\Project\STM8S_StdPeriph_Template\EWSTM8\ST #
#                    M8S105\Obj\main.o" "C:\Documents and                     #
#                    Settings\Administrator\Desktop\stm8s105k-controller\Proj #
#                    ect\STM8S_StdPeriph_Template\EWSTM8\STM8S105\Obj\stm8s_a #
#                    dc1.o" "C:\Documents and Settings\Administrator\Desktop\ #
#                    stm8s105k-controller\Project\STM8S_StdPeriph_Template\EW #
#                    STM8\STM8S105\Obj\stm8s_awu.o" "C:\Documents and         #
#                    Settings\Administrator\Desktop\stm8s105k-controller\Proj #
#                    ect\STM8S_StdPeriph_Template\EWSTM8\STM8S105\Obj\stm8s_b #
#                    eep.o" "C:\Documents and Settings\Administrator\Desktop\ #
#                    stm8s105k-controller\Project\STM8S_StdPeriph_Template\EW #
#                    STM8\STM8S105\Obj\stm8s_clk.o" "C:\Documents and         #
#                    Settings\Administrator\Desktop\stm8s105k-controller\Proj #
#                    ect\STM8S_StdPeriph_Template\EWSTM8\STM8S105\Obj\stm8s_e #
#                    xti.o" "C:\Documents and Settings\Administrator\Desktop\ #
#                    stm8s105k-controller\Project\STM8S_StdPeriph_Template\EW #
#                    STM8\STM8S105\Obj\stm8s_flash.o" "C:\Documents and       #
#                    Settings\Administrator\Desktop\stm8s105k-controller\Proj #
#                    ect\STM8S_StdPeriph_Template\EWSTM8\STM8S105\Obj\stm8s_g #
#                    pio.o" "C:\Documents and Settings\Administrator\Desktop\ #
#                    stm8s105k-controller\Project\STM8S_StdPeriph_Template\EW #
#                    STM8\STM8S105\Obj\stm8s_i2c.o" "C:\Documents and         #
#                    Settings\Administrator\Desktop\stm8s105k-controller\Proj #
#                    ect\STM8S_StdPeriph_Template\EWSTM8\STM8S105\Obj\stm8s_i #
#                    t.o" "C:\Documents and Settings\Administrator\Desktop\st #
#                    m8s105k-controller\Project\STM8S_StdPeriph_Template\EWST #
#                    M8\STM8S105\Obj\stm8s_itc.o" "C:\Documents and           #
#                    Settings\Administrator\Desktop\stm8s105k-controller\Proj #
#                    ect\STM8S_StdPeriph_Template\EWSTM8\STM8S105\Obj\stm8s_i #
#                    wdg.o" "C:\Documents and Settings\Administrator\Desktop\ #
#                    stm8s105k-controller\Project\STM8S_StdPeriph_Template\EW #
#                    STM8\STM8S105\Obj\stm8s_rst.o" "C:\Documents and         #
#                    Settings\Administrator\Desktop\stm8s105k-controller\Proj #
#                    ect\STM8S_StdPeriph_Template\EWSTM8\STM8S105\Obj\stm8s_s #
#                    pi.o" "C:\Documents and Settings\Administrator\Desktop\s #
#                    tm8s105k-controller\Project\STM8S_StdPeriph_Template\EWS #
#                    TM8\STM8S105\Obj\stm8s_tim1.o" "C:\Documents and         #
#                    Settings\Administrator\Desktop\stm8s105k-controller\Proj #
#                    ect\STM8S_StdPeriph_Template\EWSTM8\STM8S105\Obj\stm8s_t #
#                    im2.o" "C:\Documents and Settings\Administrator\Desktop\ #
#                    stm8s105k-controller\Project\STM8S_StdPeriph_Template\EW #
#                    STM8\STM8S105\Obj\stm8s_tim3.o" "C:\Documents and        #
#                    Settings\Administrator\Desktop\stm8s105k-controller\Proj #
#                    ect\STM8S_StdPeriph_Template\EWSTM8\STM8S105\Obj\stm8s_t #
#                    im4.o" "C:\Documents and Settings\Administrator\Desktop\ #
#                    stm8s105k-controller\Project\STM8S_StdPeriph_Template\EW #
#                    STM8\STM8S105\Obj\stm8s_uart2.o" "C:\Documents and       #
#                    Settings\Administrator\Desktop\stm8s105k-controller\Proj #
#                    ect\STM8S_StdPeriph_Template\EWSTM8\STM8S105\Obj\stm8s_w #
#                    wdg.o" --redirect _Printf=_PrintfSmall --redirect        #
#                    _Scanf=_ScanfSmall -o "C:\Documents and                  #
#                    Settings\Administrator\Desktop\stm8s105k-controller\Proj #
#                    ect\STM8S_StdPeriph_Template\EWSTM8\STM8S105\Exe\Project #
#                    .out" --map "C:\Documents and                            #
#                    Settings\Administrator\Desktop\stm8s105k-controller\Proj #
#                    ect\STM8S_StdPeriph_Template\EWSTM8\STM8S105\List\Projec #
#                    t.map" --config "C:\Program Files\IAR Systems\Embedded   #
#                    Workbench 6.0\stm8\config\lnkstm8s105k4.icf"             #
#                    --config_def _CSTACK_SIZE=0x200 --config_def             #
#                    _HEAP_SIZE=0x200 --entry __iar_program_start --debug_lib #
#                                                                             #
#                                                                             #
###############################################################################

*******************************************************************************
*** RUNTIME MODEL ATTRIBUTES
***

__Heap_Handler             = Basic
__SystemLibrary            = DLib
__code_model               = medium_or_large
__core                     = stm8
__data_model               = medium
__dlib_file_descriptor     = 1
__dlib_full_locale_support = 1
__rt_version               = 4


*******************************************************************************
*** PLACEMENT SUMMARY
***

"A1":  place at start of [0x000000-0x0000ff] { rw section .vregs };
"A2":  place at end of [0x000000-0x0007ff] { block CSTACK };
"P2":  place in [from 0x000000 to 0x0007ff] {
          block HEAP, rw section .far.bss, rw section .far.data,
          rw section .far.noinit, rw section .far_func.textrw,
          rw section .huge.bss, rw section .huge.data, rw section .huge.noinit,
          rw section .huge_func.textrw, rw section .iar.dynexit,
          rw section .near.bss, rw section .near.data, rw section .near.noinit,
          rw section .near_func.textrw };
"A3":  place at start of [0x008000-0x00bfff] { block INTVEC };
"P3":  place in [from 0x008000 to 0x00bfff] {
          ro section .far.data_init, ro section .far_func.textrw_init,
          ro section .huge.data_init, ro section .huge_func.textrw_init,
          ro section .iar.init_table, ro section .init_array,
          ro section .near.data_init, ro section .near.rodata,
          ro section .near_func.text, ro section .near_func.textrw_init,
          ro section .tiny.data_init, ro section .tiny.rodata_init };
"P4":  place in [from 0x008000 to 0x00bfff] {
          ro section .far.rodata, ro section .far_func.text };

  Section            Kind      Address    Size  Object
  -------            ----      -------    ----  ------
"A1":                                     0x10
  .vregs             uninit   0x000000    0x10  vregs.o [4]
                            - 0x000010    0x10

"P2", part 1 of 3:                        0x2b
  P2 s0                       0x000010    0x2b  <Init block>
    .near.data       inited   0x000010    0x28  xfiles.o [4]
    .near.data       inited   0x000038     0x1  main.o [1]
    .near.data       inited   0x000039     0x1  main.o [1]
    .near.data       inited   0x00003a     0x1  main.o [1]
                            - 0x00003b    0x2b

"P2", part 2 of 3:                        0xa6
  .near.bss          zero     0x00003b    0x50  xfiles.o [4]
  .near.bss          zero     0x00008b    0x28  main.o [1]
  .near.bss          zero     0x0000b3     0xe  setlocale.o [4]
  .near.bss          zero     0x0000c1     0x4  xxmemxmalloc.o [4]
  .near.bss          zero     0x0000c5     0x3  setlocale.o [4]
  .near.bss          zero     0x0000c8     0x2  main.o [1]
  .near.bss          zero     0x0000ca     0x2  main.o [1]
  .near.bss          zero     0x0000cc     0x2  main.o [1]
  .near.bss          zero     0x0000ce     0x2  main.o [1]
  .near.bss          zero     0x0000d0     0x2  xgetmemchunk.o [4]
  .near.bss          zero     0x0000d2     0x1  main.o [1]
  .near.bss          zero     0x0000d3     0x1  main.o [1]
  .near.bss          zero     0x0000d4     0x1  main.o [1]
  .near.bss          zero     0x0000d5     0x1  main.o [1]
  .near.bss          zero     0x0000d6     0x1  main.o [1]
  .near.bss          zero     0x0000d7     0x1  main.o [1]
  .near.bss          zero     0x0000d8     0x1  main.o [1]
  .near.bss          zero     0x0000d9     0x1  main.o [1]
  .near.bss          zero     0x0000da     0x1  main.o [1]
  .near.bss          zero     0x0000db     0x1  main.o [1]
  .near.bss          zero     0x0000dc     0x1  main.o [1]
  .near.bss          zero     0x0000dd     0x1  main.o [1]
  .near.bss          zero     0x0000de     0x1  main.o [1]
  .near.bss          zero     0x0000df     0x1  main.o [1]
  .near.bss          zero     0x0000e0     0x1  stm8s_it.o [1]
                            - 0x0000e1    0xa6

"P2", part 3 of 3:                       0x200
  HEAP                        0x0000e1   0x200  <Block>
    HEAP             uninit   0x0000e1   0x200  <Block tail>
                            - 0x0002e1   0x200

"A2":                                    0x200
  CSTACK                      0x000600   0x200  <Block>
    CSTACK           uninit   0x000600   0x200  <Block tail>
                            - 0x000800   0x200

"A3":                                     0x80
  INTVEC                      0x008000    0x80  <Block>
    .intvec          const    0x008000    0x80  interrupt.o [4]
                            - 0x008080    0x80

"P3":                                    0x45d
  .near.rodata       const    0x008080    0x78  stm8s_flash.o [1]
  .near.rodata       const    0x0080f8    0x78  stm8s_uart2.o [1]
  .near.rodata       const    0x008170    0x77  stm8s_adc1.o [1]
  .near.rodata       const    0x0081e7    0x77  stm8s_gpio.o [1]
  .near.rodata       const    0x00825e    0x77  stm8s_tim2.o [1]
  .near.rodata       const    0x0082d5    0x76  stm8s_clk.o [1]
  .near.rodata       const    0x00834b    0x76  stm8s_i2c.o [1]
  .near.rodata       const    0x0083c1     0xb  main.o [1]
  .iar.init_table    const    0x0083cc    0x14  - Linker created -
  .near.rodata       const    0x0083e0    0x10  main.o [1]
  .near.rodata       const    0x0083f0     0xa  main.o [1]
  .near.rodata       const    0x0083fa     0xa  main.o [1]
  .near.rodata       const    0x008404     0xa  main.o [1]
  .near.rodata       const    0x00840e     0xa  main.o [1]
  .near.rodata       const    0x008418     0x9  main.o [1]
  .near.rodata       const    0x008421     0x9  main.o [1]
  .near.rodata       const    0x00842a     0x8  main.o [1]
  .near.rodata       const    0x008432     0x8  main.o [1]
  .near.rodata       const    0x00843a     0x8  main.o [1]
  .near.rodata       const    0x008442     0x8  main.o [1]
  .near.rodata       const    0x00844a     0x8  main.o [1]
  .near.rodata       const    0x008452     0x8  main.o [1]
  .near.rodata       const    0x00845a     0x8  xprintfsmall.o [4]
  .near.rodata       const    0x008462     0x8  xprintfsmall.o [4]
  .near.rodata       const    0x00846a     0x8  xencoding_sb.o [4]
  .near.rodata       const    0x008472     0x8  xencoding_sb.o [4]
  .near.rodata       const    0x00847a     0x7  main.o [1]
  .near.rodata       const    0x008481     0x7  main.o [1]
  .near.rodata       const    0x008488     0x7  main.o [1]
  .near.rodata       const    0x00848f     0x7  main.o [1]
  .near.rodata       const    0x008496     0x7  xprintfsmall.o [4]
  .near.rodata       const    0x00849d     0x6  main.o [1]
  .near.rodata       const    0x0084a3     0x6  main.o [1]
  .near.rodata       const    0x0084a9     0x5  main.o [1]
  .near.rodata       const    0x0084ae     0x4  main.o [1]
  Initializer bytes  ro data  0x0084b2    0x2b  <for P2 s0>
                            - 0x0084dd   0x45d

"P4":                                   0x2a44
  .far_func.text     ro code  0x0084dd   0xc0f  main.o [1]
  .far_func.text     ro code  0x0090ec   0x4aa  xprintfsmall.o [4]
  .far_func.text     ro code  0x009596   0x1e7  xprintfsmall.o [4]
  .far_func.text     ro code  0x00977d   0x17f  xprintfsmall.o [4]
  .far_func.text     ro code  0x0098fc   0x16d  stm8s_i2c.o [1]
  .far_func.text     ro code  0x009a69   0x15a  long.o [4]
  .far_func.text     ro code  0x009bc3   0x143  vreg_util.o [4]
  .far_func.text     ro code  0x009d06    0xe6  xxmemxfree.o [4]
  .far_func.text     ro code  0x009dec    0xd5  stm8s_clk.o [1]
  .far_func.text     ro code  0x009ec1    0xb4  stm8s_gpio.o [1]
  .far_func.text     ro code  0x009f75    0xad  stm8s_adc1.o [1]
  .far_func.text     ro code  0x00a022    0xa6  stm8s_i2c.o [1]
  .far_func.text     ro code  0x00a0c8    0x9a  xxmemxmalloc.o [4]
  .far_func.text     ro code  0x00a162    0x95  stm8s_adc1.o [1]
  .far_func.text     ro code  0x00a1f7    0x93  stm8s_i2c.o [1]
  .far_func.text     ro code  0x00a28a    0x91  stm8s_clk.o [1]
  .far_func.text     ro code  0x00a31b    0x7b  stm8s_adc1.o [1]
  .far_func.text     ro code  0x00a396    0x78  stm8s_adc1.o [1]
  .far_func.text     ro code  0x00a40e    0x70  xxmemxmalloc.o [4]
  .far_func.text     ro code  0x00a47e    0x60  stm8s_tim2.o [1]
  .far_func.text     ro code  0x00a4de    0x5e  stm8s_clk.o [1]
  .far_func.text     ro code  0x00a53c    0x59  stm8s_tim2.o [1]
  .far_func.text     ro code  0x00a595    0x57  stm8s_it.o [1]
  .far_func.text     ro code  0x00a5ec    0x47  xprintfsmall.o [4]
  .far_func.text     ro code  0x00a633    0x46  short.o [4]
  .far_func.text     ro code  0x00a679    0x44  stm8s_adc1.o [1]
  .far_func.text     ro code  0x00a6bd    0x3e  stm8s_adc1.o [1]
  .far_func.text     ro code  0x00a6fb    0x3e  stm8s_adc1.o [1]
  .far_func.text     ro code  0x00a739    0x3e  long_util.o [4]
  .far_func.text     ro code  0x00a777    0x3b  stm8s_it.o [1]
  .far_func.text     ro code  0x00a7b2    0x3a  stm8s_flash.o [1]
  .far_func.text     ro code  0x00a7ec    0x39  xprintfsmall.o [4]
  .far_func.text     ro code  0x00a825    0x36  stm8s_clk.o [1]
  .far_func.text     ro code  0x00a85b    0x35  xprintfsmall.o [4]
  .far_func.text     ro code  0x00a890    0x35  xprintfsmall.o [4]
  .far_func.text     ro code  0x00a8c5    0x34  stm8s_i2c.o [1]
  .far_func.text     ro code  0x00a8f9    0x34  far_util.o [4]
  .far_func.text     ro code  0x00a92d    0x32  stm8s_i2c.o [1]
  .far_func.text     ro code  0x00a95f    0x31  stm8s_adc1.o [1]
  .far_func.text     ro code  0x00a990    0x30  xencoding_sb.o [4]
  .far_func.text     ro code  0x00a9c0    0x2c  stm8s_flash.o [1]
  .far_func.text     ro code  0x00a9ec    0x29  xmbtowc.o [4]
  .far_func.text     ro code  0x00aa15    0x28  printf.o [4]
  .far_func.text     ro code  0x00aa3d    0x28  init_small.o [4]
  .far_func.text     ro code  0x00aa65    0x26  memcpy.o [4]
  .far_func.text     ro code  0x00aa8b    0x25  stm8s_i2c.o [1]
  .far_func.text     ro code  0x00aab0    0x25  stm8s_it.o [1]
  .far_func.text     ro code  0x00aad5    0x25  stm8s_uart2.o [1]
  .far_func.text     ro code  0x00aafa    0x22  stm8s_flash.o [1]
  .far_func.text     ro code  0x00ab1c    0x22  xwctomb.o [4]
  .far_func.text     ro code  0x00ab3e    0x22  xgetmemchunk.o [4]
  .far_func.text     ro code  0x00ab60    0x21  stm8s_flash.o [1]
  .far_func.text     ro code  0x00ab81    0x1e  init.o [4]
  .far_func.text     ro code  0x00ab9f    0x1e  init_small.o [4]
  .far_func.text     ro code  0x00abbd    0x1d  stm8s_tim2.o [1]
  .far_func.text     ro code  0x00abda    0x1d  xprout.o [4]
  .far_func.text     ro code  0x00abf7    0x1a  stm8s_flash.o [1]
  .far_func.text     ro code  0x00ac11    0x1a  xprintfsmall.o [4]
  .far_func.text     ro code  0x00ac2b    0x19  xencoding_sb.o [4]
  .far_func.text     ro code  0x00ac44    0x18  stm8s_adc1.o [1]
  .far_func.text     ro code  0x00ac5c    0x18  stm8s_flash.o [1]
  .far_func.text     ro code  0x00ac74    0x18  stm8s_i2c.o [1]
  .far_func.text     ro code  0x00ac8c    0x18  stm8s_i2c.o [1]
  .far_func.text     ro code  0x00aca4    0x18  stm8s_i2c.o [1]
  .far_func.text     ro code  0x00acbc    0x17  cstartup.o [4]
  .far_func.text     ro code  0x00acd3    0x16  xprintfsmall.o [4]
  .far_func.text     ro code  0x00ace9    0x16  __dbg_xxexit.o [3]
  .far_func.text     ro code  0x00acff    0x15  memchr.o [4]
  .far_func.text     ro code  0x00ad14    0x15  strchr.o [4]
  .far_func.text     ro code  0x00ad29    0x13  stm8s_flash.o [1]
  .far_func.text     ro code  0x00ad3c    0x13  xprintfsmall.o [4]
  .far_func.text     ro code  0x00ad4f    0x12  stm8s_i2c.o [1]
  .far_func.text     ro code  0x00ad61    0x12  strlen.o [4]
  .far_func.text     ro code  0x00ad73    0x10  xprintfsmall.o [4]
  .far_func.text     ro code  0x00ad83     0xe  setlocale.o [4]
  .far_func.text     ro code  0x00ad91     0xd  move.o [4]
  .far_func.text     ro code  0x00ad9e     0xc  stm8s_adc1.o [1]
  .far_func.text     ro code  0x00adaa     0xc  stm8s_adc1.o [1]
  .far_func.text     ro code  0x00adb6     0xc  stm8s_adc1.o [1]
  .far_func.text     ro code  0x00adc2     0xc  stm8s_clk.o [1]
  .far_func.text     ro code  0x00adce     0xc  stm8s_flash.o [1]
  .far_func.text     ro code  0x00adda     0xc  stm8s_gpio.o [1]
  .far_func.text     ro code  0x00ade6     0xc  stm8s_i2c.o [1]
  .far_func.text     ro code  0x00adf2     0xc  stm8s_i2c.o [1]
  .far_func.text     ro code  0x00adfe     0xc  stm8s_tim2.o [1]
  .far_func.text     ro code  0x00ae0a     0xc  stm8s_uart2.o [1]
  .far_func.text     ro code  0x00ae16     0xc  xprintfsmall.o [4]
  .far_func.text     ro code  0x00ae22     0xc  xprintfsmall.o [4]
  .far_func.text     ro code  0x00ae2e     0xb  stm8s_clk.o [1]
  .far_func.text     ro code  0x00ae39     0xb  xprintfsmall.o [4]
  .far_func.text     ro code  0x00ae44     0xb  setlocale.o [4]
  .far_func.text     ro code  0x00ae4f     0xa  main.o [1]
  .far_func.text     ro code  0x00ae59     0xa  stm8s_adc1.o [1]
  .far_func.text     ro code  0x00ae63     0xa  stm8s_tim2.o [1]
  .far_func.text     ro code  0x00ae6d     0xa  xprintfsmall.o [4]
  .far_func.text     ro code  0x00ae77     0xa  far.o [4]
  .far_func.text     ro code  0x00ae81     0xa  setlocale.o [4]
  .far_func.text     ro code  0x00ae8b     0x9  stm8s_adc1.o [1]
  .far_func.text     ro code  0x00ae94     0x9  xprintfsmall.o [4]
  .far_func.text     ro code  0x00ae9d     0x9  xprintfsmall.o [4]
  .far_func.text     ro code  0x00aea6     0x9  setlocale.o [4]
  .far_func.text     ro code  0x00aeaf     0x8  xprintfsmall.o [4]
  .far_func.text     ro code  0x00aeb7     0x8  xxmemxmalloc.o [4]
  .far_func.text     ro code  0x00aebf     0x8  putchar.o [4]
  .far_func.text     ro code  0x00aec7     0x7  xmbcurmax.o [4]
  .far_func.text     ro code  0x00aece     0x6  xprintfsmall.o [4]
  .far_func.text     ro code  0x00aed4     0x6  cexit.o [4]
  .far_func.text     ro code  0x00aeda     0x5  stm8s_adc1.o [1]
  .far_func.text     ro code  0x00aedf     0x5  stm8s_adc1.o [1]
  .far_func.text     ro code  0x00aee4     0x4  stm8s_gpio.o [1]
  .far_func.text     ro code  0x00aee8     0x4  stm8s_i2c.o [1]
  .far_func.text     ro code  0x00aeec     0x4  stm8s_i2c.o [1]
  .far_func.text     ro code  0x00aef0     0x4  stm8s_uart2.o [1]
  .far_func.text     ro code  0x00aef4     0x4  interrupt.o [4]
  .far_func.text     ro code  0x00aef8     0x4  exit.o [4]
  .far_func.text     ro code  0x00aefc     0x3  stm8s_gpio.o [1]
  .far_func.text     ro code  0x00aeff     0x3  stm8s_gpio.o [1]
  .far_func.text     ro code  0x00af02     0x3  stm8s_gpio.o [1]
  .far_func.text     ro code  0x00af05     0x3  low_level_init.o [4]
  .far_func.text     ro code  0x00af08     0x3  unhandled_exception.o [4]
  .far_func.text     ro code  0x00af0b     0x2  main.o [1]
  .far_func.text     ro code  0x00af0d     0x1  stm8s_it.o [1]
  .far_func.text     ro code  0x00af0e     0x1  stm8s_it.o [1]
  .far_func.text     ro code  0x00af0f     0x1  stm8s_it.o [1]
  .far_func.text     ro code  0x00af10     0x1  stm8s_it.o [1]
  .far_func.text     ro code  0x00af11     0x1  stm8s_it.o [1]
  .far_func.text     ro code  0x00af12     0x1  stm8s_it.o [1]
  .far_func.text     ro code  0x00af13     0x1  stm8s_it.o [1]
  .far_func.text     ro code  0x00af14     0x1  stm8s_it.o [1]
  .far_func.text     ro code  0x00af15     0x1  stm8s_it.o [1]
  .far_func.text     ro code  0x00af16     0x1  stm8s_it.o [1]
  .far_func.text     ro code  0x00af17     0x1  stm8s_it.o [1]
  .far_func.text     ro code  0x00af18     0x1  stm8s_it.o [1]
  .far_func.text     ro code  0x00af19     0x1  stm8s_it.o [1]
  .far_func.text     ro code  0x00af1a     0x1  stm8s_it.o [1]
  .far_func.text     ro code  0x00af1b     0x1  stm8s_it.o [1]
  .far_func.text     ro code  0x00af1c     0x1  stm8s_it.o [1]
  .far_func.text     ro code  0x00af1d     0x1  stm8s_it.o [1]
  .far_func.text     ro code  0x00af1e     0x1  stm8s_it.o [1]
  .far_func.text     ro code  0x00af1f     0x1  stm8s_it.o [1]
  .far_func.text     ro code  0x00af20     0x1  __dbg_break.o [3]
                            - 0x00af21  0x2a44


*******************************************************************************
*** INIT TABLE
***

          Address   Size
          -------   ----
Zero (__iar_zero_init2)
    1 destination range, total size 0xa6:
          0x00003b  0xa6

Copy (__iar_copy_init2)
    1 source range, total size 0x2b:
          0x0084b2  0x2b
    1 destination range, total size 0x2b:
          0x000010  0x2b


*******************************************************************************
*** MODULE SUMMARY
***

    Module                 ro code  ro data  rw data
    ------                 -------  -------  -------
C:\Documents and Settings\Administrator\Desktop\stm8s105k-controller\Project\STM8S_StdPeriph_Template\EWSTM8\STM8S105\Obj: [1]
    main.o                   3 099      185       65
    stm8s_adc1.o               895      119
    stm8s_clk.o                529      118
    stm8s_flash.o              250      120
    stm8s_gpio.o               205      119
    stm8s_i2c.o                939      118
    stm8s_it.o                 202                 1
    stm8s_tim2.o               236      119
    stm8s_uart2.o               53      120
    ------------------------------------------------
    Total:                   6 408    1 018       66

command line: [2]
    ------------------------------------------------
    Total:

dbgstm8mmd.a: [3]
    __dbg_break.o                1
    __dbg_xxexit.o              22
    ------------------------------------------------
    Total:                      23

dlstm8mmf.a: [4]
    cexit.o                      6
    cstartup.o                  23
    exit.o                       4
    far.o                       10
    far_util.o                  52
    init.o                      30
    init_small.o                70
    interrupt.o                  4      128
    long.o                     346
    long_util.o                 62
    low_level_init.o             3
    memchr.o                    21
    memcpy.o                    38
    move.o                      13
    printf.o                    40
    putchar.o                    8
    setlocale.o                 44                17
    short.o                     70
    strchr.o                    21
    strlen.o                    18
    unhandled_exception.o        3
    vreg_util.o                323
    vregs.o                                       16
    xencoding_sb.o              73       16
    xfiles.o                             40      120
    xgetmemchunk.o              34                 2
    xmbcurmax.o                  7
    xmbtowc.o                   41
    xprintfsmall.o           2 458       23
    xprout.o                    29
    xwctomb.o                   34
    xxmemxfree.o               230
    xxmemxmalloc.o             274                 4
    ------------------------------------------------
    Total:                   4 389      207      159

    Linker created                       20    1 024
----------------------------------------------------
    Grand Total:            10 820    1 245    1 249


*******************************************************************************
*** ENTRY LIST
***

Entry                    Address   Size  Type      Object
-----                    -------   ----  ----      ------
?add32_l0_l0_0x         0x009a7c         Code  Gb  long.o [4]
?add32_l0_l0_l1         0x009a79         Code  Gb  long.o [4]
?and32_l0_l0_0x         0x009b82         Code  Gb  long.o [4]
?and32_l0_l0_l1         0x009b7f         Code  Gb  long.o [4]
?b0                     0x000000         Data  Gb  vregs.o [4]
?b1                     0x000001         Data  Gb  vregs.o [4]
?b10                    0x00000a         Data  Gb  vregs.o [4]
?b11                    0x00000b         Data  Gb  vregs.o [4]
?b12                    0x00000c         Data  Gb  vregs.o [4]
?b13                    0x00000d         Data  Gb  vregs.o [4]
?b14                    0x00000e         Data  Gb  vregs.o [4]
?b15                    0x00000f         Data  Gb  vregs.o [4]
?b2                     0x000002         Data  Gb  vregs.o [4]
?b3                     0x000003         Data  Gb  vregs.o [4]
?b4                     0x000004         Data  Gb  vregs.o [4]
?b5                     0x000005         Data  Gb  vregs.o [4]
?b6                     0x000006         Data  Gb  vregs.o [4]
?b7                     0x000007         Data  Gb  vregs.o [4]
?b8                     0x000008         Data  Gb  vregs.o [4]
?b9                     0x000009         Data  Gb  vregs.o [4]
?e0                     0x000001         Data  Gb  vregs.o [4]
?e1                     0x000005         Data  Gb  vregs.o [4]
?e2                     0x000009         Data  Gb  vregs.o [4]
?e3                     0x00000d         Data  Gb  vregs.o [4]
?epilogue_l2            0x009c74         Code  Gb  vreg_util.o [4]
?epilogue_l2_l3         0x009c70         Code  Gb  vreg_util.o [4]
?epilogue_l2_w6         0x009c79         Code  Gb  vreg_util.o [4]
?epilogue_w4            0x009c82         Code  Gb  vreg_util.o [4]
?l0                     0x000000         Data  Gb  vregs.o [4]
?l1                     0x000004         Data  Gb  vregs.o [4]
?l2                     0x000008         Data  Gb  vregs.o [4]
?l3                     0x00000c         Data  Gb  vregs.o [4]
?load24_0x_e0           0x00a91f         Code  Gb  far_util.o [4]
?load24_e0_0x           0x00a8f9         Code  Gb  far_util.o [4]
?load24_e1_0x           0x00a907         Code  Gb  far_util.o [4]
?load24_xsp_e0          0x00a915         Code  Gb  far_util.o [4]
?load32_0x_l0           0x00a769         Code  Gb  long_util.o [4]
?load32_l0_0x           0x00a753         Code  Gb  long_util.o [4]
?load32_l0_asp          0x00a747         Code  Gb  long_util.o [4]
?load32_l0_dbsp         0x00a739         Code  Gb  long_util.o [4]
?load32_l0_xsp          0x00a749         Code  Gb  long_util.o [4]
?load32_xsp_l0          0x00a75f         Code  Gb  long_util.o [4]
?mov_e0_e2              0x009cbb         Code  Gb  vreg_util.o [4]
?mov_e0_e3              0x009cc8         Code  Gb  vreg_util.o [4]
?mov_e1_e0              0x009cd5         Code  Gb  vreg_util.o [4]
?mov_e1_e2              0x009ce2         Code  Gb  vreg_util.o [4]
?mov_e2_e0              0x009cef         Code  Gb  vreg_util.o [4]
?mov_e3_e0              0x009cfc         Code  Gb  vreg_util.o [4]
?mov_l0_l2              0x009cb8         Code  Gb  vreg_util.o [4]
?mov_l0_l3              0x009cc5         Code  Gb  vreg_util.o [4]
?mov_l1_l0              0x009cd2         Code  Gb  vreg_util.o [4]
?mov_l1_l2              0x009cdf         Code  Gb  vreg_util.o [4]
?mov_l2_l0              0x009cec         Code  Gb  vreg_util.o [4]
?mov_l3_l0              0x009cf9         Code  Gb  vreg_util.o [4]
?mov_w0_w4              0x009c87         Code  Gb  vreg_util.o [4]
?mov_w0_w5              0x009c8e         Code  Gb  vreg_util.o [4]
?mov_w1_w4              0x009c95         Code  Gb  vreg_util.o [4]
?mov_w1_w5              0x009cbe         Code  Gb  vreg_util.o [4]
?mov_w1_w7              0x009ccb         Code  Gb  vreg_util.o [4]
?mov_w2_w1              0x009c9c         Code  Gb  vreg_util.o [4]
?mov_w3_w1              0x009cd8         Code  Gb  vreg_util.o [4]
?mov_w3_w5              0x009ce5         Code  Gb  vreg_util.o [4]
?mov_w4_w0              0x009ca3         Code  Gb  vreg_util.o [4]
?mov_w4_w1              0x009caa         Code  Gb  vreg_util.o [4]
?mov_w5_w0              0x009cb1         Code  Gb  vreg_util.o [4]
?mov_w5_w1              0x009cf2         Code  Gb  vreg_util.o [4]
?mov_w7_w1              0x009cff         Code  Gb  vreg_util.o [4]
?move1616_v_x_y_a       0x00ad91         Code  Gb  move.o [4]
?mul16_x_x_w0           0x00a633         Code  Gb  short.o [4]
?mul32_l0_l0_l1         0x009a94         Code  Gb  long.o [4]
?neg32_l0_l0            0x009a69         Code  Gb  long.o [4]
?pop_l0                 0x009c38         Code  Gb  vreg_util.o [4]
?pop_l1                 0x009c43         Code  Gb  vreg_util.o [4]
?pop_l2                 0x009c4e         Code  Gb  vreg_util.o [4]
?pop_l3                 0x009c59         Code  Gb  vreg_util.o [4]
?pop_w4                 0x009be9         Code  Gb  vreg_util.o [4]
?pop_w6                 0x009bf0         Code  Gb  vreg_util.o [4]
?push_l0                0x009c03         Code  Gb  vreg_util.o [4]
?push_l1                0x009c08         Code  Gb  vreg_util.o [4]
?push_l2                0x009c0d         Code  Gb  vreg_util.o [4]
?push_l3                0x009c12         Code  Gb  vreg_util.o [4]
?push_w2                0x009bc3         Code  Gb  vreg_util.o [4]
?push_w4                0x009bc8         Code  Gb  vreg_util.o [4]
?push_w6                0x009bcd         Code  Gb  vreg_util.o [4]
?sdiv16_x_x_y           0x00a651         Code  Gb  short.o [4]
?sext32_l0_a            0x009bb6         Code  Gb  long.o [4]
?sext32_l0_x            0x009bab         Code  Gb  long.o [4]
?sll16_x_x_4            0x00a674         Code  Gb  short.o [4]
?sll16_x_x_5            0x00a673         Code  Gb  short.o [4]
?sll16_x_x_6            0x00a672         Code  Gb  short.o [4]
?sll16_x_x_a            0x00a66a         Code  Gb  short.o [4]
?sll32_0x_0x_a          0x009b9d         Code  Gb  long.o [4]
?sll32_l0_l0_a          0x009b9a         Code  Gb  long.o [4]
?ucmp24_c_0x_e0         0x00ae77         Code  Gb  far.o [4]
?udiv32_l0_l0_l1        0x009b12         Code  Gb  long.o [4]
?umod32_l1_l0_l1        0x009b12         Code  Gb  long.o [4]
?w0                     0x000000         Data  Gb  vregs.o [4]
?w1                     0x000002         Data  Gb  vregs.o [4]
?w2                     0x000004         Data  Gb  vregs.o [4]
?w3                     0x000006         Data  Gb  vregs.o [4]
?w4                     0x000008         Data  Gb  vregs.o [4]
?w5                     0x00000a         Data  Gb  vregs.o [4]
?w6                     0x00000c         Data  Gb  vregs.o [4]
?w7                     0x00000e         Data  Gb  vregs.o [4]
ADC1_ClearFlag          0x00a396   0x78  Code  Gb  stm8s_adc1.o [1]
ADC1_ClearITPendingBit  0x00a31b   0x7b  Code  Gb  stm8s_adc1.o [1]
ADC1_Cmd                0x00ac44   0x18  Code  Gb  stm8s_adc1.o [1]
ADC1_ConversionConfig   0x00a162   0x95  Code  Gb  stm8s_adc1.o [1]
ADC1_DeInit             0x00a95f   0x31  Code  Gb  stm8s_adc1.o [1]
ADC1_GetConversionValue
                        0x00a6fb   0x3e  Code  Gb  stm8s_adc1.o [1]
ADC1_IRQHandler         0x00a595   0x57  Code  Gb  stm8s_it.o [1]
ADC1_ITConfig           0x00a679   0x44  Code  Gb  stm8s_adc1.o [1]
ADC1_PrescalerConfig    0x00a6bd   0x3e  Code  Gb  stm8s_adc1.o [1]
ADC1_SchmittTriggerConfig
                        0x009f75   0xad  Code  Gb  stm8s_adc1.o [1]
ADC1_StartConversion    0x00aedf    0x5  Code  Gb  stm8s_adc1.o [1]
AWU_IRQHandler          0x00af0f    0x1  Code  Gb  stm8s_it.o [1]
CLK_ClockSwitchConfig   0x009dec   0xd5  Code  Gb  stm8s_clk.o [1]
CLK_DeInit              0x00a825   0x36  Code  Gb  stm8s_clk.o [1]
CLK_IRQHandler          0x00af10    0x1  Code  Gb  stm8s_it.o [1]
CLK_PeripheralClockConfig
                        0x00a28a   0x91  Code  Gb  stm8s_clk.o [1]
CLK_SYSCLKConfig        0x00a4de   0x5e  Code  Gb  stm8s_clk.o [1]
CSTACK$$Base            0x000600          --   Gb  - Linker created -
CSTACK$$Limit           0x000800          --   Gb  - Linker created -
Check_DS1307            0x008bd8   0x40  Code  Gb  main.o [1]
Delay1                  0x0084eb    0xe  Code  Gb  main.o [1]
Delay2                  0x0084dd    0xe  Code  Gb  main.o [1]
EEPROM_EEC_IRQHandler   0x00af1f    0x1  Code  Gb  stm8s_it.o [1]
EEPROM_INIT             0x00881c    0xf  Code  Gb  main.o [1]
EXTI_PORTA_IRQHandler   0x00af11    0x1  Code  Gb  stm8s_it.o [1]
EXTI_PORTB_IRQHandler   0x00af12    0x1  Code  Gb  stm8s_it.o [1]
EXTI_PORTC_IRQHandler   0x00af13    0x1  Code  Gb  stm8s_it.o [1]
EXTI_PORTD_IRQHandler   0x00af14    0x1  Code  Gb  stm8s_it.o [1]
EXTI_PORTE_IRQHandler   0x00af15    0x1  Code  Gb  stm8s_it.o [1]
FLASH_DeInit            0x00ac5c   0x18  Code  Gb  stm8s_flash.o [1]
FLASH_ProgramByte       0x00a7b2   0x3a  Code  Gb  stm8s_flash.o [1]
FLASH_ReadByte          0x00a9c0   0x2c  Code  Gb  stm8s_flash.o [1]
FLASH_SetProgrammingTime
                        0x00aafa   0x22  Code  Gb  stm8s_flash.o [1]
FLASH_Unlock            0x00ab60   0x21  Code  Gb  stm8s_flash.o [1]
GPIO_Init               0x009ec1   0xb4  Code  Gb  stm8s_gpio.o [1]
GPIO_ReadInputData      0x00af02    0x3  Code  Gb  stm8s_gpio.o [1]
GPIO_WriteHigh          0x00aefc    0x3  Code  Gb  stm8s_gpio.o [1]
GPIO_WriteLow           0x00aee4    0x4  Code  Gb  stm8s_gpio.o [1]
GPIO_WriteReverse       0x00aeff    0x3  Code  Gb  stm8s_gpio.o [1]
GpioConfiguration       0x0087ac   0x67  Code  Gb  main.o [1]
HEAP$$Base              0x0000e1          --   Gb  - Linker created -
HEAP$$Limit             0x0002e1          --   Gb  - Linker created -
I2C_AcknowledgeConfig   0x00a8c5   0x34  Code  Gb  stm8s_i2c.o [1]
I2C_CheckEvent          0x00a022   0xa6  Code  Gb  stm8s_i2c.o [1]
I2C_Cmd                 0x00ac74   0x18  Code  Gb  stm8s_i2c.o [1]
I2C_DeInit              0x00aa8b   0x25  Code  Gb  stm8s_i2c.o [1]
I2C_GenerateSTART       0x00ac8c   0x18  Code  Gb  stm8s_i2c.o [1]
I2C_GenerateSTOP        0x00aca4   0x18  Code  Gb  stm8s_i2c.o [1]
I2C_GetFlagStatus       0x00a1f7   0x93  Code  Gb  stm8s_i2c.o [1]
I2C_IRQHandler          0x00af1c    0x1  Code  Gb  stm8s_it.o [1]
I2C_Init                0x0098fc  0x16d  Code  Gb  stm8s_i2c.o [1]
I2C_RA                  0x008b39   0x28  Code  Gb  main.o [1]
I2C_RD                  0x008b16   0x23  Code  Gb  main.o [1]
I2C_ReceiveData         0x00aee8    0x4  Code  Gb  stm8s_i2c.o [1]
I2C_Send7bitAddress     0x00a92d   0x32  Code  Gb  stm8s_i2c.o [1]
I2C_SendData            0x00aeec    0x4  Code  Gb  stm8s_i2c.o [1]
I2C_Start               0x008bb2   0x26  Code  Gb  main.o [1]
I2C_WA                  0x008b85   0x26  Code  Gb  main.o [1]
I2C_WD                  0x008b61   0x24  Code  Gb  main.o [1]
INTVEC$$Base            0x008000          --   Gb  - Linker created -
INTVEC$$Limit           0x008080          --   Gb  - Linker created -
InitAdc                 0x00873e   0x2d  Code  Gb  main.o [1]
InitClk                 0x00876b   0x38  Code  Gb  main.o [1]
InitDelayTimer          0x008666   0x1d  Code  Gb  main.o [1]
InitI2C                 0x008f24   0x26  Code  Gb  main.o [1]
InitLcd                 0x0086b9   0x60  Code  Gb  main.o [1]
LCD                     0x00859a   0xba  Code  Gb  main.o [1]
LCDData                 0x00855e    0xb  Code  Gb  main.o [1]
LCDDataOut              0x008507   0x57  Code  Gb  main.o [1]
LCDInstr                0x008591    0x9  Code  Gb  main.o [1]
LCDInstrNibble          0x00869f   0x11  Code  Gb  main.o [1]
LoadInt                 0x00a5ec   0x47  Code  Lc  xprintfsmall.o [4]
PulseEnable             0x0084f9    0xe  Code  Gb  main.o [1]
ReadDS1307              0x008e8d   0x68  Code  Gb  main.o [1]
Read_Allarm             0x00882b   0x52  Code  Gb  main.o [1]
Region$$Table$$Base     0x0083cc          --   Gb  - Linker created -
Region$$Table$$Limit    0x0083e0          --   Gb  - Linker created -
SPI_IRQHandler          0x00af16    0x1  Code  Gb  stm8s_it.o [1]
Set_Clock               0x008cbb  0x18f  Code  Gb  main.o [1]
Set_DS1307              0x008c2f   0x6d  Code  Gb  main.o [1]
Set_Delay_Allarm        0x008954  0x152  Code  Gb  main.o [1]
TIM1_CAP_COM_IRQHandler
                        0x00af18    0x1  Code  Gb  stm8s_it.o [1]
TIM1_UPD_OVF_TRG_BRK_IRQHandler
                        0x00af17    0x1  Code  Gb  stm8s_it.o [1]
TIM2_CAP_COM_IRQHandler
                        0x00af19    0x1  Code  Gb  stm8s_it.o [1]
TIM2_ClearITPendingBit  0x00abbd   0x1d  Code  Gb  stm8s_tim2.o [1]
TIM2_Cmd                0x00a4c6   0x18  Code  Gb  stm8s_tim2.o [1]
TIM2_DeInit             0x00a53c   0x59  Code  Gb  stm8s_tim2.o [1]
TIM2_ITConfig           0x00a48a   0x3c  Code  Gb  stm8s_tim2.o [1]
TIM2_TimeBaseInit       0x00ae63    0xa  Code  Gb  stm8s_tim2.o [1]
TIM2_UPD_OVF_BRK_IRQHandler
                        0x00a777   0x3b  Code  Gb  stm8s_it.o [1]
TIM3_CAP_COM_IRQHandler
                        0x00af1b    0x1  Code  Gb  stm8s_it.o [1]
TIM3_UPD_OVF_BRK_IRQHandler
                        0x00af1a    0x1  Code  Gb  stm8s_it.o [1]
TIM4_UPD_OVF_IRQHandler
                        0x00af1e    0x1  Code  Gb  stm8s_it.o [1]
TLI_IRQHandler          0x00af0e    0x1  Code  Gb  stm8s_it.o [1]
TRAP_IRQHandler         0x00af0d    0x1  Code  Gb  stm8s_it.o [1]
UART2_ClearITPendingBit
                        0x00aad5   0x25  Code  Gb  stm8s_uart2.o [1]
UART2_RX_IRQHandler     0x00aab0   0x25  Code  Gb  stm8s_it.o [1]
UART2_ReceiveData8      0x00aef0    0x4  Code  Gb  stm8s_uart2.o [1]
UART2_TX_IRQHandler     0x00af1d    0x1  Code  Gb  stm8s_it.o [1]
_EncodingSb_Mbtowc      0x00a990   0x30  Code  Gb  xencoding_sb.o [4]
_EncodingSb_Wctomb      0x00ac2b   0x19  Code  Gb  xencoding_sb.o [4]
_LitobSmall             0x00977d  0x17f  Code  Lc  xprintfsmall.o [4]
_LocaleEncoding         0x00ad83    0xe  Code  Gb  setlocale.o [4]
_Locale_Profile         0x0000b3    0xe  Data  Gb  setlocale.o [4]
_Mbtowc                 0x00a9ec   0x29  Code  Gb  xmbtowc.o [4]
_PrintfSmall            0x0090ec  0x4aa  Code  Gb  xprintfsmall.o [4]
_Prout                  0x00abda   0x1d  Code  Gb  xprout.o [4]
_PutcharSmall           0x00a7ec   0x39  Code  Lc  xprintfsmall.o [4]
_PutcharsSmall          0x00a890   0x35  Code  Lc  xprintfsmall.o [4]
_PutstrSmall            0x009596  0x1e7  Code  Lc  xprintfsmall.o [4]
_Wctomb                 0x00ab1c   0x22  Code  Gb  xwctomb.o [4]
__DebugBreak            0x00af20    0x1  Code  Gb  __dbg_break.o [3]
__exit                  0x00ace9   0x16  Code  Gb  __dbg_xxexit.o [3]
__iar_Mbcurmax          0x00aec7    0x7  Code  Gb  xmbcurmax.o [4]
__iar_Memchr            0x00acff   0x15  Code  Gb  memchr.o [4]
__iar_Stdout            0x000010   0x28  Data  Gb  xfiles.o [4]
__iar_Strchr            0x00ad14   0x15  Code  Gb  strchr.o [4]
__iar_Tls_setup__Locale_Profile
                        0x0000c5    0x3  Data  Gb  setlocale.o [4]
__iar_copy_init2        0x00aa3d         Code  Gb  init_small.o [4]
__iar_data_init2        0x00ab81   0x1e  Code  Gb  init.o [4]
__iar_program_start     0x00acbc         Code  Gb  cstartup.o [4]
__iar_unhandled_exception
                        0x00af08         Code  Gb  unhandled_exception.o [4]
__iar_zero_init2        0x00ab9f         Code  Gb  init_small.o [4]
__intvec                0x008000         Data  Gb  interrupt.o [4]
__low_level_init        0x00af05    0x3  Code  Gb  low_level_init.o [4]
__near_Aldata           0x0000c1    0x4  Data  Gb  xxmemxmalloc.o [4]
__near_GetMemChunk      0x00ab3e   0x22  Code  Gb  xgetmemchunk.o [4]
__near_findmem          0x00a40e   0x70  Code  Lc  xxmemxmalloc.o [4]
_exit                   0x00aed4         Code  Gb  cexit.o [4]
_interrupt_1            0x00af0d         Code  Gb  stm8s_it.o [1]
_interrupt_10           0x00aef4         Code  Wk  interrupt.o [4]
_interrupt_11           0x00aef4         Code  Wk  interrupt.o [4]
_interrupt_12           0x00af16         Code  Gb  stm8s_it.o [1]
_interrupt_13           0x00af17         Code  Gb  stm8s_it.o [1]
_interrupt_14           0x00af18         Code  Gb  stm8s_it.o [1]
_interrupt_15           0x00a777         Code  Gb  stm8s_it.o [1]
_interrupt_16           0x00af19         Code  Gb  stm8s_it.o [1]
_interrupt_17           0x00af1a         Code  Gb  stm8s_it.o [1]
_interrupt_18           0x00af1b         Code  Gb  stm8s_it.o [1]
_interrupt_19           0x00aef4         Code  Wk  interrupt.o [4]
_interrupt_2            0x00af0e         Code  Gb  stm8s_it.o [1]
_interrupt_20           0x00aef4         Code  Wk  interrupt.o [4]
_interrupt_21           0x00af1c         Code  Gb  stm8s_it.o [1]
_interrupt_22           0x00af1d         Code  Gb  stm8s_it.o [1]
_interrupt_23           0x00aab0         Code  Gb  stm8s_it.o [1]
_interrupt_24           0x00a595         Code  Gb  stm8s_it.o [1]
_interrupt_25           0x00af1e         Code  Gb  stm8s_it.o [1]
_interrupt_26           0x00af1f         Code  Gb  stm8s_it.o [1]
_interrupt_27           0x00aef4         Code  Wk  interrupt.o [4]
_interrupt_28           0x00aef4         Code  Wk  interrupt.o [4]
_interrupt_29           0x00aef4         Code  Wk  interrupt.o [4]
_interrupt_3            0x00af0f         Code  Gb  stm8s_it.o [1]
_interrupt_30           0x00aef4         Code  Wk  interrupt.o [4]
_interrupt_31           0x00aef4         Code  Wk  interrupt.o [4]
_interrupt_4            0x00af10         Code  Gb  stm8s_it.o [1]
_interrupt_5            0x00af11         Code  Gb  stm8s_it.o [1]
_interrupt_6            0x00af12         Code  Gb  stm8s_it.o [1]
_interrupt_7            0x00af13         Code  Gb  stm8s_it.o [1]
_interrupt_8            0x00af14         Code  Gb  stm8s_it.o [1]
_interrupt_9            0x00af15         Code  Gb  stm8s_it.o [1]
adcdata                 0x0000cc    0x2  Data  Gb  main.o [1]
adj                     0x008907   0x4d  Code  Gb  main.o [1]
assert_failed           0x00af0b    0x2  Code  Gb  main.o [1]
bcd2hex                 0x008e76   0x17  Code  Gb  main.o [1]
convert_tobcd           0x008c18   0x17  Code  Gb  main.o [1]
count                   0x0000d5    0x1  Data  Gb  main.o [1]
daily_hour_off          0x0000de    0x1  Data  Gb  main.o [1]
daily_hour_on           0x0000dc    0x1  Data  Gb  main.o [1]
daily_long_on           0x0000ce    0x2  Data  Gb  main.o [1]
daily_minute_off        0x0000df    0x1  Data  Gb  main.o [1]
daily_minute_on         0x0000dd    0x1  Data  Gb  main.o [1]
date                    0x000039    0x1  Data  Gb  main.o [1]
days                    0x000038    0x1  Data  Gb  main.o [1]
error                   0x0000da    0x1  Data  Gb  main.o [1]
exit                    0x00aef8    0x4  Code  Gb  exit.o [4]
fputc                   0x008654   0x12  Code  Gb  main.o [1]
free                    0x009d06   0xe6  Code  Gb  xxmemxfree.o [4]
hours                   0x0000d8    0x1  Data  Gb  main.o [1]
index                   0x0000e0    0x1  Data  Gb  stm8s_it.o [1]
key_minus_on            0x0088af   0x25  Code  Gb  main.o [1]
key_ok_on               0x008886   0x29  Code  Gb  main.o [1]
key_ok_plus             0x008acd   0x28  Code  Gb  main.o [1]
key_plus_on             0x0088d4   0x25  Code  Gb  main.o [1]
line_lcd                0x0000d4    0x1  Data  Gb  main.o [1]
main                    0x008f4a  0x188  Code  Gb  main.o [1]
malloc                  0x00a0c8   0x9a  Code  Gb  xxmemxmalloc.o [4]
measure                 0x00008b   0x28  Data  Gb  main.o [1]
memcpy                  0x00aa65   0x26  Code  Gb  memcpy.o [4]
minutes                 0x0000d7    0x1  Data  Gb  main.o [1]
mounts                  0x00003a    0x1  Data  Gb  main.o [1]
obuf                    0x00003b   0x50  Data  Lc  xfiles.o [4]
pad                     0x00a85b   0x35  Code  Lc  xprintfsmall.o [4]
printf                  0x00aa15   0x28  Code  Gb  printf.o [4]
putchar                 0x00aebf    0x8  Code  Gb  putchar.o [4]
rx_data                 0x0000d3    0x1  Data  Gb  main.o [1]
seconds                 0x0000d6    0x1  Data  Gb  main.o [1]
strlen                  0x00ad61   0x12  Code  Gb  strlen.o [4]
temp2                   0x0000db    0x1  Data  Gb  main.o [1]
timeout                 0x0000d2    0x1  Data  Gb  main.o [1]
timer1                  0x0000c8    0x2  Data  Gb  main.o [1]
timer2                  0x0000ca    0x2  Data  Gb  main.o [1]
years                   0x0000d9    0x1  Data  Gb  main.o [1]


[1] = C:\Documents and Settings\Administrator\Desktop\stm8s105k-controller\Project\STM8S_StdPeriph_Template\EWSTM8\STM8S105\Obj
[2] = command line
[3] = dbgstm8mmd.a
[4] = dlstm8mmf.a

  10 820 bytes of readonly  code memory
   1 245 bytes of readonly  data memory
   1 249 bytes of readwrite data memory

Errors: none
Warnings: none
