###############################################################################
#                                                                             #
# IAR ELF Linker V1.30.1.50036 for STM8                 01/Nov/2013  19:16:53 #
# Copyright 2010-2011 IAR Systems AB.                                         #
#                                                                             #
#    Output file  =  C:\Documents and Settings\Administrator\Desktop\stm8s105 #
#                    k-controller\Project\STM8S_StdPeriph_Template\EWSTM8\STM #
#                    8S105\Exe\Project.out                                    #
#    Map file     =  C:\Documents and Settings\Administrator\Desktop\stm8s105 #
#                    k-controller\Project\STM8S_StdPeriph_Template\EWSTM8\STM #
#                    8S105\List\Project.map                                   #
#    Command line =  "C:\Documents and Settings\Administrator\Desktop\stm8s10 #
#                    5k-controller\Project\STM8S_StdPeriph_Template\EWSTM8\ST #
#                    M8S105\Obj\main.o" "C:\Documents and                     #
#                    Settings\Administrator\Desktop\stm8s105k-controller\Proj #
#                    ect\STM8S_StdPeriph_Template\EWSTM8\STM8S105\Obj\stm8s_a #
#                    dc1.o" "C:\Documents and Settings\Administrator\Desktop\ #
#                    stm8s105k-controller\Project\STM8S_StdPeriph_Template\EW #
#                    STM8\STM8S105\Obj\stm8s_awu.o" "C:\Documents and         #
#                    Settings\Administrator\Desktop\stm8s105k-controller\Proj #
#                    ect\STM8S_StdPeriph_Template\EWSTM8\STM8S105\Obj\stm8s_b #
#                    eep.o" "C:\Documents and Settings\Administrator\Desktop\ #
#                    stm8s105k-controller\Project\STM8S_StdPeriph_Template\EW #
#                    STM8\STM8S105\Obj\stm8s_clk.o" "C:\Documents and         #
#                    Settings\Administrator\Desktop\stm8s105k-controller\Proj #
#                    ect\STM8S_StdPeriph_Template\EWSTM8\STM8S105\Obj\stm8s_e #
#                    xti.o" "C:\Documents and Settings\Administrator\Desktop\ #
#                    stm8s105k-controller\Project\STM8S_StdPeriph_Template\EW #
#                    STM8\STM8S105\Obj\stm8s_flash.o" "C:\Documents and       #
#                    Settings\Administrator\Desktop\stm8s105k-controller\Proj #
#                    ect\STM8S_StdPeriph_Template\EWSTM8\STM8S105\Obj\stm8s_g #
#                    pio.o" "C:\Documents and Settings\Administrator\Desktop\ #
#                    stm8s105k-controller\Project\STM8S_StdPeriph_Template\EW #
#                    STM8\STM8S105\Obj\stm8s_i2c.o" "C:\Documents and         #
#                    Settings\Administrator\Desktop\stm8s105k-controller\Proj #
#                    ect\STM8S_StdPeriph_Template\EWSTM8\STM8S105\Obj\stm8s_i #
#                    t.o" "C:\Documents and Settings\Administrator\Desktop\st #
#                    m8s105k-controller\Project\STM8S_StdPeriph_Template\EWST #
#                    M8\STM8S105\Obj\stm8s_itc.o" "C:\Documents and           #
#                    Settings\Administrator\Desktop\stm8s105k-controller\Proj #
#                    ect\STM8S_StdPeriph_Template\EWSTM8\STM8S105\Obj\stm8s_i #
#                    wdg.o" "C:\Documents and Settings\Administrator\Desktop\ #
#                    stm8s105k-controller\Project\STM8S_StdPeriph_Template\EW #
#                    STM8\STM8S105\Obj\stm8s_rst.o" "C:\Documents and         #
#                    Settings\Administrator\Desktop\stm8s105k-controller\Proj #
#                    ect\STM8S_StdPeriph_Template\EWSTM8\STM8S105\Obj\stm8s_s #
#                    pi.o" "C:\Documents and Settings\Administrator\Desktop\s #
#                    tm8s105k-controller\Project\STM8S_StdPeriph_Template\EWS #
#                    TM8\STM8S105\Obj\stm8s_tim1.o" "C:\Documents and         #
#                    Settings\Administrator\Desktop\stm8s105k-controller\Proj #
#                    ect\STM8S_StdPeriph_Template\EWSTM8\STM8S105\Obj\stm8s_t #
#                    im2.o" "C:\Documents and Settings\Administrator\Desktop\ #
#                    stm8s105k-controller\Project\STM8S_StdPeriph_Template\EW #
#                    STM8\STM8S105\Obj\stm8s_tim3.o" "C:\Documents and        #
#                    Settings\Administrator\Desktop\stm8s105k-controller\Proj #
#                    ect\STM8S_StdPeriph_Template\EWSTM8\STM8S105\Obj\stm8s_t #
#                    im4.o" "C:\Documents and Settings\Administrator\Desktop\ #
#                    stm8s105k-controller\Project\STM8S_StdPeriph_Template\EW #
#                    STM8\STM8S105\Obj\stm8s_uart2.o" "C:\Documents and       #
#                    Settings\Administrator\Desktop\stm8s105k-controller\Proj #
#                    ect\STM8S_StdPeriph_Template\EWSTM8\STM8S105\Obj\stm8s_w #
#                    wdg.o" --redirect _Printf=_PrintfSmall --redirect        #
#                    _Scanf=_ScanfSmall -o "C:\Documents and                  #
#                    Settings\Administrator\Desktop\stm8s105k-controller\Proj #
#                    ect\STM8S_StdPeriph_Template\EWSTM8\STM8S105\Exe\Project #
#                    .out" --map "C:\Documents and                            #
#                    Settings\Administrator\Desktop\stm8s105k-controller\Proj #
#                    ect\STM8S_StdPeriph_Template\EWSTM8\STM8S105\List\Projec #
#                    t.map" --config "C:\Program Files\IAR Systems\Embedded   #
#                    Workbench 6.0\stm8\config\lnkstm8s105k6.icf"             #
#                    --config_def _CSTACK_SIZE=0x200 --config_def             #
#                    _HEAP_SIZE=0x200 --entry __iar_program_start --debug_lib #
#                                                                             #
#                                                                             #
###############################################################################

*******************************************************************************
*** RUNTIME MODEL ATTRIBUTES
***

__Heap_Handler             = Basic
__SystemLibrary            = DLib
__code_model               = medium_or_large
__core                     = stm8
__data_model               = medium
__dlib_file_descriptor     = 1
__dlib_full_locale_support = 1
__rt_version               = 4


*******************************************************************************
*** PLACEMENT SUMMARY
***

"A1":  place at start of [0x000000-0x0000ff] { rw section .vregs };
"A2":  place at end of [0x000000-0x0007ff] { block CSTACK };
"P2":  place in [from 0x000000 to 0x0007ff] {
          block HEAP, rw section .far.bss, rw section .far.data,
          rw section .far.noinit, rw section .far_func.textrw,
          rw section .huge.bss, rw section .huge.data, rw section .huge.noinit,
          rw section .huge_func.textrw, rw section .iar.dynexit,
          rw section .near.bss, rw section .near.data, rw section .near.noinit,
          rw section .near_func.textrw };
"A3":  place at start of [0x008000-0x00ffff] { block INTVEC };
"P3":  place in [from 0x008000 to 0x00ffff] {
          ro section .far.data_init, ro section .far_func.textrw_init,
          ro section .huge.data_init, ro section .huge_func.textrw_init,
          ro section .iar.init_table, ro section .init_array,
          ro section .near.data_init, ro section .near.rodata,
          ro section .near_func.text, ro section .near_func.textrw_init,
          ro section .tiny.data_init, ro section .tiny.rodata_init };
"P4":  place in [from 0x008000 to 0x00ffff] {
          ro section .far.rodata, ro section .far_func.text };

  Section            Kind      Address    Size  Object
  -------            ----      -------    ----  ------
"A1":                                     0x10
  .vregs             uninit   0x000000    0x10  vregs.o [4]
                            - 0x000010    0x10

"P2", part 1 of 3:                        0x2b
  P2 s0                       0x000010    0x2b  <Init block>
    .near.data       inited   0x000010    0x28  xfiles.o [4]
    .near.data       inited   0x000038     0x1  main.o [1]
    .near.data       inited   0x000039     0x1  main.o [1]
    .near.data       inited   0x00003a     0x1  main.o [1]
                            - 0x00003b    0x2b

"P2", part 2 of 3:                        0x9c
  .near.bss          zero     0x00003b    0x50  xfiles.o [4]
  .near.bss          zero     0x00008b     0xe  setlocale.o [4]
  .near.bss          zero     0x000099     0x8  main.o [1]
  .near.bss          zero     0x0000a1     0x4  xxmemxmalloc.o [4]
  .near.bss          zero     0x0000a5     0x3  setlocale.o [4]
  .near.bss          zero     0x0000a8     0x2  main.o [1]
  .near.bss          zero     0x0000aa     0x2  main.o [1]
  .near.bss          zero     0x0000ac     0x2  main.o [1]
  .near.bss          zero     0x0000ae     0x2  main.o [1]
  .near.bss          zero     0x0000b0     0x2  main.o [1]
  .near.bss          zero     0x0000b2     0x2  main.o [1]
  .near.bss          zero     0x0000b4     0x2  main.o [1]
  .near.bss          zero     0x0000b6     0x2  main.o [1]
  .near.bss          zero     0x0000b8     0x2  xgetmemchunk.o [4]
  .near.bss          zero     0x0000ba     0x1  main.o [1]
  .near.bss          zero     0x0000bb     0x1  main.o [1]
  .near.bss          zero     0x0000bc     0x1  main.o [1]
  .near.bss          zero     0x0000bd     0x1  main.o [1]
  .near.bss          zero     0x0000be     0x1  main.o [1]
  .near.bss          zero     0x0000bf     0x1  main.o [1]
  .near.bss          zero     0x0000c0     0x1  main.o [1]
  .near.bss          zero     0x0000c1     0x1  main.o [1]
  .near.bss          zero     0x0000c2     0x1  main.o [1]
  .near.bss          zero     0x0000c3     0x1  main.o [1]
  .near.bss          zero     0x0000c4     0x1  main.o [1]
  .near.bss          zero     0x0000c5     0x1  main.o [1]
  .near.bss          zero     0x0000c6     0x1  main.o [1]
  .near.bss          zero     0x0000c7     0x1  main.o [1]
  .near.bss          zero     0x0000c8     0x1  main.o [1]
  .near.bss          zero     0x0000c9     0x1  main.o [1]
  .near.bss          zero     0x0000ca     0x1  main.o [1]
  .near.bss          zero     0x0000cb     0x1  main.o [1]
  .near.bss          zero     0x0000cc     0x1  main.o [1]
  .near.bss          zero     0x0000cd     0x1  main.o [1]
  .near.bss          zero     0x0000ce     0x1  main.o [1]
  .near.bss          zero     0x0000cf     0x1  main.o [1]
  .near.bss          zero     0x0000d0     0x1  main.o [1]
  .near.bss          zero     0x0000d1     0x1  main.o [1]
  .near.bss          zero     0x0000d2     0x1  main.o [1]
  .near.bss          zero     0x0000d3     0x1  main.o [1]
  .near.bss          zero     0x0000d4     0x1  main.o [1]
  .near.bss          zero     0x0000d5     0x1  main.o [1]
  .near.bss          zero     0x0000d6     0x1  stm8s_it.o [1]
                            - 0x0000d7    0x9c

"P2", part 3 of 3:                       0x200
  HEAP                        0x0000d7   0x200  <Block>
    HEAP             uninit   0x0000d7   0x200  <Block tail>
                            - 0x0002d7   0x200

"A2":                                    0x200
  CSTACK                      0x000600   0x200  <Block>
    CSTACK           uninit   0x000600   0x200  <Block tail>
                            - 0x000800   0x200

"A3":                                     0x80
  INTVEC                      0x008000    0x80  <Block>
    .intvec          const    0x008000    0x80  interrupt.o [4]
                            - 0x008080    0x80

"P3":                                    0x51e
  .near.rodata       const    0x008080    0x78  stm8s_flash.o [1]
  .near.rodata       const    0x0080f8    0x78  stm8s_uart2.o [1]
  .near.rodata       const    0x008170    0x77  stm8s_beep.o [1]
  .near.rodata       const    0x0081e7    0x77  stm8s_gpio.o [1]
  .near.rodata       const    0x00825e    0x77  stm8s_tim2.o [1]
  .near.rodata       const    0x0082d5    0x77  stm8s_tim3.o [1]
  .near.rodata       const    0x00834c    0x76  stm8s_clk.o [1]
  .near.rodata       const    0x0083c2    0x76  stm8s_i2c.o [1]
  .iar.init_table    const    0x008438    0x14  - Linker created -
  .near.rodata       const    0x00844c    0x10  main.o [1]
  .near.rodata       const    0x00845c     0xe  main.o [1]
  .near.rodata       const    0x00846a     0xb  main.o [1]
  .near.rodata       const    0x008475     0xa  main.o [1]
  .near.rodata       const    0x00847f     0xa  main.o [1]
  .near.rodata       const    0x008489     0xa  main.o [1]
  .near.rodata       const    0x008493     0xa  main.o [1]
  .near.rodata       const    0x00849d     0xa  main.o [1]
  .near.rodata       const    0x0084a7     0xa  main.o [1]
  .near.rodata       const    0x0084b1     0xa  main.o [1]
  .near.rodata       const    0x0084bb     0xa  main.o [1]
  .near.rodata       const    0x0084c5     0xa  main.o [1]
  .near.rodata       const    0x0084cf     0xa  main.o [1]
  .near.rodata       const    0x0084d9     0xa  main.o [1]
  .near.rodata       const    0x0084e3     0x9  main.o [1]
  .near.rodata       const    0x0084ec     0x9  main.o [1]
  .near.rodata       const    0x0084f5     0x8  main.o [1]
  .near.rodata       const    0x0084fd     0x8  main.o [1]
  .near.rodata       const    0x008505     0x8  main.o [1]
  .near.rodata       const    0x00850d     0x8  main.o [1]
  .near.rodata       const    0x008515     0x8  xprintfsmall.o [4]
  .near.rodata       const    0x00851d     0x8  xprintfsmall.o [4]
  .near.rodata       const    0x008525     0x8  xencoding_sb.o [4]
  .near.rodata       const    0x00852d     0x8  xencoding_sb.o [4]
  .near.rodata       const    0x008535     0x7  main.o [1]
  .near.rodata       const    0x00853c     0x7  main.o [1]
  .near.rodata       const    0x008543     0x7  main.o [1]
  .near.rodata       const    0x00854a     0x7  main.o [1]
  .near.rodata       const    0x008551     0x7  main.o [1]
  .near.rodata       const    0x008558     0x7  main.o [1]
  .near.rodata       const    0x00855f     0x7  main.o [1]
  .near.rodata       const    0x008566     0x7  xprintfsmall.o [4]
  .near.rodata       const    0x00856d     0x6  main.o [1]
  Initializer bytes  ro data  0x008573    0x2b  <for P2 s0>
                            - 0x00859e   0x51e

"P4":                                   0x315e
  .far_func.text     ro code  0x00859e   0xe27  main.o [1]
  .far_func.text     ro code  0x0093c5   0x4aa  xprintfsmall.o [4]
  .far_func.text     ro code  0x00986f   0x1e7  xprintfsmall.o [4]
  .far_func.text     ro code  0x009a56   0x1b9  main.o [1]
  .far_func.text     ro code  0x009c0f   0x17f  xprintfsmall.o [4]
  .far_func.text     ro code  0x009d8e   0x16d  main.o [1]
  .far_func.text     ro code  0x009efb   0x16d  stm8s_i2c.o [1]
  .far_func.text     ro code  0x00a068   0x15a  long.o [4]
  .far_func.text     ro code  0x00a1c2   0x14d  vreg_util.o [4]
  .far_func.text     ro code  0x00a30f   0x105  stm8s_it.o [1]
  .far_func.text     ro code  0x00a414    0xe6  xxmemxfree.o [4]
  .far_func.text     ro code  0x00a4fa    0xd5  stm8s_clk.o [1]
  .far_func.text     ro code  0x00a5cf    0xcd  main.o [1]
  .far_func.text     ro code  0x00a69c    0xb4  stm8s_gpio.o [1]
  .far_func.text     ro code  0x00a750    0xa6  stm8s_i2c.o [1]
  .far_func.text     ro code  0x00a7f6    0x9a  xxmemxmalloc.o [4]
  .far_func.text     ro code  0x00a890    0x93  stm8s_i2c.o [1]
  .far_func.text     ro code  0x00a923    0x91  stm8s_clk.o [1]
  .far_func.text     ro code  0x00a9b4    0x7a  main.o [1]
  .far_func.text     ro code  0x00aa2e    0x70  xxmemxmalloc.o [4]
  .far_func.text     ro code  0x00aa9e    0x6a  main.o [1]
  .far_func.text     ro code  0x00ab08    0x60  stm8s_tim2.o [1]
  .far_func.text     ro code  0x00ab68    0x60  stm8s_tim3.o [1]
  .far_func.text     ro code  0x00abc8    0x5e  stm8s_clk.o [1]
  .far_func.text     ro code  0x00ac26    0x59  stm8s_tim2.o [1]
  .far_func.text     ro code  0x00ac7f    0x57  stm8s_it.o [1]
  .far_func.text     ro code  0x00acd6    0x4f  short.o [4]
  .far_func.text     ro code  0x00ad25    0x47  xprintfsmall.o [4]
  .far_func.text     ro code  0x00ad6c    0x45  stm8s_tim3.o [1]
  .far_func.text     ro code  0x00adb1    0x45  sprintf.o [4]
  .far_func.text     ro code  0x00adf6    0x43  stm8s_beep.o [1]
  .far_func.text     ro code  0x00ae39    0x3e  main.o [1]
  .far_func.text     ro code  0x00ae77    0x3e  long_util.o [4]
  .far_func.text     ro code  0x00aeb5    0x3a  stm8s_flash.o [1]
  .far_func.text     ro code  0x00aeef    0x39  xprintfsmall.o [4]
  .far_func.text     ro code  0x00af28    0x36  stm8s_clk.o [1]
  .far_func.text     ro code  0x00af5e    0x35  xprintfsmall.o [4]
  .far_func.text     ro code  0x00af93    0x35  xprintfsmall.o [4]
  .far_func.text     ro code  0x00afc8    0x34  stm8s_i2c.o [1]
  .far_func.text     ro code  0x00affc    0x34  far_util.o [4]
  .far_func.text     ro code  0x00b030    0x32  stm8s_i2c.o [1]
  .far_func.text     ro code  0x00b062    0x30  xencoding_sb.o [4]
  .far_func.text     ro code  0x00b092    0x2c  stm8s_flash.o [1]
  .far_func.text     ro code  0x00b0be    0x29  xmbtowc.o [4]
  .far_func.text     ro code  0x00b0e7    0x28  printf.o [4]
  .far_func.text     ro code  0x00b10f    0x28  init_small.o [4]
  .far_func.text     ro code  0x00b137    0x26  memcpy.o [4]
  .far_func.text     ro code  0x00b15d    0x25  stm8s_i2c.o [1]
  .far_func.text     ro code  0x00b182    0x25  stm8s_it.o [1]
  .far_func.text     ro code  0x00b1a7    0x25  stm8s_uart2.o [1]
  .far_func.text     ro code  0x00b1cc    0x22  stm8s_flash.o [1]
  .far_func.text     ro code  0x00b1ee    0x22  xwctomb.o [4]
  .far_func.text     ro code  0x00b210    0x22  xgetmemchunk.o [4]
  .far_func.text     ro code  0x00b232    0x21  stm8s_flash.o [1]
  .far_func.text     ro code  0x00b253    0x20  stm8s_flash.o [1]
  .far_func.text     ro code  0x00b273    0x1e  stm8s_it.o [1]
  .far_func.text     ro code  0x00b291    0x1e  init.o [4]
  .far_func.text     ro code  0x00b2af    0x1e  init_small.o [4]
  .far_func.text     ro code  0x00b2cd    0x1d  stm8s_tim2.o [1]
  .far_func.text     ro code  0x00b2ea    0x1d  stm8s_tim3.o [1]
  .far_func.text     ro code  0x00b307    0x1d  xprout.o [4]
  .far_func.text     ro code  0x00b324    0x1a  stm8s_flash.o [1]
  .far_func.text     ro code  0x00b33e    0x1a  xprintfsmall.o [4]
  .far_func.text     ro code  0x00b358    0x19  xencoding_sb.o [4]
  .far_func.text     ro code  0x00b371    0x18  stm8s_flash.o [1]
  .far_func.text     ro code  0x00b389    0x18  stm8s_i2c.o [1]
  .far_func.text     ro code  0x00b3a1    0x18  stm8s_i2c.o [1]
  .far_func.text     ro code  0x00b3b9    0x18  stm8s_i2c.o [1]
  .far_func.text     ro code  0x00b3d1    0x17  cstartup.o [4]
  .far_func.text     ro code  0x00b3e8    0x16  xprintfsmall.o [4]
  .far_func.text     ro code  0x00b3fe    0x16  __dbg_xxexit.o [3]
  .far_func.text     ro code  0x00b414    0x15  memchr.o [4]
  .far_func.text     ro code  0x00b429    0x15  strchr.o [4]
  .far_func.text     ro code  0x00b43e    0x14  main.o [1]
  .far_func.text     ro code  0x00b452    0x13  main.o [1]
  .far_func.text     ro code  0x00b465    0x13  stm8s_flash.o [1]
  .far_func.text     ro code  0x00b478    0x13  xprintfsmall.o [4]
  .far_func.text     ro code  0x00b48b    0x12  stm8s_i2c.o [1]
  .far_func.text     ro code  0x00b49d    0x12  strlen.o [4]
  .far_func.text     ro code  0x00b4af    0x10  xprintfsmall.o [4]
  .far_func.text     ro code  0x00b4bf     0xf  main.o [1]
  .far_func.text     ro code  0x00b4ce     0xe  xsprout.o [4]
  .far_func.text     ro code  0x00b4dc     0xe  setlocale.o [4]
  .far_func.text     ro code  0x00b4ea     0xd  stm8s_beep.o [1]
  .far_func.text     ro code  0x00b4f7     0xd  move.o [4]
  .far_func.text     ro code  0x00b504     0xc  main.o [1]
  .far_func.text     ro code  0x00b510     0xc  stm8s_beep.o [1]
  .far_func.text     ro code  0x00b51c     0xc  stm8s_clk.o [1]
  .far_func.text     ro code  0x00b528     0xc  stm8s_flash.o [1]
  .far_func.text     ro code  0x00b534     0xc  stm8s_gpio.o [1]
  .far_func.text     ro code  0x00b540     0xc  stm8s_i2c.o [1]
  .far_func.text     ro code  0x00b54c     0xc  stm8s_i2c.o [1]
  .far_func.text     ro code  0x00b558     0xc  stm8s_tim2.o [1]
  .far_func.text     ro code  0x00b564     0xc  stm8s_tim3.o [1]
  .far_func.text     ro code  0x00b570     0xc  stm8s_uart2.o [1]
  .far_func.text     ro code  0x00b57c     0xc  xprintfsmall.o [4]
  .far_func.text     ro code  0x00b588     0xc  xprintfsmall.o [4]
  .far_func.text     ro code  0x00b594     0xb  main.o [1]
  .far_func.text     ro code  0x00b59f     0xb  main.o [1]
  .far_func.text     ro code  0x00b5aa     0xb  main.o [1]
  .far_func.text     ro code  0x00b5b5     0xb  main.o [1]
  .far_func.text     ro code  0x00b5c0     0xb  main.o [1]
  .far_func.text     ro code  0x00b5cb     0xb  stm8s_clk.o [1]
  .far_func.text     ro code  0x00b5d6     0xb  xprintfsmall.o [4]
  .far_func.text     ro code  0x00b5e1     0xb  setlocale.o [4]
  .far_func.text     ro code  0x00b5ec     0xa  main.o [1]
  .far_func.text     ro code  0x00b5f6     0xa  stm8s_tim2.o [1]
  .far_func.text     ro code  0x00b600     0xa  stm8s_tim3.o [1]
  .far_func.text     ro code  0x00b60a     0xa  xprintfsmall.o [4]
  .far_func.text     ro code  0x00b614     0xa  far.o [4]
  .far_func.text     ro code  0x00b61e     0xa  setlocale.o [4]
  .far_func.text     ro code  0x00b628     0x9  main.o [1]
  .far_func.text     ro code  0x00b631     0x9  main.o [1]
  .far_func.text     ro code  0x00b63a     0x9  main.o [1]
  .far_func.text     ro code  0x00b643     0x9  main.o [1]
  .far_func.text     ro code  0x00b64c     0x9  main.o [1]
  .far_func.text     ro code  0x00b655     0x9  main.o [1]
  .far_func.text     ro code  0x00b65e     0x9  xprintfsmall.o [4]
  .far_func.text     ro code  0x00b667     0x9  xprintfsmall.o [4]
  .far_func.text     ro code  0x00b670     0x9  setlocale.o [4]
  .far_func.text     ro code  0x00b679     0x8  xprintfsmall.o [4]
  .far_func.text     ro code  0x00b681     0x8  xxmemxmalloc.o [4]
  .far_func.text     ro code  0x00b689     0x8  putchar.o [4]
  .far_func.text     ro code  0x00b691     0x7  main.o [1]
  .far_func.text     ro code  0x00b698     0x7  main.o [1]
  .far_func.text     ro code  0x00b69f     0x7  xmbcurmax.o [4]
  .far_func.text     ro code  0x00b6a6     0x6  xprintfsmall.o [4]
  .far_func.text     ro code  0x00b6ac     0x6  cexit.o [4]
  .far_func.text     ro code  0x00b6b2     0x5  main.o [1]
  .far_func.text     ro code  0x00b6b7     0x5  stm8s_beep.o [1]
  .far_func.text     ro code  0x00b6bc     0x4  stm8s_gpio.o [1]
  .far_func.text     ro code  0x00b6c0     0x4  stm8s_i2c.o [1]
  .far_func.text     ro code  0x00b6c4     0x4  stm8s_i2c.o [1]
  .far_func.text     ro code  0x00b6c8     0x4  stm8s_uart2.o [1]
  .far_func.text     ro code  0x00b6cc     0x4  interrupt.o [4]
  .far_func.text     ro code  0x00b6d0     0x4  exit.o [4]
  .far_func.text     ro code  0x00b6d4     0x3  stm8s_gpio.o [1]
  .far_func.text     ro code  0x00b6d7     0x3  stm8s_gpio.o [1]
  .far_func.text     ro code  0x00b6da     0x3  stm8s_gpio.o [1]
  .far_func.text     ro code  0x00b6dd     0x3  stm8s_gpio.o [1]
  .far_func.text     ro code  0x00b6e0     0x3  low_level_init.o [4]
  .far_func.text     ro code  0x00b6e3     0x3  unhandled_exception.o [4]
  .far_func.text     ro code  0x00b6e6     0x2  main.o [1]
  .far_func.text     ro code  0x00b6e8     0x1  stm8s_it.o [1]
  .far_func.text     ro code  0x00b6e9     0x1  stm8s_it.o [1]
  .far_func.text     ro code  0x00b6ea     0x1  stm8s_it.o [1]
  .far_func.text     ro code  0x00b6eb     0x1  stm8s_it.o [1]
  .far_func.text     ro code  0x00b6ec     0x1  stm8s_it.o [1]
  .far_func.text     ro code  0x00b6ed     0x1  stm8s_it.o [1]
  .far_func.text     ro code  0x00b6ee     0x1  stm8s_it.o [1]
  .far_func.text     ro code  0x00b6ef     0x1  stm8s_it.o [1]
  .far_func.text     ro code  0x00b6f0     0x1  stm8s_it.o [1]
  .far_func.text     ro code  0x00b6f1     0x1  stm8s_it.o [1]
  .far_func.text     ro code  0x00b6f2     0x1  stm8s_it.o [1]
  .far_func.text     ro code  0x00b6f3     0x1  stm8s_it.o [1]
  .far_func.text     ro code  0x00b6f4     0x1  stm8s_it.o [1]
  .far_func.text     ro code  0x00b6f5     0x1  stm8s_it.o [1]
  .far_func.text     ro code  0x00b6f6     0x1  stm8s_it.o [1]
  .far_func.text     ro code  0x00b6f7     0x1  stm8s_it.o [1]
  .far_func.text     ro code  0x00b6f8     0x1  stm8s_it.o [1]
  .far_func.text     ro code  0x00b6f9     0x1  stm8s_it.o [1]
  .far_func.text     ro code  0x00b6fa     0x1  stm8s_it.o [1]
  .far_func.text     ro code  0x00b6fb     0x1  __dbg_break.o [3]
                            - 0x00b6fc  0x315e


*******************************************************************************
*** INIT TABLE
***

          Address   Size
          -------   ----
Zero (__iar_zero_init2)
    1 destination range, total size 0x9c:
          0x00003b  0x9c

Copy (__iar_copy_init2)
    1 source range, total size 0x2b:
          0x008573  0x2b
    1 destination range, total size 0x2b:
          0x000010  0x2b


*******************************************************************************
*** MODULE SUMMARY
***

    Module                 ro code  ro data  rw data
    ------                 -------  -------  -------
C:\Documents and Settings\Administrator\Desktop\stm8s105k-controller\Project\STM8S_StdPeriph_Template\EWSTM8\STM8S105\Obj: [1]
    main.o                   5 130      259       55
    stm8s_beep.o                97      119
    stm8s_clk.o                529      118
    stm8s_flash.o              282      120
    stm8s_gpio.o               208      119
    stm8s_i2c.o                939      118
    stm8s_it.o                 434                 1
    stm8s_tim2.o               236      119
    stm8s_tim3.o               216      119
    stm8s_uart2.o               53      120
    ------------------------------------------------
    Total:                   8 124    1 211       56

command line: [2]
    ------------------------------------------------
    Total:

dbgstm8mmd.a: [3]
    __dbg_break.o                1
    __dbg_xxexit.o              22
    ------------------------------------------------
    Total:                      23

dlstm8mmf.a: [4]
    cexit.o                      6
    cstartup.o                  23
    exit.o                       4
    far.o                       10
    far_util.o                  52
    init.o                      30
    init_small.o                70
    interrupt.o                  4      128
    long.o                     346
    long_util.o                 62
    low_level_init.o             3
    memchr.o                    21
    memcpy.o                    38
    move.o                      13
    printf.o                    40
    putchar.o                    8
    setlocale.o                 44                17
    short.o                     79
    sprintf.o                   69
    strchr.o                    21
    strlen.o                    18
    unhandled_exception.o        3
    vreg_util.o                333
    vregs.o                                       16
    xencoding_sb.o              73       16
    xfiles.o                             40      120
    xgetmemchunk.o              34                 2
    xmbcurmax.o                  7
    xmbtowc.o                   41
    xprintfsmall.o           2 458       23
    xprout.o                    29
    xsprout.o                   14
    xwctomb.o                   34
    xxmemxfree.o               230
    xxmemxmalloc.o             274                 4
    ------------------------------------------------
    Total:                   4 491      207      159

    Linker created                       20    1 024
----------------------------------------------------
    Grand Total:            12 638    1 438    1 239


*******************************************************************************
*** ENTRY LIST
***

Entry                    Address   Size  Type      Object
-----                    -------   ----  ----      ------
?add32_l0_l0_0x         0x00a07b         Code  Gb  long.o [4]
?add32_l0_l0_l1         0x00a078         Code  Gb  long.o [4]
?and32_l0_l0_0x         0x00a181         Code  Gb  long.o [4]
?and32_l0_l0_l1         0x00a17e         Code  Gb  long.o [4]
?b0                     0x000000         Data  Gb  vregs.o [4]
?b1                     0x000001         Data  Gb  vregs.o [4]
?b10                    0x00000a         Data  Gb  vregs.o [4]
?b11                    0x00000b         Data  Gb  vregs.o [4]
?b12                    0x00000c         Data  Gb  vregs.o [4]
?b13                    0x00000d         Data  Gb  vregs.o [4]
?b14                    0x00000e         Data  Gb  vregs.o [4]
?b15                    0x00000f         Data  Gb  vregs.o [4]
?b2                     0x000002         Data  Gb  vregs.o [4]
?b3                     0x000003         Data  Gb  vregs.o [4]
?b4                     0x000004         Data  Gb  vregs.o [4]
?b5                     0x000005         Data  Gb  vregs.o [4]
?b6                     0x000006         Data  Gb  vregs.o [4]
?b7                     0x000007         Data  Gb  vregs.o [4]
?b8                     0x000008         Data  Gb  vregs.o [4]
?b9                     0x000009         Data  Gb  vregs.o [4]
?e0                     0x000001         Data  Gb  vregs.o [4]
?e1                     0x000005         Data  Gb  vregs.o [4]
?e2                     0x000009         Data  Gb  vregs.o [4]
?e3                     0x00000d         Data  Gb  vregs.o [4]
?epilogue_l2            0x00a27d         Code  Gb  vreg_util.o [4]
?epilogue_l2_l3         0x00a279         Code  Gb  vreg_util.o [4]
?epilogue_l2_w6         0x00a282         Code  Gb  vreg_util.o [4]
?epilogue_w4            0x00a28b         Code  Gb  vreg_util.o [4]
?l0                     0x000000         Data  Gb  vregs.o [4]
?l1                     0x000004         Data  Gb  vregs.o [4]
?l2                     0x000008         Data  Gb  vregs.o [4]
?l3                     0x00000c         Data  Gb  vregs.o [4]
?load24_0x_e0           0x00b022         Code  Gb  far_util.o [4]
?load24_e0_0x           0x00affc         Code  Gb  far_util.o [4]
?load24_e1_0x           0x00b00a         Code  Gb  far_util.o [4]
?load24_xsp_e0          0x00b018         Code  Gb  far_util.o [4]
?load32_0x_l0           0x00aea7         Code  Gb  long_util.o [4]
?load32_l0_0x           0x00ae91         Code  Gb  long_util.o [4]
?load32_l0_asp          0x00ae85         Code  Gb  long_util.o [4]
?load32_l0_dbsp         0x00ae77         Code  Gb  long_util.o [4]
?load32_l0_xsp          0x00ae87         Code  Gb  long_util.o [4]
?load32_xsp_l0          0x00ae9d         Code  Gb  long_util.o [4]
?mov_e0_e2              0x00a2c4         Code  Gb  vreg_util.o [4]
?mov_e0_e3              0x00a2d1         Code  Gb  vreg_util.o [4]
?mov_e1_e0              0x00a2de         Code  Gb  vreg_util.o [4]
?mov_e1_e2              0x00a2eb         Code  Gb  vreg_util.o [4]
?mov_e2_e0              0x00a2f8         Code  Gb  vreg_util.o [4]
?mov_e3_e0              0x00a305         Code  Gb  vreg_util.o [4]
?mov_l0_l2              0x00a2c1         Code  Gb  vreg_util.o [4]
?mov_l0_l3              0x00a2ce         Code  Gb  vreg_util.o [4]
?mov_l1_l0              0x00a2db         Code  Gb  vreg_util.o [4]
?mov_l1_l2              0x00a2e8         Code  Gb  vreg_util.o [4]
?mov_l2_l0              0x00a2f5         Code  Gb  vreg_util.o [4]
?mov_l3_l0              0x00a302         Code  Gb  vreg_util.o [4]
?mov_w0_w4              0x00a290         Code  Gb  vreg_util.o [4]
?mov_w0_w5              0x00a297         Code  Gb  vreg_util.o [4]
?mov_w1_w4              0x00a29e         Code  Gb  vreg_util.o [4]
?mov_w1_w5              0x00a2c7         Code  Gb  vreg_util.o [4]
?mov_w1_w7              0x00a2d4         Code  Gb  vreg_util.o [4]
?mov_w2_w1              0x00a2a5         Code  Gb  vreg_util.o [4]
?mov_w3_w1              0x00a2e1         Code  Gb  vreg_util.o [4]
?mov_w3_w5              0x00a2ee         Code  Gb  vreg_util.o [4]
?mov_w4_w0              0x00a2ac         Code  Gb  vreg_util.o [4]
?mov_w4_w1              0x00a2b3         Code  Gb  vreg_util.o [4]
?mov_w5_w0              0x00a2ba         Code  Gb  vreg_util.o [4]
?mov_w5_w1              0x00a2fb         Code  Gb  vreg_util.o [4]
?mov_w7_w1              0x00a308         Code  Gb  vreg_util.o [4]
?move1616_v_x_y_a       0x00b4f7         Code  Gb  move.o [4]
?mul16_x_x_w0           0x00acd6         Code  Gb  short.o [4]
?mul32_l0_l0_l1         0x00a093         Code  Gb  long.o [4]
?neg32_l0_l0            0x00a068         Code  Gb  long.o [4]
?pop_l0                 0x00a241         Code  Gb  vreg_util.o [4]
?pop_l1                 0x00a24c         Code  Gb  vreg_util.o [4]
?pop_l2                 0x00a257         Code  Gb  vreg_util.o [4]
?pop_l3                 0x00a262         Code  Gb  vreg_util.o [4]
?pop_w4                 0x00a1f2         Code  Gb  vreg_util.o [4]
?pop_w6                 0x00a1f9         Code  Gb  vreg_util.o [4]
?push_l0                0x00a20c         Code  Gb  vreg_util.o [4]
?push_l1                0x00a211         Code  Gb  vreg_util.o [4]
?push_l2                0x00a216         Code  Gb  vreg_util.o [4]
?push_l3                0x00a21b         Code  Gb  vreg_util.o [4]
?push_w0                0x00a1c2         Code  Gb  vreg_util.o [4]
?push_w1                0x00a1c7         Code  Gb  vreg_util.o [4]
?push_w2                0x00a1cc         Code  Gb  vreg_util.o [4]
?push_w4                0x00a1d1         Code  Gb  vreg_util.o [4]
?push_w6                0x00a1d6         Code  Gb  vreg_util.o [4]
?sdiv16_x_x_y           0x00acf4         Code  Gb  short.o [4]
?sext32_l0_a            0x00a1b5         Code  Gb  long.o [4]
?sext32_l0_x            0x00a1aa         Code  Gb  long.o [4]
?sll16_x_x_a            0x00ad1d         Code  Gb  short.o [4]
?sll32_0x_0x_a          0x00a19c         Code  Gb  long.o [4]
?sll32_l0_l0_a          0x00a199         Code  Gb  long.o [4]
?smod16_y_x_y           0x00ad0d         Code  Gb  short.o [4]
?ucmp24_c_0x_e0         0x00b614         Code  Gb  far.o [4]
?udiv32_l0_l0_l1        0x00a111         Code  Gb  long.o [4]
?umod32_l1_l0_l1        0x00a111         Code  Gb  long.o [4]
?w0                     0x000000         Data  Gb  vregs.o [4]
?w1                     0x000002         Data  Gb  vregs.o [4]
?w2                     0x000004         Data  Gb  vregs.o [4]
?w3                     0x000006         Data  Gb  vregs.o [4]
?w4                     0x000008         Data  Gb  vregs.o [4]
?w5                     0x00000a         Data  Gb  vregs.o [4]
?w6                     0x00000c         Data  Gb  vregs.o [4]
?w7                     0x00000e         Data  Gb  vregs.o [4]
ADC1_IRQHandler         0x00b6f8    0x1  Code  Gb  stm8s_it.o [1]
AWU_IRQHandler          0x00b6ea    0x1  Code  Gb  stm8s_it.o [1]
BEEP_Cmd                0x00b4ea    0xd  Code  Gb  stm8s_beep.o [1]
BEEP_DeInit             0x00b6b7    0x5  Code  Gb  stm8s_beep.o [1]
BEEP_Init               0x00adf6   0x43  Code  Gb  stm8s_beep.o [1]
CLK_ClockSwitchConfig   0x00a4fa   0xd5  Code  Gb  stm8s_clk.o [1]
CLK_DeInit              0x00af28   0x36  Code  Gb  stm8s_clk.o [1]
CLK_IRQHandler          0x00b6eb    0x1  Code  Gb  stm8s_it.o [1]
CLK_PeripheralClockConfig
                        0x00a923   0x91  Code  Gb  stm8s_clk.o [1]
CLK_SYSCLKConfig        0x00abc8   0x5e  Code  Gb  stm8s_clk.o [1]
CSTACK$$Base            0x000600          --   Gb  - Linker created -
CSTACK$$Limit           0x000800          --   Gb  - Linker created -
Check_DS1307            0x009ac2   0x4e  Code  Gb  main.o [1]
Clear_Line1             0x008a37   0x13  Code  Gb  main.o [1]
Clear_Line2             0x008a24   0x13  Code  Gb  main.o [1]
DS18Set                 0x009139   0x37  Code  Gb  main.o [1]
DS18_Read               0x009170   0x4a  Code  Gb  main.o [1]
DS18_Reset              0x0090e8   0x48  Code  Gb  main.o [1]
DS18_Write              0x0090aa   0x36  Code  Gb  main.o [1]
Delay1                  0x00859e    0xe  Code  Gb  main.o [1]
Delay_us                0x0090a4    0x6  Code  Gb  main.o [1]
Display                 0x00a5cf   0xcd  Code  Gb  main.o [1]
EEPROM_EEC_IRQHandler   0x00b6fa    0x1  Code  Gb  stm8s_it.o [1]
EEPROM_INIT             0x008d0c    0xf  Code  Gb  main.o [1]
EXTI_PORTA_IRQHandler   0x00b6ec    0x1  Code  Gb  stm8s_it.o [1]
EXTI_PORTB_IRQHandler   0x00b6ed    0x1  Code  Gb  stm8s_it.o [1]
EXTI_PORTC_IRQHandler   0x00b6ee    0x1  Code  Gb  stm8s_it.o [1]
EXTI_PORTD_IRQHandler   0x00b6ef    0x1  Code  Gb  stm8s_it.o [1]
EXTI_PORTE_IRQHandler   0x00b6f0    0x1  Code  Gb  stm8s_it.o [1]
FLASH_DeInit            0x00b371   0x18  Code  Gb  stm8s_flash.o [1]
FLASH_Lock              0x00b253   0x20  Code  Gb  stm8s_flash.o [1]
FLASH_ProgramByte       0x00aeb5   0x3a  Code  Gb  stm8s_flash.o [1]
FLASH_ReadByte          0x00b092   0x2c  Code  Gb  stm8s_flash.o [1]
FLASH_SetProgrammingTime
                        0x00b1cc   0x22  Code  Gb  stm8s_flash.o [1]
FLASH_Unlock            0x00b232   0x21  Code  Gb  stm8s_flash.o [1]
GPIO_Init               0x00a69c   0xb4  Code  Gb  stm8s_gpio.o [1]
GPIO_ReadInputData      0x00b6da    0x3  Code  Gb  stm8s_gpio.o [1]
GPIO_ReadInputPin       0x00b6dd    0x3  Code  Gb  stm8s_gpio.o [1]
GPIO_WriteHigh          0x00b6d4    0x3  Code  Gb  stm8s_gpio.o [1]
GPIO_WriteLow           0x00b6bc    0x4  Code  Gb  stm8s_gpio.o [1]
GPIO_WriteReverse       0x00b6d7    0x3  Code  Gb  stm8s_gpio.o [1]
GpioConfiguration       0x00a9b4   0x7a  Code  Gb  main.o [1]
HEAP$$Base              0x0000d7          --   Gb  - Linker created -
HEAP$$Limit             0x0002d7          --   Gb  - Linker created -
I2C_AcknowledgeConfig   0x00afc8   0x34  Code  Gb  stm8s_i2c.o [1]
I2C_CheckEvent          0x00a750   0xa6  Code  Gb  stm8s_i2c.o [1]
I2C_Cmd                 0x00b389   0x18  Code  Gb  stm8s_i2c.o [1]
I2C_DeInit              0x00b15d   0x25  Code  Gb  stm8s_i2c.o [1]
I2C_GenerateSTART       0x00b3a1   0x18  Code  Gb  stm8s_i2c.o [1]
I2C_GenerateSTOP        0x00b3b9   0x18  Code  Gb  stm8s_i2c.o [1]
I2C_GetFlagStatus       0x00a890   0x93  Code  Gb  stm8s_i2c.o [1]
I2C_IRQHandler          0x00b6f6    0x1  Code  Gb  stm8s_it.o [1]
I2C_Init                0x009efb  0x16d  Code  Gb  stm8s_i2c.o [1]
I2C_RA                  0x009a9a   0x28  Code  Gb  main.o [1]
I2C_RD                  0x009a77   0x23  Code  Gb  main.o [1]
I2C_ReceiveData         0x00b6c0    0x4  Code  Gb  stm8s_i2c.o [1]
I2C_Send7bitAddress     0x00b030   0x32  Code  Gb  stm8s_i2c.o [1]
I2C_SendData            0x00b6c4    0x4  Code  Gb  stm8s_i2c.o [1]
I2C_Start               0x008ad1   0x26  Code  Gb  main.o [1]
I2C_WA                  0x008aab   0x26  Code  Gb  main.o [1]
I2C_WD                  0x008a87   0x24  Code  Gb  main.o [1]
INTVEC$$Base            0x008000          --   Gb  - Linker created -
INTVEC$$Limit           0x008080          --   Gb  - Linker created -
InitClk                 0x00ae39   0x3e  Code  Gb  main.o [1]
InitDelayTimer2         0x009303   0x1d  Code  Gb  main.o [1]
InitDelayTimer3         0x0092ec   0x17  Code  Gb  main.o [1]
InitI2C                 0x009bcd   0x26  Code  Gb  main.o [1]
InitLcd                 0x009354   0x55  Code  Gb  main.o [1]
LCD                     0x008651   0xcb  Code  Gb  main.o [1]
LCDData                 0x008613    0xb  Code  Gb  main.o [1]
LCDDataOut              0x0085bc   0x57  Code  Gb  main.o [1]
LCDInstr                0x008646    0xb  Code  Gb  main.o [1]
LCDInstrNibble          0x009345    0xf  Code  Gb  main.o [1]
LoadInt                 0x00ad25   0x47  Code  Lc  xprintfsmall.o [4]
Menu                    0x008ee4  0x18b  Code  Gb  main.o [1]
Power_Off               0x009bf3    0xe  Code  Gb  main.o [1]
Power_On                0x009c01    0xe  Code  Gb  main.o [1]
PulseEnable             0x0085ac   0x10  Code  Gb  main.o [1]
ReadDS1307              0x009b21   0x77  Code  Gb  main.o [1]
Read_Allarm             0x00aa9e   0x6a  Code  Gb  main.o [1]
Read_DS18               0x0091d9   0x79  Code  Gb  main.o [1]
Region$$Table$$Base     0x008438          --   Gb  - Linker created -
Region$$Table$$Limit    0x00844c          --   Gb  - Linker created -
SPI_IRQHandler          0x00b6f1    0x1  Code  Gb  stm8s_it.o [1]
Save_Status             0x009a56    0xa  Code  Gb  main.o [1]
Set_Clock               0x008b75  0x176  Code  Gb  main.o [1]
Set_DS1307              0x008afe   0x6c  Code  Gb  main.o [1]
Set_Timer_Off           0x008d1b   0xac  Code  Gb  main.o [1]
Set_Timer_On            0x008dfb   0xa7  Code  Gb  main.o [1]
TIM1_CAP_COM_IRQHandler
                        0x00b6f3    0x1  Code  Gb  stm8s_it.o [1]
TIM1_UPD_OVF_TRG_BRK_IRQHandler
                        0x00b6f2    0x1  Code  Gb  stm8s_it.o [1]
TIM2_CAP_COM_IRQHandler
                        0x00b6f4    0x1  Code  Gb  stm8s_it.o [1]
TIM2_ClearITPendingBit  0x00b2cd   0x1d  Code  Gb  stm8s_tim2.o [1]
TIM2_Cmd                0x00ab50   0x18  Code  Gb  stm8s_tim2.o [1]
TIM2_DeInit             0x00ac26   0x59  Code  Gb  stm8s_tim2.o [1]
TIM2_ITConfig           0x00ab14   0x3c  Code  Gb  stm8s_tim2.o [1]
TIM2_TimeBaseInit       0x00b5f6    0xa  Code  Gb  stm8s_tim2.o [1]
TIM2_UPD_OVF_BRK_IRQHandler
                        0x00ac7f   0x57  Code  Gb  stm8s_it.o [1]
TIM3_CAP_COM_IRQHandler
                        0x00b6f5    0x1  Code  Gb  stm8s_it.o [1]
TIM3_ClearITPendingBit  0x00b2ea   0x1d  Code  Gb  stm8s_tim3.o [1]
TIM3_Cmd                0x00abb0   0x18  Code  Gb  stm8s_tim3.o [1]
TIM3_DeInit             0x00ad6c   0x45  Code  Gb  stm8s_tim3.o [1]
TIM3_ITConfig           0x00ab74   0x3c  Code  Gb  stm8s_tim3.o [1]
TIM3_TimeBaseInit       0x00b600    0xa  Code  Gb  stm8s_tim3.o [1]
TIM3_UPD_OVF_BRK_IRQHandler
                        0x00a30f  0x105  Code  Gb  stm8s_it.o [1]
TIM4_UPD_OVF_IRQHandler
                        0x00b6f9    0x1  Code  Gb  stm8s_it.o [1]
TLI_IRQHandler          0x00b6e9    0x1  Code  Gb  stm8s_it.o [1]
TRAP_IRQHandler         0x00b6e8    0x1  Code  Gb  stm8s_it.o [1]
Time_Display            0x0000d5    0x1  Data  Gb  main.o [1]
UART2_ClearITPendingBit
                        0x00b1a7   0x25  Code  Gb  stm8s_uart2.o [1]
UART2_RX_IRQHandler     0x00b182   0x25  Code  Gb  stm8s_it.o [1]
UART2_ReceiveData8      0x00b6c8    0x4  Code  Gb  stm8s_uart2.o [1]
UART2_TX_IRQHandler     0x00b6f7    0x1  Code  Gb  stm8s_it.o [1]
_EncodingSb_Mbtowc      0x00b062   0x30  Code  Gb  xencoding_sb.o [4]
_EncodingSb_Wctomb      0x00b358   0x19  Code  Gb  xencoding_sb.o [4]
_LitobSmall             0x009c0f  0x17f  Code  Lc  xprintfsmall.o [4]
_LocaleEncoding         0x00b4dc    0xe  Code  Gb  setlocale.o [4]
_Locale_Profile         0x00008b    0xe  Data  Gb  setlocale.o [4]
_Mbtowc                 0x00b0be   0x29  Code  Gb  xmbtowc.o [4]
_PrintfSmall            0x0093c5  0x4aa  Code  Gb  xprintfsmall.o [4]
_Prout                  0x00b307   0x1d  Code  Gb  xprout.o [4]
_PutcharSmall           0x00aeef   0x39  Code  Lc  xprintfsmall.o [4]
_PutcharsSmall          0x00af93   0x35  Code  Lc  xprintfsmall.o [4]
_PutstrSmall            0x00986f  0x1e7  Code  Lc  xprintfsmall.o [4]
_SProut                 0x00b4ce    0xe  Code  Gb  xsprout.o [4]
_Wctomb                 0x00b1ee   0x22  Code  Gb  xwctomb.o [4]
__DebugBreak            0x00b6fb    0x1  Code  Gb  __dbg_break.o [3]
__exit                  0x00b3fe   0x16  Code  Gb  __dbg_xxexit.o [3]
__iar_Mbcurmax          0x00b69f    0x7  Code  Gb  xmbcurmax.o [4]
__iar_Memchr            0x00b414   0x15  Code  Gb  memchr.o [4]
__iar_Stdout            0x000010   0x28  Data  Gb  xfiles.o [4]
__iar_Strchr            0x00b429   0x15  Code  Gb  strchr.o [4]
__iar_Tls_setup__Locale_Profile
                        0x0000a5    0x3  Data  Gb  setlocale.o [4]
__iar_copy_init2        0x00b10f         Code  Gb  init_small.o [4]
__iar_data_init2        0x00b291   0x1e  Code  Gb  init.o [4]
__iar_program_start     0x00b3d1         Code  Gb  cstartup.o [4]
__iar_unhandled_exception
                        0x00b6e3         Code  Gb  unhandled_exception.o [4]
__iar_zero_init2        0x00b2af         Code  Gb  init_small.o [4]
__intvec                0x008000         Data  Gb  interrupt.o [4]
__low_level_init        0x00b6e0    0x3  Code  Gb  low_level_init.o [4]
__near_Aldata           0x0000a1    0x4  Data  Gb  xxmemxmalloc.o [4]
__near_GetMemChunk      0x00b210   0x22  Code  Gb  xgetmemchunk.o [4]
__near_findmem          0x00aa2e   0x70  Code  Lc  xxmemxmalloc.o [4]
_exit                   0x00b6ac         Code  Gb  cexit.o [4]
_interrupt_1            0x00b6e8         Code  Gb  stm8s_it.o [1]
_interrupt_10           0x00b6cc         Code  Wk  interrupt.o [4]
_interrupt_11           0x00b6cc         Code  Wk  interrupt.o [4]
_interrupt_12           0x00b6f1         Code  Gb  stm8s_it.o [1]
_interrupt_13           0x00b6f2         Code  Gb  stm8s_it.o [1]
_interrupt_14           0x00b6f3         Code  Gb  stm8s_it.o [1]
_interrupt_15           0x00ac7f         Code  Gb  stm8s_it.o [1]
_interrupt_16           0x00b6f4         Code  Gb  stm8s_it.o [1]
_interrupt_17           0x00a30f         Code  Gb  stm8s_it.o [1]
_interrupt_18           0x00b6f5         Code  Gb  stm8s_it.o [1]
_interrupt_19           0x00b6cc         Code  Wk  interrupt.o [4]
_interrupt_2            0x00b6e9         Code  Gb  stm8s_it.o [1]
_interrupt_20           0x00b6cc         Code  Wk  interrupt.o [4]
_interrupt_21           0x00b6f6         Code  Gb  stm8s_it.o [1]
_interrupt_22           0x00b6f7         Code  Gb  stm8s_it.o [1]
_interrupt_23           0x00b182         Code  Gb  stm8s_it.o [1]
_interrupt_24           0x00b6f8         Code  Gb  stm8s_it.o [1]
_interrupt_25           0x00b6f9         Code  Gb  stm8s_it.o [1]
_interrupt_26           0x00b6fa         Code  Gb  stm8s_it.o [1]
_interrupt_27           0x00b6cc         Code  Wk  interrupt.o [4]
_interrupt_28           0x00b6cc         Code  Wk  interrupt.o [4]
_interrupt_29           0x00b6cc         Code  Wk  interrupt.o [4]
_interrupt_3            0x00b6ea         Code  Gb  stm8s_it.o [1]
_interrupt_30           0x00b6cc         Code  Wk  interrupt.o [4]
_interrupt_31           0x00b6cc         Code  Wk  interrupt.o [4]
_interrupt_4            0x00b6eb         Code  Gb  stm8s_it.o [1]
_interrupt_5            0x00b6ec         Code  Gb  stm8s_it.o [1]
_interrupt_6            0x00b6ed         Code  Gb  stm8s_it.o [1]
_interrupt_7            0x00b6ee         Code  Gb  stm8s_it.o [1]
_interrupt_8            0x00b6ef         Code  Gb  stm8s_it.o [1]
_interrupt_9            0x00b6f0         Code  Gb  stm8s_it.o [1]
adj                     0x00881a   0x55  Code  Gb  main.o [1]
assert_failed           0x00b6e6    0x2  Code  Gb  main.o [1]
bcd2hex                 0x009a60   0x17  Code  Gb  main.o [1]
beep                    0x00872e   0x1b  Code  Gb  main.o [1]
change                  0x0000d4    0x1  Data  Gb  main.o [1]
convert_tobcd           0x008a70   0x17  Code  Gb  main.o [1]
count                   0x0000bd    0x1  Data  Gb  main.o [1]
d                       0x0000c5    0x1  Data  Gb  main.o [1]
daily_dispaly           0x0000cf    0x1  Data  Gb  main.o [1]
daily_hour_off          0x0000c8    0x1  Data  Gb  main.o [1]
daily_hour_on           0x0000c6    0x1  Data  Gb  main.o [1]
daily_minute_off        0x0000c9    0x1  Data  Gb  main.o [1]
daily_minute_on         0x0000c7    0x1  Data  Gb  main.o [1]
date                    0x000039    0x1  Data  Gb  main.o [1]
days                    0x000038    0x1  Data  Gb  main.o [1]
error                   0x0000c2    0x1  Data  Gb  main.o [1]
exit                    0x00b6d0    0x4  Code  Gb  exit.o [4]
fputc                   0x00871c   0x12  Code  Gb  main.o [1]
free                    0x00a414   0xe6  Code  Gb  xxmemxfree.o [4]
hardware                0x0000b6    0x2  Data  Gb  main.o [1]
hours                   0x0000c0    0x1  Data  Gb  main.o [1]
initBeep                0x008749   0x1c  Code  Gb  main.o [1]
key_minus_on            0x008796   0x2f  Code  Gb  main.o [1]
key_ok_on               0x008765   0x31  Code  Gb  main.o [1]
key_plus_on             0x0087dd   0x2f  Code  Gb  main.o [1]
lcdLedTimer             0x0000d3    0x1  Data  Gb  main.o [1]
line1                   0x000099    0x8  Data  Gb  main.o [1]
line_lcd                0x0000bc    0x1  Data  Gb  main.o [1]
m                       0x0000c4    0x1  Data  Gb  main.o [1]
main                    0x009d8e  0x16d  Code  Gb  main.o [1]
malloc                  0x00a7f6   0x9a  Code  Gb  xxmemxmalloc.o [4]
memcpy                  0x00b137   0x26  Code  Gb  memcpy.o [4]
minutes                 0x0000bf    0x1  Data  Gb  main.o [1]
month                   0x00003a    0x1  Data  Gb  main.o [1]
month_display           0x0000d0    0x1  Data  Gb  main.o [1]
monthly_date            0x0000cc    0x1  Data  Gb  main.o [1]
monthly_month           0x0000cb    0x1  Data  Gb  main.o [1]
monthly_year            0x0000ca    0x1  Data  Gb  main.o [1]
obuf                    0x00003b   0x50  Data  Lc  xfiles.o [4]
pad                     0x00af5e   0x35  Code  Lc  xprintfsmall.o [4]
pressKey                0x0089d6   0x4e  Code  Gb  main.o [1]
printf                  0x00b0e7   0x28  Code  Gb  printf.o [4]
putchar                 0x00b689    0x8  Code  Gb  putchar.o [4]
result1                 0x0000cd    0x1  Data  Gb  main.o [1]
result2                 0x0000ce    0x1  Data  Gb  main.o [1]
rx_data                 0x0000bb    0x1  Data  Gb  main.o [1]
seconds                 0x0000be    0x1  Data  Gb  main.o [1]
setData                 0x00886f  0x15d  Code  Gb  main.o [1]
sprintf                 0x00adb1   0x45  Code  Gb  sprintf.o [4]
status                  0x0000b4    0x2  Data  Gb  main.o [1]
status_check            0x0000b2    0x2  Data  Gb  main.o [1]
strlen                  0x00b49d   0x12  Code  Gb  strlen.o [4]
sync                    0x0000d6    0x1  Data  Gb  stm8s_it.o [1]
sync_display            0x0000d1    0x1  Data  Gb  main.o [1]
sync_time_ds1307        0x0000d2    0x1  Data  Gb  main.o [1]
temperature             0x00926c   0x3f  Code  Gb  main.o [1]
time_off                0x0000b0    0x2  Data  Gb  main.o [1]
time_on                 0x0000ae    0x2  Data  Gb  main.o [1]
timeout                 0x0000ba    0x1  Data  Gb  main.o [1]
timer1                  0x0000a8    0x2  Data  Gb  main.o [1]
timer2                  0x0000aa    0x2  Data  Gb  main.o [1]
timer3                  0x0000ac    0x2  Data  Gb  main.o [1]
y                       0x0000c3    0x1  Data  Gb  main.o [1]
year                    0x0000c1    0x1  Data  Gb  main.o [1]


[1] = C:\Documents and Settings\Administrator\Desktop\stm8s105k-controller\Project\STM8S_StdPeriph_Template\EWSTM8\STM8S105\Obj
[2] = command line
[3] = dbgstm8mmd.a
[4] = dlstm8mmf.a

  12 638 bytes of readonly  code memory
   1 438 bytes of readonly  data memory
   1 239 bytes of readwrite data memory

Errors: none
Warnings: none
